* EvoSuite 1.2.0
* Going to generate test cases for class: org.apache.commons.cli.CommandLine
* Starting Client-0
* Connecting to master process on port 18828
* Analyzing classpath: 
  - /home/acer/SQA/cli-work/Cli/BPSO_db7ac586/round1/1f/target/classes
  - /home/acer/SQA/cli-work/Cli/BPSO_db7ac586/round1/1f/target/lib/commons-lang/jars/commons-lang-2.1.jar
  - /home/acer/SQA/cli-work/Cli/BPSO_db7ac586/round1/1f/target/test-classes
  - /home/acer/defects4j/framework/projects/Cli/lib/org/hamcrest/hamcrest-core/1.3/hamcrest-core-1.3.jar
* Finished analyzing classpath
* Generating tests for class org.apache.commons.cli.CommandLine
* Test criteria:
  - Line Coverage
  - Branch Coverage
  - Exception
  - Mutation testing (weak)
  - Method-Output Coverage
  - Top-Level Method Coverage
  - Context Branch Coverage
* Setting up search algorithm for whole suite generation
* Total number of test goals: 
  - Line 45
  - Branch 32
  - Exception 0
  - MutationFactory 48
  - Output 40
  - Method 17
  - CBranchFitnessFactory 32

[Progress:>                             0%] [Cov:>                                  0%]* Using seed 20260930
* Starting evolution

[Progress:>                             0%] [Cov:===>                               10%]
[Progress:>                             0%] [Cov:======>                            18%]
[Progress:>                             0%] [Cov:===========>                       32%]
[Progress:>                             0%] [Cov:==============>                    42%]
[Progress:>                             0%] [Cov:================>                  47%]
[Progress:>                             0%] [Cov:====================>              58%]
[Progress:>                             0%] [Cov:======================>            63%]
[Progress:>                             0%] [Cov:========================>          70%]
[Progress:>                             0%] [Cov:==========================>        77%]
[Progress:>                             0%] [Cov:===========================>       79%]
[Progress:>                             3%] [Cov:====>                              13%]
[Progress:>                             3%] [Cov:========>                          24%]
[Progress:>                             3%] [Cov:=============>                     38%]
[Progress:>                             3%] [Cov:==================>                52%]
[Progress:>                             3%] [Cov:====================>              58%]
[Progress:>                             3%] [Cov:========================>          70%]
[Progress:>                             3%] [Cov:===========================>       78%]
[Progress:>                             3%] [Cov:=============================>     83%]
[Progress:>                             3%] [Cov:=============================>     83%]
[Progress:>                             3%] [Cov:=================================> 95%]
[Progress:=>                            6%] [Cov:==============================>    87%]
[Progress:=>                            6%] [Cov:==============================>    87%]BPSO iteration=1 bestFitness=37.99999990276993 population=30 inertia=0.72

[Progress:=>                            6%] [Cov:==============================>    88%]
[Progress:=>                            6%] [Cov:================================>  93%]
[Progress:=>                            6%] [Cov:==============================>    88%]BPSO iteration=2 bestFitness=33.49999990276993 population=30 inertia=0.72

[Progress:===>                          10%] [Cov:==============================>    88%]
[Progress:===>                          10%] [Cov:==============================>    88%]BPSO iteration=3 bestFitness=32.49999990276993 population=30 inertia=0.72

[Progress:===>                          10%] [Cov:==============================>    88%]BPSO iteration=4 bestFitness=32.49999990276993 population=30 inertia=0.72

[Progress:===>                          13%] [Cov:==============================>    88%]
[Progress:===>                          13%] [Cov:==============================>    88%]BPSO iteration=5 bestFitness=32.49999990276993 population=30 inertia=0.72

[Progress:===>                          13%] [Cov:==============================>    88%]
[Progress:===>                          13%] [Cov:==============================>    88%]
[Progress:====>                         16%] [Cov:==============================>    88%]
[Progress:====>                         16%] [Cov:==============================>    88%]
[Progress:====>                         16%] [Cov:==============================>    88%]
[Progress:====>                         16%] [Cov:==============================>    88%]
[Progress:======>                       20%] [Cov:==============================>    88%]
[Progress:======>                       20%] [Cov:==============================>    88%]
[Progress:======>                       20%] [Cov:==============================>    88%]
[Progress:======>                       20%] [Cov:================================>  93%]
[Progress:======>                       23%] [Cov:=================================> 97%]
[Progress:======>                       23%] [Cov:==============================>    88%]
[Progress:======>                       23%] [Cov:==============================>    88%]
[Progress:======>                       23%] [Cov:==============================>    88%]
[Progress:=======>                      26%] [Cov:==========================>        75%]
[Progress:=======>                      26%] [Cov:==========================>        77%]
[Progress:=======>                      26%] [Cov:==============================>    88%]
[Progress:=========>                    30%] [Cov:==============================>    88%]
[Progress:=========>                    33%] [Cov:==============================>    88%]
[Progress:==========>                   36%] [Cov:==============================>    88%]
[Progress:==========>                   36%] [Cov:==============================>    88%]
[Progress:==========>                   36%] [Cov:==============================>    88%]
[Progress:============>                 40%] [Cov:==============================>    88%]
[Progress:============>                 40%] [Cov:=================================> 95%]
[Progress:============>                 40%] [Cov:==============================>    88%]
[Progress:============>                 40%] [Cov:=================================> 97%]
[Progress:============>                 40%] [Cov:==============================>    88%]
[Progress:============>                 40%] [Cov:==============================>    88%]BPSO iteration=20 bestFitness=32.49999966435142 population=30 inertia=0.72

[Progress:============>                 43%] [Cov:==============================>    88%]
[Progress:============>                 43%] [Cov:===============================>   89%]
[Progress:============>                 43%] [Cov:===============================>   90%]
[Progress:============>                 43%] [Cov:===============================>   91%]
[Progress:============>                 43%] [Cov:===============================>   91%]
[Progress:============>                 43%] [Cov:===============================>   91%]
[Progress:============>                 43%] [Cov:===============================>   91%]
[Progress:=============>                46%] [Cov:===============================>   91%]
[Progress:=============>                46%] [Cov:================================>  93%]
[Progress:=============>                46%] [Cov:===============================>   91%]
[Progress:=============>                46%] [Cov:=================================> 97%]
[Progress:=============>                46%] [Cov:===============================>   91%]
[Progress:===============>              50%] [Cov:===============================>   91%]
[Progress:===============>              50%] [Cov:===============================>   91%]
[Progress:===============>              50%] [Cov:================================>  92%]
[Progress:===============>              50%] [Cov:================================>  92%]
[Progress:===============>              50%] [Cov:===================================100%]
[Progress:===============>              50%] [Cov:================================>  92%]
[Progress:===============>              53%] [Cov:===================================100%]
[Progress:===============>              53%] [Cov:================================>  92%]
[Progress:===============>              53%] [Cov:================================>  93%]
[Progress:===============>              53%] [Cov:================================>  92%]
[Progress:===============>              53%] [Cov:================================>  93%]
[Progress:===============>              53%] [Cov:================================>  93%]
[Progress:================>             56%] [Cov:================================>  93%]
[Progress:================>             56%] [Cov:================================>  93%]
[Progress:================>             56%] [Cov:=================================> 97%]
[Progress:================>             56%] [Cov:================================>  93%]
[Progress:================>             56%] [Cov:=================================> 97%]
[Progress:================>             56%] [Cov:================================>  93%]
[Progress:==================>           60%] [Cov:================================>  93%]
[Progress:==================>           60%] [Cov:================================>  93%]
[Progress:==================>           60%] [Cov:================================>  93%]
[Progress:==================>           63%] [Cov:================================>  93%]
[Progress:==================>           63%] [Cov:=================================> 95%]
[Progress:==================>           63%] [Cov:================================>  93%]
[Progress:==================>           63%] [Cov:================================>  93%]
[Progress:===================>          66%] [Cov:================================>  93%]
[Progress:===================>          66%] [Cov:================================>  93%]
[Progress:===================>          66%] [Cov:================================>  93%]BPSO iteration=40 bestFitness=19.49999964050957 population=30 inertia=0.72

[Progress:===================>          66%] [Cov:================================>  93%]
[Progress:=====================>        70%] [Cov:================================>  93%]
[Progress:=====================>        70%] [Cov:================================>  93%]
[Progress:=====================>        70%] [Cov:================================>  93%]
[Progress:=====================>        73%] [Cov:================================>  93%]
[Progress:=====================>        73%] [Cov:================================>  93%]
[Progress:=====================>        73%] [Cov:=================================> 97%]
[Progress:=====================>        73%] [Cov:================================>  93%]
[Progress:=====================>        73%] [Cov:================================>  93%]
[Progress:======================>       76%] [Cov:================================>  93%]
[Progress:======================>       76%] [Cov:================================>  93%]
[Progress:======================>       76%] [Cov:================================>  93%]
[Progress:======================>       76%] [Cov:================================>  93%]
[Progress:======================>       76%] [Cov:================================>  93%]
[Progress:========================>     80%] [Cov:================================>  93%]
[Progress:========================>     80%] [Cov:================================>  93%]
[Progress:========================>     80%] [Cov:================================>  93%]
[Progress:========================>     80%] [Cov:=================================> 97%]
[Progress:========================>     80%] [Cov:================================>  93%]
[Progress:========================>     80%] [Cov:================================>  93%]
[Progress:========================>     83%] [Cov:================================>  93%]
[Progress:========================>     83%] [Cov:================================>  93%]
[Progress:========================>     83%] [Cov:================================>  93%]
[Progress:========================>     83%] [Cov:================================>  93%]
[Progress:========================>     83%] [Cov:================================>  93%]
[Progress:=========================>    86%] [Cov:================================>  93%]
[Progress:=========================>    86%] [Cov:================================>  93%]
[Progress:=========================>    86%] [Cov:================================>  93%]BPSO iteration=60 bestFitness=18.99999952130034 population=30 inertia=0.72

[Progress:=========================>    86%] [Cov:================================>  93%]
[Progress:=========================>    86%] [Cov:=================================> 97%]
[Progress:=========================>    86%] [Cov:================================>  93%]
[Progress:===========================>  90%] [Cov:================================>  93%]
[Progress:===========================>  90%] [Cov:================================>  93%]
[Progress:===========================>  90%] [Cov:================================>  93%]
[Progress:===========================>  90%] [Cov:=================================> 95%]
[Progress:===========================>  90%] [Cov:================================>  93%]
[Progress:===========================>  90%] [Cov:================================>  93%]
[Progress:===========================>  90%] [Cov:================================>  93%]
[Progress:===========================>  93%] [Cov:================================>  93%]
[Progress:===========================>  93%] [Cov:================================>  93%]
[Progress:===========================>  93%] [Cov:================================>  93%]
[Progress:===========================>  93%] [Cov:================================>  93%]
[Progress:===========================>  93%] [Cov:================================>  93%]
[Progress:============================> 96%] [Cov:================================>  93%]
[Progress:============================> 96%] [Cov:================================>  93%]
[Progress:============================> 96%] [Cov:=================================> 97%]
[Progress:============================> 96%] [Cov:================================>  93%]
[Progress:============================> 96%] [Cov:================================>  93%]
[Progress:============================> 96%] [Cov:================================>  93%]
[Progress:============================> 96%] [Cov:=================================> 97%]
[Progress:============================> 96%] [Cov:================================>  93%]
[Progress:==============================100%] [Cov:================================>  93%]
[Progress:==============================100%] [Cov:================================>  93%]
[Progress:==============================100%] [Cov:================================>  93%]
[Progress:==============================100%] [Cov:================================>  93%]
[Progress:==============================100%] [Cov:================================>  93%]BPSO iteration=80 bestFitness=18.99999952130034 population=30 inertia=0.72

[Progress:==============================100%] [Cov:=================================> 97%]
[Progress:==============================100%] [Cov:================================>  93%]
[Progress:==============================100%] [Cov:================================>  93%]
[Progress:==============================100%] [Cov:================================>  93%]
* Search finished after 31s and 82 generations, 86416 statements, best individual has fitness: 19.083332854633674
* Minimizing test suite
* Going to analyze the coverage criteria
* Coverage analysis for criterion LINE
* Coverage of criterion LINE: 100%
* Total number of goals: 45
* Number of covered goals: 45
* Coverage analysis for criterion BRANCH
* Coverage of criterion BRANCH: 100%
* Total number of goals: 32
* Number of covered goals: 32
* Coverage analysis for criterion EXCEPTION
* Coverage of criterion EXCEPTION: 100%
* Total number of goals: 11
* Number of covered goals: 11
* Coverage analysis for criterion WEAKMUTATION
* Coverage of criterion WEAKMUTATION: 92%
* Total number of goals: 48
* Number of covered goals: 44
* Coverage analysis for criterion OUTPUT
* Coverage of criterion OUTPUT: 60%
* Total number of goals: 40
* Number of covered goals: 24
* Coverage analysis for criterion METHOD
* Coverage of criterion METHOD: 100%
* Total number of goals: 17
* Number of covered goals: 17
* Coverage analysis for criterion CBRANCH
* Coverage of criterion CBRANCH: 100%
* Total number of goals: 32
* Number of covered goals: 32
* Generated 37 tests with total length 106
* Resulting test suite's coverage: 93% (average coverage for all fitness functions)
* Generating assertions
* Resulting test suite's mutation score: 48%
* Property NO_RUNTIME_DEPENDENCY is set to true - skipping JUnit compile check
* WARNING: Not including the runtime dependencies is likely to lead to flaky tests!
* Writing tests to file
* Writing JUnit test case 'CommandLine_ESTest' to /home/acer/SQA/all-in-one-results/Cli/BPSO_db7ac586/round1/Cli-1/generation/org_apache_commons_cli_CommandLine/evosuite-tests
* Done!

* Computation finished
