* EvoSuite 1.2.0
* Going to generate test cases for class: org.apache.commons.cli2.option.OptionImpl
* Starting Client-0
* Connecting to master process on port 18826
* Analyzing classpath: 
  - /home/acer/SQA/cli-work/Cli/BPSO_db7ac586/round1/16f/target/classes
  - /home/acer/SQA/cli-work/Cli/BPSO_db7ac586/round1/16f/target/lib/commons-lang/jars/commons-lang-2.1.jar
  - /home/acer/SQA/cli-work/Cli/BPSO_db7ac586/round1/16f/target/lib/jdepend/jars/jdepend-2.5.jar
  - /home/acer/SQA/cli-work/Cli/BPSO_db7ac586/round1/16f/target/test-classes
  - /home/acer/defects4j/framework/projects/Cli/lib/org/hamcrest/hamcrest-core/1.3/hamcrest-core-1.3.jar
[MASTER] 22:48:13.163 [logback-1] WARN  InheritanceTree - Class not in inheritance graph: java.util.Locale$IsoCountryCode
* Finished analyzing classpath
* Generating tests for class org.apache.commons.cli2.option.OptionImpl
* Test criteria:
  - Line Coverage
  - Branch Coverage
  - Exception
  - Mutation testing (weak)
  - Method-Output Coverage
  - Top-Level Method Coverage
  - Context Branch Coverage
* Setting up search algorithm for whole suite generation
* Total number of test goals: 
  - Line 59
  - Branch 47
  - Exception 0
  - MutationFactory 131
  - Output 24
  - Method 11
  - CBranchFitnessFactory 47
* Using seed 20260930

[Progress:>                             0%] [Cov:>                                  0%]* Starting evolution
[MASTER] 22:48:16.253 [logback-1] WARN  TestCluster - Failed to check cache for java.util.ListIterator<E> : Type points to itself
[MASTER] 22:48:16.253 [logback-1] WARN  TestCluster - Failed to check cache for java.util.Comparator<T> : Type points to itself

[Progress:=>                            6%] [Cov:=>                                 4%]
[Progress:=>                            6%] [Cov:==>                                6%]
[Progress:=>                            6%] [Cov:=======>                           20%]
[Progress:=>                            6%] [Cov:========>                          25%]
[Progress:=>                            6%] [Cov:=========>                         26%]
[Progress:=>                            6%] [Cov:==========>                        29%]
[Progress:=>                            6%] [Cov:==========>                        30%]
[Progress:===>                          10%] [Cov:==>                                7%]
[Progress:===>                          10%] [Cov:===>                               11%]
[Progress:===>                          10%] [Cov:========>                          25%]
[Progress:===>                          10%] [Cov:===========>                       34%]
[Progress:===>                          10%] [Cov:============>                      35%]
[Progress:===>                          10%] [Cov:=============>                     39%]
[Progress:===>                          10%] [Cov:==============>                    42%]
[Progress:===>                          13%] [Cov:>                                  0%]
[Progress:===>                          13%] [Cov:>                                  1%]
[Progress:===>                          13%] [Cov:=====>                             15%]
[Progress:===>                          13%] [Cov:=======>                           22%]
[Progress:===>                          13%] [Cov:========>                          24%]
[Progress:===>                          13%] [Cov:========>                          25%]
[Progress:===>                          13%] [Cov:==========>                        30%]
[Progress:===>                          13%] [Cov:==========>                        31%]
[Progress:===>                          13%] [Cov:===========>                       32%]
[Progress:===>                          13%] [Cov:===========>                       33%]
[Progress:===>                          13%] [Cov:============>                      36%]
[Progress:===>                          13%] [Cov:=============>                     39%]
[Progress:===>                          13%] [Cov:===============>                   43%]
[Progress:===>                          13%] [Cov:===============>                   43%]
[Progress:====>                         16%] [Cov:===============>                   43%]
[Progress:====>                         16%] [Cov:=================>                 49%]
[Progress:======>                       20%] [Cov:=====>                             15%]
[Progress:======>                       20%] [Cov:==============>                    41%]
[Progress:======>                       20%] [Cov:===============>                   43%]
[Progress:======>                       20%] [Cov:===============>                   43%]BPSO iteration=1 bestFitness=226.46296286688778 population=30 inertia=0.72

[Progress:======>                       20%] [Cov:=================>                 49%]
[Progress:======>                       20%] [Cov:=====================>             61%]
[Progress:======>                       23%] [Cov:==>                                6%]
[Progress:======>                       23%] [Cov:============>                      36%]
[Progress:======>                       23%] [Cov:===============>                   43%]
[Progress:======>                       23%] [Cov:===============>                   44%]
[Progress:======>                       23%] [Cov:===============>                   45%]
[Progress:======>                       23%] [Cov:================>                  46%]
[Progress:======>                       23%] [Cov:================>                  47%]
[Progress:======>                       23%] [Cov:================>                  48%]
[Progress:======>                       23%] [Cov:==================>                54%]
[Progress:======>                       23%] [Cov:=====================>             60%]
[Progress:=======>                      26%] [Cov:================>                  48%]
[Progress:=======>                      26%] [Cov:================>                  48%]BPSO iteration=2 bestFitness=195.29166666385683 population=30 inertia=0.72

[Progress:=======>                      26%] [Cov:=================>                 49%]
[Progress:=======>                      26%] [Cov:=================>                 50%]
[Progress:=======>                      26%] [Cov:=================>                 51%]
[Progress:=======>                      26%] [Cov:==================>                52%]
[Progress:=======>                      26%] [Cov:==================>                54%][MASTER] 22:48:22.771 [logback-1] WARN  TestChromosome - Functional mock problem: org.evosuite.ga.ConstructionFailedException: Have no generator for class org.apache.commons.cli2.option.DefaultOption canUseFunctionalMocks=true, canBeMocked: false

[Progress:=========>                    30%] [Cov:==================>                52%]
[Progress:=========>                    30%] [Cov:===================>               57%]
[Progress:=========>                    30%] [Cov:=====================>             62%]
[Progress:=========>                    30%] [Cov:=======================>           67%]
[Progress:=========>                    30%] [Cov:==================>                52%]BPSO iteration=3 bestFitness=188.28571428290445 population=30 inertia=0.72

[Progress:=========>                    33%] [Cov:==================>                52%]
[Progress:=========>                    33%] [Cov:===================>               57%]
[Progress:==========>                   36%] [Cov:==================>                53%]
[Progress:==========>                   36%] [Cov:==================>                53%]BPSO iteration=4 bestFitness=187.28571428290445 population=30 inertia=0.72

[Progress:==========>                   36%] [Cov:==================>                54%]
[Progress:==========>                   36%] [Cov:===================>               55%]
[Progress:==========>                   36%] [Cov:===================>               56%]
[Progress:==========>                   36%] [Cov:===================>               57%]
[Progress:==========>                   36%] [Cov:====================>              58%]
[Progress:============>                 40%] [Cov:===================>               57%]
[Progress:============>                 40%] [Cov:===================>               57%]BPSO iteration=5 bestFitness=171.28070175157612 population=30 inertia=0.72

[Progress:============>                 40%] [Cov:====================>              58%]
[Progress:============>                 40%] [Cov:====================>              59%]
[Progress:============>                 40%] [Cov:=====================>             60%]
[Progress:============>                 40%] [Cov:=====================>             61%]
[Progress:============>                 40%] [Cov:======================>            63%]
[Progress:============>                 40%] [Cov:======================>            64%]
[Progress:============>                 43%] [Cov:===================>               56%]
[Progress:============>                 43%] [Cov:======================>            64%]
[Progress:============>                 43%] [Cov:======================>            65%]
[Progress:============>                 43%] [Cov:=======================>           66%]
[Progress:============>                 43%] [Cov:=======================>           67%]
[Progress:============>                 43%] [Cov:=======================>           67%]
[Progress:============>                 43%] [Cov:=======================>           68%]
[Progress:=============>                46%] [Cov:=======================>           67%]
[Progress:=============>                46%] [Cov:=======================>           67%]
[Progress:=============>                46%] [Cov:=======================>           68%]
[Progress:=============>                46%] [Cov:=======================>           68%]
[Progress:===============>              50%] [Cov:=======================>           68%]
[Progress:===============>              50%] [Cov:=======================>           68%]
[Progress:===============>              53%] [Cov:=======================>           68%]
[Progress:===============>              53%] [Cov:=======================>           68%]
[Progress:===============>              53%] [Cov:========================>          69%]
[Progress:================>             56%] [Cov:========================>          69%]
[Progress:================>             56%] [Cov:========================>          69%]
[Progress:==================>           60%] [Cov:========================>          69%]
[Progress:==================>           60%] [Cov:========================>          70%]
[Progress:==================>           60%] [Cov:========================>          71%]
[Progress:==================>           60%] [Cov:========================>          71%]
[Progress:==================>           63%] [Cov:========================>          71%]
[Progress:==================>           63%] [Cov:========================>          71%]
[Progress:===================>          66%] [Cov:========================>          71%]
[Progress:===================>          66%] [Cov:========================>          71%]
[Progress:===================>          66%] [Cov:=========================>         72%]
[Progress:=====================>        70%] [Cov:========================>          71%]
[Progress:=====================>        70%] [Cov:=========================>         72%]
[Progress:=====================>        70%] [Cov:=========================>         72%]
[Progress:=====================>        73%] [Cov:=========================>         72%]
[Progress:=====================>        73%] [Cov:=========================>         72%]
[Progress:=====================>        73%] [Cov:=========================>         73%]
[Progress:=====================>        73%] [Cov:=========================>         73%]
[Progress:======================>       76%] [Cov:=========================>         73%]
[Progress:======================>       76%] [Cov:=========================>         73%]
[Progress:========================>     80%] [Cov:=========================>         73%]
[Progress:========================>     80%] [Cov:=========================>         73%]BPSO iteration=20 bestFitness=136.91666665786735 population=30 inertia=0.72

[Progress:========================>     83%] [Cov:===============>                   44%]
[Progress:========================>     83%] [Cov:====================>              58%]
[Progress:========================>     83%] [Cov:=========================>         73%]
[Progress:========================>     83%] [Cov:=========================>         73%]
[Progress:=========================>    86%] [Cov:=========================>         73%]
[Progress:=========================>    86%] [Cov:=========================>         73%]
[Progress:===========================>  90%] [Cov:=========================>         73%]
[Progress:===========================>  90%] [Cov:=========================>         73%]
[Progress:===========================>  90%] [Cov:=========================>         74%]
[Progress:===========================>  93%] [Cov:=========================>         73%]
[Progress:===========================>  93%] [Cov:=========================>         74%]
[Progress:===========================>  93%] [Cov:=========================>         74%]
[Progress:============================> 96%] [Cov:=========================>         74%]
[Progress:============================> 96%] [Cov:=========================>         74%]
[Progress:==============================100%] [Cov:=========================>         74%]
[Progress:==============================100%] [Cov:=========================>         74%]
[Progress:==============================100%] [Cov:=========================>         74%]
[Progress:==============================100%] [Cov:=========================>         74%]
[Progress:==============================100%] [Cov:=========================>         74%]
[Progress:==============================100%] [Cov:==========================>        76%]
* Search finished after 32s and 28 generations, 36606 statements, best individual has fitness: 134.08333321319273
* Minimizing test suite
* Going to analyze the coverage criteria
* Coverage analysis for criterion LINE
* Coverage of criterion LINE: 81%
* Total number of goals: 59
* Number of covered goals: 48
* Coverage analysis for criterion BRANCH
* Coverage of criterion BRANCH: 60%
* Total number of goals: 47
* Number of covered goals: 28
* Coverage analysis for criterion EXCEPTION
* Coverage of criterion EXCEPTION: 100%
* Total number of goals: 5
* Number of covered goals: 5
* Coverage analysis for criterion WEAKMUTATION
* Coverage of criterion WEAKMUTATION: 78%
* Total number of goals: 131
* Number of covered goals: 102
* Coverage analysis for criterion OUTPUT
* Coverage of criterion OUTPUT: 62%
* Total number of goals: 24
* Number of covered goals: 15
* Coverage analysis for criterion METHOD
* Coverage of criterion METHOD: 100%
* Total number of goals: 11
* Number of covered goals: 11
* Coverage analysis for criterion CBRANCH
* Coverage of criterion CBRANCH: 60%
* Total number of goals: 47
* Number of covered goals: 28
* Generated 24 tests with total length 103
* Resulting test suite's coverage: 77% (average coverage for all fitness functions)
* Generating assertions
* Resulting test suite's mutation score: 20%
* Property NO_RUNTIME_DEPENDENCY is set to true - skipping JUnit compile check
* WARNING: Not including the runtime dependencies is likely to lead to flaky tests!
* Writing tests to file
* Writing JUnit test case 'OptionImpl_ESTest' to /home/acer/SQA/all-in-one-results/Cli/BPSO_db7ac586/round1/Cli-16/generation/org_apache_commons_cli2_option_OptionImpl/evosuite-tests
* Done!

* Computation finished
