============================================================
AUTO GENERATION
PROJECT=Lang BUG=60 METHOD=SA
START=Fri Oct  2 08:39:23 PDT 2026
============================================================
============================================================
CORRECTED SA/BPSO GENERATOR
============================================================
Project : Lang
Bug     : 60
Method  : SA
Artifact: /Users/fangfang/Documents/SQA_Project_2026/automation/runs/Lang/Bug-60/SA
============================================================
Modified source : org.apache.commons.lang.text.StrBuilder
Trigger test    : org.apache.commons.lang.text.StrBuilderTest::testLang295
Fixed revision  : 1a158281aa058ee2dc9cfae3b56012a9f92f3b2b
Target class    : org.apache.commons.lang.text.StrBuilder
Package         : org.apache.commons.lang.text

Temporary generator workspace:
/tmp/sqa_lang_generator_60_SA_hvNptx

============================================================
CHECKOUT BUGGY
============================================================
Checking out 1a158281 to /tmp/sqa_lang_generator_60_SA_hvNptx/buggy........ OK
Init local repository...................................................... OK
Tag post-fix revision...................................................... OK
Apply patch................................................................ OK
Apply patch................................................................ OK
Apply patch................................................................ OK
Apply patch................................................................ OK
Apply patch................................................................ OK
Rename enum package in src................................................. OK
Move enum package in src................................................... OK
Rename enum package in test................................................ OK
Move enum package in test.................................................. OK
Run post-checkout hook..................................................... OK
Excluding broken/flaky tests............................................... OK
Excluding broken/flaky tests............................................... OK
Excluding broken/flaky tests............................................... OK
Backing up build file: /tmp/sqa_lang_generator_60_SA_hvNptx/buggy/project.p OK
Backing up build file: /tmp/sqa_lang_generator_60_SA_hvNptx/buggy/default.p OK
Initialize fixed program version........................................... OK
Apply patch................................................................ OK
Initialize buggy program version........................................... OK
Diff 1a158281:8e52e216..................................................... OK
Apply patch................................................................ OK
Tag pre-fix revision....................................................... OK
Check out program version: Lang-60b........................................ OK

============================================================
CHECKOUT FIXED
============================================================
Checking out 1a158281 to /tmp/sqa_lang_generator_60_SA_hvNptx/fixed........ OK
Init local repository...................................................... OK
Tag post-fix revision...................................................... OK
Apply patch................................................................ OK
Apply patch................................................................ OK
Apply patch................................................................ OK
Apply patch................................................................ OK
Apply patch................................................................ OK
Rename enum package in src................................................. OK
Move enum package in src................................................... OK
Rename enum package in test................................................ OK
Move enum package in test.................................................. OK
Run post-checkout hook..................................................... OK
Excluding broken/flaky tests............................................... OK
Excluding broken/flaky tests............................................... OK
Excluding broken/flaky tests............................................... OK
Backing up build file: /tmp/sqa_lang_generator_60_SA_hvNptx/fixed/project.p OK
Backing up build file: /tmp/sqa_lang_generator_60_SA_hvNptx/fixed/default.p OK
Initialize fixed program version........................................... OK
Apply patch................................................................ OK
Initialize buggy program version........................................... OK
Diff 1a158281:8e52e216..................................................... OK
Apply patch................................................................ OK
Tag pre-fix revision....................................................... OK
Check out program version: Lang-60f........................................ OK
find: /tmp/sqa_lang_generator_60_SA_hvNptx/buggy/src/main/java: No such file or directory
find: /tmp/sqa_lang_generator_60_SA_hvNptx/fixed/src/main/java: No such file or directory

BUGGY source:

FIXED source:

ERROR: modified production source not found.

RETURN_CODE=3
END=Fri Oct  2 08:39:34 PDT 2026
GENERATION FAILED
