Project=Lang
Bug=63
Algorithm=SA
TargetClass=org.apache.commons.lang.time.DurationFormatUtils
TargetMethod=formatPeriod
TriggerTest=org.apache.commons.lang.time.DurationFormatUtilsTest::testJiraLang281
ModifiedSource=org.apache.commons.lang.time.DurationFormatUtils
FixedRevision=1d5c03fac601d6ce291c3fe3e5e51a11881e2fc0
CandidatePool=24
SuiteSize=12
Iterations=5000
Seed=20260923
Generator=GenericCandidateProvider
TriggerInputsCopied=false
TemporaryGeneratorWorkspace=/tmp/sqa_lang_generator_63_SA_ieZlJz
GeneratedClass=Lang63GeneratedTestSA

============================================================
GENERATION SUCCESS
============================================================
Status : GENERATED
File   : /Users/fangfang/Documents/SQA_Project_2026/automation/runs/Lang/Bug-63/SA/generated_test.java
Class  : Lang63GeneratedTestSA
Method : formatPeriod
============================================================

RETURN_CODE=0
END=Sat Oct  3 00:24:45 +07 2026
GENERATION SUCCESS
