{
  "generated_test": "/Users/fangfang/Documents/SQA_Project_2026/automation/runs/Lang/Bug-63/SA/generated_test.java",
  "destination": "automation/runs/Lang/Bug-63/SA",
  "test_class": "org.apache.commons.lang.time.Lang63GeneratedTestSA",
  "test_methods": [
    "org.apache.commons.lang.time.Lang63GeneratedTestSA__Isolated_1_test01_null_boundary::test01_null_boundary",
    "org.apache.commons.lang.time.Lang63GeneratedTestSA__Isolated_2_test02_empty_boundary::test02_empty_boundary",
    "org.apache.commons.lang.time.Lang63GeneratedTestSA__Isolated_3_test03_positive_boundary::test03_positive_boundary",
    "org.apache.commons.lang.time.Lang63GeneratedTestSA__Isolated_4_test04_max_boundary::test04_max_boundary",
    "org.apache.commons.lang.time.Lang63GeneratedTestSA__Isolated_5_test05_fraction_negative::test05_fraction_negative",
    "org.apache.commons.lang.time.Lang63GeneratedTestSA__Isolated_6_test06_fraction_positive::test06_fraction_positive",
    "org.apache.commons.lang.time.Lang63GeneratedTestSA__Isolated_7_test07_boolean_true::test07_boolean_true",
    "org.apache.commons.lang.time.Lang63GeneratedTestSA__Isolated_8_test08_long_zero::test08_long_zero",
    "org.apache.commons.lang.time.Lang63GeneratedTestSA__Isolated_9_test09_empty_array::test09_empty_array",
    "org.apache.commons.lang.time.Lang63GeneratedTestSA__Isolated_10_test10_object_null::test10_object_null",
    "org.apache.commons.lang.time.Lang63GeneratedTestSA__Isolated_11_test11_object_boundary::test11_object_boundary",
    "org.apache.commons.lang.time.Lang63GeneratedTestSA__Isolated_12_test12_mixed_boundary::test12_mixed_boundary"
  ],
  "test_count": 12,
  "buggy_compile": {
    "status": "PASS",
    "return_code": 0,
    "time_seconds": 4.363166916
  },
  "fixed_compile": {
    "status": "PASS",
    "return_code": 0,
    "time_seconds": 3.541641375
  },
  "statistics": {
    "total_tests": 12,
    "evaluated_tests": 12,
    "detected_tests": 0,
    "fdr_percent": 0.0,
    "buggy_pass": 11,
    "buggy_fail": 1,
    "buggy_error": 0,
    "fixed_pass": 11,
    "fixed_fail": 1,
    "fixed_error": 0
  },
  "tests": [
    {
      "selector": "org.apache.commons.lang.time.Lang63GeneratedTestSA__Isolated_1_test01_null_boundary::test01_null_boundary",
      "target_method": "org.apache.commons.lang.time.Lang63GeneratedTestSA::test01_null_boundary",
      "isolated_class": "org.apache.commons.lang.time.Lang63GeneratedTestSA__Isolated_1_test01_null_boundary",
      "buggy": {
        "status": "FAIL",
        "return_code": 0,
        "time_seconds": 1.576031875,
        "output": "Running ant (compile.tests)................................................ OK\nRunning ant (run.dev.tests)................................................ OK\nFailing tests: 1\n  - org.apache.commons.lang.time.Lang63GeneratedTestSA__Isolated_1_test01_null_boundary::test01_null_boundary\n"
      },
      "fixed": {
        "status": "FAIL",
        "return_code": 0,
        "time_seconds": 1.5501164579999998,
        "output": "Running ant (compile.tests)................................................ OK\nRunning ant (run.dev.tests)................................................ OK\nFailing tests: 1\n  - org.apache.commons.lang.time.Lang63GeneratedTestSA__Isolated_1_test01_null_boundary::test01_null_boundary\n"
      },
      "evaluated": true,
      "detected": false
    },
    {
      "selector": "org.apache.commons.lang.time.Lang63GeneratedTestSA__Isolated_2_test02_empty_boundary::test02_empty_boundary",
      "target_method": "org.apache.commons.lang.time.Lang63GeneratedTestSA::test02_empty_boundary",
      "isolated_class": "org.apache.commons.lang.time.Lang63GeneratedTestSA__Isolated_2_test02_empty_boundary",
      "buggy": {
        "status": "PASS",
        "return_code": 0,
        "time_seconds": 1.792974417,
        "output": "Running ant (compile.tests)................................................ OK\nRunning ant (run.dev.tests)................................................ OK\nFailing tests: 0\n"
      },
      "fixed": {
        "status": "PASS",
        "return_code": 0,
        "time_seconds": 1.5828556660000004,
        "output": "Running ant (compile.tests)................................................ OK\nRunning ant (run.dev.tests)................................................ OK\nFailing tests: 0\n"
      },
      "evaluated": true,
      "detected": false
    },
    {
      "selector": "org.apache.commons.lang.time.Lang63GeneratedTestSA__Isolated_3_test03_positive_boundary::test03_positive_boundary",
      "target_method": "org.apache.commons.lang.time.Lang63GeneratedTestSA::test03_positive_boundary",
      "isolated_class": "org.apache.commons.lang.time.Lang63GeneratedTestSA__Isolated_3_test03_positive_boundary",
      "buggy": {
        "status": "PASS",
        "return_code": 0,
        "time_seconds": 1.561188541,
        "output": "Running ant (compile.tests)................................................ OK\nRunning ant (run.dev.tests)................................................ OK\nFailing tests: 0\n"
      },
      "fixed": {
        "status": "PASS",
        "return_code": 0,
        "time_seconds": 2.1132452499999985,
        "output": "Running ant (compile.tests)................................................ OK\nRunning ant (run.dev.tests)................................................ OK\nFailing tests: 0\n"
      },
      "evaluated": true,
      "detected": false
    },
    {
      "selector": "org.apache.commons.lang.time.Lang63GeneratedTestSA__Isolated_4_test04_max_boundary::test04_max_boundary",
      "target_method": "org.apache.commons.lang.time.Lang63GeneratedTestSA::test04_max_boundary",
      "isolated_class": "org.apache.commons.lang.time.Lang63GeneratedTestSA__Isolated_4_test04_max_boundary",
      "buggy": {
        "status": "PASS",
        "return_code": 0,
        "time_seconds": 1.5915040420000004,
        "output": "Running ant (compile.tests)................................................ OK\nRunning ant (run.dev.tests)................................................ OK\nFailing tests: 0\n"
      },
      "fixed": {
        "status": "PASS",
        "return_code": 0,
        "time_seconds": 1.6428082080000017,
        "output": "Running ant (compile.tests)................................................ OK\nRunning ant (run.dev.tests)................................................ OK\nFailing tests: 0\n"
      },
      "evaluated": true,
      "detected": false
    },
    {
      "selector": "org.apache.commons.lang.time.Lang63GeneratedTestSA__Isolated_5_test05_fraction_negative::test05_fraction_negative",
      "target_method": "org.apache.commons.lang.time.Lang63GeneratedTestSA::test05_fraction_negative",
      "isolated_class": "org.apache.commons.lang.time.Lang63GeneratedTestSA__Isolated_5_test05_fraction_negative",
      "buggy": {
        "status": "PASS",
        "return_code": 0,
        "time_seconds": 1.583704749999999,
        "output": "Running ant (compile.tests)................................................ OK\nRunning ant (run.dev.tests)................................................ OK\nFailing tests: 0\n"
      },
      "fixed": {
        "status": "PASS",
        "return_code": 0,
        "time_seconds": 1.6194307499999994,
        "output": "Running ant (compile.tests)................................................ OK\nRunning ant (run.dev.tests)................................................ OK\nFailing tests: 0\n"
      },
      "evaluated": true,
      "detected": false
    },
    {
      "selector": "org.apache.commons.lang.time.Lang63GeneratedTestSA__Isolated_6_test06_fraction_positive::test06_fraction_positive",
      "target_method": "org.apache.commons.lang.time.Lang63GeneratedTestSA::test06_fraction_positive",
      "isolated_class": "org.apache.commons.lang.time.Lang63GeneratedTestSA__Isolated_6_test06_fraction_positive",
      "buggy": {
        "status": "PASS",
        "return_code": 0,
        "time_seconds": 1.5830761250000016,
        "output": "Running ant (compile.tests)................................................ OK\nRunning ant (run.dev.tests)................................................ OK\nFailing tests: 0\n"
      },
      "fixed": {
        "status": "PASS",
        "return_code": 0,
        "time_seconds": 1.6294207499999978,
        "output": "Running ant (compile.tests)................................................ OK\nRunning ant (run.dev.tests)................................................ OK\nFailing tests: 0\n"
      },
      "evaluated": true,
      "detected": false
    },
    {
      "selector": "org.apache.commons.lang.time.Lang63GeneratedTestSA__Isolated_7_test07_boolean_true::test07_boolean_true",
      "target_method": "org.apache.commons.lang.time.Lang63GeneratedTestSA::test07_boolean_true",
      "isolated_class": "org.apache.commons.lang.time.Lang63GeneratedTestSA__Isolated_7_test07_boolean_true",
      "buggy": {
        "status": "PASS",
        "return_code": 0,
        "time_seconds": 1.5959917909999994,
        "output": "Running ant (compile.tests)................................................ OK\nRunning ant (run.dev.tests)................................................ OK\nFailing tests: 0\n"
      },
      "fixed": {
        "status": "PASS",
        "return_code": 0,
        "time_seconds": 2.0072839170000023,
        "output": "Running ant (compile.tests)................................................ OK\nRunning ant (run.dev.tests)................................................ OK\nFailing tests: 0\n"
      },
      "evaluated": true,
      "detected": false
    },
    {
      "selector": "org.apache.commons.lang.time.Lang63GeneratedTestSA__Isolated_8_test08_long_zero::test08_long_zero",
      "target_method": "org.apache.commons.lang.time.Lang63GeneratedTestSA::test08_long_zero",
      "isolated_class": "org.apache.commons.lang.time.Lang63GeneratedTestSA__Isolated_8_test08_long_zero",
      "buggy": {
        "status": "PASS",
        "return_code": 0,
        "time_seconds": 2.073021334,
        "output": "Running ant (compile.tests)................................................ OK\nRunning ant (run.dev.tests)................................................ OK\nFailing tests: 0\n"
      },
      "fixed": {
        "status": "PASS",
        "return_code": 0,
        "time_seconds": 1.8353050420000017,
        "output": "Running ant (compile.tests)................................................ OK\nRunning ant (run.dev.tests)................................................ OK\nFailing tests: 0\n"
      },
      "evaluated": true,
      "detected": false
    },
    {
      "selector": "org.apache.commons.lang.time.Lang63GeneratedTestSA__Isolated_9_test09_empty_array::test09_empty_array",
      "target_method": "org.apache.commons.lang.time.Lang63GeneratedTestSA::test09_empty_array",
      "isolated_class": "org.apache.commons.lang.time.Lang63GeneratedTestSA__Isolated_9_test09_empty_array",
      "buggy": {
        "status": "PASS",
        "return_code": 0,
        "time_seconds": 1.9720710839999995,
        "output": "Running ant (compile.tests)................................................ OK\nRunning ant (run.dev.tests)................................................ OK\nFailing tests: 0\n"
      },
      "fixed": {
        "status": "PASS",
        "return_code": 0,
        "time_seconds": 2.0567025830000034,
        "output": "Running ant (compile.tests)................................................ OK\nRunning ant (run.dev.tests)................................................ OK\nFailing tests: 0\n"
      },
      "evaluated": true,
      "detected": false
    },
    {
      "selector": "org.apache.commons.lang.time.Lang63GeneratedTestSA__Isolated_10_test10_object_null::test10_object_null",
      "target_method": "org.apache.commons.lang.time.Lang63GeneratedTestSA::test10_object_null",
      "isolated_class": "org.apache.commons.lang.time.Lang63GeneratedTestSA__Isolated_10_test10_object_null",
      "buggy": {
        "status": "PASS",
        "return_code": 0,
        "time_seconds": 1.9110759590000015,
        "output": "Running ant (compile.tests)................................................ OK\nRunning ant (run.dev.tests)................................................ OK\nFailing tests: 0\n"
      },
      "fixed": {
        "status": "PASS",
        "return_code": 0,
        "time_seconds": 2.0724145000000007,
        "output": "Running ant (compile.tests)................................................ OK\nRunning ant (run.dev.tests)................................................ OK\nFailing tests: 0\n"
      },
      "evaluated": true,
      "detected": false
    },
    {
      "selector": "org.apache.commons.lang.time.Lang63GeneratedTestSA__Isolated_11_test11_object_boundary::test11_object_boundary",
      "target_method": "org.apache.commons.lang.time.Lang63GeneratedTestSA::test11_object_boundary",
      "isolated_class": "org.apache.commons.lang.time.Lang63GeneratedTestSA__Isolated_11_test11_object_boundary",
      "buggy": {
        "status": "PASS",
        "return_code": 0,
        "time_seconds": 2.1796571249999985,
        "output": "Running ant (compile.tests)................................................ OK\nRunning ant (run.dev.tests)................................................ OK\nFailing tests: 0\n"
      },
      "fixed": {
        "status": "PASS",
        "return_code": 0,
        "time_seconds": 1.6534894999999992,
        "output": "Running ant (compile.tests)................................................ OK\nRunning ant (run.dev.tests)................................................ OK\nFailing tests: 0\n"
      },
      "evaluated": true,
      "detected": false
    },
    {
      "selector": "org.apache.commons.lang.time.Lang63GeneratedTestSA__Isolated_12_test12_mixed_boundary::test12_mixed_boundary",
      "target_method": "org.apache.commons.lang.time.Lang63GeneratedTestSA::test12_mixed_boundary",
      "isolated_class": "org.apache.commons.lang.time.Lang63GeneratedTestSA__Isolated_12_test12_mixed_boundary",
      "buggy": {
        "status": "PASS",
        "return_code": 0,
        "time_seconds": 1.6781562079999972,
        "output": "Running ant (compile.tests)................................................ OK\nRunning ant (run.dev.tests)................................................ OK\nFailing tests: 0\n"
      },
      "fixed": {
        "status": "PASS",
        "return_code": 0,
        "time_seconds": 1.9362278750000002,
        "output": "Running ant (compile.tests)................................................ OK\nRunning ant (run.dev.tests)................................................ OK\nFailing tests: 0\n"
      },
      "evaluated": true,
      "detected": false
    }
  ],
  "evaluation_workspaces": {
    "buggy": "/Users/fangfang/Documents/SQA_Project_2026/workspaces/d4j_suite_eval_eua_ej7f/buggy",
    "fixed": "/Users/fangfang/Documents/SQA_Project_2026/workspaces/d4j_suite_eval_eua_ej7f/fixed"
  },
  "timing": {
    "buggy_compile_seconds": 4.363166916,
    "fixed_compile_seconds": 3.541641375,
    "buggy_execution_seconds": 21.098453250999995,
    "fixed_execution_seconds": 21.699300499000003,
    "total_seconds": 50.702562041
  },
  "status": "PASS"
}
