Project=Lang
Bug=45
Algorithm=SA
TargetClass=org.apache.commons.lang.WordUtils
TargetMethod=abbreviate
TriggerTest=org.apache.commons.lang.WordUtilsTest::testAbbreviate
ModifiedSource=org.apache.commons.lang.WordUtils
FixedRevision=4342bd5d69d122a16c735416039b4b2ca27897ad
CandidatePool=24
SuiteSize=12
Iterations=5000
Seed=20260923
Generator=GenericCandidateProvider
TriggerInputsCopied=false
TemporaryGeneratorWorkspace=/tmp/sqa_lang_generator_45_SA_ZC3Mzn
GeneratedClass=Lang45GeneratedTestSA

============================================================
GENERATION SUCCESS
============================================================
Status : GENERATED
File   : /Users/fangfang/Documents/SQA_Project_2026/automation/runs/Lang/Bug-45/SA/generated_test.java
Class  : Lang45GeneratedTestSA
Method : abbreviate
============================================================

RETURN_CODE=0
END=Sat Oct  3 00:16:29 +07 2026
GENERATION SUCCESS
