===== SA BUGGY test01_string_key_string_input =====
Running ant (compile.tests)................................................ OK
Running ant (run.dev.tests)................................................ OK
Failing tests: 0
EXIT_CODE=
===== SA BUGGY test02_stringbuffer_key_string_input =====
Running ant (compile.tests)................................................ OK
Running ant (run.dev.tests)................................................ OK
Failing tests: 1
  - org.apache.commons.lang3.text.translate.LookupTranslatorSATest::test02_stringbuffer_key_string_input
EXIT_CODE=
===== SA BUGGY test03_string_key_stringbuilder_input =====
Running ant (compile.tests)................................................ OK
Running ant (run.dev.tests)................................................ OK
Failing tests: 0
EXIT_CODE=
===== SA BUGGY test04_builder_key_builder_input =====
Running ant (compile.tests)................................................ OK
Running ant (run.dev.tests)................................................ OK
Failing tests: 1
  - org.apache.commons.lang3.text.translate.LookupTranslatorSATest::test04_builder_key_builder_input
EXIT_CODE=
===== SA BUGGY test05_greedy_buffer =====
Running ant (compile.tests)................................................ OK
Running ant (run.dev.tests)................................................ OK
Failing tests: 1
  - org.apache.commons.lang3.text.translate.LookupTranslatorSATest::test05_greedy_buffer
EXIT_CODE=
===== SA BUGGY test06_buffer_key_string_input_bird =====
Running ant (compile.tests)................................................ OK
Running ant (run.dev.tests)................................................ OK
Failing tests: 1
  - org.apache.commons.lang3.text.translate.LookupTranslatorSATest::test06_buffer_key_string_input_bird
EXIT_CODE=
===== SA BUGGY test07_buffer_key_buffer_input_moon =====
Running ant (compile.tests)................................................ OK
Running ant (run.dev.tests)................................................ OK
Failing tests: 1
  - org.apache.commons.lang3.text.translate.LookupTranslatorSATest::test07_buffer_key_buffer_input_moon
EXIT_CODE=
===== SA BUGGY test08_buffer_key_string_input_hello =====
Running ant (compile.tests)................................................ OK
Running ant (run.dev.tests)................................................ OK
Failing tests: 1
  - org.apache.commons.lang3.text.translate.LookupTranslatorSATest::test08_buffer_key_string_input_hello
EXIT_CODE=
===== SA BUGGY test09_builder_key_string_input_pqrs =====
Running ant (compile.tests)................................................ OK
Running ant (run.dev.tests)................................................ OK
Failing tests: 1
  - org.apache.commons.lang3.text.translate.LookupTranslatorSATest::test09_builder_key_string_input_pqrs
EXIT_CODE=
===== SA BUGGY test10_buffer_key_string_input_long =====
Running ant (compile.tests)................................................ OK
Running ant (run.dev.tests)................................................ OK
Failing tests: 1
  - org.apache.commons.lang3.text.translate.LookupTranslatorSATest::test10_buffer_key_string_input_long
EXIT_CODE=
===== SA BUGGY test11_builder_key_string_input_short =====
Running ant (compile.tests)................................................ OK
Running ant (run.dev.tests)................................................ OK
Failing tests: 1
  - org.apache.commons.lang3.text.translate.LookupTranslatorSATest::test11_builder_key_string_input_short
EXIT_CODE=
===== SA BUGGY test12_builder_key_builder_input_blue =====
Running ant (compile.tests)................................................ OK
Running ant (run.dev.tests)................................................ OK
Failing tests: 1
  - org.apache.commons.lang3.text.translate.LookupTranslatorSATest::test12_builder_key_builder_input_blue
EXIT_CODE=
