Preparing Lang-49
Buggy: /Users/fangfang/Documents/SQA_Project_2026/workspaces/Lang-49-buggy
Fixed: /Users/fangfang/Documents/SQA_Project_2026/workspaces/Lang-49-fixed

=== Checkout BUGGY ===
Checking out 673385b4 to /Users/fangfang/Documents/SQA_Project_2026/workspa OK
Init local repository...................................................... OK
Tag post-fix revision...................................................... OK
Apply patch................................................................ OK
Apply patch................................................................ OK
Apply patch................................................................ OK
Apply patch................................................................ OK
Rename enum package in src................................................. OK
Move enum package in src................................................... OK
Rename enum package in test................................................ OK
Move enum package in test.................................................. OK
Run post-checkout hook..................................................... OK
Excluding broken/flaky tests............................................... OK
Excluding broken/flaky tests............................................... OK
Excluding broken/flaky tests............................................... OK
Backing up build file: /Users/fangfang/Documents/SQA_Project_2026/workspace OK
Backing up build file: /Users/fangfang/Documents/SQA_Project_2026/workspace OK
Initialize fixed program version........................................... OK
Apply patch................................................................ OK
Initialize buggy program version........................................... OK
Diff 673385b4:dab1bdfc..................................................... OK
Apply patch................................................................ OK
Tag pre-fix revision....................................................... OK
Check out program version: Lang-49b........................................ OK

=== Checkout FIXED ===
Checking out 673385b4 to /Users/fangfang/Documents/SQA_Project_2026/workspa OK
Init local repository...................................................... OK
Tag post-fix revision...................................................... OK
Apply patch................................................................ OK
Apply patch................................................................ OK
Apply patch................................................................ OK
Apply patch................................................................ OK
Rename enum package in src................................................. OK
Move enum package in src................................................... OK
Rename enum package in test................................................ OK
Move enum package in test.................................................. OK
Run post-checkout hook..................................................... OK
Excluding broken/flaky tests............................................... OK
Excluding broken/flaky tests............................................... OK
Excluding broken/flaky tests............................................... OK
Backing up build file: /Users/fangfang/Documents/SQA_Project_2026/workspace OK
Backing up build file: /Users/fangfang/Documents/SQA_Project_2026/workspace OK
Initialize fixed program version........................................... OK
Apply patch................................................................ OK
Initialize buggy program version........................................... OK
Diff 673385b4:dab1bdfc..................................................... OK
Apply patch................................................................ OK
Tag pre-fix revision....................................................... OK
Check out program version: Lang-49f........................................ OK

=== Workspace status ===
BUGGY: READY
FIXED: READY
