{
  "generated_test": "/Users/fangfang/Documents/SQA_Project_2026/automation/runs/Lang/Bug-35/SA/generated_test.java",
  "destination": "org/apache/commons/lang3/Lang35GeneratedTestSA.java",
  "test_class": "org.apache.commons.lang3.Lang35GeneratedTestSA",
  "test_methods": [
    "org.apache.commons.lang3.Lang35GeneratedTestSA__Isolated_1_test01_null_boundary::test01_null_boundary",
    "org.apache.commons.lang3.Lang35GeneratedTestSA__Isolated_2_test02_empty_boundary::test02_empty_boundary",
    "org.apache.commons.lang3.Lang35GeneratedTestSA__Isolated_3_test03_positive_boundary::test03_positive_boundary",
    "org.apache.commons.lang3.Lang35GeneratedTestSA__Isolated_4_test04_max_boundary::test04_max_boundary",
    "org.apache.commons.lang3.Lang35GeneratedTestSA__Isolated_5_test05_fraction_negative::test05_fraction_negative",
    "org.apache.commons.lang3.Lang35GeneratedTestSA__Isolated_6_test06_fraction_positive::test06_fraction_positive",
    "org.apache.commons.lang3.Lang35GeneratedTestSA__Isolated_7_test07_boolean_true::test07_boolean_true",
    "org.apache.commons.lang3.Lang35GeneratedTestSA__Isolated_8_test08_long_zero::test08_long_zero",
    "org.apache.commons.lang3.Lang35GeneratedTestSA__Isolated_9_test09_empty_array::test09_empty_array",
    "org.apache.commons.lang3.Lang35GeneratedTestSA__Isolated_10_test10_object_null::test10_object_null",
    "org.apache.commons.lang3.Lang35GeneratedTestSA__Isolated_11_test11_object_boundary::test11_object_boundary",
    "org.apache.commons.lang3.Lang35GeneratedTestSA__Isolated_12_test12_mixed_boundary::test12_mixed_boundary"
  ],
  "test_count": 12,
  "buggy_compile": {
    "status": "PASS",
    "return_code": 0,
    "time_seconds": 5.506621666999999
  },
  "fixed_compile": {
    "status": "PASS",
    "return_code": 0,
    "time_seconds": 3.881797542
  },
  "statistics": {
    "total_tests": 12,
    "evaluated_tests": 12,
    "detected_tests": 0,
    "fdr_percent": 0.0,
    "buggy_pass": 12,
    "buggy_fail": 0,
    "buggy_error": 0,
    "fixed_pass": 12,
    "fixed_fail": 0,
    "fixed_error": 0
  },
  "tests": [
    {
      "selector": "org.apache.commons.lang3.Lang35GeneratedTestSA__Isolated_1_test01_null_boundary::test01_null_boundary",
      "target_method": "org.apache.commons.lang3.Lang35GeneratedTestSA::test01_null_boundary",
      "isolated_class": "org.apache.commons.lang3.Lang35GeneratedTestSA__Isolated_1_test01_null_boundary",
      "buggy": {
        "status": "PASS",
        "return_code": 0,
        "time_seconds": 0.8336812499999997,
        "output": "Running ant (compile.tests)................................................ OK\nRunning ant (run.dev.tests)................................................ OK\nFailing tests: 0\n"
      },
      "fixed": {
        "status": "PASS",
        "return_code": 0,
        "time_seconds": 0.9522670000000009,
        "output": "Running ant (compile.tests)................................................ OK\nRunning ant (run.dev.tests)................................................ OK\nFailing tests: 0\n"
      },
      "evaluated": true,
      "detected": false
    },
    {
      "selector": "org.apache.commons.lang3.Lang35GeneratedTestSA__Isolated_2_test02_empty_boundary::test02_empty_boundary",
      "target_method": "org.apache.commons.lang3.Lang35GeneratedTestSA::test02_empty_boundary",
      "isolated_class": "org.apache.commons.lang3.Lang35GeneratedTestSA__Isolated_2_test02_empty_boundary",
      "buggy": {
        "status": "PASS",
        "return_code": 0,
        "time_seconds": 1.0602256249999993,
        "output": "Running ant (compile.tests)................................................ OK\nRunning ant (run.dev.tests)................................................ OK\nFailing tests: 0\n"
      },
      "fixed": {
        "status": "PASS",
        "return_code": 0,
        "time_seconds": 0.8453215840000006,
        "output": "Running ant (compile.tests)................................................ OK\nRunning ant (run.dev.tests)................................................ OK\nFailing tests: 0\n"
      },
      "evaluated": true,
      "detected": false
    },
    {
      "selector": "org.apache.commons.lang3.Lang35GeneratedTestSA__Isolated_3_test03_positive_boundary::test03_positive_boundary",
      "target_method": "org.apache.commons.lang3.Lang35GeneratedTestSA::test03_positive_boundary",
      "isolated_class": "org.apache.commons.lang3.Lang35GeneratedTestSA__Isolated_3_test03_positive_boundary",
      "buggy": {
        "status": "PASS",
        "return_code": 0,
        "time_seconds": 0.9659552079999987,
        "output": "Running ant (compile.tests)................................................ OK\nRunning ant (run.dev.tests)................................................ OK\nFailing tests: 0\n"
      },
      "fixed": {
        "status": "PASS",
        "return_code": 0,
        "time_seconds": 0.9598718340000012,
        "output": "Running ant (compile.tests)................................................ OK\nRunning ant (run.dev.tests)................................................ OK\nFailing tests: 0\n"
      },
      "evaluated": true,
      "detected": false
    },
    {
      "selector": "org.apache.commons.lang3.Lang35GeneratedTestSA__Isolated_4_test04_max_boundary::test04_max_boundary",
      "target_method": "org.apache.commons.lang3.Lang35GeneratedTestSA::test04_max_boundary",
      "isolated_class": "org.apache.commons.lang3.Lang35GeneratedTestSA__Isolated_4_test04_max_boundary",
      "buggy": {
        "status": "PASS",
        "return_code": 0,
        "time_seconds": 0.8416202080000001,
        "output": "Running ant (compile.tests)................................................ OK\nRunning ant (run.dev.tests)................................................ OK\nFailing tests: 0\n"
      },
      "fixed": {
        "status": "PASS",
        "return_code": 0,
        "time_seconds": 0.9456694159999977,
        "output": "Running ant (compile.tests)................................................ OK\nRunning ant (run.dev.tests)................................................ OK\nFailing tests: 0\n"
      },
      "evaluated": true,
      "detected": false
    },
    {
      "selector": "org.apache.commons.lang3.Lang35GeneratedTestSA__Isolated_5_test05_fraction_negative::test05_fraction_negative",
      "target_method": "org.apache.commons.lang3.Lang35GeneratedTestSA::test05_fraction_negative",
      "isolated_class": "org.apache.commons.lang3.Lang35GeneratedTestSA__Isolated_5_test05_fraction_negative",
      "buggy": {
        "status": "PASS",
        "return_code": 0,
        "time_seconds": 0.8667839999999991,
        "output": "Running ant (compile.tests)................................................ OK\nRunning ant (run.dev.tests)................................................ OK\nFailing tests: 0\n"
      },
      "fixed": {
        "status": "PASS",
        "return_code": 0,
        "time_seconds": 0.9779427910000003,
        "output": "Running ant (compile.tests)................................................ OK\nRunning ant (run.dev.tests)................................................ OK\nFailing tests: 0\n"
      },
      "evaluated": true,
      "detected": false
    },
    {
      "selector": "org.apache.commons.lang3.Lang35GeneratedTestSA__Isolated_6_test06_fraction_positive::test06_fraction_positive",
      "target_method": "org.apache.commons.lang3.Lang35GeneratedTestSA::test06_fraction_positive",
      "isolated_class": "org.apache.commons.lang3.Lang35GeneratedTestSA__Isolated_6_test06_fraction_positive",
      "buggy": {
        "status": "PASS",
        "return_code": 0,
        "time_seconds": 0.8797730829999999,
        "output": "Running ant (compile.tests)................................................ OK\nRunning ant (run.dev.tests)................................................ OK\nFailing tests: 0\n"
      },
      "fixed": {
        "status": "PASS",
        "return_code": 0,
        "time_seconds": 1.0237749590000007,
        "output": "Running ant (compile.tests)................................................ OK\nRunning ant (run.dev.tests)................................................ OK\nFailing tests: 0\n"
      },
      "evaluated": true,
      "detected": false
    },
    {
      "selector": "org.apache.commons.lang3.Lang35GeneratedTestSA__Isolated_7_test07_boolean_true::test07_boolean_true",
      "target_method": "org.apache.commons.lang3.Lang35GeneratedTestSA::test07_boolean_true",
      "isolated_class": "org.apache.commons.lang3.Lang35GeneratedTestSA__Isolated_7_test07_boolean_true",
      "buggy": {
        "status": "PASS",
        "return_code": 0,
        "time_seconds": 1.106283916999999,
        "output": "Running ant (compile.tests)................................................ OK\nRunning ant (run.dev.tests)................................................ OK\nFailing tests: 0\n"
      },
      "fixed": {
        "status": "PASS",
        "return_code": 0,
        "time_seconds": 0.9275925419999993,
        "output": "Running ant (compile.tests)................................................ OK\nRunning ant (run.dev.tests)................................................ OK\nFailing tests: 0\n"
      },
      "evaluated": true,
      "detected": false
    },
    {
      "selector": "org.apache.commons.lang3.Lang35GeneratedTestSA__Isolated_8_test08_long_zero::test08_long_zero",
      "target_method": "org.apache.commons.lang3.Lang35GeneratedTestSA::test08_long_zero",
      "isolated_class": "org.apache.commons.lang3.Lang35GeneratedTestSA__Isolated_8_test08_long_zero",
      "buggy": {
        "status": "PASS",
        "return_code": 0,
        "time_seconds": 0.8138766670000024,
        "output": "Running ant (compile.tests)................................................ OK\nRunning ant (run.dev.tests)................................................ OK\nFailing tests: 0\n"
      },
      "fixed": {
        "status": "PASS",
        "return_code": 0,
        "time_seconds": 0.7829207919999988,
        "output": "Running ant (compile.tests)................................................ OK\nRunning ant (run.dev.tests)................................................ OK\nFailing tests: 0\n"
      },
      "evaluated": true,
      "detected": false
    },
    {
      "selector": "org.apache.commons.lang3.Lang35GeneratedTestSA__Isolated_9_test09_empty_array::test09_empty_array",
      "target_method": "org.apache.commons.lang3.Lang35GeneratedTestSA::test09_empty_array",
      "isolated_class": "org.apache.commons.lang3.Lang35GeneratedTestSA__Isolated_9_test09_empty_array",
      "buggy": {
        "status": "PASS",
        "return_code": 0,
        "time_seconds": 0.8080468750000023,
        "output": "Running ant (compile.tests)................................................ OK\nRunning ant (run.dev.tests)................................................ OK\nFailing tests: 0\n"
      },
      "fixed": {
        "status": "PASS",
        "return_code": 0,
        "time_seconds": 0.7916247500000004,
        "output": "Running ant (compile.tests)................................................ OK\nRunning ant (run.dev.tests)................................................ OK\nFailing tests: 0\n"
      },
      "evaluated": true,
      "detected": false
    },
    {
      "selector": "org.apache.commons.lang3.Lang35GeneratedTestSA__Isolated_10_test10_object_null::test10_object_null",
      "target_method": "org.apache.commons.lang3.Lang35GeneratedTestSA::test10_object_null",
      "isolated_class": "org.apache.commons.lang3.Lang35GeneratedTestSA__Isolated_10_test10_object_null",
      "buggy": {
        "status": "PASS",
        "return_code": 0,
        "time_seconds": 0.7913941250000001,
        "output": "Running ant (compile.tests)................................................ OK\nRunning ant (run.dev.tests)................................................ OK\nFailing tests: 0\n"
      },
      "fixed": {
        "status": "PASS",
        "return_code": 0,
        "time_seconds": 0.771080750000003,
        "output": "Running ant (compile.tests)................................................ OK\nRunning ant (run.dev.tests)................................................ OK\nFailing tests: 0\n"
      },
      "evaluated": true,
      "detected": false
    },
    {
      "selector": "org.apache.commons.lang3.Lang35GeneratedTestSA__Isolated_11_test11_object_boundary::test11_object_boundary",
      "target_method": "org.apache.commons.lang3.Lang35GeneratedTestSA::test11_object_boundary",
      "isolated_class": "org.apache.commons.lang3.Lang35GeneratedTestSA__Isolated_11_test11_object_boundary",
      "buggy": {
        "status": "PASS",
        "return_code": 0,
        "time_seconds": 0.7873734169999977,
        "output": "Running ant (compile.tests)................................................ OK\nRunning ant (run.dev.tests)................................................ OK\nFailing tests: 0\n"
      },
      "fixed": {
        "status": "PASS",
        "return_code": 0,
        "time_seconds": 0.8205291250000002,
        "output": "Running ant (compile.tests)................................................ OK\nRunning ant (run.dev.tests)................................................ OK\nFailing tests: 0\n"
      },
      "evaluated": true,
      "detected": false
    },
    {
      "selector": "org.apache.commons.lang3.Lang35GeneratedTestSA__Isolated_12_test12_mixed_boundary::test12_mixed_boundary",
      "target_method": "org.apache.commons.lang3.Lang35GeneratedTestSA::test12_mixed_boundary",
      "isolated_class": "org.apache.commons.lang3.Lang35GeneratedTestSA__Isolated_12_test12_mixed_boundary",
      "buggy": {
        "status": "PASS",
        "return_code": 0,
        "time_seconds": 0.7450037500000022,
        "output": "Running ant (compile.tests)................................................ OK\nRunning ant (run.dev.tests)................................................ OK\nFailing tests: 0\n"
      },
      "fixed": {
        "status": "PASS",
        "return_code": 0,
        "time_seconds": 0.7633476250000015,
        "output": "Running ant (compile.tests)................................................ OK\nRunning ant (run.dev.tests)................................................ OK\nFailing tests: 0\n"
      },
      "evaluated": true,
      "detected": false
    }
  ],
  "evaluation_workspaces": {
    "buggy": "/Users/fangfang/Documents/SQA_Project_2026/workspaces/d4j_suite_eval_vpwvo37d/buggy",
    "fixed": "/Users/fangfang/Documents/SQA_Project_2026/workspaces/d4j_suite_eval_vpwvo37d/fixed"
  },
  "timing": {
    "buggy_compile_seconds": 5.506621666999999,
    "fixed_compile_seconds": 3.881797542,
    "buggy_execution_seconds": 10.500018125,
    "fixed_execution_seconds": 10.561943168000004,
    "total_seconds": 30.450380502
  },
  "status": "PASS"
}
