* EvoSuite 1.2.0
* Going to generate test cases for class: org.apache.commons.cli.PosixParser
* Starting Client-0
* Connecting to master process on port 18826
* Analyzing classpath: 
  - /home/acer/SQA/cli-work/Cli/BPSO_db7ac586/round1/17f/target/classes
  - /home/acer/SQA/cli-work/Cli/BPSO_db7ac586/round1/17f/target/lib/junit-3.8.1.jar
  - /home/acer/SQA/cli-work/Cli/BPSO_db7ac586/round1/17f/target/test-classes
  - /home/acer/defects4j/framework/projects/Cli/lib/org/hamcrest/hamcrest-core/1.3/hamcrest-core-1.3.jar
[MASTER] 22:49:42.888 [logback-1] WARN  InheritanceTree - Class not in inheritance graph: java.io.ObjectInputFilter
[MASTER] 22:49:43.065 [logback-1] WARN  InheritanceTree - Class not in inheritance graph: java.util.Locale$IsoCountryCode
* Finished analyzing classpath
* Generating tests for class org.apache.commons.cli.PosixParser
* Test criteria:
  - Line Coverage
  - Branch Coverage
  - Exception
  - Mutation testing (weak)
  - Method-Output Coverage
  - Top-Level Method Coverage
  - Context Branch Coverage
* Setting up search algorithm for whole suite generation
* Total number of test goals: 
  - Line 68
  - Branch 45
  - Exception 0
  - MutationFactory 115
  - Output 3
  - Method 3
  - CBranchFitnessFactory 45
* Using seed 20260930
* Starting evolution

[Progress:>                             0%] [Cov:>                                  0%]
[Progress:>                             0%] [Cov:=>                                 5%]
[Progress:>                             0%] [Cov:==>                                8%]
[Progress:>                             0%] [Cov:========>                          23%]
[Progress:>                             0%] [Cov:========>                          25%]
[Progress:>                             0%] [Cov:=============>                     38%]
[Progress:>                             0%] [Cov:==============>                    41%]
[Progress:>                             3%] [Cov:>                                  1%]
[Progress:>                             3%] [Cov:=====>                             15%]
[Progress:>                             3%] [Cov:========>                          23%]
[Progress:>                             3%] [Cov:========>                          24%]
[Progress:>                             3%] [Cov:========>                          25%]
[Progress:>                             3%] [Cov:=============>                     38%]
[Progress:>                             3%] [Cov:==============>                    41%]
[Progress:>                             3%] [Cov:===============>                   43%]
[Progress:>                             3%] [Cov:===============>                   45%]
[Progress:>                             3%] [Cov:================>                  47%]
[Progress:=>                            6%] [Cov:==>                                6%]
[Progress:=>                            6%] [Cov:===>                               9%]
[Progress:=>                            6%] [Cov:========>                          24%]
[Progress:=>                            6%] [Cov:=========>                         26%]
[Progress:=>                            6%] [Cov:==========>                        30%]
[Progress:=>                            6%] [Cov:===============>                   43%]
[Progress:=>                            6%] [Cov:===============>                   45%]
[Progress:=>                            6%] [Cov:==================>                52%]
[Progress:=>                            6%] [Cov:===================>               56%]
[Progress:=>                            6%] [Cov:===================>               56%]
[Progress:===>                          10%] [Cov:===================>               56%]
[Progress:===>                          10%] [Cov:===================>               57%]
[Progress:===>                          10%] [Cov:====================>              58%]
[Progress:===>                          10%] [Cov:====================>              59%]
[Progress:===>                          10%] [Cov:=====================>             62%]
[Progress:===>                          10%] [Cov:======================>            63%]
[Progress:===>                          13%] [Cov:===============>                   45%]
[Progress:===>                          13%] [Cov:====================>              58%]
[Progress:===>                          13%] [Cov:=====================>             61%]
[Progress:===>                          13%] [Cov:=====================>             62%]
[Progress:===>                          13%] [Cov:=====================>             62%]BPSO iteration=1 bestFitness=157.90833247699604 population=30 inertia=0.72

[Progress:===>                          13%] [Cov:======================>            63%]
[Progress:===>                          13%] [Cov:======================>            64%]
[Progress:===>                          13%] [Cov:======================>            65%]
[Progress:====>                         16%] [Cov:===================>               57%]
[Progress:====>                         16%] [Cov:======================>            64%]
[Progress:====>                         16%] [Cov:======================>            65%]BPSO iteration=2 bestFitness=147.90238069674658 population=30 inertia=0.72

[Progress:====>                         16%] [Cov:========================>          69%]
[Progress:====>                         16%] [Cov:========================>          70%]
[Progress:======>                       20%] [Cov:========================>          70%]
[Progress:======>                       20%] [Cov:========================>          70%]BPSO iteration=3 bestFitness=144.13922295865825 population=30 inertia=0.72

[Progress:======>                       23%] [Cov:========================>          70%]
[Progress:======>                       23%] [Cov:========================>          70%]BPSO iteration=4 bestFitness=144.13922295865825 population=30 inertia=0.72

[Progress:=======>                      26%] [Cov:========================>          70%]
[Progress:=======>                      26%] [Cov:========================>          70%]BPSO iteration=5 bestFitness=144.13922294352056 population=30 inertia=0.72

[Progress:=======>                      26%] [Cov:========================>          70%]
[Progress:=========>                    30%] [Cov:========================>          70%]
[Progress:=========>                    30%] [Cov:========================>          70%]
[Progress:=========>                    33%] [Cov:========================>          70%]
[Progress:=========>                    33%] [Cov:========================>          71%]
[Progress:=========>                    33%] [Cov:=========================>         73%]
[Progress:=========>                    33%] [Cov:=========================>         73%]
[Progress:==========>                   36%] [Cov:=========================>         73%]
[Progress:==========>                   36%] [Cov:=========================>         73%]
[Progress:==========>                   36%] [Cov:=========================>         73%]
[Progress:============>                 40%] [Cov:=========================>         73%]
[Progress:============>                 40%] [Cov:=========================>         73%]
[Progress:============>                 43%] [Cov:=========================>         72%]
[Progress:============>                 43%] [Cov:=========================>         73%]
[Progress:============>                 43%] [Cov:=========================>         73%]
[Progress:============>                 43%] [Cov:=========================>         74%]
[Progress:============>                 43%] [Cov:==========================>        76%]
[Progress:============>                 43%] [Cov:==========================>        76%]
[Progress:=============>                46%] [Cov:==========================>        76%]
[Progress:=============>                46%] [Cov:============================>      80%]
[Progress:=============>                46%] [Cov:==========================>        76%]
[Progress:=============>                46%] [Cov:==========================>        76%]
[Progress:=============>                46%] [Cov:==========================>        77%]
[Progress:=============>                46%] [Cov:==========================>        77%]
[Progress:===============>              50%] [Cov:==========================>        77%]
[Progress:===============>              50%] [Cov:==========================>        77%]
[Progress:===============>              50%] [Cov:==========================>        77%]
[Progress:===============>              53%] [Cov:==========================>        76%]
[Progress:===============>              53%] [Cov:==========================>        77%]
[Progress:===============>              53%] [Cov:==========================>        77%]BPSO iteration=20 bestFitness=96.43333300903558 population=30 inertia=0.72

[Progress:===============>              53%] [Cov:==========================>        77%]
[Progress:================>             56%] [Cov:==============>                    41%]
[Progress:================>             56%] [Cov:===================>               55%]
[Progress:================>             56%] [Cov:==========================>        77%]
[Progress:================>             56%] [Cov:==========================>        77%]
[Progress:==================>           60%] [Cov:==========================>        77%]
[Progress:==================>           60%] [Cov:==========================>        77%]
[Progress:==================>           60%] [Cov:==========================>        77%]
[Progress:==================>           63%] [Cov:==========================>        77%]
[Progress:==================>           63%] [Cov:==========================>        77%]
[Progress:==================>           63%] [Cov:===========================>       78%]
[Progress:==================>           63%] [Cov:============================>      80%]
[Progress:==================>           63%] [Cov:============================>      80%]
[Progress:==================>           63%] [Cov:============================>      80%]
[Progress:===================>          66%] [Cov:===========================>       78%]
[Progress:===================>          66%] [Cov:============================>      80%]
[Progress:===================>          66%] [Cov:============================>      80%]
[Progress:===================>          66%] [Cov:============================>      80%]
[Progress:=====================>        70%] [Cov:==========================>        76%]
[Progress:=====================>        70%] [Cov:============================>      80%]
[Progress:=====================>        70%] [Cov:============================>      80%]
[Progress:=====================>        70%] [Cov:============================>      81%]
[Progress:=====================>        70%] [Cov:============================>      80%]
[Progress:=====================>        73%] [Cov:============================>      80%]
[Progress:=====================>        73%] [Cov:============================>      80%]
[Progress:=====================>        73%] [Cov:============================>      80%]
[Progress:=====================>        73%] [Cov:============================>      80%]
[Progress:======================>       76%] [Cov:============================>      80%]
[Progress:======================>       76%] [Cov:============================>      81%]
[Progress:======================>       76%] [Cov:============================>      81%]
[Progress:======================>       76%] [Cov:============================>      81%]
[Progress:========================>     80%] [Cov:============================>      81%]
[Progress:========================>     80%] [Cov:============================>      81%]
[Progress:========================>     80%] [Cov:============================>      82%]
[Progress:========================>     80%] [Cov:=============================>     84%]
[Progress:========================>     80%] [Cov:=============================>     83%]
[Progress:========================>     80%] [Cov:=============================>     83%]
[Progress:========================>     83%] [Cov:=============================>     83%]
[Progress:========================>     83%] [Cov:=============================>     83%]BPSO iteration=40 bestFitness=54.38888745558414 population=30 inertia=0.72

[Progress:========================>     83%] [Cov:=============================>     83%]
[Progress:=========================>    86%] [Cov:=============================>     83%]
[Progress:=========================>    86%] [Cov:=============================>     83%]
[Progress:=========================>    86%] [Cov:=============================>     83%]
[Progress:=========================>    86%] [Cov:=============================>     84%]
[Progress:=========================>    86%] [Cov:=============================>     84%]
[Progress:===========================>  90%] [Cov:=============================>     84%]
[Progress:===========================>  90%] [Cov:=============================>     84%]
[Progress:===========================>  90%] [Cov:=============================>     84%]
[Progress:===========================>  93%] [Cov:=============================>     83%]
[Progress:===========================>  93%] [Cov:=============================>     84%]
[Progress:===========================>  93%] [Cov:=============================>     84%]
[Progress:===========================>  93%] [Cov:=============================>     85%]
[Progress:===========================>  93%] [Cov:==============================>    86%]
[Progress:===========================>  93%] [Cov:==============================>    86%]
[Progress:============================> 96%] [Cov:==============================>    86%]
[Progress:============================> 96%] [Cov:==============================>    86%]
[Progress:==============================100%] [Cov:=============================>     84%]
[Progress:==============================100%] [Cov:==============================>    86%]
[Progress:==============================100%] [Cov:==============================>    86%]
[Progress:==============================100%] [Cov:==============================>    86%]
* Search finished after 31s and 51 generations, 48344 statements, best individual has fitness: 39.208332218126806
* Minimizing test suite
* Going to analyze the coverage criteria
* Coverage analysis for criterion LINE
* Coverage of criterion LINE: 90%
* Total number of goals: 68
* Number of covered goals: 61
* Coverage analysis for criterion BRANCH
* Coverage of criterion BRANCH: 87%
* Total number of goals: 45
* Number of covered goals: 39
* Coverage analysis for criterion EXCEPTION
* Coverage of criterion EXCEPTION: 100%
* Total number of goals: 2
* Number of covered goals: 2
* Coverage analysis for criterion WEAKMUTATION
* Coverage of criterion WEAKMUTATION: 85%
* Total number of goals: 115
* Number of covered goals: 98
* Coverage analysis for criterion OUTPUT
* Coverage of criterion OUTPUT: 67%
* Total number of goals: 3
* Number of covered goals: 2
* Coverage analysis for criterion METHOD
* Coverage of criterion METHOD: 100%
* Total number of goals: 3
* Number of covered goals: 3
* Coverage analysis for criterion CBRANCH
* Coverage of criterion CBRANCH: 87%
* Total number of goals: 45
* Number of covered goals: 39
* Generated 11 tests with total length 66
* Resulting test suite's coverage: 86% (average coverage for all fitness functions)
* Generating assertions
* Resulting test suite's mutation score: 30%
* Property NO_RUNTIME_DEPENDENCY is set to true - skipping JUnit compile check
* WARNING: Not including the runtime dependencies is likely to lead to flaky tests!
* Writing tests to file
* Writing JUnit test case 'PosixParser_ESTest' to /home/acer/SQA/all-in-one-results/Cli/BPSO_db7ac586/round1/Cli-17/generation/org_apache_commons_cli_PosixParser/evosuite-tests
* Done!

* Computation finished
