Project=Lang
Bug=16
Algorithm=BPSO
TargetClass=org.apache.commons.lang3.math.NumberUtils
TargetMethod=createNumber
TriggerTest=org.apache.commons.lang3.math.NumberUtilsTest::testCreateNumber
ModifiedSource=org.apache.commons.lang3.math.NumberUtils
FixedRevision=41326bf5266ecc6472bab28481b77cecd6f7fb5c
CandidatePool=24
SuiteSize=12
Iterations=5000
Seed=20260923
Generator=GenericCandidateProvider
TriggerInputsCopied=false
TemporaryGeneratorWorkspace=/tmp/sqa_lang_generator_16_BPSO_oWJNbJ
GeneratedClass=Lang16GeneratedTestBPSO

============================================================
GENERATION SUCCESS
============================================================
Status : GENERATED
File   : /Users/fangfang/Documents/SQA_Project_2026/automation/runs/Lang/Bug-16/BPSO/generated_test.java
Class  : Lang16GeneratedTestBPSO
Method : createNumber
============================================================

RETURN_CODE=0
END=Fri Oct  2 08:00:48 PDT 2026
GENERATION SUCCESS
