===== org.apache.commons.lang.NumberUtilsDefectTest__Isolated_1_testCreateNumberSingleAlphabeticChar::testCreateNumberSingleAlphabeticChar =====
Running ant (compile.tests)................................................ OK
Running ant (run.dev.tests)................................................ OK
Failing tests: 0

===== org.apache.commons.lang.NumberUtilsDefectTest__Isolated_2_testCreateNumberSingleTypeQualifierChar::testCreateNumberSingleTypeQualifierChar =====
Running ant (compile.tests)................................................ OK
Running ant (run.dev.tests)................................................ OK
Failing tests: 1
  - org.apache.commons.lang.NumberUtilsDefectTest__Isolated_2_testCreateNumberSingleTypeQualifierChar::testCreateNumberSingleTypeQualifierChar

===== org.apache.commons.lang.NumberUtilsDefectTest__Isolated_3_testCreateNumberSingleSymbolChar::testCreateNumberSingleSymbolChar =====
Running ant (compile.tests)................................................ OK
Running ant (run.dev.tests)................................................ OK
Failing tests: 0

===== org.apache.commons.lang.NumberUtilsDefectTest__Isolated_4_testCreateNumberSingleWhitespaceChar::testCreateNumberSingleWhitespaceChar =====
Running ant (compile.tests)................................................ OK
Running ant (run.dev.tests)................................................ OK
Failing tests: 0

===== org.apache.commons.lang.NumberUtilsDefectTest__Isolated_5_testCreateNumberSingleValidDigit::testCreateNumberSingleValidDigit =====
Running ant (compile.tests)................................................ OK
Running ant (run.dev.tests)................................................ OK
Failing tests: 0

