Project=Lang
Bug=26
Algorithm=SA
TargetClass=org.apache.commons.lang3.time.FastDateFormat
TargetMethod=format
TriggerTest=org.apache.commons.lang3.time.FastDateFormatTest::testLang645
ModifiedSource=org.apache.commons.lang3.time.FastDateFormat
FixedRevision=14a0cc2a9baf84a97348263975082ef3857daf97
CandidatePool=24
SuiteSize=12
Iterations=5000
Seed=20260923
Generator=GenericCandidateProvider
TriggerInputsCopied=false
TemporaryGeneratorWorkspace=/tmp/sqa_lang_generator_26_SA_63eLbW
GeneratedClass=Lang26GeneratedTestSA

============================================================
GENERATION SUCCESS
============================================================
Status : GENERATED
File   : /Users/fangfang/Documents/SQA_Project_2026/automation/runs/Lang/Bug-26/SA/generated_test.java
Class  : Lang26GeneratedTestSA
Method : format
============================================================

RETURN_CODE=0
END=Fri Oct  2 08:12:44 PDT 2026
GENERATION SUCCESS
