Project=Lang
Bug=57
Algorithm=SA
TargetClass=org.apache.commons.lang.LocaleUtils
TargetMethod=isAvailableLocale
TriggerTest=Running ant (export.tests.trigger)......................................... OK
org.apache.commons.lang.LocaleUtilsTest::testAvailableLocaleSet
org.apache.commons.lang.LocaleUtilsTest::testIsAvailableLocale
org.apache.commons.lang.LocaleUtilsTest::testAvailableLocaleList
org.apache.commons.lang.LocaleUtilsTest::testCountriesByLanguage
org.apache.commons.lang.LocaleUtilsTest::testLocaleLookupList_LocaleLocale
org.apache.commons.lang.LocaleUtilsTest::testLanguagesByCountry
org.apache.commons.lang.LocaleUtilsTest::testToLocale_1Part
org.apache.commons.lang.LocaleUtilsTest::testToLocale_2Part
org.apache.commons.lang.LocaleUtilsTest::testToLocale_3Part
org.apache.commons.lang.LocaleUtilsTest::testLocaleLookupList_Locale
org.apache.commons.lang.LocaleUtilsTest::testConstructor
ModifiedSource=org.apache.commons.lang.LocaleUtils
FixedRevision=cf20d13c64da51becd1351befe02a06144fd6fc1
CandidatePool=24
SuiteSize=12
Iterations=5000
Seed=20260923
Generator=GenericCandidateProvider
TriggerInputsCopied=false
TemporaryGeneratorWorkspace=/tmp/sqa_lang_generator_57_SA_3hzk05
GeneratedClass=Lang57GeneratedTestSA

============================================================
GENERATION SUCCESS
============================================================
Status : GENERATED
File   : /Users/fangfang/Documents/SQA_Project_2026/automation/runs/Lang/Bug-57/SA/generated_test.java
Class  : Lang57GeneratedTestSA
Method : isAvailableLocale
============================================================

RETURN_CODE=0
END=Sat Oct  3 00:21:51 +07 2026
GENERATION SUCCESS
