{
  "project": "Lang",
  "bug_id": "30",
  "method": "BPSO",
  "generated_test": "/Users/fangfang/Documents/SQA_Project_2026/automation/runs/Lang/Bug-30/BPSO/generated_test.java",
  "destination": "org/apache/commons/lang3/Lang30GeneratedTestBPSO.java",
  "status": "DONE",
  "statistics": {
    "total_tests": 12,
    "evaluated_tests": 12,
    "detected_tests": 0,
    "fdr_percent": 0.0,
    "buggy_pass": 12,
    "buggy_fail": 0,
    "buggy_error": 0,
    "fixed_pass": 12,
    "fixed_fail": 0,
    "fixed_error": 0
  },
  "coverage": {
    "buggy": {
      "workspace": "/Users/fangfang/Documents/SQA_Project_2026/workspaces/d4j_suite_eval_zbz_9vxn/buggy",
      "generated_test": "/Users/fangfang/Documents/SQA_Project_2026/automation/runs/Lang/Bug-30/BPSO/generated_test.java",
      "destination": "org/apache/commons/lang3/Lang30GeneratedTestBPSO.java",
      "archive": "/Users/fangfang/Documents/SQA_Project_2026/automation/runs/d4j_cov_suite_oj8o7825/Lang-30b-generated.1.tar.bz2",
      "command_return_code": 0,
      "coverage_time_seconds": 6.576671916,
      "status": "PASS",
      "metrics": {
        "LinesTotal": 1189,
        "LinesCovered": 3,
        "ConditionsTotal": 1055,
        "ConditionsCovered": 2,
        "line_coverage": 0.2523128679562658,
        "branch_coverage": 0.18957345971563982
      },
      "total_time_seconds": 6.576671916
    },
    "fixed": {
      "workspace": "/Users/fangfang/Documents/SQA_Project_2026/workspaces/d4j_suite_eval_zbz_9vxn/fixed",
      "generated_test": "/Users/fangfang/Documents/SQA_Project_2026/automation/runs/Lang/Bug-30/BPSO/generated_test.java",
      "destination": "org/apache/commons/lang3/Lang30GeneratedTestBPSO.java",
      "archive": "/Users/fangfang/Documents/SQA_Project_2026/automation/runs/d4j_cov_suite_5_k917j4/Lang-30f-generated.1.tar.bz2",
      "command_return_code": 0,
      "coverage_time_seconds": 6.205272125,
      "status": "PASS",
      "metrics": {
        "LinesTotal": 1213,
        "LinesCovered": 3,
        "ConditionsTotal": 1087,
        "ConditionsCovered": 2,
        "line_coverage": 0.24732069249793898,
        "branch_coverage": 0.18399264029438822
      },
      "total_time_seconds": 6.205272125
    }
  },
  "timing": {
    "generation_seconds": 13.679677,
    "suite_runner_seconds": 32.311981167000006,
    "compile_buggy_seconds": 5.997948416,
    "compile_fixed_seconds": 4.598211624999999,
    "execution_buggy_seconds": 10.739819460000003,
    "execution_fixed_seconds": 10.320905251999994,
    "coverage_buggy_seconds": 6.576671916,
    "coverage_fixed_seconds": 6.205272125,
    "total_time_seconds": 45.248277625
  },
  "evaluation_workspaces": {
    "buggy": "/Users/fangfang/Documents/SQA_Project_2026/workspaces/d4j_suite_eval_zbz_9vxn/buggy",
    "fixed": "/Users/fangfang/Documents/SQA_Project_2026/workspaces/d4j_suite_eval_zbz_9vxn/fixed"
  }
}
