{
  "project": "Lang",
  "bug_id": "23",
  "method": "BPSO",
  "generated_test": "/Users/fangfang/Documents/SQA_Project_2026/automation/runs/Lang/Bug-23/BPSO/generated_test.java",
  "destination": "org/apache/commons/lang3/text/Lang23GeneratedTestBPSO.java",
  "status": "DONE",
  "statistics": {
    "total_tests": 12,
    "evaluated_tests": 12,
    "detected_tests": 0,
    "fdr_percent": 0.0,
    "buggy_pass": 0,
    "buggy_fail": 12,
    "buggy_error": 0,
    "fixed_pass": 0,
    "fixed_fail": 12,
    "fixed_error": 0
  },
  "coverage": {
    "buggy": {
      "workspace": "/Users/fangfang/Documents/SQA_Project_2026/workspaces/d4j_suite_eval_ohf8l4wh/buggy",
      "generated_test": "/Users/fangfang/Documents/SQA_Project_2026/automation/runs/Lang/Bug-23/BPSO/generated_test.java",
      "destination": "org/apache/commons/lang3/text/Lang23GeneratedTestBPSO.java",
      "archive": "/Users/fangfang/Documents/SQA_Project_2026/automation/runs/d4j_cov_suite_8cylid09/Lang-23b-generated.1.tar.bz2",
      "command_return_code": 0,
      "coverage_time_seconds": 5.7270970420000005,
      "status": "PASS",
      "metrics": {
        "LinesTotal": 167,
        "LinesCovered": 0,
        "ConditionsTotal": 99,
        "ConditionsCovered": 0,
        "line_coverage": 0.0,
        "branch_coverage": 0.0
      },
      "total_time_seconds": 5.7270970420000005
    },
    "fixed": {
      "workspace": "/Users/fangfang/Documents/SQA_Project_2026/workspaces/d4j_suite_eval_ohf8l4wh/fixed",
      "generated_test": "/Users/fangfang/Documents/SQA_Project_2026/automation/runs/Lang/Bug-23/BPSO/generated_test.java",
      "destination": "org/apache/commons/lang3/text/Lang23GeneratedTestBPSO.java",
      "archive": "/Users/fangfang/Documents/SQA_Project_2026/automation/runs/d4j_cov_suite_5nr51yyi/Lang-23f-generated.1.tar.bz2",
      "command_return_code": 0,
      "coverage_time_seconds": 5.992333,
      "status": "PASS",
      "metrics": {
        "LinesTotal": 185,
        "LinesCovered": 0,
        "ConditionsTotal": 111,
        "ConditionsCovered": 0,
        "line_coverage": 0.0,
        "branch_coverage": 0.0
      },
      "total_time_seconds": 5.992333
    }
  },
  "timing": {
    "generation_seconds": 11.724747,
    "suite_runner_seconds": 29.783558250000002,
    "compile_buggy_seconds": 5.361896334,
    "compile_fixed_seconds": 4.114686999999999,
    "execution_buggy_seconds": 9.852582207999998,
    "execution_fixed_seconds": 9.919101083999998,
    "coverage_buggy_seconds": 5.7270970420000005,
    "coverage_fixed_seconds": 5.992333,
    "total_time_seconds": 41.671306458000004
  },
  "evaluation_workspaces": {
    "buggy": "/Users/fangfang/Documents/SQA_Project_2026/workspaces/d4j_suite_eval_ohf8l4wh/buggy",
    "fixed": "/Users/fangfang/Documents/SQA_Project_2026/workspaces/d4j_suite_eval_ohf8l4wh/fixed"
  }
}
