Preparing Lang-27
Buggy: /Users/fangfang/Documents/SQA_Project_2026/workspaces/Lang-27-buggy
Fixed: /Users/fangfang/Documents/SQA_Project_2026/workspaces/Lang-27-fixed

=== Checkout BUGGY ===
Checking out 50c1fdec to /Users/fangfang/Documents/SQA_Project_2026/workspa OK
Init local repository...................................................... OK
Tag post-fix revision...................................................... OK
Apply patch................................................................ OK
Apply patch................................................................ OK
Copy generated Ant build file.............................................. OK
Run post-checkout hook..................................................... OK
Excluding broken/flaky tests............................................... OK
Excluding broken/flaky tests............................................... OK
Excluding broken/flaky tests............................................... OK
Backing up build file: /Users/fangfang/Documents/SQA_Project_2026/workspace OK
Initialize fixed program version........................................... OK
Apply patch................................................................ OK
Initialize buggy program version........................................... OK
Diff 50c1fdec:bbcba273..................................................... OK
Apply patch................................................................ OK
Tag pre-fix revision....................................................... OK
Check out program version: Lang-27b........................................ OK

=== Checkout FIXED ===
Checking out 50c1fdec to /Users/fangfang/Documents/SQA_Project_2026/workspa OK
Init local repository...................................................... OK
Tag post-fix revision...................................................... OK
Apply patch................................................................ OK
Apply patch................................................................ OK
Copy generated Ant build file.............................................. OK
Run post-checkout hook..................................................... OK
Excluding broken/flaky tests............................................... OK
Excluding broken/flaky tests............................................... OK
Excluding broken/flaky tests............................................... OK
Backing up build file: /Users/fangfang/Documents/SQA_Project_2026/workspace OK
Initialize fixed program version........................................... OK
Apply patch................................................................ OK
Initialize buggy program version........................................... OK
Diff 50c1fdec:bbcba273..................................................... OK
Apply patch................................................................ OK
Tag pre-fix revision....................................................... OK
Check out program version: Lang-27f........................................ OK

=== Workspace status ===
BUGGY: READY
FIXED: READY
