===== org.apache.commons.lang3.time.DateUtilsLang21Test__Isolated_1_testIsSameLocalTime_AmPmDifference::testIsSameLocalTime_AmPmDifference =====
Running ant (compile.tests)................................................ OK
Running ant (run.dev.tests)................................................ OK
Failing tests: 0

===== org.apache.commons.lang3.time.DateUtilsLang21Test__Isolated_2_testIsSameLocalTime_MidnightAndNoon::testIsSameLocalTime_MidnightAndNoon =====
Running ant (compile.tests)................................................ OK
Running ant (run.dev.tests)................................................ OK
Failing tests: 0

===== org.apache.commons.lang3.time.DateUtilsLang21Test__Isolated_3_testIsSameLocalTime_IdenticalTimes::testIsSameLocalTime_IdenticalTimes =====
Running ant (compile.tests)................................................ OK
Running ant (run.dev.tests)................................................ OK
Failing tests: 0

===== org.apache.commons.lang3.time.DateUtilsLang21Test__Isolated_4_testIsSameLocalTime_NullFirstArgument::testIsSameLocalTime_NullFirstArgument =====
Running ant (compile.tests)................................................ OK
Running ant (run.dev.tests)................................................ OK
Failing tests: 0

===== org.apache.commons.lang3.time.DateUtilsLang21Test__Isolated_5_testIsSameLocalTime_NullSecondArgument::testIsSameLocalTime_NullSecondArgument =====
Running ant (compile.tests)................................................ OK
Running ant (run.dev.tests)................................................ OK
Failing tests: 0

