Project=Lang
Bug=58
Algorithm=BPSO
TargetClass=org.apache.commons.lang.math.NumberUtils
TargetMethod=createNumber
TriggerTest=org.apache.commons.lang.math.NumberUtilsTest::testLang300
ModifiedSource=org.apache.commons.lang.math.NumberUtils
FixedRevision=15360774099b2a7230e020751acdf6979b6e3f58
CandidatePool=24
SuiteSize=12
Iterations=5000
Seed=20260923
Generator=GenericCandidateProvider
TriggerInputsCopied=false
TemporaryGeneratorWorkspace=/tmp/sqa_lang_generator_58_BPSO_v2CUOb
GeneratedClass=Lang58GeneratedTestBPSO

============================================================
GENERATION SUCCESS
============================================================
Status : GENERATED
File   : /Users/fangfang/Documents/SQA_Project_2026/automation/runs/Lang/Bug-58/BPSO/generated_test.java
Class  : Lang58GeneratedTestBPSO
Method : createNumber
============================================================

RETURN_CODE=0
END=Sat Oct  3 00:22:35 +07 2026
GENERATION SUCCESS
