* EvoSuite 1.2.0
* Going to generate test cases for class: org.apache.commons.csv.CSVRecord
* Starting Client-0
* Connecting to master process on port 18826
* Analyzing classpath: 
  - /home/acer/SQA/cli-work/Csv/BPSO_db7ac586/round1/9f/target/classes
  - /home/acer/defects4j/framework/projects/Csv/lib/junit/junit/4.11/junit-4.11.jar
  - /home/acer/defects4j/framework/projects/Csv/lib/org/hamcrest/hamcrest-core/1.3/hamcrest-core-1.3.jar
  - /home/acer/defects4j/framework/projects/Csv/lib/commons-io/commons-io/2.2/commons-io-2.2.jar
  - /home/acer/defects4j/framework/projects/Csv/lib/com/h2database/h2/1.3.168/h2-1.3.168.jar
  - /home/acer/SQA/cli-work/Csv/BPSO_db7ac586/round1/9f/target/test-classes
  - /home/acer/defects4j/framework/projects/lib/junit-4.12-hamcrest-1.3.jar
  - /home/acer/defects4j/framework/projects/Csv/lib/com/csvreader/1.0/javacsv.jar
  - /home/acer/defects4j/framework/projects/Csv/lib/com/generationjava/io/1.0/gj-csv-1.0.jar
  - /home/acer/defects4j/framework/projects/Csv/lib/com/h2database/h2/1.4.180/h2-1.4.180.jar
  - /home/acer/defects4j/framework/projects/Csv/lib/com/h2database/h2/1.4.181/h2-1.4.181.jar
  - /home/acer/defects4j/framework/projects/Csv/lib/com/h2database/h2/1.4.182/h2-1.4.182.jar
  - /home/acer/defects4j/framework/projects/Csv/lib/com/h2database/h2/1.4.196/h2-1.4.196.jar
  - /home/acer/defects4j/framework/projects/Csv/lib/com/h2database/h2/1.4.198/h2-1.4.198.jar
  - /home/acer/defects4j/framework/projects/Csv/lib/com/opencsv/4.0/opencsv-4.0.jar
  - /home/acer/defects4j/framework/projects/Csv/lib/commons-io/commons-io/2.4/commons-io-2.4.jar
  - /home/acer/defects4j/framework/projects/Csv/lib/commons-io/commons-io/2.5/commons-io-2.5.jar
  - /home/acer/defects4j/framework/projects/Csv/lib/commons-io/commons-io/2.6/commons-io-2.6.jar
  - /home/acer/defects4j/framework/projects/Csv/lib/junit/junit/3.8.1/junit-3.8.1.jar
  - /home/acer/defects4j/framework/projects/Csv/lib/junit/junit/4.10/junit-4.10.jar
  - /home/acer/defects4j/framework/projects/Csv/lib/junit/junit/4.12/junit-4.12.jar
  - /home/acer/defects4j/framework/projects/Csv/lib/org/apache/commons/commons-lang3/3.4/commons-lang3-3.4.jar
  - /home/acer/defects4j/framework/projects/Csv/lib/org/apache/commons/commons-lang3/3.6/commons-lang3-3.6.jar
  - /home/acer/defects4j/framework/projects/Csv/lib/org/apache/commons/commons-lang3/3.7/commons-lang3-3.7.jar
  - /home/acer/defects4j/framework/projects/Csv/lib/org/apache/commons/commons-lang3/3.8.1/commons-lang3-3.8.1.jar
  - /home/acer/defects4j/framework/projects/Csv/lib/org/hamcrest/hamcrest-core/1.1/hamcrest-core-1.1.jar
  - /home/acer/defects4j/framework/projects/Csv/lib/org/mockito/mockito-all/1.10.19/mockito-all-1.10.19.jar
  - /home/acer/defects4j/framework/projects/Csv/lib/org/mockito/mockito-all/1.9.5/mockito-all-1.9.5.jar
  - /home/acer/defects4j/framework/projects/Csv/lib/org/openjdk/jmh/1.21/jmh-core-1.21.jar
  - /home/acer/defects4j/framework/projects/Csv/lib/org/skife/csv/1.0/csv-1.0.jar
  - /home/acer/defects4j/framework/projects/Csv/lib/org/supercsv/2.4.0/super-csv-2.4.0.jar
* Finished analyzing classpath
* Generating tests for class org.apache.commons.csv.CSVRecord
* Test criteria:
  - Line Coverage
  - Branch Coverage
  - Exception
  - Mutation testing (weak)
  - Method-Output Coverage
  - Top-Level Method Coverage
  - Context Branch Coverage
* Setting up search algorithm for whole suite generation
* Total number of test goals: 
  - Line 37
  - Branch 36
  - Exception 0
  - MutationFactory 60
  - Output 44
  - Method 15
  - CBranchFitnessFactory 36
* Using seed 20260930
* Starting evolution

[Progress:>                             0%] [Cov:>                                  0%][MASTER] 05:44:27.844 [logback-1] WARN  TestCluster - Failed to check cache for java.util.HashMap<K, V> : Type points to itself

[Progress:=>                            6%] [Cov:==>                                8%]
[Progress:=>                            6%] [Cov:====>                              14%]
[Progress:=>                            6%] [Cov:==========>                        29%]
[Progress:=>                            6%] [Cov:============>                      36%]
[Progress:=>                            6%] [Cov:============>                      37%]
[Progress:=>                            6%] [Cov:===============>                   44%]
[Progress:=>                            6%] [Cov:================>                  46%]
[Progress:=>                            6%] [Cov:=================>                 51%]
[Progress:=>                            6%] [Cov:==================>                54%]
[Progress:=>                            6%] [Cov:===================>               55%]
[Progress:=>                            6%] [Cov:===================>               57%]
[Progress:===>                          10%] [Cov:===>                               10%]
[Progress:===>                          10%] [Cov:======>                            19%]
[Progress:===>                          10%] [Cov:===========>                       33%]
[Progress:===>                          10%] [Cov:===============>                   43%]
[Progress:===>                          10%] [Cov:================>                  46%]
[Progress:===>                          10%] [Cov:==================>                53%]
[Progress:===>                          10%] [Cov:===================>               57%]
[Progress:===>                          10%] [Cov:===================>               57%]
[Progress:===>                          10%] [Cov:====================>              58%]
[Progress:===>                          10%] [Cov:====================>              59%]
[Progress:===>                          13%] [Cov:=================>                 49%]
[Progress:===>                          13%] [Cov:====================>              58%]
[Progress:===>                          13%] [Cov:====================>              59%]
[Progress:===>                          13%] [Cov:=====================>             61%]
[Progress:===>                          13%] [Cov:=====================>             62%]
[Progress:===>                          13%] [Cov:======================>            63%]
[Progress:===>                          13%] [Cov:======================>            64%]
[Progress:===>                          13%] [Cov:=======================>           66%]
[Progress:===>                          13%] [Cov:=======================>           67%]
[Progress:===>                          13%] [Cov:=======================>           68%]
[Progress:===>                          13%] [Cov:========================>          69%]
[Progress:===>                          13%] [Cov:========================>          70%]
[Progress:===>                          13%] [Cov:========================>          70%]BPSO iteration=1 bestFitness=85.625 population=30 inertia=0.72

[Progress:====>                         16%] [Cov:========================>          70%]
[Progress:====>                         16%] [Cov:========================>          71%]
[Progress:====>                         16%] [Cov:=========================>         72%]
[Progress:====>                         16%] [Cov:=========================>         73%]
[Progress:====>                         16%] [Cov:=========================>         74%]
[Progress:======>                       20%] [Cov:========================>          69%]
[Progress:======>                       20%] [Cov:========================>          70%]
[Progress:======>                       20%] [Cov:=========================>         74%]
[Progress:======>                       20%] [Cov:=========================>         74%]BPSO iteration=2 bestFitness=71.60714285714286 population=30 inertia=0.72

[Progress:======>                       20%] [Cov:==========================>        75%]
[Progress:======>                       20%] [Cov:===========================>       78%]
[Progress:======>                       20%] [Cov:===========================>       79%]
[Progress:======>                       20%] [Cov:============================>      80%]
[Progress:======>                       20%] [Cov:============================>      81%]
[Progress:======>                       23%] [Cov:============================>      80%]
[Progress:======>                       23%] [Cov:============================>      81%]
[Progress:======>                       23%] [Cov:============================>      81%]BPSO iteration=3 bestFitness=51.25 population=30 inertia=0.72

[Progress:=======>                      26%] [Cov:============================>      81%]
[Progress:=======>                      26%] [Cov:============================>      81%]BPSO iteration=4 bestFitness=51.25 population=30 inertia=0.72

[Progress:=======>                      26%] [Cov:============================>      82%]
[Progress:=========>                    30%] [Cov:============================>      82%]
[Progress:=========>                    30%] [Cov:============================>      82%]BPSO iteration=5 bestFitness=47.5 population=30 inertia=0.72

[Progress:=========>                    30%] [Cov:============================>      82%]
[Progress:=========>                    33%] [Cov:============================>      82%][MASTER] 05:44:38.002 [logback-1] WARN  TestCluster - Failed to check cache for java.util.function.Function<T, R> : Type points to itself

[Progress:=========>                    33%] [Cov:=============================>     83%]
[Progress:=========>                    33%] [Cov:=============================>     83%]
[Progress:==========>                   36%] [Cov:=============================>     83%]
[Progress:==========>                   36%] [Cov:=============================>     84%]
[Progress:==========>                   36%] [Cov:=============================>     84%]
[Progress:============>                 40%] [Cov:=============================>     84%]
[Progress:============>                 40%] [Cov:=============================>     84%]
[Progress:============>                 43%] [Cov:=============================>     84%]
[Progress:============>                 43%] [Cov:=============================>     85%]
[Progress:============>                 43%] [Cov:=============================>     85%]
[Progress:=============>                46%] [Cov:=============================>     84%]
[Progress:=============>                46%] [Cov:=============================>     85%]
[Progress:===============>              50%] [Cov:=============================>     84%]
[Progress:===============>              50%] [Cov:=============================>     85%]
[Progress:===============>              50%] [Cov:=============================>     85%]
[Progress:===============>              50%] [Cov:==============================>    86%]
[Progress:===============>              50%] [Cov:==============================>    87%]
[Progress:===============>              50%] [Cov:==============================>    87%]
[Progress:===============>              53%] [Cov:==============================>    87%]
[Progress:===============>              53%] [Cov:==============================>    87%]
[Progress:================>             56%] [Cov:==============================>    87%]
[Progress:================>             56%] [Cov:==============================>    87%]
[Progress:==================>           60%] [Cov:==============================>    87%]
[Progress:==================>           60%] [Cov:==============================>    87%]
[Progress:==================>           60%] [Cov:==============================>    88%]
[Progress:==================>           63%] [Cov:==============================>    88%]
[Progress:==================>           63%] [Cov:==============================>    88%]
[Progress:===================>          66%] [Cov:==============================>    87%]
[Progress:===================>          66%] [Cov:==============================>    88%]
[Progress:===================>          66%] [Cov:==============================>    88%]
[Progress:===================>          66%] [Cov:==============================>    88%]
[Progress:=====================>        70%] [Cov:==============================>    88%]
[Progress:=====================>        70%] [Cov:==============================>    88%]
[Progress:=====================>        73%] [Cov:==============================>    87%]
[Progress:=====================>        73%] [Cov:==============================>    88%]
[Progress:=====================>        73%] [Cov:==============================>    88%]BPSO iteration=20 bestFitness=30.0 population=30 inertia=0.72

[Progress:=====================>        73%] [Cov:==============================>    88%]
[Progress:======================>       76%] [Cov:==============================>    88%]
[Progress:======================>       76%] [Cov:==============================>    88%]
[Progress:========================>     80%] [Cov:==============================>    87%]
[Progress:========================>     80%] [Cov:==============================>    88%]
[Progress:========================>     80%] [Cov:==============================>    88%]
[Progress:========================>     80%] [Cov:==============================>    88%]
[Progress:========================>     83%] [Cov:==============================>    88%]
[Progress:========================>     83%] [Cov:==============================>    88%]
[Progress:========================>     83%] [Cov:==============================>    88%]
[Progress:=========================>    86%] [Cov:==============================>    88%]
[Progress:=========================>    86%] [Cov:===============================>   89%]
[Progress:=========================>    86%] [Cov:==============================>    88%]
[Progress:=========================>    86%] [Cov:===============================>   89%]
[Progress:=========================>    86%] [Cov:===============================>   89%]
[Progress:===========================>  90%] [Cov:===============================>   89%]
[Progress:===========================>  90%] [Cov:===============================>   89%]
[Progress:===========================>  90%] [Cov:===============================>   89%]
[Progress:===========================>  93%] [Cov:=====================>             62%]
[Progress:===========================>  93%] [Cov:=======================>           67%]
[Progress:===========================>  93%] [Cov:===============================>   89%]
[Progress:===========================>  93%] [Cov:===============================>   89%]
[Progress:===========================>  93%] [Cov:===============================>   89%]
[Progress:============================> 96%] [Cov:===============================>   89%]
[Progress:============================> 96%] [Cov:===============================>   89%]
[Progress:============================> 96%] [Cov:===============================>   90%]
[Progress:==============================100%] [Cov:===============================>   90%]
[Progress:==============================100%] [Cov:===============================>   90%]
[Progress:==============================100%] [Cov:===============================>   90%]
[Progress:==============================100%] [Cov:===============================>   90%]
[Progress:==============================100%] [Cov:===============================>   91%]
* Search finished after 32s and 35 generations, 49800 statements, best individual has fitness: 21.11111111111111
* Minimizing test suite
* Going to analyze the coverage criteria
* Coverage analysis for criterion LINE
* Coverage of criterion LINE: 97%
* Total number of goals: 37
* Number of covered goals: 36
* Coverage analysis for criterion BRANCH
* Coverage of criterion BRANCH: 97%
* Total number of goals: 36
* Number of covered goals: 35
* Coverage analysis for criterion EXCEPTION
* Coverage of criterion EXCEPTION: 100%
* Total number of goals: 8
* Number of covered goals: 8
* Coverage analysis for criterion WEAKMUTATION
* Coverage of criterion WEAKMUTATION: 98%
* Total number of goals: 60
* Number of covered goals: 59
* Coverage analysis for criterion OUTPUT
* Coverage of criterion OUTPUT: 73%
* Total number of goals: 44
* Number of covered goals: 32
* Coverage analysis for criterion METHOD
* Coverage of criterion METHOD: 93%
* Total number of goals: 15
* Number of covered goals: 14
* Coverage analysis for criterion CBRANCH
* Coverage of criterion CBRANCH: 97%
* Total number of goals: 36
* Number of covered goals: 35
* Generated 42 tests with total length 194
* Resulting test suite's coverage: 91% (average coverage for all fitness functions)
* Generating assertions
* Resulting test suite's mutation score: 60%
* Property NO_RUNTIME_DEPENDENCY is set to true - skipping JUnit compile check
* WARNING: Not including the runtime dependencies is likely to lead to flaky tests!
* Writing tests to file
* Writing JUnit test case 'CSVRecord_ESTest' to /home/acer/SQA/all-in-one-results/Csv/BPSO_db7ac586/round1/Csv-9/generation/org_apache_commons_csv_CSVRecord/evosuite-tests
* Done!

* Computation finished
