Project=Lang
Bug=21
Algorithm=BPSO
TargetClass=org.apache.commons.lang3.time.DateUtils
TargetMethod=isSameLocalTime
TriggerTest=org.apache.commons.lang3.time.DateUtilsTest::testIsSameLocalTime_Cal
ModifiedSource=org.apache.commons.lang3.time.DateUtils
FixedRevision=3e5d5dc9c0a5047152eedb802bc008ce78b8de0c
CandidatePool=24
SuiteSize=12
Iterations=5000
Seed=20260923
Generator=GenericCandidateProvider
TriggerInputsCopied=false
TemporaryGeneratorWorkspace=/tmp/sqa_lang_generator_21_BPSO_E81WpP
GeneratedClass=Lang21GeneratedTestBPSO

============================================================
GENERATION SUCCESS
============================================================
Status : GENERATED
File   : /Users/fangfang/Documents/SQA_Project_2026/automation/runs/Lang/Bug-21/BPSO/generated_test.java
Class  : Lang21GeneratedTestBPSO
Method : isSameLocalTime
============================================================

RETURN_CODE=0
END=Fri Oct  2 08:06:16 PDT 2026
GENERATION SUCCESS
