Project=Lang
Bug=20
Algorithm=BPSO
TargetClass=org.apache.commons.lang3.StringUtils
TargetMethod=join
TriggerTest=Running ant (export.tests.trigger)......................................... OK
org.apache.commons.lang3.StringUtilsTest::testJoin_ArrayChar
org.apache.commons.lang3.StringUtilsTest::testJoin_Objectarray
ModifiedSource=org.apache.commons.lang3.StringUtils
FixedRevision=a80f11cf9d02d2517c7f230f24949cbebaafc0c2
CandidatePool=24
SuiteSize=12
Iterations=5000
Seed=20260923
Generator=GenericCandidateProvider
TriggerInputsCopied=false
TemporaryGeneratorWorkspace=/tmp/sqa_lang_generator_20_BPSO_bZbsG8
GeneratedClass=Lang20GeneratedTestBPSO

============================================================
GENERATION SUCCESS
============================================================
Status : GENERATED
File   : /Users/fangfang/Documents/SQA_Project_2026/automation/runs/Lang/Bug-20/BPSO/generated_test.java
Class  : Lang20GeneratedTestBPSO
Method : join
============================================================

RETURN_CODE=0
END=Fri Oct  2 08:04:46 PDT 2026
GENERATION SUCCESS
