Project=Lang
Bug=51
Algorithm=SA
TargetClass=org.apache.commons.lang.BooleanUtils
TargetMethod=toBoolean
TriggerTest=org.apache.commons.lang.BooleanUtilsTest::test_toBoolean_String
ModifiedSource=org.apache.commons.lang.BooleanUtils
FixedRevision=796b898281af571a510d96487dcd95699ac1e435
CandidatePool=24
SuiteSize=12
Iterations=5000
Seed=20260923
Generator=GenericCandidateProvider
TriggerInputsCopied=false
TemporaryGeneratorWorkspace=/tmp/sqa_lang_generator_51_SA_iyCASu
GeneratedClass=Lang51GeneratedTestSA

============================================================
GENERATION SUCCESS
============================================================
Status : GENERATED
File   : /Users/fangfang/Documents/SQA_Project_2026/automation/runs/Lang/Bug-51/SA/generated_test.java
Class  : Lang51GeneratedTestSA
Method : toBoolean
============================================================

RETURN_CODE=0
END=Sat Oct  3 00:18:49 +07 2026
GENERATION SUCCESS
