Project=Lang
Bug=61
Algorithm=SA
TargetClass=org.apache.commons.lang.text.StrBuilder
TargetMethod=indexOf
TriggerTest=Running ant (export.tests.trigger)......................................... OK
org.apache.commons.lang.text.StrBuilderTest::testIndexOfLang294
org.apache.commons.lang.text.StrBuilderTest::testLang294
ModifiedSource=org.apache.commons.lang.text.StrBuilder
FixedRevision=8e52e2169b20f7bc3c6c520d4f0c98e5bf06b076
CandidatePool=24
SuiteSize=12
Iterations=5000
Seed=20260923
Generator=GenericCandidateProvider
TriggerInputsCopied=false
TemporaryGeneratorWorkspace=/tmp/sqa_lang_generator_61_SA_QuVsZo
GeneratedClass=Lang61GeneratedTestSA

============================================================
GENERATION SUCCESS
============================================================
Status : GENERATED
File   : /Users/fangfang/Documents/SQA_Project_2026/automation/runs/Lang/Bug-61/SA/generated_test.java
Class  : Lang61GeneratedTestSA
Method : indexOf
============================================================

RETURN_CODE=0
END=Sat Oct  3 00:23:45 +07 2026
GENERATION SUCCESS
