{
  "project": "Lang",
  "bug_id": "26",
  "method": "BPSO",
  "generated_test": "/Users/fangfang/Documents/SQA_Project_2026/automation/runs/Lang/Bug-26/BPSO/generated_test.java",
  "destination": "org/apache/commons/lang3/time/Lang26GeneratedTestBPSO.java",
  "status": "DONE",
  "statistics": {
    "total_tests": 12,
    "evaluated_tests": 12,
    "detected_tests": 0,
    "fdr_percent": 0.0,
    "buggy_pass": 0,
    "buggy_fail": 12,
    "buggy_error": 0,
    "fixed_pass": 0,
    "fixed_fail": 12,
    "fixed_error": 0
  },
  "coverage": {
    "buggy": {
      "workspace": "/Users/fangfang/Documents/SQA_Project_2026/workspaces/d4j_suite_eval_k4ix8tvo/buggy",
      "generated_test": "/Users/fangfang/Documents/SQA_Project_2026/automation/runs/Lang/Bug-26/BPSO/generated_test.java",
      "destination": "org/apache/commons/lang3/time/Lang26GeneratedTestBPSO.java",
      "archive": "/Users/fangfang/Documents/SQA_Project_2026/automation/runs/d4j_cov_suite_ydofb0z1/Lang-26b-generated.1.tar.bz2",
      "command_return_code": 0,
      "coverage_time_seconds": 5.427123750000001,
      "status": "PASS",
      "metrics": {
        "LinesTotal": 465,
        "LinesCovered": 5,
        "ConditionsTotal": 228,
        "ConditionsCovered": 0,
        "line_coverage": 1.0752688172043012,
        "branch_coverage": 0.0
      },
      "total_time_seconds": 5.427123750000001
    },
    "fixed": {
      "workspace": "/Users/fangfang/Documents/SQA_Project_2026/workspaces/d4j_suite_eval_k4ix8tvo/fixed",
      "generated_test": "/Users/fangfang/Documents/SQA_Project_2026/automation/runs/Lang/Bug-26/BPSO/generated_test.java",
      "destination": "org/apache/commons/lang3/time/Lang26GeneratedTestBPSO.java",
      "archive": "/Users/fangfang/Documents/SQA_Project_2026/automation/runs/d4j_cov_suite_ax5sa03l/Lang-26f-generated.1.tar.bz2",
      "command_return_code": 0,
      "coverage_time_seconds": 5.369998375000001,
      "status": "PASS",
      "metrics": {
        "LinesTotal": 465,
        "LinesCovered": 5,
        "ConditionsTotal": 228,
        "ConditionsCovered": 0,
        "line_coverage": 1.0752688172043012,
        "branch_coverage": 0.0
      },
      "total_time_seconds": 5.369998375000001
    }
  },
  "timing": {
    "generation_seconds": 12.165329,
    "suite_runner_seconds": 32.038977209,
    "compile_buggy_seconds": 5.436066707999999,
    "compile_fixed_seconds": 5.141639417,
    "execution_buggy_seconds": 10.758391748999998,
    "execution_fixed_seconds": 10.126332832999994,
    "coverage_buggy_seconds": 5.427123750000001,
    "coverage_fixed_seconds": 5.369998375000001,
    "total_time_seconds": 42.982343958
  },
  "evaluation_workspaces": {
    "buggy": "/Users/fangfang/Documents/SQA_Project_2026/workspaces/d4j_suite_eval_k4ix8tvo/buggy",
    "fixed": "/Users/fangfang/Documents/SQA_Project_2026/workspaces/d4j_suite_eval_k4ix8tvo/fixed"
  }
}
