* EvoSuite 1.2.0
* Going to generate test cases for class: org.apache.commons.cli2.option.ArgumentImpl
* Starting Client-0
* Connecting to master process on port 18826
* Analyzing classpath: 
  - /home/acer/SQA/cli-work/Cli/BPSO_db7ac586/round1/13f/target/classes
  - /home/acer/SQA/cli-work/Cli/BPSO_db7ac586/round1/13f/target/lib/commons-lang/jars/commons-lang-2.1.jar
  - /home/acer/SQA/cli-work/Cli/BPSO_db7ac586/round1/13f/target/lib/jdepend/jars/jdepend-2.5.jar
  - /home/acer/SQA/cli-work/Cli/BPSO_db7ac586/round1/13f/target/test-classes
  - /home/acer/defects4j/framework/projects/Cli/lib/org/hamcrest/hamcrest-core/1.3/hamcrest-core-1.3.jar
[MASTER] 22:41:01.901 [logback-1] WARN  InheritanceTree - Class not in inheritance graph: java.util.Locale$IsoCountryCode
* Finished analyzing classpath
* Generating tests for class org.apache.commons.cli2.option.ArgumentImpl
* Test criteria:
  - Line Coverage
  - Branch Coverage
  - Exception
  - Mutation testing (weak)
  - Method-Output Coverage
  - Top-Level Method Coverage
  - Context Branch Coverage
* Setting up search algorithm for whole suite generation
* Total number of test goals: 
  - Line 116
  - Branch 101
  - Exception 0
  - MutationFactory 294
  - Output 54
  - Method 23
  - CBranchFitnessFactory 101
* Using seed 20260930
* Starting evolution

[Progress:>                             0%] [Cov:>                                  0%][MASTER] 22:41:04.467 [logback-1] WARN  TestCluster - Failed to check cache for java.util.ListIterator<E> : Type points to itself
[MASTER] 22:41:04.477 [logback-1] WARN  TestCluster - Failed to check cache for java.util.Comparator<T> : Type points to itself

[Progress:>                             3%] [Cov:=>                                 4%]
[Progress:>                             3%] [Cov:==>                                7%]
[Progress:>                             3%] [Cov:=======>                           22%]
[Progress:>                             3%] [Cov:========>                          25%]
[Progress:>                             3%] [Cov:=========>                         27%]
[Progress:=>                            6%] [Cov:===========>                       32%]
[Progress:=>                            6%] [Cov:============>                      35%]
[Progress:=>                            6%] [Cov:============>                      37%]
[Progress:=>                            6%] [Cov:===============>                   43%]
[Progress:=>                            6%] [Cov:================>                  47%]
[Progress:===>                          10%] [Cov:=>                                 3%]
[Progress:===>                          10%] [Cov:==>                                6%]
[Progress:===>                          10%] [Cov:=======>                           20%]
[Progress:===>                          10%] [Cov:========>                          23%]
[Progress:===>                          10%] [Cov:========>                          25%]
[Progress:===>                          10%] [Cov:=========>                         27%]
[Progress:===>                          10%] [Cov:============>                      36%]
[Progress:===>                          10%] [Cov:=============>                     38%]
[Progress:===>                          10%] [Cov:==============>                    41%]
[Progress:===>                          13%] [Cov:==>                                6%]
[Progress:===>                          13%] [Cov:====>                              12%]
[Progress:===>                          13%] [Cov:=========>                         27%]
[Progress:===>                          13%] [Cov:============>                      35%]
[Progress:===>                          13%] [Cov:============>                      36%]
[Progress:===>                          13%] [Cov:==============>                    41%]
[Progress:===>                          13%] [Cov:===============>                   44%]
[Progress:====>                         16%] [Cov:===========>                       34%]
[Progress:====>                         16%] [Cov:============>                      35%]
[Progress:====>                         16%] [Cov:=============>                     38%]
[Progress:====>                         16%] [Cov:==============>                    40%]
[Progress:====>                         16%] [Cov:================>                  47%]
[Progress:====>                         16%] [Cov:================>                  48%]
[Progress:======>                       20%] [Cov:================>                  46%]
[Progress:======>                       20%] [Cov:======================>            63%][MASTER] 22:41:09.513 [logback-1] WARN  TestCluster - Failed to check cache for java.util.List<E> : Type points to itself

[Progress:======>                       23%] [Cov:================>                  47%]
[Progress:======>                       23%] [Cov:================>                  48%]
[Progress:======>                       23%] [Cov:==================>                54%]
[Progress:======>                       23%] [Cov:===================>               55%]
[Progress:======>                       23%] [Cov:===================>               56%]
[Progress:======>                       23%] [Cov:===================>               56%]BPSO iteration=1 bestFitness=360.47876822557726 population=30 inertia=0.72

[Progress:=======>                      26%] [Cov:==============>                    42%]
[Progress:=======>                      26%] [Cov:=====================>             61%]
[Progress:=========>                    30%] [Cov:====================>              59%]
[Progress:=========>                    30%] [Cov:=====================>             60%]
[Progress:=========>                    30%] [Cov:=====================>             61%]
[Progress:=========>                    33%] [Cov:=====================>             60%]
[Progress:=========>                    33%] [Cov:=====================>             60%]BPSO iteration=2 bestFitness=319.47674417579697 population=30 inertia=0.72

[Progress:==========>                   36%] [Cov:============>                      35%]
[Progress:==========>                   36%] [Cov:=====================>             60%]
[Progress:==========>                   36%] [Cov:=====================>             61%]
[Progress:==========>                   36%] [Cov:======================>            63%]
[Progress:============>                 40%] [Cov:======>                            19%]
[Progress:============>                 40%] [Cov:=====================>             62%]
[Progress:============>                 40%] [Cov:======================>            63%]
[Progress:============>                 40%] [Cov:======================>            64%]
[Progress:============>                 43%] [Cov:===================>               56%]
[Progress:============>                 43%] [Cov:======================>            64%]
[Progress:============>                 43%] [Cov:======================>            65%]
[Progress:============>                 43%] [Cov:======================>            65%]BPSO iteration=3 bestFitness=291.97499998881915 population=30 inertia=0.72

[Progress:============>                 43%] [Cov:=======================>           66%]
[Progress:=============>                46%] [Cov:===================>               55%]
[Progress:=============>                46%] [Cov:=======================>           66%]
[Progress:=============>                46%] [Cov:=======================>           67%]
[Progress:===============>              50%] [Cov:==============>                    40%]
[Progress:===============>              50%] [Cov:====================>              58%]
[Progress:===============>              50%] [Cov:=======================>           67%]
[Progress:===============>              53%] [Cov:=======================>           66%]
[Progress:===============>              53%] [Cov:=======================>           67%]
[Progress:================>             56%] [Cov:=======================>           67%]
[Progress:================>             56%] [Cov:=======================>           67%]BPSO iteration=4 bestFitness=282.97435896317813 population=30 inertia=0.72

[Progress:==================>           60%] [Cov:=======================>           66%]
[Progress:==================>           60%] [Cov:=======================>           67%]
[Progress:==================>           63%] [Cov:=======================>           67%]
[Progress:===================>          66%] [Cov:=======================>           67%]
[Progress:===================>          66%] [Cov:=======================>           68%]
[Progress:===================>          66%] [Cov:=======================>           68%]BPSO iteration=5 bestFitness=276.97435874783594 population=30 inertia=0.72

[Progress:=====================>        70%] [Cov:======>                            19%]
[Progress:=====================>        70%] [Cov:===============>                   44%]
[Progress:=====================>        70%] [Cov:=======================>           68%]
[Progress:=====================>        70%] [Cov:========================>          69%]
[Progress:=====================>        73%] [Cov:=======================>           67%]
[Progress:=====================>        73%] [Cov:========================>          69%]
[Progress:=====================>        73%] [Cov:========================>          70%]
[Progress:======================>       76%] [Cov:========================>          70%]
[Progress:========================>     80%] [Cov:========================>          70%]
[Progress:========================>     80%] [Cov:========================>          71%]
[Progress:========================>     83%] [Cov:========================>          71%]
[Progress:========================>     83%] [Cov:========================>          71%]
[Progress:=========================>    86%] [Cov:========>                          24%]
[Progress:=========================>    86%] [Cov:================>                  46%]
[Progress:=========================>    86%] [Cov:========================>          71%]
[Progress:=========================>    86%] [Cov:=========================>         72%]
[Progress:===========================>  90%] [Cov:=========================>         72%]
[Progress:===========================>  93%] [Cov:=========================>         72%]
[Progress:============================> 96%] [Cov:========================>          71%]
[Progress:============================> 96%] [Cov:=========================>         72%]
[Progress:============================> 96%] [Cov:=========================>         72%]
[Progress:==============================100%] [Cov:=========================>         72%]
[Progress:==============================100%] [Cov:=========================>         72%]
[Progress:==============================100%] [Cov:=========================>         73%]
[Progress:==============================100%] [Cov:=========================>         73%]
[Progress:==============================100%] [Cov:=========================>         73%]
[Progress:==============================100%] [Cov:=========================>         74%]
[Progress:==============================100%] [Cov:=========================>         73%]
[Progress:==============================100%] [Cov:===========================>       78%]
* Search finished after 34s and 8 generations, 11944 statements, best individual has fitness: 190.03333311193256
[MASTER] 22:41:37.115 [logback-1] WARN  TimeController - Phase SEARCH lasted too long, 4 seconds more than allowed.
* Minimizing test suite
* Going to analyze the coverage criteria
* Coverage analysis for criterion LINE
* Coverage of criterion LINE: 75%
* Total number of goals: 116
* Number of covered goals: 87
* Coverage analysis for criterion BRANCH
* Coverage of criterion BRANCH: 81%
* Total number of goals: 101
* Number of covered goals: 82
* Coverage analysis for criterion EXCEPTION
* Coverage of criterion EXCEPTION: 100%
* Total number of goals: 14
* Number of covered goals: 14
* Coverage analysis for criterion WEAKMUTATION
* Coverage of criterion WEAKMUTATION: 76%
* Total number of goals: 294
* Number of covered goals: 223
* Coverage analysis for criterion OUTPUT
* Coverage of criterion OUTPUT: 56%
* Total number of goals: 54
* Number of covered goals: 30
* Coverage analysis for criterion METHOD
* Coverage of criterion METHOD: 100%
* Total number of goals: 23
* Number of covered goals: 23
* Coverage analysis for criterion CBRANCH
* Coverage of criterion CBRANCH: 79%
* Total number of goals: 101
* Number of covered goals: 80
* Generated 58 tests with total length 310
* Resulting test suite's coverage: 79% (average coverage for all fitness functions)
* Generating assertions
* Resulting test suite's mutation score: 53%
* Property NO_RUNTIME_DEPENDENCY is set to true - skipping JUnit compile check
* WARNING: Not including the runtime dependencies is likely to lead to flaky tests!
* Writing tests to file
* Writing JUnit test case 'ArgumentImpl_ESTest' to /home/acer/SQA/all-in-one-results/Cli/BPSO_db7ac586/round1/Cli-13/generation/org_apache_commons_cli2_option_ArgumentImpl/evosuite-tests
* Done!

* Computation finished
