Project=Lang
Bug=56
Algorithm=SA
TargetClass=org.apache.commons.lang.time.FastDateFormat
TargetMethod=toString
TriggerTest=org.apache.commons.lang.time.FastDateFormatTest::testLang303
ModifiedSource=org.apache.commons.lang.time.FastDateFormat
FixedRevision=e9e167f9ebc7a73c5847745688ae127ecff6e2b1
CandidatePool=24
SuiteSize=12
Iterations=5000
Seed=20260923
Generator=GenericCandidateProvider
TriggerInputsCopied=false
TemporaryGeneratorWorkspace=/tmp/sqa_lang_generator_56_SA_4Eex0E
GeneratedClass=Lang56GeneratedTestSA

============================================================
GENERATION SUCCESS
============================================================
Status : GENERATED
File   : /Users/fangfang/Documents/SQA_Project_2026/automation/runs/Lang/Bug-56/SA/generated_test.java
Class  : Lang56GeneratedTestSA
Method : toString
============================================================

RETURN_CODE=0
END=Sat Oct  3 00:21:20 +07 2026
GENERATION SUCCESS
