Project=Lang
Bug=27
Algorithm=SA
TargetClass=org.apache.commons.lang3.math.NumberUtils
TargetMethod=createNumber
TriggerTest=org.apache.commons.lang3.math.NumberUtilsTest::testCreateNumber
ModifiedSource=org.apache.commons.lang3.math.NumberUtils
FixedRevision=50c1fdecb4ed33ec1bb0d449f294c299d5369701
CandidatePool=24
SuiteSize=12
Iterations=5000
Seed=20260923
Generator=GenericCandidateProvider
TriggerInputsCopied=false
TemporaryGeneratorWorkspace=/tmp/sqa_lang_generator_27_SA_407efk
GeneratedClass=Lang27GeneratedTestSA

============================================================
GENERATION SUCCESS
============================================================
Status : GENERATED
File   : /Users/fangfang/Documents/SQA_Project_2026/automation/runs/Lang/Bug-27/SA/generated_test.java
Class  : Lang27GeneratedTestSA
Method : createNumber
============================================================

RETURN_CODE=0
END=Fri Oct  2 08:14:35 PDT 2026
GENERATION SUCCESS
