{
  "generated_test": "/Users/fangfang/Documents/SQA_Project_2026/automation/runs/Lang/Bug-27/SA/generated_test.java",
  "destination": "org/apache/commons/lang3/math/Lang27GeneratedTestSA.java",
  "test_class": "org.apache.commons.lang3.math.Lang27GeneratedTestSA",
  "test_methods": [
    "org.apache.commons.lang3.math.Lang27GeneratedTestSA__Isolated_1_test01_null_boundary::test01_null_boundary",
    "org.apache.commons.lang3.math.Lang27GeneratedTestSA__Isolated_2_test02_empty_boundary::test02_empty_boundary",
    "org.apache.commons.lang3.math.Lang27GeneratedTestSA__Isolated_3_test03_positive_boundary::test03_positive_boundary",
    "org.apache.commons.lang3.math.Lang27GeneratedTestSA__Isolated_4_test04_max_boundary::test04_max_boundary",
    "org.apache.commons.lang3.math.Lang27GeneratedTestSA__Isolated_5_test05_fraction_negative::test05_fraction_negative",
    "org.apache.commons.lang3.math.Lang27GeneratedTestSA__Isolated_6_test06_fraction_positive::test06_fraction_positive",
    "org.apache.commons.lang3.math.Lang27GeneratedTestSA__Isolated_7_test07_boolean_true::test07_boolean_true",
    "org.apache.commons.lang3.math.Lang27GeneratedTestSA__Isolated_8_test08_long_zero::test08_long_zero",
    "org.apache.commons.lang3.math.Lang27GeneratedTestSA__Isolated_9_test09_empty_array::test09_empty_array",
    "org.apache.commons.lang3.math.Lang27GeneratedTestSA__Isolated_10_test10_object_null::test10_object_null",
    "org.apache.commons.lang3.math.Lang27GeneratedTestSA__Isolated_11_test11_object_boundary::test11_object_boundary",
    "org.apache.commons.lang3.math.Lang27GeneratedTestSA__Isolated_12_test12_mixed_boundary::test12_mixed_boundary"
  ],
  "test_count": 12,
  "buggy_compile": {
    "status": "PASS",
    "return_code": 0,
    "time_seconds": 5.097344542
  },
  "fixed_compile": {
    "status": "PASS",
    "return_code": 0,
    "time_seconds": 4.009294625
  },
  "statistics": {
    "total_tests": 12,
    "evaluated_tests": 12,
    "detected_tests": 0,
    "fdr_percent": 0.0,
    "buggy_pass": 5,
    "buggy_fail": 7,
    "buggy_error": 0,
    "fixed_pass": 5,
    "fixed_fail": 7,
    "fixed_error": 0
  },
  "tests": [
    {
      "selector": "org.apache.commons.lang3.math.Lang27GeneratedTestSA__Isolated_1_test01_null_boundary::test01_null_boundary",
      "target_method": "org.apache.commons.lang3.math.Lang27GeneratedTestSA::test01_null_boundary",
      "isolated_class": "org.apache.commons.lang3.math.Lang27GeneratedTestSA__Isolated_1_test01_null_boundary",
      "buggy": {
        "status": "PASS",
        "return_code": 0,
        "time_seconds": 0.8616608750000001,
        "output": "Running ant (compile.tests)................................................ OK\nRunning ant (run.dev.tests)................................................ OK\nFailing tests: 0\n"
      },
      "fixed": {
        "status": "PASS",
        "return_code": 0,
        "time_seconds": 0.8607698750000008,
        "output": "Running ant (compile.tests)................................................ OK\nRunning ant (run.dev.tests)................................................ OK\nFailing tests: 0\n"
      },
      "evaluated": true,
      "detected": false
    },
    {
      "selector": "org.apache.commons.lang3.math.Lang27GeneratedTestSA__Isolated_2_test02_empty_boundary::test02_empty_boundary",
      "target_method": "org.apache.commons.lang3.math.Lang27GeneratedTestSA::test02_empty_boundary",
      "isolated_class": "org.apache.commons.lang3.math.Lang27GeneratedTestSA__Isolated_2_test02_empty_boundary",
      "buggy": {
        "status": "FAIL",
        "return_code": 0,
        "time_seconds": 0.8549000000000007,
        "output": "Running ant (compile.tests)................................................ OK\nRunning ant (run.dev.tests)................................................ OK\nFailing tests: 1\n  - org.apache.commons.lang3.math.Lang27GeneratedTestSA__Isolated_2_test02_empty_boundary::test02_empty_boundary\n"
      },
      "fixed": {
        "status": "FAIL",
        "return_code": 0,
        "time_seconds": 0.9471558330000001,
        "output": "Running ant (compile.tests)................................................ OK\nRunning ant (run.dev.tests)................................................ OK\nFailing tests: 1\n  - org.apache.commons.lang3.math.Lang27GeneratedTestSA__Isolated_2_test02_empty_boundary::test02_empty_boundary\n"
      },
      "evaluated": true,
      "detected": false
    },
    {
      "selector": "org.apache.commons.lang3.math.Lang27GeneratedTestSA__Isolated_3_test03_positive_boundary::test03_positive_boundary",
      "target_method": "org.apache.commons.lang3.math.Lang27GeneratedTestSA::test03_positive_boundary",
      "isolated_class": "org.apache.commons.lang3.math.Lang27GeneratedTestSA__Isolated_3_test03_positive_boundary",
      "buggy": {
        "status": "PASS",
        "return_code": 0,
        "time_seconds": 0.8728961250000005,
        "output": "Running ant (compile.tests)................................................ OK\nRunning ant (run.dev.tests)................................................ OK\nFailing tests: 0\n"
      },
      "fixed": {
        "status": "PASS",
        "return_code": 0,
        "time_seconds": 0.8676152499999983,
        "output": "Running ant (compile.tests)................................................ OK\nRunning ant (run.dev.tests)................................................ OK\nFailing tests: 0\n"
      },
      "evaluated": true,
      "detected": false
    },
    {
      "selector": "org.apache.commons.lang3.math.Lang27GeneratedTestSA__Isolated_4_test04_max_boundary::test04_max_boundary",
      "target_method": "org.apache.commons.lang3.math.Lang27GeneratedTestSA::test04_max_boundary",
      "isolated_class": "org.apache.commons.lang3.math.Lang27GeneratedTestSA__Isolated_4_test04_max_boundary",
      "buggy": {
        "status": "PASS",
        "return_code": 0,
        "time_seconds": 0.8930137909999996,
        "output": "Running ant (compile.tests)................................................ OK\nRunning ant (run.dev.tests)................................................ OK\nFailing tests: 0\n"
      },
      "fixed": {
        "status": "PASS",
        "return_code": 0,
        "time_seconds": 0.9310310829999988,
        "output": "Running ant (compile.tests)................................................ OK\nRunning ant (run.dev.tests)................................................ OK\nFailing tests: 0\n"
      },
      "evaluated": true,
      "detected": false
    },
    {
      "selector": "org.apache.commons.lang3.math.Lang27GeneratedTestSA__Isolated_5_test05_fraction_negative::test05_fraction_negative",
      "target_method": "org.apache.commons.lang3.math.Lang27GeneratedTestSA::test05_fraction_negative",
      "isolated_class": "org.apache.commons.lang3.math.Lang27GeneratedTestSA__Isolated_5_test05_fraction_negative",
      "buggy": {
        "status": "PASS",
        "return_code": 0,
        "time_seconds": 0.9029743749999994,
        "output": "Running ant (compile.tests)................................................ OK\nRunning ant (run.dev.tests)................................................ OK\nFailing tests: 0\n"
      },
      "fixed": {
        "status": "PASS",
        "return_code": 0,
        "time_seconds": 0.8444413340000025,
        "output": "Running ant (compile.tests)................................................ OK\nRunning ant (run.dev.tests)................................................ OK\nFailing tests: 0\n"
      },
      "evaluated": true,
      "detected": false
    },
    {
      "selector": "org.apache.commons.lang3.math.Lang27GeneratedTestSA__Isolated_6_test06_fraction_positive::test06_fraction_positive",
      "target_method": "org.apache.commons.lang3.math.Lang27GeneratedTestSA::test06_fraction_positive",
      "isolated_class": "org.apache.commons.lang3.math.Lang27GeneratedTestSA__Isolated_6_test06_fraction_positive",
      "buggy": {
        "status": "PASS",
        "return_code": 0,
        "time_seconds": 0.9766970420000014,
        "output": "Running ant (compile.tests)................................................ OK\nRunning ant (run.dev.tests)................................................ OK\nFailing tests: 0\n"
      },
      "fixed": {
        "status": "PASS",
        "return_code": 0,
        "time_seconds": 1.0030767079999983,
        "output": "Running ant (compile.tests)................................................ OK\nRunning ant (run.dev.tests)................................................ OK\nFailing tests: 0\n"
      },
      "evaluated": true,
      "detected": false
    },
    {
      "selector": "org.apache.commons.lang3.math.Lang27GeneratedTestSA__Isolated_7_test07_boolean_true::test07_boolean_true",
      "target_method": "org.apache.commons.lang3.math.Lang27GeneratedTestSA::test07_boolean_true",
      "isolated_class": "org.apache.commons.lang3.math.Lang27GeneratedTestSA__Isolated_7_test07_boolean_true",
      "buggy": {
        "status": "FAIL",
        "return_code": 0,
        "time_seconds": 0.7955708339999994,
        "output": "Running ant (compile.tests)................................................ OK\nRunning ant (run.dev.tests)................................................ OK\nFailing tests: 1\n  - org.apache.commons.lang3.math.Lang27GeneratedTestSA__Isolated_7_test07_boolean_true::test07_boolean_true\n"
      },
      "fixed": {
        "status": "FAIL",
        "return_code": 0,
        "time_seconds": 0.76903875,
        "output": "Running ant (compile.tests)................................................ OK\nRunning ant (run.dev.tests)................................................ OK\nFailing tests: 1\n  - org.apache.commons.lang3.math.Lang27GeneratedTestSA__Isolated_7_test07_boolean_true::test07_boolean_true\n"
      },
      "evaluated": true,
      "detected": false
    },
    {
      "selector": "org.apache.commons.lang3.math.Lang27GeneratedTestSA__Isolated_8_test08_long_zero::test08_long_zero",
      "target_method": "org.apache.commons.lang3.math.Lang27GeneratedTestSA::test08_long_zero",
      "isolated_class": "org.apache.commons.lang3.math.Lang27GeneratedTestSA__Isolated_8_test08_long_zero",
      "buggy": {
        "status": "FAIL",
        "return_code": 0,
        "time_seconds": 0.7988323749999999,
        "output": "Running ant (compile.tests)................................................ OK\nRunning ant (run.dev.tests)................................................ OK\nFailing tests: 1\n  - org.apache.commons.lang3.math.Lang27GeneratedTestSA__Isolated_8_test08_long_zero::test08_long_zero\n"
      },
      "fixed": {
        "status": "FAIL",
        "return_code": 0,
        "time_seconds": 0.781393915999999,
        "output": "Running ant (compile.tests)................................................ OK\nRunning ant (run.dev.tests)................................................ OK\nFailing tests: 1\n  - org.apache.commons.lang3.math.Lang27GeneratedTestSA__Isolated_8_test08_long_zero::test08_long_zero\n"
      },
      "evaluated": true,
      "detected": false
    },
    {
      "selector": "org.apache.commons.lang3.math.Lang27GeneratedTestSA__Isolated_9_test09_empty_array::test09_empty_array",
      "target_method": "org.apache.commons.lang3.math.Lang27GeneratedTestSA::test09_empty_array",
      "isolated_class": "org.apache.commons.lang3.math.Lang27GeneratedTestSA__Isolated_9_test09_empty_array",
      "buggy": {
        "status": "FAIL",
        "return_code": 0,
        "time_seconds": 0.7806727500000008,
        "output": "Running ant (compile.tests)................................................ OK\nRunning ant (run.dev.tests)................................................ OK\nFailing tests: 1\n  - org.apache.commons.lang3.math.Lang27GeneratedTestSA__Isolated_9_test09_empty_array::test09_empty_array\n"
      },
      "fixed": {
        "status": "FAIL",
        "return_code": 0,
        "time_seconds": 0.789176084000001,
        "output": "Running ant (compile.tests)................................................ OK\nRunning ant (run.dev.tests)................................................ OK\nFailing tests: 1\n  - org.apache.commons.lang3.math.Lang27GeneratedTestSA__Isolated_9_test09_empty_array::test09_empty_array\n"
      },
      "evaluated": true,
      "detected": false
    },
    {
      "selector": "org.apache.commons.lang3.math.Lang27GeneratedTestSA__Isolated_10_test10_object_null::test10_object_null",
      "target_method": "org.apache.commons.lang3.math.Lang27GeneratedTestSA::test10_object_null",
      "isolated_class": "org.apache.commons.lang3.math.Lang27GeneratedTestSA__Isolated_10_test10_object_null",
      "buggy": {
        "status": "FAIL",
        "return_code": 0,
        "time_seconds": 0.7737394579999979,
        "output": "Running ant (compile.tests)................................................ OK\nRunning ant (run.dev.tests)................................................ OK\nFailing tests: 1\n  - org.apache.commons.lang3.math.Lang27GeneratedTestSA__Isolated_10_test10_object_null::test10_object_null\n"
      },
      "fixed": {
        "status": "FAIL",
        "return_code": 0,
        "time_seconds": 0.7873337910000018,
        "output": "Running ant (compile.tests)................................................ OK\nRunning ant (run.dev.tests)................................................ OK\nFailing tests: 1\n  - org.apache.commons.lang3.math.Lang27GeneratedTestSA__Isolated_10_test10_object_null::test10_object_null\n"
      },
      "evaluated": true,
      "detected": false
    },
    {
      "selector": "org.apache.commons.lang3.math.Lang27GeneratedTestSA__Isolated_11_test11_object_boundary::test11_object_boundary",
      "target_method": "org.apache.commons.lang3.math.Lang27GeneratedTestSA::test11_object_boundary",
      "isolated_class": "org.apache.commons.lang3.math.Lang27GeneratedTestSA__Isolated_11_test11_object_boundary",
      "buggy": {
        "status": "FAIL",
        "return_code": 0,
        "time_seconds": 0.7823002090000024,
        "output": "Running ant (compile.tests)................................................ OK\nRunning ant (run.dev.tests)................................................ OK\nFailing tests: 1\n  - org.apache.commons.lang3.math.Lang27GeneratedTestSA__Isolated_11_test11_object_boundary::test11_object_boundary\n"
      },
      "fixed": {
        "status": "FAIL",
        "return_code": 0,
        "time_seconds": 0.8072216670000003,
        "output": "Running ant (compile.tests)................................................ OK\nRunning ant (run.dev.tests)................................................ OK\nFailing tests: 1\n  - org.apache.commons.lang3.math.Lang27GeneratedTestSA__Isolated_11_test11_object_boundary::test11_object_boundary\n"
      },
      "evaluated": true,
      "detected": false
    },
    {
      "selector": "org.apache.commons.lang3.math.Lang27GeneratedTestSA__Isolated_12_test12_mixed_boundary::test12_mixed_boundary",
      "target_method": "org.apache.commons.lang3.math.Lang27GeneratedTestSA::test12_mixed_boundary",
      "isolated_class": "org.apache.commons.lang3.math.Lang27GeneratedTestSA__Isolated_12_test12_mixed_boundary",
      "buggy": {
        "status": "FAIL",
        "return_code": 0,
        "time_seconds": 0.8827210829999999,
        "output": "Running ant (compile.tests)................................................ OK\nRunning ant (run.dev.tests)................................................ OK\nFailing tests: 1\n  - org.apache.commons.lang3.math.Lang27GeneratedTestSA__Isolated_12_test12_mixed_boundary::test12_mixed_boundary\n"
      },
      "fixed": {
        "status": "FAIL",
        "return_code": 0,
        "time_seconds": 0.8971772919999985,
        "output": "Running ant (compile.tests)................................................ OK\nRunning ant (run.dev.tests)................................................ OK\nFailing tests: 1\n  - org.apache.commons.lang3.math.Lang27GeneratedTestSA__Isolated_12_test12_mixed_boundary::test12_mixed_boundary\n"
      },
      "evaluated": true,
      "detected": false
    }
  ],
  "evaluation_workspaces": {
    "buggy": "/Users/fangfang/Documents/SQA_Project_2026/workspaces/d4j_suite_eval_frmnyl4b/buggy",
    "fixed": "/Users/fangfang/Documents/SQA_Project_2026/workspaces/d4j_suite_eval_frmnyl4b/fixed"
  },
  "timing": {
    "buggy_compile_seconds": 5.097344542,
    "fixed_compile_seconds": 4.009294625,
    "buggy_execution_seconds": 10.175978917000002,
    "fixed_execution_seconds": 10.285431583,
    "total_seconds": 29.568049667000004
  },
  "status": "PASS"
}
