============================================================
AUTO GENERATION
PROJECT=Lang BUG=38 METHOD=SA
START=Fri Oct  2 08:32:30 PDT 2026
============================================================
============================================================
CORRECTED SA/BPSO GENERATOR
============================================================
Project : Lang
Bug     : 38
Method  : SA
Artifact: /Users/fangfang/Documents/SQA_Project_2026/automation/runs/Lang/Bug-38/SA
============================================================
Modified source : org.apache.commons.lang3.time.FastDateFormat
Trigger test    : org.apache.commons.lang3.time.FastDateFormatTest::testLang538
Fixed revision  : 825481f019e4482e5ea74d5b0b5e5c438535cb68
Target class    : org.apache.commons.lang3.time.FastDateFormat
Package         : org.apache.commons.lang3.time

Temporary generator workspace:
/tmp/sqa_lang_generator_38_SA_1EftOs

============================================================
CHECKOUT BUGGY
============================================================
Checking out 825481f0 to /tmp/sqa_lang_generator_38_SA_1EftOs/buggy........ OK
Init local repository...................................................... OK
Tag post-fix revision...................................................... OK
Apply patch................................................................ OK
Copy generated Ant build file.............................................. OK
Run post-checkout hook..................................................... OK
Excluding broken/flaky tests............................................... OK
Excluding broken/flaky tests............................................... OK
Excluding broken/flaky tests............................................... OK
Backing up build file: /tmp/sqa_lang_generator_38_SA_1EftOs/buggy/maven-bui OK
Initialize fixed program version........................................... OK
Apply patch................................................................ OK
Initialize buggy program version........................................... OK
Diff 825481f0:91ac16e0..................................................... OK
Apply patch................................................................ OK
Tag pre-fix revision....................................................... OK
Check out program version: Lang-38b........................................ OK

============================================================
CHECKOUT FIXED
============================================================
Checking out 825481f0 to /tmp/sqa_lang_generator_38_SA_1EftOs/fixed........ OK
Init local repository...................................................... OK
Tag post-fix revision...................................................... OK
Apply patch................................................................ OK
Copy generated Ant build file.............................................. OK
Run post-checkout hook..................................................... OK
Excluding broken/flaky tests............................................... OK
Excluding broken/flaky tests............................................... OK
Excluding broken/flaky tests............................................... OK
Backing up build file: /tmp/sqa_lang_generator_38_SA_1EftOs/fixed/maven-bui OK
Initialize fixed program version........................................... OK
Apply patch................................................................ OK
Initialize buggy program version........................................... OK
Diff 825481f0:91ac16e0..................................................... OK
Apply patch................................................................ OK
Tag pre-fix revision....................................................... OK
Check out program version: Lang-38f........................................ OK
find: /tmp/sqa_lang_generator_38_SA_1EftOs/buggy/src/main/java: No such file or directory
find: /tmp/sqa_lang_generator_38_SA_1EftOs/fixed/src/main/java: No such file or directory

BUGGY source:

FIXED source:

ERROR: modified production source not found.

RETURN_CODE=3
END=Fri Oct  2 08:32:39 PDT 2026
GENERATION FAILED
