* EvoSuite 1.2.0
* Going to generate test cases for class: org.apache.commons.cli.HelpFormatter
* Starting Client-0
* Connecting to master process on port 18826
* Analyzing classpath: 
  - /home/acer/SQA/cli-work/Cli/BPSO_db7ac586/round1/32f/target/classes
  - /home/acer/defects4j/framework/projects/Cli/lib/junit/junit/3.8.2/junit-3.8.2.jar
  - /home/acer/defects4j/framework/projects/Cli/lib/junit-addons/junit-addons/1.4/junit-addons-1.4.jar
  - /home/acer/SQA/cli-work/Cli/BPSO_db7ac586/round1/32f/target/test-classes
  - /home/acer/defects4j/framework/projects/Cli/lib/org/hamcrest/hamcrest-core/1.3/hamcrest-core-1.3.jar
[MASTER] 23:21:42.472 [logback-1] WARN  InheritanceTree - Class not in inheritance graph: java.util.Locale$IsoCountryCode
* Finished analyzing classpath
* Generating tests for class org.apache.commons.cli.HelpFormatter
* Test criteria:
  - Line Coverage
  - Branch Coverage
  - Exception
  - Mutation testing (weak)
  - Method-Output Coverage
  - Top-Level Method Coverage
  - Context Branch Coverage
* Setting up search algorithm for whole suite generation
* Total number of test goals: 
  - Line 201
  - Branch 149
  - Exception 0
  - MutationFactory 478
  - Output 46
  - Method 40
  - CBranchFitnessFactory 149

[Progress:>                             0%] [Cov:>                                  0%]* Using seed 20260930
* Starting evolution

[Progress:>                             0%] [Cov:==>                                7%]
[Progress:>                             0%] [Cov:===>                               11%]
[Progress:>                             0%] [Cov:========>                          25%]
[Progress:>                             0%] [Cov:===========>                       32%]
[Progress:>                             0%] [Cov:===========>                       33%]
[Progress:>                             0%] [Cov:============>                      36%]
[Progress:>                             0%] [Cov:=============>                     38%][MASTER] 23:21:43.413 [logback-1] WARN  TestCluster - Failed to check cache for java.util.Comparator<T> : Type points to itself

[Progress:>                             3%] [Cov:==>                                6%]
[Progress:>                             3%] [Cov:===>                               11%]
[Progress:>                             3%] [Cov:========>                          25%]
[Progress:>                             3%] [Cov:===========>                       32%]
[Progress:>                             3%] [Cov:===========>                       33%]
[Progress:>                             3%] [Cov:=============>                     38%]
[Progress:>                             3%] [Cov:==============>                    40%]
[Progress:=>                            6%] [Cov:==>                                7%]
[Progress:=>                            6%] [Cov:====>                              13%]
[Progress:=>                            6%] [Cov:=========>                         27%]
[Progress:=>                            6%] [Cov:============>                      37%]
[Progress:=>                            6%] [Cov:=============>                     39%]
[Progress:=>                            6%] [Cov:==============>                    41%]
[Progress:===>                          10%] [Cov:==>                                7%]
[Progress:===>                          10%] [Cov:====>                              12%]
[Progress:===>                          10%] [Cov:=========>                         27%]
[Progress:===>                          13%] [Cov:============>                      37%]
[Progress:===>                          13%] [Cov:=============>                     38%]
[Progress:===>                          13%] [Cov:===============>                   43%]
[Progress:===>                          13%] [Cov:================>                  46%]
[Progress:======>                       20%] [Cov:==>                                6%]
[Progress:======>                       20%] [Cov:===>                               11%]
[Progress:======>                       20%] [Cov:========>                          25%]
[Progress:======>                       20%] [Cov:===========>                       34%]
[Progress:======>                       20%] [Cov:============>                      35%]
[Progress:======>                       20%] [Cov:=============>                     38%]
[Progress:======>                       20%] [Cov:==============>                    40%]
[Progress:======>                       20%] [Cov:===============>                   43%]
[Progress:======>                       20%] [Cov:===============>                   45%]
[Progress:======>                       20%] [Cov:================>                  46%]
[Progress:======>                       23%] [Cov:================>                  46%]
[Progress:======>                       23%] [Cov:================>                  47%]
[Progress:=======>                      26%] [Cov:================>                  47%]
[Progress:=======>                      26%] [Cov:================>                  48%]
[Progress:=========>                    30%] [Cov:=================>                 49%]
[Progress:=========>                    30%] [Cov:=================>                 50%]
[Progress:=========>                    30%] [Cov:=================>                 51%]
[Progress:=========>                    30%] [Cov:==================>                52%]
[Progress:=========>                    30%] [Cov:==================>                53%]
[Progress:=========>                    33%] [Cov:==================>                52%]
[Progress:=========>                    33%] [Cov:==================>                53%]
[Progress:==========>                   36%] [Cov:==================>                53%]
[Progress:============>                 40%] [Cov:==================>                53%]
[Progress:============>                 40%] [Cov:===================>               56%]
[Progress:============>                 40%] [Cov:======================>            65%]
[Progress:============>                 43%] [Cov:==================>                53%]
[Progress:=============>                46%] [Cov:==================>                53%]
[Progress:===============>              50%] [Cov:==================>                53%]
[Progress:===============>              53%] [Cov:==================>                53%]
[Progress:===============>              53%] [Cov:==================>                54%]
[Progress:================>             56%] [Cov:==================>                54%]
[Progress:==================>           60%] [Cov:==================>                54%]
[Progress:==================>           63%] [Cov:==================>                54%]
[Progress:===================>          66%] [Cov:===================>               55%]
[Progress:=====================>        70%] [Cov:===================>               55%]
[Progress:=====================>        70%] [Cov:===================>               55%]BPSO iteration=1 bestFitness=854.3655067959417 population=30 inertia=0.72

[Progress:=====================>        73%] [Cov:===================>               55%]
[Progress:======================>       76%] [Cov:===================>               55%]
[Progress:======================>       76%] [Cov:===================>               56%]
[Progress:======================>       76%] [Cov:===================>               57%]
[Progress:========================>     80%] [Cov:===================>               56%]
[Progress:========================>     83%] [Cov:===================>               57%]
[Progress:=========================>    86%] [Cov:===================>               57%]
[Progress:===========================>  90%] [Cov:===================>               57%]
[Progress:===========================>  93%] [Cov:==================>                52%]
[Progress:===========================>  93%] [Cov:==================>                53%]
[Progress:============================> 96%] [Cov:==================>                53%]
[Progress:============================> 96%] [Cov:===================>               57%]
[Progress:==============================100%] [Cov:===================>               57%]
[Progress:==============================100%] [Cov:====================>              58%]
[Progress:==============================100%] [Cov:====================>              58%]
[Progress:==============================100%] [Cov:====================>              58%]
[Progress:==============================100%] [Cov:==================>                54%]
[Progress:==============================100%] [Cov:===================>               55%]
[Progress:==============================100%] [Cov:====================>              58%]
[Progress:==============================100%] [Cov:====================>              58%]
[Progress:==============================100%] [Cov:====================>              58%]BPSO iteration=2 bestFitness=778.9484174631234 population=30 inertia=0.72

[Progress:==============================100%] [Cov:=========================>         74%]
* Search finished after 37s and 2 generations, 3353 statements, best individual has fitness: 358.1201106539167
[MASTER] 23:22:19.381 [logback-1] WARN  TimeController - Phase SEARCH lasted too long, 6 seconds more than allowed.
* Minimizing test suite
* Going to analyze the coverage criteria
* Coverage analysis for criterion LINE
* Coverage of criterion LINE: 82%
* Total number of goals: 201
* Number of covered goals: 164
* Coverage analysis for criterion BRANCH
* Coverage of criterion BRANCH: 66%
* Total number of goals: 149
* Number of covered goals: 99
* Coverage analysis for criterion EXCEPTION
* Coverage of criterion EXCEPTION: 100%
* Total number of goals: 30
* Number of covered goals: 30
* Coverage analysis for criterion WEAKMUTATION
* Coverage of criterion WEAKMUTATION: 85%
* Total number of goals: 478
* Number of covered goals: 405
* Coverage analysis for criterion OUTPUT
* Coverage of criterion OUTPUT: 48%
* Total number of goals: 46
* Number of covered goals: 22
* Coverage analysis for criterion METHOD
* Coverage of criterion METHOD: 98%
* Total number of goals: 40
* Number of covered goals: 39
* Coverage analysis for criterion CBRANCH
* Coverage of criterion CBRANCH: 64%
* Total number of goals: 149
* Number of covered goals: 95
* Generated 71 tests with total length 200
* Resulting test suite's coverage: 75% (average coverage for all fitness functions)
* Generating assertions
* Resulting test suite's mutation score: 20%
[MASTER] 23:24:22.834 [logback-1] WARN  SimpleMutationAssertionGenerator - Reached maximum time to generate assertions, aborting assertion generation
* Property NO_RUNTIME_DEPENDENCY is set to true - skipping JUnit compile check
* WARNING: Not including the runtime dependencies is likely to lead to flaky tests!
* Writing tests to file
* Writing JUnit test case 'HelpFormatter_ESTest' to /home/acer/SQA/all-in-one-results/Cli/BPSO_db7ac586/round1/Cli-32/generation/org_apache_commons_cli_HelpFormatter/evosuite-tests
* Done!

* Computation finished
