* EvoSuite 1.2.0
* Going to generate test cases for class: org.apache.commons.cli.DefaultParser
* Starting Client-0
* Connecting to master process on port 18828
* Analyzing classpath: 
  - /home/acer/SQA/cli-work/Cli/BPSO_db7ac586/round1/37f/target/classes
  - /home/acer/defects4j/framework/projects/Cli/lib/junit/junit/4.12/junit-4.12.jar
  - /home/acer/defects4j/framework/projects/Cli/lib/org/hamcrest/hamcrest-core/1.3/hamcrest-core-1.3.jar
  - /home/acer/SQA/cli-work/Cli/BPSO_db7ac586/round1/37f/target/test-classes
[MASTER] 23:34:10.441 [logback-1] WARN  InheritanceTree - Class not in inheritance graph: java.io.ObjectInputFilter
[MASTER] 23:34:10.495 [logback-1] WARN  InheritanceTree - Class not in inheritance graph: java.util.Locale$IsoCountryCode
* Finished analyzing classpath
* Generating tests for class org.apache.commons.cli.DefaultParser
* Test criteria:
  - Line Coverage
  - Branch Coverage
  - Exception
  - Mutation testing (weak)
  - Method-Output Coverage
  - Top-Level Method Coverage
  - Context Branch Coverage
* Setting up search algorithm for whole suite generation
* Total number of test goals: 
  - Line 191
  - Branch 173
  - Exception 0
  - MutationFactory 491
  - Output 8
  - Method 6
  - CBranchFitnessFactory 173

[Progress:>                             0%] [Cov:>                                  0%]* Using seed 20260930
* Starting evolution

[Progress:>                             0%] [Cov:=>                                 3%]
[Progress:>                             0%] [Cov:=>                                 5%]
[Progress:>                             0%] [Cov:======>                            19%]
[Progress:>                             0%] [Cov:=======>                           20%]
[Progress:>                             0%] [Cov:==========>                        31%]
[Progress:>                             0%] [Cov:===========>                       33%]
[Progress:>                             3%] [Cov:>                                  2%]
[Progress:>                             3%] [Cov:=>                                 4%]
[Progress:>                             3%] [Cov:======>                            18%]
[Progress:>                             3%] [Cov:=========>                         27%]
[Progress:>                             3%] [Cov:=========>                         28%]
[Progress:>                             3%] [Cov:==========>                        30%]
[Progress:>                             3%] [Cov:==========>                        31%]
[Progress:>                             3%] [Cov:===========>                       33%]
[Progress:=>                            6%] [Cov:=>                                 3%]
[Progress:=>                            6%] [Cov:=>                                 5%]
[Progress:=>                            6%] [Cov:======>                            19%]
[Progress:=>                            6%] [Cov:=======>                           20%]
[Progress:=>                            6%] [Cov:==========>                        31%]
[Progress:=>                            6%] [Cov:===========>                       32%]
[Progress:======>                       23%] [Cov:>                                  2%]
[Progress:======>                       23%] [Cov:=>                                 5%]
[Progress:======>                       23%] [Cov:======>                            19%]
[Progress:======>                       23%] [Cov:=======>                           20%]
[Progress:======>                       23%] [Cov:=========>                         26%]
[Progress:======>                       23%] [Cov:=========>                         27%]
[Progress:======>                       23%] [Cov:=========>                         28%]
[Progress:======>                       23%] [Cov:==========>                        29%]
[Progress:======>                       23%] [Cov:============>                      35%]
[Progress:======>                       23%] [Cov:============>                      36%]
[Progress:======>                       23%] [Cov:============>                      36%]
[Progress:======>                       23%] [Cov:============>                      37%]
[Progress:======>                       23%] [Cov:=============>                     38%]
[Progress:======>                       23%] [Cov:=============>                     39%]
[Progress:======>                       23%] [Cov:==============>                    41%]
[Progress:=======>                      26%] [Cov:============>                      37%]
[Progress:=======>                      26%] [Cov:=============>                     39%]
[Progress:=======>                      26%] [Cov:===============>                   45%]
[Progress:=======>                      26%] [Cov:==============>                    42%]BPSO iteration=1 bestFitness=989.6919996264544 population=30 inertia=0.72

[Progress:=======>                      26%] [Cov:===============>                   44%]
[Progress:=======>                      26%] [Cov:===============>                   45%]
[Progress:=========>                    30%] [Cov:===============>                   45%]
[Progress:=========>                    30%] [Cov:===============>                   45%]BPSO iteration=2 bestFitness=965.5474247898444 population=30 inertia=0.72

[Progress:=========>                    30%] [Cov:================>                  47%]
[Progress:=========>                    30%] [Cov:==================>                53%]
[Progress:=========>                    30%] [Cov:===============>                   45%]BPSO iteration=3 bestFitness=952.9759961240077 population=30 inertia=0.72

[Progress:=========>                    30%] [Cov:================>                  46%]
[Progress:=========>                    33%] [Cov:===============>                   45%]
[Progress:=========>                    33%] [Cov:================>                  47%]
[Progress:=========>                    33%] [Cov:================>                  47%]BPSO iteration=4 bestFitness=950.4759961240077 population=30 inertia=0.72

[Progress:=========>                    33%] [Cov:================>                  48%]
[Progress:==========>                   36%] [Cov:================>                  48%]
[Progress:==========>                   36%] [Cov:================>                  48%]BPSO iteration=5 bestFitness=947.4759961240077 population=30 inertia=0.72

[Progress:==========>                   36%] [Cov:=================>                 49%]
[Progress:==========>                   36%] [Cov:=================>                 50%]
[Progress:============>                 40%] [Cov:================>                  47%]
[Progress:============>                 40%] [Cov:=================>                 50%]
[Progress:============>                 40%] [Cov:================>                  48%]
[Progress:============>                 43%] [Cov:================>                  48%]
[Progress:============>                 43%] [Cov:==================>                52%]
[Progress:============>                 43%] [Cov:================>                  48%]
[Progress:=============>                46%] [Cov:============>                      37%]
[Progress:=============>                46%] [Cov:===============>                   44%]
[Progress:=============>                46%] [Cov:================>                  48%]
[Progress:=============>                46%] [Cov:=================>                 49%]
[Progress:=============>                46%] [Cov:=================>                 50%]
[Progress:===============>              50%] [Cov:=================>                 50%]
[Progress:===============>              53%] [Cov:=================>                 50%]
[Progress:================>             56%] [Cov:=================>                 50%]
[Progress:================>             56%] [Cov:=================>                 50%]
[Progress:================>             56%] [Cov:==================>                52%]
[Progress:==================>           60%] [Cov:==================>                52%]
[Progress:==================>           63%] [Cov:==================>                52%]
[Progress:==================>           63%] [Cov:==================>                52%]
[Progress:===================>          66%] [Cov:=================>                 51%]
[Progress:===================>          66%] [Cov:==================>                52%]
[Progress:===================>          66%] [Cov:==================>                53%]
[Progress:===================>          66%] [Cov:==================>                53%]
[Progress:=====================>        70%] [Cov:==================>                52%]
[Progress:=====================>        70%] [Cov:==================>                53%]
[Progress:=====================>        73%] [Cov:==================>                53%]
[Progress:=====================>        73%] [Cov:==================>                53%]
[Progress:======================>       76%] [Cov:==================>                53%]
[Progress:======================>       76%] [Cov:==================>                53%]
[Progress:========================>     80%] [Cov:==================>                53%]
[Progress:========================>     83%] [Cov:==================>                53%]
[Progress:========================>     83%] [Cov:==================>                53%]
[Progress:========================>     83%] [Cov:==================>                54%]
[Progress:=========================>    86%] [Cov:==================>                54%]
[Progress:=========================>    86%] [Cov:==================>                54%]
[Progress:===========================>  90%] [Cov:==================>                54%]
[Progress:===========================>  93%] [Cov:================>                  47%]
[Progress:===========================>  93%] [Cov:==================>                53%]
[Progress:===========================>  93%] [Cov:==================>                54%]
[Progress:===========================>  93%] [Cov:==================>                54%]
[Progress:============================> 96%] [Cov:==================>                53%]
[Progress:============================> 96%] [Cov:==================>                54%]
[Progress:============================> 96%] [Cov:==================>                54%]
[Progress:==============================100%] [Cov:==================>                54%]
[Progress:==============================100%] [Cov:==================>                54%]
[Progress:==============================100%] [Cov:==================>                54%]
[Progress:==============================100%] [Cov:===================>               57%]
* Search finished after 31s and 17 generations, 16664 statements, best individual has fitness: 834.5673069901837
* Minimizing test suite
* Going to analyze the coverage criteria
* Coverage analysis for criterion LINE
* Coverage of criterion LINE: 46%
* Total number of goals: 191
* Number of covered goals: 88
* Coverage analysis for criterion BRANCH
* Coverage of criterion BRANCH: 36%
* Total number of goals: 173
* Number of covered goals: 62
* Coverage analysis for criterion EXCEPTION
* Coverage of criterion EXCEPTION: 100%
* Total number of goals: 12
* Number of covered goals: 12
* Coverage analysis for criterion WEAKMUTATION
* Coverage of criterion WEAKMUTATION: 37%
* Total number of goals: 491
* Number of covered goals: 183
* Coverage analysis for criterion OUTPUT
* Coverage of criterion OUTPUT: 50%
* Total number of goals: 8
* Number of covered goals: 4
* Coverage analysis for criterion METHOD
* Coverage of criterion METHOD: 100%
* Total number of goals: 6
* Number of covered goals: 6
* Coverage analysis for criterion CBRANCH
* Coverage of criterion CBRANCH: 36%
* Total number of goals: 173
* Number of covered goals: 62
* Generated 20 tests with total length 113
* Resulting test suite's coverage: 57% (average coverage for all fitness functions)
* Generating assertions
* Resulting test suite's mutation score: 15%
* Property NO_RUNTIME_DEPENDENCY is set to true - skipping JUnit compile check
* WARNING: Not including the runtime dependencies is likely to lead to flaky tests!
* Permissions denied during test execution: 
  - java.lang.RuntimePermission: 
         writeFileDescriptor: 1
* Writing tests to file
* Writing JUnit test case 'DefaultParser_ESTest' to /home/acer/SQA/all-in-one-results/Cli/BPSO_db7ac586/round1/Cli-37/generation/org_apache_commons_cli_DefaultParser/evosuite-tests
* Done!

* Computation finished
