{
  "generated_test": "/Users/fangfang/Documents/SQA_Project_2026/automation/runs/Lang/Bug-10/BPSO/generated_test.java",
  "destination": "org/apache/commons/lang3/time/Lang10GeneratedTestBPSO.java",
  "test_class": "org.apache.commons.lang3.time.Lang10GeneratedTestBPSO",
  "test_methods": [
    "org.apache.commons.lang3.time.Lang10GeneratedTestBPSO__Isolated_1_test01_null_boundary::test01_null_boundary",
    "org.apache.commons.lang3.time.Lang10GeneratedTestBPSO__Isolated_2_test02_empty_boundary::test02_empty_boundary",
    "org.apache.commons.lang3.time.Lang10GeneratedTestBPSO__Isolated_3_test03_positive_boundary::test03_positive_boundary",
    "org.apache.commons.lang3.time.Lang10GeneratedTestBPSO__Isolated_4_test04_max_boundary::test04_max_boundary",
    "org.apache.commons.lang3.time.Lang10GeneratedTestBPSO__Isolated_5_test05_fraction_negative::test05_fraction_negative",
    "org.apache.commons.lang3.time.Lang10GeneratedTestBPSO__Isolated_6_test06_fraction_positive::test06_fraction_positive",
    "org.apache.commons.lang3.time.Lang10GeneratedTestBPSO__Isolated_7_test07_boolean_true::test07_boolean_true",
    "org.apache.commons.lang3.time.Lang10GeneratedTestBPSO__Isolated_8_test08_long_zero::test08_long_zero",
    "org.apache.commons.lang3.time.Lang10GeneratedTestBPSO__Isolated_9_test09_empty_array::test09_empty_array",
    "org.apache.commons.lang3.time.Lang10GeneratedTestBPSO__Isolated_10_test10_object_null::test10_object_null",
    "org.apache.commons.lang3.time.Lang10GeneratedTestBPSO__Isolated_11_test11_object_boundary::test11_object_boundary",
    "org.apache.commons.lang3.time.Lang10GeneratedTestBPSO__Isolated_12_test12_mixed_boundary::test12_mixed_boundary"
  ],
  "test_count": 12,
  "buggy_compile": {
    "status": "PASS",
    "return_code": 0,
    "time_seconds": 5.118606917
  },
  "fixed_compile": {
    "status": "PASS",
    "return_code": 0,
    "time_seconds": 3.6549945839999998
  },
  "statistics": {
    "total_tests": 12,
    "evaluated_tests": 12,
    "detected_tests": 0,
    "fdr_percent": 0.0,
    "buggy_pass": 1,
    "buggy_fail": 11,
    "buggy_error": 0,
    "fixed_pass": 1,
    "fixed_fail": 11,
    "fixed_error": 0
  },
  "tests": [
    {
      "selector": "org.apache.commons.lang3.time.Lang10GeneratedTestBPSO__Isolated_1_test01_null_boundary::test01_null_boundary",
      "target_method": "org.apache.commons.lang3.time.Lang10GeneratedTestBPSO::test01_null_boundary",
      "isolated_class": "org.apache.commons.lang3.time.Lang10GeneratedTestBPSO__Isolated_1_test01_null_boundary",
      "buggy": {
        "status": "FAIL",
        "return_code": 0,
        "time_seconds": 0.8806357919999996,
        "output": "Running ant (compile.tests)................................................ OK\nRunning ant (run.dev.tests)................................................ OK\nFailing tests: 1\n  - org.apache.commons.lang3.time.Lang10GeneratedTestBPSO__Isolated_1_test01_null_boundary::test01_null_boundary\n"
      },
      "fixed": {
        "status": "FAIL",
        "return_code": 0,
        "time_seconds": 0.8202248329999993,
        "output": "Running ant (compile.tests)................................................ OK\nRunning ant (run.dev.tests)................................................ OK\nFailing tests: 1\n  - org.apache.commons.lang3.time.Lang10GeneratedTestBPSO__Isolated_1_test01_null_boundary::test01_null_boundary\n"
      },
      "evaluated": true,
      "detected": false
    },
    {
      "selector": "org.apache.commons.lang3.time.Lang10GeneratedTestBPSO__Isolated_2_test02_empty_boundary::test02_empty_boundary",
      "target_method": "org.apache.commons.lang3.time.Lang10GeneratedTestBPSO::test02_empty_boundary",
      "isolated_class": "org.apache.commons.lang3.time.Lang10GeneratedTestBPSO__Isolated_2_test02_empty_boundary",
      "buggy": {
        "status": "PASS",
        "return_code": 0,
        "time_seconds": 0.8340410000000009,
        "output": "Running ant (compile.tests)................................................ OK\nRunning ant (run.dev.tests)................................................ OK\nFailing tests: 0\n"
      },
      "fixed": {
        "status": "PASS",
        "return_code": 0,
        "time_seconds": 0.8492342500000003,
        "output": "Running ant (compile.tests)................................................ OK\nRunning ant (run.dev.tests)................................................ OK\nFailing tests: 0\n"
      },
      "evaluated": true,
      "detected": false
    },
    {
      "selector": "org.apache.commons.lang3.time.Lang10GeneratedTestBPSO__Isolated_3_test03_positive_boundary::test03_positive_boundary",
      "target_method": "org.apache.commons.lang3.time.Lang10GeneratedTestBPSO::test03_positive_boundary",
      "isolated_class": "org.apache.commons.lang3.time.Lang10GeneratedTestBPSO__Isolated_3_test03_positive_boundary",
      "buggy": {
        "status": "FAIL",
        "return_code": 0,
        "time_seconds": 0.804411291000001,
        "output": "Running ant (compile.tests)................................................ OK\nRunning ant (run.dev.tests)................................................ OK\nFailing tests: 1\n  - org.apache.commons.lang3.time.Lang10GeneratedTestBPSO__Isolated_3_test03_positive_boundary::test03_positive_boundary\n"
      },
      "fixed": {
        "status": "FAIL",
        "return_code": 0,
        "time_seconds": 0.804578084000001,
        "output": "Running ant (compile.tests)................................................ OK\nRunning ant (run.dev.tests)................................................ OK\nFailing tests: 1\n  - org.apache.commons.lang3.time.Lang10GeneratedTestBPSO__Isolated_3_test03_positive_boundary::test03_positive_boundary\n"
      },
      "evaluated": true,
      "detected": false
    },
    {
      "selector": "org.apache.commons.lang3.time.Lang10GeneratedTestBPSO__Isolated_4_test04_max_boundary::test04_max_boundary",
      "target_method": "org.apache.commons.lang3.time.Lang10GeneratedTestBPSO::test04_max_boundary",
      "isolated_class": "org.apache.commons.lang3.time.Lang10GeneratedTestBPSO__Isolated_4_test04_max_boundary",
      "buggy": {
        "status": "FAIL",
        "return_code": 0,
        "time_seconds": 0.7928957499999996,
        "output": "Running ant (compile.tests)................................................ OK\nRunning ant (run.dev.tests)................................................ OK\nFailing tests: 1\n  - org.apache.commons.lang3.time.Lang10GeneratedTestBPSO__Isolated_4_test04_max_boundary::test04_max_boundary\n"
      },
      "fixed": {
        "status": "FAIL",
        "return_code": 0,
        "time_seconds": 0.8077400830000006,
        "output": "Running ant (compile.tests)................................................ OK\nRunning ant (run.dev.tests)................................................ OK\nFailing tests: 1\n  - org.apache.commons.lang3.time.Lang10GeneratedTestBPSO__Isolated_4_test04_max_boundary::test04_max_boundary\n"
      },
      "evaluated": true,
      "detected": false
    },
    {
      "selector": "org.apache.commons.lang3.time.Lang10GeneratedTestBPSO__Isolated_5_test05_fraction_negative::test05_fraction_negative",
      "target_method": "org.apache.commons.lang3.time.Lang10GeneratedTestBPSO::test05_fraction_negative",
      "isolated_class": "org.apache.commons.lang3.time.Lang10GeneratedTestBPSO__Isolated_5_test05_fraction_negative",
      "buggy": {
        "status": "FAIL",
        "return_code": 0,
        "time_seconds": 0.7706379999999982,
        "output": "Running ant (compile.tests)................................................ OK\nRunning ant (run.dev.tests)................................................ OK\nFailing tests: 1\n  - org.apache.commons.lang3.time.Lang10GeneratedTestBPSO__Isolated_5_test05_fraction_negative::test05_fraction_negative\n"
      },
      "fixed": {
        "status": "FAIL",
        "return_code": 0,
        "time_seconds": 0.7765166670000028,
        "output": "Running ant (compile.tests)................................................ OK\nRunning ant (run.dev.tests)................................................ OK\nFailing tests: 1\n  - org.apache.commons.lang3.time.Lang10GeneratedTestBPSO__Isolated_5_test05_fraction_negative::test05_fraction_negative\n"
      },
      "evaluated": true,
      "detected": false
    },
    {
      "selector": "org.apache.commons.lang3.time.Lang10GeneratedTestBPSO__Isolated_6_test06_fraction_positive::test06_fraction_positive",
      "target_method": "org.apache.commons.lang3.time.Lang10GeneratedTestBPSO::test06_fraction_positive",
      "isolated_class": "org.apache.commons.lang3.time.Lang10GeneratedTestBPSO__Isolated_6_test06_fraction_positive",
      "buggy": {
        "status": "FAIL",
        "return_code": 0,
        "time_seconds": 0.808484374999999,
        "output": "Running ant (compile.tests)................................................ OK\nRunning ant (run.dev.tests)................................................ OK\nFailing tests: 1\n  - org.apache.commons.lang3.time.Lang10GeneratedTestBPSO__Isolated_6_test06_fraction_positive::test06_fraction_positive\n"
      },
      "fixed": {
        "status": "FAIL",
        "return_code": 0,
        "time_seconds": 0.7645000840000016,
        "output": "Running ant (compile.tests)................................................ OK\nRunning ant (run.dev.tests)................................................ OK\nFailing tests: 1\n  - org.apache.commons.lang3.time.Lang10GeneratedTestBPSO__Isolated_6_test06_fraction_positive::test06_fraction_positive\n"
      },
      "evaluated": true,
      "detected": false
    },
    {
      "selector": "org.apache.commons.lang3.time.Lang10GeneratedTestBPSO__Isolated_7_test07_boolean_true::test07_boolean_true",
      "target_method": "org.apache.commons.lang3.time.Lang10GeneratedTestBPSO::test07_boolean_true",
      "isolated_class": "org.apache.commons.lang3.time.Lang10GeneratedTestBPSO__Isolated_7_test07_boolean_true",
      "buggy": {
        "status": "FAIL",
        "return_code": 0,
        "time_seconds": 0.8139627910000016,
        "output": "Running ant (compile.tests)................................................ OK\nRunning ant (run.dev.tests)................................................ OK\nFailing tests: 1\n  - org.apache.commons.lang3.time.Lang10GeneratedTestBPSO__Isolated_7_test07_boolean_true::test07_boolean_true\n"
      },
      "fixed": {
        "status": "FAIL",
        "return_code": 0,
        "time_seconds": 0.7886869579999995,
        "output": "Running ant (compile.tests)................................................ OK\nRunning ant (run.dev.tests)................................................ OK\nFailing tests: 1\n  - org.apache.commons.lang3.time.Lang10GeneratedTestBPSO__Isolated_7_test07_boolean_true::test07_boolean_true\n"
      },
      "evaluated": true,
      "detected": false
    },
    {
      "selector": "org.apache.commons.lang3.time.Lang10GeneratedTestBPSO__Isolated_8_test08_long_zero::test08_long_zero",
      "target_method": "org.apache.commons.lang3.time.Lang10GeneratedTestBPSO::test08_long_zero",
      "isolated_class": "org.apache.commons.lang3.time.Lang10GeneratedTestBPSO__Isolated_8_test08_long_zero",
      "buggy": {
        "status": "FAIL",
        "return_code": 0,
        "time_seconds": 0.7805190419999981,
        "output": "Running ant (compile.tests)................................................ OK\nRunning ant (run.dev.tests)................................................ OK\nFailing tests: 1\n  - org.apache.commons.lang3.time.Lang10GeneratedTestBPSO__Isolated_8_test08_long_zero::test08_long_zero\n"
      },
      "fixed": {
        "status": "FAIL",
        "return_code": 0,
        "time_seconds": 0.7916056250000025,
        "output": "Running ant (compile.tests)................................................ OK\nRunning ant (run.dev.tests)................................................ OK\nFailing tests: 1\n  - org.apache.commons.lang3.time.Lang10GeneratedTestBPSO__Isolated_8_test08_long_zero::test08_long_zero\n"
      },
      "evaluated": true,
      "detected": false
    },
    {
      "selector": "org.apache.commons.lang3.time.Lang10GeneratedTestBPSO__Isolated_9_test09_empty_array::test09_empty_array",
      "target_method": "org.apache.commons.lang3.time.Lang10GeneratedTestBPSO::test09_empty_array",
      "isolated_class": "org.apache.commons.lang3.time.Lang10GeneratedTestBPSO__Isolated_9_test09_empty_array",
      "buggy": {
        "status": "FAIL",
        "return_code": 0,
        "time_seconds": 0.7878260409999989,
        "output": "Running ant (compile.tests)................................................ OK\nRunning ant (run.dev.tests)................................................ OK\nFailing tests: 1\n  - org.apache.commons.lang3.time.Lang10GeneratedTestBPSO__Isolated_9_test09_empty_array::test09_empty_array\n"
      },
      "fixed": {
        "status": "FAIL",
        "return_code": 0,
        "time_seconds": 0.8369624159999987,
        "output": "Running ant (compile.tests)................................................ OK\nRunning ant (run.dev.tests)................................................ OK\nFailing tests: 1\n  - org.apache.commons.lang3.time.Lang10GeneratedTestBPSO__Isolated_9_test09_empty_array::test09_empty_array\n"
      },
      "evaluated": true,
      "detected": false
    },
    {
      "selector": "org.apache.commons.lang3.time.Lang10GeneratedTestBPSO__Isolated_10_test10_object_null::test10_object_null",
      "target_method": "org.apache.commons.lang3.time.Lang10GeneratedTestBPSO::test10_object_null",
      "isolated_class": "org.apache.commons.lang3.time.Lang10GeneratedTestBPSO__Isolated_10_test10_object_null",
      "buggy": {
        "status": "FAIL",
        "return_code": 0,
        "time_seconds": 0.7976862080000018,
        "output": "Running ant (compile.tests)................................................ OK\nRunning ant (run.dev.tests)................................................ OK\nFailing tests: 1\n  - org.apache.commons.lang3.time.Lang10GeneratedTestBPSO__Isolated_10_test10_object_null::test10_object_null\n"
      },
      "fixed": {
        "status": "FAIL",
        "return_code": 0,
        "time_seconds": 0.8057907499999999,
        "output": "Running ant (compile.tests)................................................ OK\nRunning ant (run.dev.tests)................................................ OK\nFailing tests: 1\n  - org.apache.commons.lang3.time.Lang10GeneratedTestBPSO__Isolated_10_test10_object_null::test10_object_null\n"
      },
      "evaluated": true,
      "detected": false
    },
    {
      "selector": "org.apache.commons.lang3.time.Lang10GeneratedTestBPSO__Isolated_11_test11_object_boundary::test11_object_boundary",
      "target_method": "org.apache.commons.lang3.time.Lang10GeneratedTestBPSO::test11_object_boundary",
      "isolated_class": "org.apache.commons.lang3.time.Lang10GeneratedTestBPSO__Isolated_11_test11_object_boundary",
      "buggy": {
        "status": "FAIL",
        "return_code": 0,
        "time_seconds": 0.7920051249999993,
        "output": "Running ant (compile.tests)................................................ OK\nRunning ant (run.dev.tests)................................................ OK\nFailing tests: 1\n  - org.apache.commons.lang3.time.Lang10GeneratedTestBPSO__Isolated_11_test11_object_boundary::test11_object_boundary\n"
      },
      "fixed": {
        "status": "FAIL",
        "return_code": 0,
        "time_seconds": 0.7886839999999999,
        "output": "Running ant (compile.tests)................................................ OK\nRunning ant (run.dev.tests)................................................ OK\nFailing tests: 1\n  - org.apache.commons.lang3.time.Lang10GeneratedTestBPSO__Isolated_11_test11_object_boundary::test11_object_boundary\n"
      },
      "evaluated": true,
      "detected": false
    },
    {
      "selector": "org.apache.commons.lang3.time.Lang10GeneratedTestBPSO__Isolated_12_test12_mixed_boundary::test12_mixed_boundary",
      "target_method": "org.apache.commons.lang3.time.Lang10GeneratedTestBPSO::test12_mixed_boundary",
      "isolated_class": "org.apache.commons.lang3.time.Lang10GeneratedTestBPSO__Isolated_12_test12_mixed_boundary",
      "buggy": {
        "status": "FAIL",
        "return_code": 0,
        "time_seconds": 0.8283372090000007,
        "output": "Running ant (compile.tests)................................................ OK\nRunning ant (run.dev.tests)................................................ OK\nFailing tests: 1\n  - org.apache.commons.lang3.time.Lang10GeneratedTestBPSO__Isolated_12_test12_mixed_boundary::test12_mixed_boundary\n"
      },
      "fixed": {
        "status": "FAIL",
        "return_code": 0,
        "time_seconds": 0.7922352919999973,
        "output": "Running ant (compile.tests)................................................ OK\nRunning ant (run.dev.tests)................................................ OK\nFailing tests: 1\n  - org.apache.commons.lang3.time.Lang10GeneratedTestBPSO__Isolated_12_test12_mixed_boundary::test12_mixed_boundary\n"
      },
      "evaluated": true,
      "detected": false
    }
  ],
  "evaluation_workspaces": {
    "buggy": "/Users/fangfang/Documents/SQA_Project_2026/workspaces/d4j_suite_eval_6qblmmwr/buggy",
    "fixed": "/Users/fangfang/Documents/SQA_Project_2026/workspaces/d4j_suite_eval_6qblmmwr/fixed"
  },
  "timing": {
    "buggy_compile_seconds": 5.118606917,
    "fixed_compile_seconds": 3.6549945839999998,
    "buggy_execution_seconds": 9.691442623999999,
    "fixed_execution_seconds": 9.626759042000003,
    "total_seconds": 28.091803167000002
  },
  "status": "PASS"
}
