Project=Lang
Bug=55
Algorithm=SA
TargetClass=org.apache.commons.lang.time.StopWatch
TargetMethod=stop
TriggerTest=org.apache.commons.lang.time.StopWatchTest::testLang315
ModifiedSource=org.apache.commons.lang.time.StopWatch
FixedRevision=b16235ad108c4fcdb7117493394d26d2f0faeace
CandidatePool=24
SuiteSize=12
Iterations=5000
Seed=20260923
Generator=GenericCandidateProvider
TriggerInputsCopied=false
TemporaryGeneratorWorkspace=/tmp/sqa_lang_generator_55_SA_W9vwE9
GeneratedClass=Lang55GeneratedTestSA

============================================================
GENERATION SUCCESS
============================================================
Status : GENERATED
File   : /Users/fangfang/Documents/SQA_Project_2026/automation/runs/Lang/Bug-55/SA/generated_test.java
Class  : Lang55GeneratedTestSA
Method : stop
============================================================

RETURN_CODE=0
END=Sat Oct  3 00:20:53 +07 2026
GENERATION SUCCESS
