===== org.apache.commons.lang3.math.NumberUtilsDefectTest__Isolated_1_testIsNumberTrailingDecimalPointBasic::testIsNumberTrailingDecimalPointBasic =====
Running ant (compile.tests)................................................ OK
Running ant (run.dev.tests)................................................ OK
Failing tests: 1
  - org.apache.commons.lang3.math.NumberUtilsDefectTest__Isolated_1_testIsNumberTrailingDecimalPointBasic::testIsNumberTrailingDecimalPointBasic

===== org.apache.commons.lang3.math.NumberUtilsDefectTest__Isolated_2_testIsNumberNegativeTrailingDecimalPoint::testIsNumberNegativeTrailingDecimalPoint =====
Running ant (compile.tests)................................................ OK
Running ant (run.dev.tests)................................................ OK
Failing tests: 1
  - org.apache.commons.lang3.math.NumberUtilsDefectTest__Isolated_2_testIsNumberNegativeTrailingDecimalPoint::testIsNumberNegativeTrailingDecimalPoint

===== org.apache.commons.lang3.math.NumberUtilsDefectTest__Isolated_3_testIsNumberTrailingDecimalPointLonger::testIsNumberTrailingDecimalPointLonger =====
Running ant (compile.tests)................................................ OK
Running ant (run.dev.tests)................................................ OK
Failing tests: 1
  - org.apache.commons.lang3.math.NumberUtilsDefectTest__Isolated_3_testIsNumberTrailingDecimalPointLonger::testIsNumberTrailingDecimalPointLonger

===== org.apache.commons.lang3.math.NumberUtilsDefectTest__Isolated_4_testCreateNumberTrailingDecimalPoint::testCreateNumberTrailingDecimalPoint =====
Running ant (compile.tests)................................................ OK
Running ant (run.dev.tests)................................................ OK
Failing tests: 1
  - org.apache.commons.lang3.math.NumberUtilsDefectTest__Isolated_4_testCreateNumberTrailingDecimalPoint::testCreateNumberTrailingDecimalPoint

