* EvoSuite 1.2.0
* Going to generate test cases for class: org.apache.commons.csv.CSVRecord
* Starting Client-0
* Connecting to master process on port 18826
* Analyzing classpath: 
  - /home/acer/SQA/cli-work/Csv/BPSO_db7ac586/round1/2f/target/classes
  - /home/acer/defects4j/framework/projects/Csv/lib/junit/junit/4.11/junit-4.11.jar
  - /home/acer/defects4j/framework/projects/Csv/lib/org/hamcrest/hamcrest-core/1.3/hamcrest-core-1.3.jar
  - /home/acer/defects4j/framework/projects/Csv/lib/commons-io/commons-io/2.2/commons-io-2.2.jar
  - /home/acer/defects4j/framework/projects/Csv/lib/com/h2database/h2/1.3.168/h2-1.3.168.jar
  - /home/acer/SQA/cli-work/Csv/BPSO_db7ac586/round1/2f/target/test-classes
  - /home/acer/defects4j/framework/projects/lib/junit-4.12-hamcrest-1.3.jar
  - /home/acer/defects4j/framework/projects/Csv/lib/com/csvreader/1.0/javacsv.jar
  - /home/acer/defects4j/framework/projects/Csv/lib/com/generationjava/io/1.0/gj-csv-1.0.jar
  - /home/acer/defects4j/framework/projects/Csv/lib/com/h2database/h2/1.4.180/h2-1.4.180.jar
  - /home/acer/defects4j/framework/projects/Csv/lib/com/h2database/h2/1.4.181/h2-1.4.181.jar
  - /home/acer/defects4j/framework/projects/Csv/lib/com/h2database/h2/1.4.182/h2-1.4.182.jar
  - /home/acer/defects4j/framework/projects/Csv/lib/com/h2database/h2/1.4.196/h2-1.4.196.jar
  - /home/acer/defects4j/framework/projects/Csv/lib/com/h2database/h2/1.4.198/h2-1.4.198.jar
  - /home/acer/defects4j/framework/projects/Csv/lib/com/opencsv/4.0/opencsv-4.0.jar
  - /home/acer/defects4j/framework/projects/Csv/lib/commons-io/commons-io/2.4/commons-io-2.4.jar
  - /home/acer/defects4j/framework/projects/Csv/lib/commons-io/commons-io/2.5/commons-io-2.5.jar
  - /home/acer/defects4j/framework/projects/Csv/lib/commons-io/commons-io/2.6/commons-io-2.6.jar
  - /home/acer/defects4j/framework/projects/Csv/lib/junit/junit/3.8.1/junit-3.8.1.jar
  - /home/acer/defects4j/framework/projects/Csv/lib/junit/junit/4.10/junit-4.10.jar
  - /home/acer/defects4j/framework/projects/Csv/lib/junit/junit/4.12/junit-4.12.jar
  - /home/acer/defects4j/framework/projects/Csv/lib/org/apache/commons/commons-lang3/3.4/commons-lang3-3.4.jar
  - /home/acer/defects4j/framework/projects/Csv/lib/org/apache/commons/commons-lang3/3.6/commons-lang3-3.6.jar
  - /home/acer/defects4j/framework/projects/Csv/lib/org/apache/commons/commons-lang3/3.7/commons-lang3-3.7.jar
  - /home/acer/defects4j/framework/projects/Csv/lib/org/apache/commons/commons-lang3/3.8.1/commons-lang3-3.8.1.jar
  - /home/acer/defects4j/framework/projects/Csv/lib/org/hamcrest/hamcrest-core/1.1/hamcrest-core-1.1.jar
  - /home/acer/defects4j/framework/projects/Csv/lib/org/mockito/mockito-all/1.10.19/mockito-all-1.10.19.jar
  - /home/acer/defects4j/framework/projects/Csv/lib/org/mockito/mockito-all/1.9.5/mockito-all-1.9.5.jar
  - /home/acer/defects4j/framework/projects/Csv/lib/org/openjdk/jmh/1.21/jmh-core-1.21.jar
  - /home/acer/defects4j/framework/projects/Csv/lib/org/skife/csv/1.0/csv-1.0.jar
  - /home/acer/defects4j/framework/projects/Csv/lib/org/supercsv/2.4.0/super-csv-2.4.0.jar
* Finished analyzing classpath
* Generating tests for class org.apache.commons.csv.CSVRecord
* Test criteria:
  - Line Coverage
  - Branch Coverage
  - Exception
  - Mutation testing (weak)
  - Method-Output Coverage
  - Top-Level Method Coverage
  - Context Branch Coverage
* Setting up search algorithm for whole suite generation
* Total number of test goals: 
  - Line 24
  - Branch 25
  - Exception 0
  - MutationFactory 41
  - Output 29
  - Method 12
  - CBranchFitnessFactory 25

[Progress:>                             0%] [Cov:>                                  0%]* Using seed 20260930
* Starting evolution

[Progress:=>                            6%] [Cov:===>                               9%]
[Progress:=>                            6%] [Cov:=====>                             17%]
[Progress:=>                            6%] [Cov:==========>                        31%]
[Progress:=>                            6%] [Cov:==============>                    40%]
[Progress:=>                            6%] [Cov:==============>                    42%]
[Progress:=>                            6%] [Cov:=================>                 49%]
[Progress:=>                            6%] [Cov:=================>                 51%]
[Progress:=>                            6%] [Cov:==================>                52%]
[Progress:===>                          10%] [Cov:===>                               10%]
[Progress:===>                          10%] [Cov:======>                            19%]
[Progress:===>                          10%] [Cov:===========>                       33%]
[Progress:===>                          10%] [Cov:==============>                    41%]
[Progress:===>                          10%] [Cov:===============>                   45%]
[Progress:===>                          10%] [Cov:===================>               57%]
[Progress:===>                          10%] [Cov:=====================>             61%]
[Progress:===>                          10%] [Cov:======================>            63%]
[Progress:===>                          13%] [Cov:===>                               10%]
[Progress:===>                          13%] [Cov:======>                            18%]
[Progress:===>                          13%] [Cov:===========>                       32%]
[Progress:===>                          13%] [Cov:=============>                     39%]
[Progress:===>                          13%] [Cov:===============>                   44%]
[Progress:===>                          13%] [Cov:==================>                54%]
[Progress:===>                          13%] [Cov:===================>               57%]
[Progress:===>                          13%] [Cov:=====================>             61%]
[Progress:===>                          13%] [Cov:======================>            65%]
[Progress:===>                          13%] [Cov:=======================>           67%]
[Progress:====>                         16%] [Cov:======>                            19%]
[Progress:====>                         16%] [Cov:===========>                       34%]
[Progress:====>                         16%] [Cov:==============>                    42%]
[Progress:====>                         16%] [Cov:================>                  46%]
[Progress:====>                         16%] [Cov:===================>               57%]
[Progress:====>                         16%] [Cov:=====================>             62%]
[Progress:====>                         16%] [Cov:======================>            63%]
[Progress:======>                       20%] [Cov:=======================>           67%]
[Progress:======>                       20%] [Cov:=======================>           68%]
[Progress:======>                       20%] [Cov:========================>          69%]
[Progress:======>                       20%] [Cov:========================>          70%]
[Progress:======>                       20%] [Cov:========================>          71%]
[Progress:======>                       20%] [Cov:=========================>         72%]
[Progress:======>                       20%] [Cov:=========================>         74%]
[Progress:======>                       20%] [Cov:==========================>        75%]
[Progress:======>                       23%] [Cov:==========================>        75%]
[Progress:======>                       23%] [Cov:==========================>        76%]
[Progress:======>                       23%] [Cov:==========================>        76%]BPSO iteration=1 bestFitness=52.166666666666664 population=30 inertia=0.72

[Progress:=======>                      26%] [Cov:=======================>           66%]
[Progress:=======>                      26%] [Cov:=========================>         72%]
[Progress:=======>                      26%] [Cov:==========================>        76%]
[Progress:=======>                      26%] [Cov:==========================>        77%]
[Progress:=======>                      26%] [Cov:===========================>       78%]
[Progress:=======>                      26%] [Cov:===========================>       79%]
[Progress:=======>                      26%] [Cov:===========================>       79%]BPSO iteration=2 bestFitness=47.166666666666664 population=30 inertia=0.72

[Progress:=======>                      26%] [Cov:============================>      80%]
[Progress:=======>                      26%] [Cov:============================>      81%]
[Progress:=======>                      26%] [Cov:============================>      82%]
[Progress:=========>                    30%] [Cov:============================>      82%]
[Progress:=========>                    30%] [Cov:============================>      82%]BPSO iteration=3 bestFitness=41.166666666666664 population=30 inertia=0.72

[Progress:=========>                    30%] [Cov:=============================>     83%]
[Progress:=========>                    30%] [Cov:=============================>     85%]
[Progress:=========>                    33%] [Cov:=============================>     85%]
[Progress:=========>                    33%] [Cov:==============================>    86%]
[Progress:=========>                    33%] [Cov:==============================>    87%]
[Progress:=========>                    33%] [Cov:==============================>    88%]
[Progress:=========>                    33%] [Cov:==============================>    88%]BPSO iteration=4 bestFitness=23.666666666666668 population=30 inertia=0.72

[Progress:==========>                   36%] [Cov:==============================>    88%]
[Progress:==========>                   36%] [Cov:===============================>   89%]
[Progress:==========>                   36%] [Cov:===============================>   91%]
[Progress:==========>                   36%] [Cov:===============================>   89%]BPSO iteration=5 bestFitness=21.666666666666668 population=30 inertia=0.72

[Progress:============>                 40%] [Cov:===============================>   89%]
[Progress:============>                 40%] [Cov:===============================>   89%]
[Progress:============>                 43%] [Cov:===============================>   89%]
[Progress:============>                 43%] [Cov:===============================>   89%]
[Progress:=============>                46%] [Cov:===============================>   89%]
[Progress:=============>                46%] [Cov:===============================>   89%]
[Progress:===============>              50%] [Cov:===============================>   89%]
[Progress:===============>              50%] [Cov:===============================>   90%]
[Progress:===============>              50%] [Cov:===============================>   90%]
[Progress:===============>              53%] [Cov:===============================>   90%]
[Progress:===============>              53%] [Cov:===============================>   90%]
[Progress:================>             56%] [Cov:===============================>   90%]
[Progress:================>             56%] [Cov:===============================>   91%]
[Progress:================>             56%] [Cov:================================>  92%]
[Progress:================>             56%] [Cov:================================>  92%]
[Progress:==================>           60%] [Cov:================================>  92%]
[Progress:==================>           60%] [Cov:================================>  92%]
[Progress:==================>           63%] [Cov:================================>  92%]
[Progress:===================>          66%] [Cov:===============================>   91%]
[Progress:===================>          66%] [Cov:================================>  92%]
[Progress:===================>          66%] [Cov:================================>  92%]
[Progress:=====================>        70%] [Cov:================================>  92%]
[Progress:=====================>        70%] [Cov:================================>  93%]
[Progress:=====================>        70%] [Cov:================================>  93%]
[Progress:=====================>        73%] [Cov:================================>  92%]
[Progress:=====================>        73%] [Cov:================================>  93%]
[Progress:=====================>        73%] [Cov:================================>  93%]
[Progress:======================>       76%] [Cov:================================>  93%]
[Progress:======================>       76%] [Cov:================================>  93%]
[Progress:======================>       76%] [Cov:================================>  94%]
[Progress:======================>       76%] [Cov:=================================> 95%]
[Progress:======================>       76%] [Cov:=================================> 95%]
[Progress:========================>     80%] [Cov:=================================> 95%]
[Progress:========================>     80%] [Cov:=================================> 95%]
[Progress:========================>     83%] [Cov:=================================> 95%]
[Progress:========================>     83%] [Cov:=================================> 96%]
[Progress:========================>     83%] [Cov:=================================> 96%]
[Progress:=========================>    86%] [Cov:=================================> 95%]
[Progress:=========================>    86%] [Cov:=================================> 96%]
[Progress:=========================>    86%] [Cov:=================================> 96%]BPSO iteration=20 bestFitness=7.5 population=30 inertia=0.72

[Progress:===========================>  90%] [Cov:=================================> 96%]
[Progress:===========================>  90%] [Cov:=================================> 96%]
[Progress:===========================>  93%] [Cov:=================================> 96%]
[Progress:===========================>  93%] [Cov:=================================> 96%]
[Progress:============================> 96%] [Cov:=================================> 96%]
[Progress:==============================100%] [Cov:=================================> 96%]
[Progress:==============================100%] [Cov:=================================> 96%]
[Progress:==============================100%] [Cov:=================================> 96%]
[Progress:==============================100%] [Cov:=================================> 96%]
[Progress:==============================100%] [Cov:=================================> 96%]
* Search finished after 32s and 25 generations, 35193 statements, best individual has fitness: 6.7
* Minimizing test suite
* Going to analyze the coverage criteria
* Coverage analysis for criterion LINE
* Coverage of criterion LINE: 100%
* Total number of goals: 24
* Number of covered goals: 24
* Coverage analysis for criterion BRANCH
* Coverage of criterion BRANCH: 100%
* Total number of goals: 25
* Number of covered goals: 25
* Coverage analysis for criterion EXCEPTION
* Coverage of criterion EXCEPTION: 100%
* Total number of goals: 4
* Number of covered goals: 4
* Coverage analysis for criterion WEAKMUTATION
* Coverage of criterion WEAKMUTATION: 98%
* Total number of goals: 41
* Number of covered goals: 40
* Coverage analysis for criterion OUTPUT
* Coverage of criterion OUTPUT: 83%
* Total number of goals: 29
* Number of covered goals: 24
* Coverage analysis for criterion METHOD
* Coverage of criterion METHOD: 100%
* Total number of goals: 12
* Number of covered goals: 12
* Coverage analysis for criterion CBRANCH
* Coverage of criterion CBRANCH: 100%
* Total number of goals: 25
* Number of covered goals: 25
* Generated 33 tests with total length 137
* Resulting test suite's coverage: 96% (average coverage for all fitness functions)
* Generating assertions
* Resulting test suite's mutation score: 66%
* Property NO_RUNTIME_DEPENDENCY is set to true - skipping JUnit compile check
* WARNING: Not including the runtime dependencies is likely to lead to flaky tests!
* Writing tests to file
* Writing JUnit test case 'CSVRecord_ESTest' to /home/acer/SQA/all-in-one-results/Csv/BPSO_db7ac586/round1/Csv-2/generation/org_apache_commons_csv_CSVRecord/evosuite-tests
* Done!

* Computation finished
