Project=Lang
Bug=53
Algorithm=BPSO
TargetClass=org.apache.commons.lang.time.DateUtils
TargetMethod=modify
TriggerTest=org.apache.commons.lang.time.DateUtilsTest::testRoundLang346
ModifiedSource=org.apache.commons.lang.time.DateUtils
FixedRevision=050fe8e916507c9716983868284d64e58c1b56d2
CandidatePool=24
SuiteSize=12
Iterations=5000
Seed=20260923
Generator=GenericCandidateProvider
TriggerInputsCopied=false
TemporaryGeneratorWorkspace=/tmp/sqa_lang_generator_53_BPSO_w9VK1G
GeneratedClass=Lang53GeneratedTestBPSO

============================================================
GENERATION SUCCESS
============================================================
Status : GENERATED
File   : /Users/fangfang/Documents/SQA_Project_2026/automation/runs/Lang/Bug-53/BPSO/generated_test.java
Class  : Lang53GeneratedTestBPSO
Method : modify
============================================================

RETURN_CODE=0
END=Sat Oct  3 00:20:07 +07 2026
GENERATION SUCCESS
