{
  "generated_test": "/Users/fangfang/Documents/SQA_Project_2026/automation/runs/Lang/Bug-53/BPSO/generated_test.java",
  "destination": "automation/runs/Lang/Bug-53/BPSO",
  "test_class": "org.apache.commons.lang.time.Lang53GeneratedTestBPSO",
  "test_methods": [
    "org.apache.commons.lang.time.Lang53GeneratedTestBPSO__Isolated_1_test01_null_boundary::test01_null_boundary",
    "org.apache.commons.lang.time.Lang53GeneratedTestBPSO__Isolated_2_test02_empty_boundary::test02_empty_boundary",
    "org.apache.commons.lang.time.Lang53GeneratedTestBPSO__Isolated_3_test03_positive_boundary::test03_positive_boundary",
    "org.apache.commons.lang.time.Lang53GeneratedTestBPSO__Isolated_4_test04_max_boundary::test04_max_boundary",
    "org.apache.commons.lang.time.Lang53GeneratedTestBPSO__Isolated_5_test05_fraction_negative::test05_fraction_negative",
    "org.apache.commons.lang.time.Lang53GeneratedTestBPSO__Isolated_6_test06_fraction_positive::test06_fraction_positive",
    "org.apache.commons.lang.time.Lang53GeneratedTestBPSO__Isolated_7_test07_boolean_true::test07_boolean_true",
    "org.apache.commons.lang.time.Lang53GeneratedTestBPSO__Isolated_8_test08_long_zero::test08_long_zero",
    "org.apache.commons.lang.time.Lang53GeneratedTestBPSO__Isolated_9_test09_empty_array::test09_empty_array",
    "org.apache.commons.lang.time.Lang53GeneratedTestBPSO__Isolated_10_test10_object_null::test10_object_null",
    "org.apache.commons.lang.time.Lang53GeneratedTestBPSO__Isolated_11_test11_object_boundary::test11_object_boundary",
    "org.apache.commons.lang.time.Lang53GeneratedTestBPSO__Isolated_12_test12_mixed_boundary::test12_mixed_boundary"
  ],
  "test_count": 12,
  "buggy_compile": {
    "status": "PASS",
    "return_code": 0,
    "time_seconds": 3.786044167
  },
  "fixed_compile": {
    "status": "PASS",
    "return_code": 0,
    "time_seconds": 3.477062125
  },
  "statistics": {
    "total_tests": 12,
    "evaluated_tests": 12,
    "detected_tests": 0,
    "fdr_percent": 0.0,
    "buggy_pass": 0,
    "buggy_fail": 12,
    "buggy_error": 0,
    "fixed_pass": 0,
    "fixed_fail": 12,
    "fixed_error": 0
  },
  "tests": [
    {
      "selector": "org.apache.commons.lang.time.Lang53GeneratedTestBPSO__Isolated_1_test01_null_boundary::test01_null_boundary",
      "target_method": "org.apache.commons.lang.time.Lang53GeneratedTestBPSO::test01_null_boundary",
      "isolated_class": "org.apache.commons.lang.time.Lang53GeneratedTestBPSO__Isolated_1_test01_null_boundary",
      "buggy": {
        "status": "FAIL",
        "return_code": 0,
        "time_seconds": 1.6132626250000008,
        "output": "Running ant (compile.tests)................................................ OK\nRunning ant (run.dev.tests)................................................ OK\nFailing tests: 1\n  - org.apache.commons.lang.time.Lang53GeneratedTestBPSO__Isolated_1_test01_null_boundary::test01_null_boundary\n"
      },
      "fixed": {
        "status": "FAIL",
        "return_code": 0,
        "time_seconds": 1.6398745419999994,
        "output": "Running ant (compile.tests)................................................ OK\nRunning ant (run.dev.tests)................................................ OK\nFailing tests: 1\n  - org.apache.commons.lang.time.Lang53GeneratedTestBPSO__Isolated_1_test01_null_boundary::test01_null_boundary\n"
      },
      "evaluated": true,
      "detected": false
    },
    {
      "selector": "org.apache.commons.lang.time.Lang53GeneratedTestBPSO__Isolated_2_test02_empty_boundary::test02_empty_boundary",
      "target_method": "org.apache.commons.lang.time.Lang53GeneratedTestBPSO::test02_empty_boundary",
      "isolated_class": "org.apache.commons.lang.time.Lang53GeneratedTestBPSO__Isolated_2_test02_empty_boundary",
      "buggy": {
        "status": "FAIL",
        "return_code": 0,
        "time_seconds": 1.5202856249999996,
        "output": "Running ant (compile.tests)................................................ OK\nRunning ant (run.dev.tests)................................................ OK\nFailing tests: 1\n  - org.apache.commons.lang.time.Lang53GeneratedTestBPSO__Isolated_2_test02_empty_boundary::test02_empty_boundary\n"
      },
      "fixed": {
        "status": "FAIL",
        "return_code": 0,
        "time_seconds": 1.6989722090000008,
        "output": "Running ant (compile.tests)................................................ OK\nRunning ant (run.dev.tests)................................................ OK\nFailing tests: 1\n  - org.apache.commons.lang.time.Lang53GeneratedTestBPSO__Isolated_2_test02_empty_boundary::test02_empty_boundary\n"
      },
      "evaluated": true,
      "detected": false
    },
    {
      "selector": "org.apache.commons.lang.time.Lang53GeneratedTestBPSO__Isolated_3_test03_positive_boundary::test03_positive_boundary",
      "target_method": "org.apache.commons.lang.time.Lang53GeneratedTestBPSO::test03_positive_boundary",
      "isolated_class": "org.apache.commons.lang.time.Lang53GeneratedTestBPSO__Isolated_3_test03_positive_boundary",
      "buggy": {
        "status": "FAIL",
        "return_code": 0,
        "time_seconds": 1.7009969169999994,
        "output": "Running ant (compile.tests)................................................ OK\nRunning ant (run.dev.tests)................................................ OK\nFailing tests: 1\n  - org.apache.commons.lang.time.Lang53GeneratedTestBPSO__Isolated_3_test03_positive_boundary::test03_positive_boundary\n"
      },
      "fixed": {
        "status": "FAIL",
        "return_code": 0,
        "time_seconds": 1.668936125,
        "output": "Running ant (compile.tests)................................................ OK\nRunning ant (run.dev.tests)................................................ OK\nFailing tests: 1\n  - org.apache.commons.lang.time.Lang53GeneratedTestBPSO__Isolated_3_test03_positive_boundary::test03_positive_boundary\n"
      },
      "evaluated": true,
      "detected": false
    },
    {
      "selector": "org.apache.commons.lang.time.Lang53GeneratedTestBPSO__Isolated_4_test04_max_boundary::test04_max_boundary",
      "target_method": "org.apache.commons.lang.time.Lang53GeneratedTestBPSO::test04_max_boundary",
      "isolated_class": "org.apache.commons.lang.time.Lang53GeneratedTestBPSO__Isolated_4_test04_max_boundary",
      "buggy": {
        "status": "FAIL",
        "return_code": 0,
        "time_seconds": 1.5329422919999978,
        "output": "Running ant (compile.tests)................................................ OK\nRunning ant (run.dev.tests)................................................ OK\nFailing tests: 1\n  - org.apache.commons.lang.time.Lang53GeneratedTestBPSO__Isolated_4_test04_max_boundary::test04_max_boundary\n"
      },
      "fixed": {
        "status": "FAIL",
        "return_code": 0,
        "time_seconds": 1.5357048330000005,
        "output": "Running ant (compile.tests)................................................ OK\nRunning ant (run.dev.tests)................................................ OK\nFailing tests: 1\n  - org.apache.commons.lang.time.Lang53GeneratedTestBPSO__Isolated_4_test04_max_boundary::test04_max_boundary\n"
      },
      "evaluated": true,
      "detected": false
    },
    {
      "selector": "org.apache.commons.lang.time.Lang53GeneratedTestBPSO__Isolated_5_test05_fraction_negative::test05_fraction_negative",
      "target_method": "org.apache.commons.lang.time.Lang53GeneratedTestBPSO::test05_fraction_negative",
      "isolated_class": "org.apache.commons.lang.time.Lang53GeneratedTestBPSO__Isolated_5_test05_fraction_negative",
      "buggy": {
        "status": "FAIL",
        "return_code": 0,
        "time_seconds": 1.7070355,
        "output": "Running ant (compile.tests)................................................ OK\nRunning ant (run.dev.tests)................................................ OK\nFailing tests: 1\n  - org.apache.commons.lang.time.Lang53GeneratedTestBPSO__Isolated_5_test05_fraction_negative::test05_fraction_negative\n"
      },
      "fixed": {
        "status": "FAIL",
        "return_code": 0,
        "time_seconds": 1.5271560840000014,
        "output": "Running ant (compile.tests)................................................ OK\nRunning ant (run.dev.tests)................................................ OK\nFailing tests: 1\n  - org.apache.commons.lang.time.Lang53GeneratedTestBPSO__Isolated_5_test05_fraction_negative::test05_fraction_negative\n"
      },
      "evaluated": true,
      "detected": false
    },
    {
      "selector": "org.apache.commons.lang.time.Lang53GeneratedTestBPSO__Isolated_6_test06_fraction_positive::test06_fraction_positive",
      "target_method": "org.apache.commons.lang.time.Lang53GeneratedTestBPSO::test06_fraction_positive",
      "isolated_class": "org.apache.commons.lang.time.Lang53GeneratedTestBPSO__Isolated_6_test06_fraction_positive",
      "buggy": {
        "status": "FAIL",
        "return_code": 0,
        "time_seconds": 1.5390657919999988,
        "output": "Running ant (compile.tests)................................................ OK\nRunning ant (run.dev.tests)................................................ OK\nFailing tests: 1\n  - org.apache.commons.lang.time.Lang53GeneratedTestBPSO__Isolated_6_test06_fraction_positive::test06_fraction_positive\n"
      },
      "fixed": {
        "status": "FAIL",
        "return_code": 0,
        "time_seconds": 1.6552974580000033,
        "output": "Running ant (compile.tests)................................................ OK\nRunning ant (run.dev.tests)................................................ OK\nFailing tests: 1\n  - org.apache.commons.lang.time.Lang53GeneratedTestBPSO__Isolated_6_test06_fraction_positive::test06_fraction_positive\n"
      },
      "evaluated": true,
      "detected": false
    },
    {
      "selector": "org.apache.commons.lang.time.Lang53GeneratedTestBPSO__Isolated_7_test07_boolean_true::test07_boolean_true",
      "target_method": "org.apache.commons.lang.time.Lang53GeneratedTestBPSO::test07_boolean_true",
      "isolated_class": "org.apache.commons.lang.time.Lang53GeneratedTestBPSO__Isolated_7_test07_boolean_true",
      "buggy": {
        "status": "FAIL",
        "return_code": 0,
        "time_seconds": 1.5339069169999995,
        "output": "Running ant (compile.tests)................................................ OK\nRunning ant (run.dev.tests)................................................ OK\nFailing tests: 1\n  - org.apache.commons.lang.time.Lang53GeneratedTestBPSO__Isolated_7_test07_boolean_true::test07_boolean_true\n"
      },
      "fixed": {
        "status": "FAIL",
        "return_code": 0,
        "time_seconds": 1.545533374999998,
        "output": "Running ant (compile.tests)................................................ OK\nRunning ant (run.dev.tests)................................................ OK\nFailing tests: 1\n  - org.apache.commons.lang.time.Lang53GeneratedTestBPSO__Isolated_7_test07_boolean_true::test07_boolean_true\n"
      },
      "evaluated": true,
      "detected": false
    },
    {
      "selector": "org.apache.commons.lang.time.Lang53GeneratedTestBPSO__Isolated_8_test08_long_zero::test08_long_zero",
      "target_method": "org.apache.commons.lang.time.Lang53GeneratedTestBPSO::test08_long_zero",
      "isolated_class": "org.apache.commons.lang.time.Lang53GeneratedTestBPSO__Isolated_8_test08_long_zero",
      "buggy": {
        "status": "FAIL",
        "return_code": 0,
        "time_seconds": 1.532415375000003,
        "output": "Running ant (compile.tests)................................................ OK\nRunning ant (run.dev.tests)................................................ OK\nFailing tests: 1\n  - org.apache.commons.lang.time.Lang53GeneratedTestBPSO__Isolated_8_test08_long_zero::test08_long_zero\n"
      },
      "fixed": {
        "status": "FAIL",
        "return_code": 0,
        "time_seconds": 1.6864328749999977,
        "output": "Running ant (compile.tests)................................................ OK\nRunning ant (run.dev.tests)................................................ OK\nFailing tests: 1\n  - org.apache.commons.lang.time.Lang53GeneratedTestBPSO__Isolated_8_test08_long_zero::test08_long_zero\n"
      },
      "evaluated": true,
      "detected": false
    },
    {
      "selector": "org.apache.commons.lang.time.Lang53GeneratedTestBPSO__Isolated_9_test09_empty_array::test09_empty_array",
      "target_method": "org.apache.commons.lang.time.Lang53GeneratedTestBPSO::test09_empty_array",
      "isolated_class": "org.apache.commons.lang.time.Lang53GeneratedTestBPSO__Isolated_9_test09_empty_array",
      "buggy": {
        "status": "FAIL",
        "return_code": 0,
        "time_seconds": 1.5426818339999997,
        "output": "Running ant (compile.tests)................................................ OK\nRunning ant (run.dev.tests)................................................ OK\nFailing tests: 1\n  - org.apache.commons.lang.time.Lang53GeneratedTestBPSO__Isolated_9_test09_empty_array::test09_empty_array\n"
      },
      "fixed": {
        "status": "FAIL",
        "return_code": 0,
        "time_seconds": 1.5413934580000017,
        "output": "Running ant (compile.tests)................................................ OK\nRunning ant (run.dev.tests)................................................ OK\nFailing tests: 1\n  - org.apache.commons.lang.time.Lang53GeneratedTestBPSO__Isolated_9_test09_empty_array::test09_empty_array\n"
      },
      "evaluated": true,
      "detected": false
    },
    {
      "selector": "org.apache.commons.lang.time.Lang53GeneratedTestBPSO__Isolated_10_test10_object_null::test10_object_null",
      "target_method": "org.apache.commons.lang.time.Lang53GeneratedTestBPSO::test10_object_null",
      "isolated_class": "org.apache.commons.lang.time.Lang53GeneratedTestBPSO__Isolated_10_test10_object_null",
      "buggy": {
        "status": "FAIL",
        "return_code": 0,
        "time_seconds": 1.6723046660000023,
        "output": "Running ant (compile.tests)................................................ OK\nRunning ant (run.dev.tests)................................................ OK\nFailing tests: 1\n  - org.apache.commons.lang.time.Lang53GeneratedTestBPSO__Isolated_10_test10_object_null::test10_object_null\n"
      },
      "fixed": {
        "status": "FAIL",
        "return_code": 0,
        "time_seconds": 1.5101204999999993,
        "output": "Running ant (compile.tests)................................................ OK\nRunning ant (run.dev.tests)................................................ OK\nFailing tests: 1\n  - org.apache.commons.lang.time.Lang53GeneratedTestBPSO__Isolated_10_test10_object_null::test10_object_null\n"
      },
      "evaluated": true,
      "detected": false
    },
    {
      "selector": "org.apache.commons.lang.time.Lang53GeneratedTestBPSO__Isolated_11_test11_object_boundary::test11_object_boundary",
      "target_method": "org.apache.commons.lang.time.Lang53GeneratedTestBPSO::test11_object_boundary",
      "isolated_class": "org.apache.commons.lang.time.Lang53GeneratedTestBPSO__Isolated_11_test11_object_boundary",
      "buggy": {
        "status": "FAIL",
        "return_code": 0,
        "time_seconds": 1.589275083000004,
        "output": "Running ant (compile.tests)................................................ OK\nRunning ant (run.dev.tests)................................................ OK\nFailing tests: 1\n  - org.apache.commons.lang.time.Lang53GeneratedTestBPSO__Isolated_11_test11_object_boundary::test11_object_boundary\n"
      },
      "fixed": {
        "status": "FAIL",
        "return_code": 0,
        "time_seconds": 1.9789574579999964,
        "output": "Running ant (compile.tests)................................................ OK\nRunning ant (run.dev.tests)................................................ OK\nFailing tests: 1\n  - org.apache.commons.lang.time.Lang53GeneratedTestBPSO__Isolated_11_test11_object_boundary::test11_object_boundary\n"
      },
      "evaluated": true,
      "detected": false
    },
    {
      "selector": "org.apache.commons.lang.time.Lang53GeneratedTestBPSO__Isolated_12_test12_mixed_boundary::test12_mixed_boundary",
      "target_method": "org.apache.commons.lang.time.Lang53GeneratedTestBPSO::test12_mixed_boundary",
      "isolated_class": "org.apache.commons.lang.time.Lang53GeneratedTestBPSO__Isolated_12_test12_mixed_boundary",
      "buggy": {
        "status": "FAIL",
        "return_code": 0,
        "time_seconds": 2.288455667000001,
        "output": "Running ant (compile.tests)................................................ OK\nRunning ant (run.dev.tests)................................................ OK\nFailing tests: 1\n  - org.apache.commons.lang.time.Lang53GeneratedTestBPSO__Isolated_12_test12_mixed_boundary::test12_mixed_boundary\n"
      },
      "fixed": {
        "status": "FAIL",
        "return_code": 0,
        "time_seconds": 1.688844292000006,
        "output": "Running ant (compile.tests)................................................ OK\nRunning ant (run.dev.tests)................................................ OK\nFailing tests: 1\n  - org.apache.commons.lang.time.Lang53GeneratedTestBPSO__Isolated_12_test12_mixed_boundary::test12_mixed_boundary\n"
      },
      "evaluated": true,
      "detected": false
    }
  ],
  "evaluation_workspaces": {
    "buggy": "/Users/fangfang/Documents/SQA_Project_2026/workspaces/d4j_suite_eval_qcrip6l2/buggy",
    "fixed": "/Users/fangfang/Documents/SQA_Project_2026/workspaces/d4j_suite_eval_qcrip6l2/fixed"
  },
  "timing": {
    "buggy_compile_seconds": 3.786044167,
    "fixed_compile_seconds": 3.477062125,
    "buggy_execution_seconds": 19.772628293000004,
    "fixed_execution_seconds": 19.677223209000005,
    "total_seconds": 46.712957794000005
  },
  "status": "PASS"
}
