{
  "project": "Lang",
  "bug_id": "8",
  "method": "BPSO",
  "generated_test": "/Users/fangfang/Documents/SQA_Project_2026/automation/runs/Lang/Bug-8/BPSO/generated_test.java",
  "destination": "org/apache/commons/lang3/time/Lang8GeneratedTestBPSO.java",
  "status": "DONE",
  "statistics": {
    "total_tests": 12,
    "evaluated_tests": 12,
    "detected_tests": 0,
    "fdr_percent": 0.0,
    "buggy_pass": 0,
    "buggy_fail": 12,
    "buggy_error": 0,
    "fixed_pass": 0,
    "fixed_fail": 12,
    "fixed_error": 0
  },
  "coverage": {
    "buggy": {
      "workspace": "/Users/fangfang/Documents/SQA_Project_2026/workspaces/d4j_suite_eval_p08xnnm0/buggy",
      "generated_test": "/Users/fangfang/Documents/SQA_Project_2026/automation/runs/Lang/Bug-8/BPSO/generated_test.java",
      "destination": "org/apache/commons/lang3/time/Lang8GeneratedTestBPSO.java",
      "archive": "/Users/fangfang/Documents/SQA_Project_2026/automation/runs/d4j_cov_suite_n9a0eqga/Lang-8b-generated.1.tar.bz2",
      "command_return_code": 0,
      "coverage_time_seconds": 6.0809036249999995,
      "status": "PASS",
      "metrics": {
        "LinesTotal": 337,
        "LinesCovered": 11,
        "ConditionsTotal": 150,
        "ConditionsCovered": 2,
        "line_coverage": 3.2640949554896146,
        "branch_coverage": 1.3333333333333335
      },
      "total_time_seconds": 6.0809036249999995
    },
    "fixed": {
      "workspace": "/Users/fangfang/Documents/SQA_Project_2026/workspaces/d4j_suite_eval_p08xnnm0/fixed",
      "generated_test": "/Users/fangfang/Documents/SQA_Project_2026/automation/runs/Lang/Bug-8/BPSO/generated_test.java",
      "destination": "org/apache/commons/lang3/time/Lang8GeneratedTestBPSO.java",
      "archive": "/Users/fangfang/Documents/SQA_Project_2026/automation/runs/d4j_cov_suite_lob1guah/Lang-8f-generated.1.tar.bz2",
      "command_return_code": 0,
      "coverage_time_seconds": 5.789218708,
      "status": "PASS",
      "metrics": {
        "LinesTotal": 337,
        "LinesCovered": 11,
        "ConditionsTotal": 150,
        "ConditionsCovered": 2,
        "line_coverage": 3.2640949554896146,
        "branch_coverage": 1.3333333333333335
      },
      "total_time_seconds": 5.789218708
    }
  },
  "timing": {
    "generation_seconds": 11.408329,
    "suite_runner_seconds": 34.522983708,
    "compile_buggy_seconds": 8.076234667,
    "compile_fixed_seconds": 5.196911125,
    "execution_buggy_seconds": 10.528532039999996,
    "execution_fixed_seconds": 10.274164291000002,
    "coverage_buggy_seconds": 6.0809036249999995,
    "coverage_fixed_seconds": 5.789218708,
    "total_time_seconds": 46.543768375
  },
  "evaluation_workspaces": {
    "buggy": "/Users/fangfang/Documents/SQA_Project_2026/workspaces/d4j_suite_eval_p08xnnm0/buggy",
    "fixed": "/Users/fangfang/Documents/SQA_Project_2026/workspaces/d4j_suite_eval_p08xnnm0/fixed"
  }
}
