Project=Lang
Bug=8
Algorithm=BPSO
TargetClass=org.apache.commons.lang3.time.FastDatePrinter
TargetMethod=getTimeZoneDisplay
TriggerTest=Running ant (export.tests.trigger)......................................... OK
org.apache.commons.lang3.time.FastDateFormat_PrinterTest::testCalendarTimezoneRespected
org.apache.commons.lang3.time.FastDatePrinterTest::testCalendarTimezoneRespected
ModifiedSource=org.apache.commons.lang3.time.FastDatePrinter
FixedRevision=04babff3798680e012646988841bcc710a9e3c54
CandidatePool=24
SuiteSize=12
Iterations=5000
Seed=20260923
Generator=GenericCandidateProvider
TriggerInputsCopied=false
TemporaryGeneratorWorkspace=/tmp/sqa_lang_generator_8_BPSO_EOpHnP
GeneratedClass=Lang8GeneratedTestBPSO

============================================================
GENERATION SUCCESS
============================================================
Status : GENERATED
File   : /Users/fangfang/Documents/SQA_Project_2026/automation/runs/Lang/Bug-8/BPSO/generated_test.java
Class  : Lang8GeneratedTestBPSO
Method : getTimeZoneDisplay
============================================================

RETURN_CODE=0
END=Fri Oct  2 07:33:39 PDT 2026
GENERATION SUCCESS
