{
  "project": "Lang",
  "bug_id": "30",
  "method": "SA",
  "generated_test": "/Users/fangfang/Documents/SQA_Project_2026/automation/runs/Lang/Bug-30/SA/generated_test.java",
  "destination": "org/apache/commons/lang3/Lang30GeneratedTestSA.java",
  "status": "DONE",
  "statistics": {
    "total_tests": 12,
    "evaluated_tests": 12,
    "detected_tests": 0,
    "fdr_percent": 0.0,
    "buggy_pass": 12,
    "buggy_fail": 0,
    "buggy_error": 0,
    "fixed_pass": 12,
    "fixed_fail": 0,
    "fixed_error": 0
  },
  "coverage": {
    "buggy": {
      "workspace": "/Users/fangfang/Documents/SQA_Project_2026/workspaces/d4j_suite_eval_ykf0j4wd/buggy",
      "generated_test": "/Users/fangfang/Documents/SQA_Project_2026/automation/runs/Lang/Bug-30/SA/generated_test.java",
      "destination": "org/apache/commons/lang3/Lang30GeneratedTestSA.java",
      "archive": "/Users/fangfang/Documents/SQA_Project_2026/automation/runs/d4j_cov_suite_3eme0yv8/Lang-30b-generated.1.tar.bz2",
      "command_return_code": 0,
      "coverage_time_seconds": 6.39714525,
      "status": "PASS",
      "metrics": {
        "LinesTotal": 1189,
        "LinesCovered": 3,
        "ConditionsTotal": 1055,
        "ConditionsCovered": 2,
        "line_coverage": 0.2523128679562658,
        "branch_coverage": 0.18957345971563982
      },
      "total_time_seconds": 6.39714525
    },
    "fixed": {
      "workspace": "/Users/fangfang/Documents/SQA_Project_2026/workspaces/d4j_suite_eval_ykf0j4wd/fixed",
      "generated_test": "/Users/fangfang/Documents/SQA_Project_2026/automation/runs/Lang/Bug-30/SA/generated_test.java",
      "destination": "org/apache/commons/lang3/Lang30GeneratedTestSA.java",
      "archive": "/Users/fangfang/Documents/SQA_Project_2026/automation/runs/d4j_cov_suite_ldmdgtuc/Lang-30f-generated.1.tar.bz2",
      "command_return_code": 0,
      "coverage_time_seconds": 5.708439374999999,
      "status": "PASS",
      "metrics": {
        "LinesTotal": 1213,
        "LinesCovered": 7,
        "ConditionsTotal": 1087,
        "ConditionsCovered": 5,
        "line_coverage": 0.5770816158285244,
        "branch_coverage": 0.45998160073597055
      },
      "total_time_seconds": 5.708439374999999
    }
  },
  "timing": {
    "generation_seconds": 14.608086,
    "suite_runner_seconds": 33.487435583,
    "compile_buggy_seconds": 8.361310042,
    "compile_fixed_seconds": 3.9263517500000003,
    "execution_buggy_seconds": 10.059344124999996,
    "execution_fixed_seconds": 9.997291249999993,
    "coverage_buggy_seconds": 6.39714525,
    "coverage_fixed_seconds": 5.708439374999999,
    "total_time_seconds": 45.744531333999994
  },
  "evaluation_workspaces": {
    "buggy": "/Users/fangfang/Documents/SQA_Project_2026/workspaces/d4j_suite_eval_ykf0j4wd/buggy",
    "fixed": "/Users/fangfang/Documents/SQA_Project_2026/workspaces/d4j_suite_eval_ykf0j4wd/fixed"
  }
}
