* EvoSuite 1.2.0
* Going to generate test cases for class: com.fasterxml.jackson.core.json.ReaderBasedJsonParser
* Starting Client-0
* Connecting to master process on port 18826
* Analyzing classpath: 
  - /home/acer/SQA/jacksoncore-work/JacksonCore/BPSO_db7ac586/round1/9f/target/classes
  - /home/acer/defects4j/framework/projects/JacksonCore/lib/junit/junit/4.11/junit-4.11.jar
  - /home/acer/defects4j/framework/projects/JacksonCore/lib/org/hamcrest/hamcrest-core/1.3/hamcrest-core-1.3.jar
  - /home/acer/SQA/jacksoncore-work/JacksonCore/BPSO_db7ac586/round1/9f/target/test-classes
  - /home/acer/defects4j/framework/projects/lib/junit-4.12-hamcrest-1.3.jar
  - /home/acer/defects4j/framework/projects/JacksonCore/lib/junit/junit/4.12/junit-4.12.jar
  - /home/acer/defects4j/framework/projects/JacksonCore/lib/junit/junit/4.8.2/junit-4.8.2.jar
[MASTER] 00:54:07.814 [logback-1] WARN  InheritanceTree - Class not in inheritance graph: java.util.Locale$IsoCountryCode
* Finished analyzing classpath
* Generating tests for class com.fasterxml.jackson.core.json.ReaderBasedJsonParser
* Test criteria:
  - Line Coverage
  - Branch Coverage
  - Exception
  - Mutation testing (weak)
  - Method-Output Coverage
  - Top-Level Method Coverage
  - Context Branch Coverage
* Setting up search algorithm for whole suite generation
* Total number of test goals: 
  - Line 1145
  - Branch 978
  - Exception 0
  - MutationFactory 784
  - Output 153
  - Method 42
  - CBranchFitnessFactory 978

[Progress:>                             0%] [Cov:>                                  0%]* Using seed 20260930
* Starting evolution

[Progress:>                             3%] [Cov:>                                  1%]
[Progress:>                             3%] [Cov:=====>                             15%]
[Progress:>                             3%] [Cov:=====>                             16%]
[Progress:=>                            6%] [Cov:====>                              14%]
[Progress:=>                            6%] [Cov:=====>                             17%]
[Progress:=>                            6%] [Cov:======>                            18%]
[Progress:===>                          10%] [Cov:>                                  1%]
[Progress:===>                          10%] [Cov:>                                  2%]
[Progress:===>                          10%] [Cov:=====>                             17%]
[Progress:===>                          10%] [Cov:=======>                           20%]
[Progress:===>                          13%] [Cov:>                                  1%]
[Progress:===>                          13%] [Cov:>                                  2%]
[Progress:===>                          13%] [Cov:=====>                             16%]
[Progress:===>                          13%] [Cov:=====>                             17%]
[Progress:===>                          13%] [Cov:=======>                           20%]
[Progress:====>                         16%] [Cov:=======>                           20%]
[Progress:====>                         16%] [Cov:=======>                           21%]
[Progress:====>                         16%] [Cov:============>                      35%][MASTER] 00:54:13.811 [logback-1] WARN  TestChromosome - Functional mock problem: org.evosuite.ga.ConstructionFailedException: Failed to add constructor for com.fasterxml.jackson.core.io.IOContext due to org.evosuite.ga.ConstructionFailedException: Failed to add constructor for com.fasterxml.jackson.core.json.ReaderBasedJsonParser due to org.evosuite.ga.ConstructionFailedException: Have no generator for class com.fasterxml.jackson.core.io.IOContext canUseFunctionalMocks=false, canBeMocked: true

[Progress:======>                       20%] [Cov:=====>                             15%]
[Progress:======>                       20%] [Cov:=======>                           21%]
[Progress:======>                       20%] [Cov:=======>                           22%]
[Progress:======>                       20%] [Cov:========>                          23%]
[Progress:======>                       20%] [Cov:===========>                       33%]
[Progress:======>                       23%] [Cov:========>                          23%]
[Progress:======>                       23%] [Cov:============>                      36%]
[Progress:======>                       23%] [Cov:========>                          23%]BPSO iteration=1 bestFitness=9117.356094502175 population=30 inertia=0.72

[Progress:=======>                      26%] [Cov:========>                          23%]
[Progress:=======>                      26%] [Cov:========>                          24%]
[Progress:=======>                      26%] [Cov:===========>                       34%]
[Progress:=========>                    30%] [Cov:========>                          24%]
[Progress:=========>                    30%] [Cov:============>                      35%]
[Progress:=========>                    30%] [Cov:========>                          24%]BPSO iteration=2 bestFitness=8901.726838640316 population=30 inertia=0.72

[Progress:=========>                    33%] [Cov:========>                          24%]
[Progress:=========>                    33%] [Cov:========>                          25%]
[Progress:=========>                    33%] [Cov:============>                      36%]
[Progress:==========>                   36%] [Cov:========>                          25%]
[Progress:==========>                   36%] [Cov:=========>                         26%]
[Progress:==========>                   36%] [Cov:===========>                       34%]
[Progress:============>                 40%] [Cov:=========>                         26%]
[Progress:============>                 40%] [Cov:=========>                         26%]BPSO iteration=3 bestFitness=8590.176456028808 population=30 inertia=0.72

[Progress:============>                 40%] [Cov:=============>                     39%]
[Progress:============>                 43%] [Cov:=========>                         26%]
[Progress:============>                 43%] [Cov:=========>                         27%]
[Progress:=============>                46%] [Cov:=========>                         27%]
[Progress:=============>                46%] [Cov:=========>                         28%]
[Progress:=============>                46%] [Cov:============>                      36%]
[Progress:===============>              50%] [Cov:=========>                         28%]
[Progress:===============>              50%] [Cov:==========>                        29%]
[Progress:===============>              50%] [Cov:============>                      36%]
[Progress:===============>              50%] [Cov:==========>                        29%]BPSO iteration=4 bestFitness=8271.077089436898 population=30 inertia=0.72

[Progress:===============>              53%] [Cov:======>                            19%]
[Progress:===============>              53%] [Cov:==========>                        29%]
[Progress:================>             56%] [Cov:==========>                        29%]
[Progress:================>             56%] [Cov:============>                      36%]
[Progress:================>             56%] [Cov:============>                      37%]
[Progress:==================>           60%] [Cov:==========>                        29%]
[Progress:==================>           63%] [Cov:==========>                        29%]
[Progress:==================>           63%] [Cov:==========>                        30%]
[Progress:==================>           63%] [Cov:==========>                        30%]BPSO iteration=5 bestFitness=8218.49466376964 population=30 inertia=0.72

[Progress:===================>          66%] [Cov:==========>                        30%]
[Progress:===================>          66%] [Cov:=============>                     38%]
[Progress:=====================>        70%] [Cov:==========>                        30%]
[Progress:=====================>        73%] [Cov:==========>                        30%]
[Progress:=====================>        73%] [Cov:============>                      35%]
[Progress:=====================>        73%] [Cov:==========>                        30%]
[Progress:======================>       76%] [Cov:==========>                        30%]
[Progress:======================>       76%] [Cov:===========>                       33%]
[Progress:========================>     80%] [Cov:==========>                        31%]
[Progress:========================>     83%] [Cov:==========>                        31%]
[Progress:=========================>    86%] [Cov:==========>                        31%]
[Progress:=========================>    86%] [Cov:===========>                       34%]
[Progress:=========================>    86%] [Cov:==========>                        31%]
[Progress:===========================>  90%] [Cov:==========>                        31%]
[Progress:===========================>  93%] [Cov:==========>                        31%]
[Progress:===========================>  93%] [Cov:============>                      35%]
[Progress:============================> 96%] [Cov:==========>                        31%]
[Progress:============================> 96%] [Cov:===========>                       32%]
[Progress:============================> 96%] [Cov:============>                      36%]
[Progress:============================> 96%] [Cov:==========>                        31%]
[Progress:==============================100%] [Cov:==========>                        31%]
[Progress:==============================100%] [Cov:===========>                       32%]
[Progress:==============================100%] [Cov:===========>                       32%]
[Progress:==============================100%] [Cov:==>                                6%]
[Progress:==============================100%] [Cov:============>                      37%]
[Progress:==============================100%] [Cov:===========>                       33%]
[Progress:==============================100%] [Cov:===========>                       33%]
[Progress:==============================100%] [Cov:==============>                    42%]
* Search finished after 35s and 9 generations, 15919 statements, best individual has fitness: 7076.916771068147
[MASTER] 00:54:42.867 [logback-1] WARN  TimeController - Phase SEARCH lasted too long, 4 seconds more than allowed.
* Minimizing test suite
* Going to analyze the coverage criteria
* Coverage analysis for criterion LINE
* Coverage of criterion LINE: 30%
* Total number of goals: 1145
* Number of covered goals: 340
* Coverage analysis for criterion BRANCH
* Coverage of criterion BRANCH: 25%
* Total number of goals: 978
* Number of covered goals: 245
* Coverage analysis for criterion EXCEPTION
* Coverage of criterion EXCEPTION: 100%
* Total number of goals: 54
* Number of covered goals: 54
* Coverage analysis for criterion WEAKMUTATION
* Coverage of criterion WEAKMUTATION: 22%
* Total number of goals: 784
* Number of covered goals: 174
* Coverage analysis for criterion OUTPUT
* Coverage of criterion OUTPUT: 17%
* Total number of goals: 153
* Number of covered goals: 26
* Coverage analysis for criterion METHOD
* Coverage of criterion METHOD: 95%
* Total number of goals: 42
* Number of covered goals: 40
* Coverage analysis for criterion CBRANCH
* Coverage of criterion CBRANCH: 24%
* Total number of goals: 978
* Number of covered goals: 237
* Generated 93 tests with total length 680
* Resulting test suite's coverage: 42% (average coverage for all fitness functions)
* Generating assertions
* Resulting test suite's mutation score: 3%
* Property NO_RUNTIME_DEPENDENCY is set to true - skipping JUnit compile check
* WARNING: Not including the runtime dependencies is likely to lead to flaky tests!
* Writing tests to file
* Writing JUnit test case 'ReaderBasedJsonParser_ESTest' to /home/acer/SQA/all-in-one-results/JacksonCore/BPSO_db7ac586/round1/JacksonCore-9/generation/com_fasterxml_jackson_core_json_ReaderBasedJsonParser/evosuite-tests
* Done!

* Computation finished
