Extract test suite......................................................... OK
Running ant (compile.gen.tests)............................................ OK
Running ant (run.gen.tests)................................................ OK
Failing tests: 16
  - com.fasterxml.jackson.core.sym.ByteQuadsCanonicalizer_ESTest::test01
  - com.fasterxml.jackson.core.sym.ByteQuadsCanonicalizer_ESTest::test05
  - com.fasterxml.jackson.core.sym.ByteQuadsCanonicalizer_ESTest::test08
  - com.fasterxml.jackson.core.sym.ByteQuadsCanonicalizer_ESTest::test09
  - com.fasterxml.jackson.core.sym.ByteQuadsCanonicalizer_ESTest::test10
  - com.fasterxml.jackson.core.sym.ByteQuadsCanonicalizer_ESTest::test11
  - com.fasterxml.jackson.core.sym.ByteQuadsCanonicalizer_ESTest::test13
  - com.fasterxml.jackson.core.sym.ByteQuadsCanonicalizer_ESTest::test15
  - com.fasterxml.jackson.core.sym.ByteQuadsCanonicalizer_ESTest::test18
  - com.fasterxml.jackson.core.sym.ByteQuadsCanonicalizer_ESTest::test31
  - com.fasterxml.jackson.core.sym.ByteQuadsCanonicalizer_ESTest::test35
  - com.fasterxml.jackson.core.sym.ByteQuadsCanonicalizer_ESTest::test36
  - com.fasterxml.jackson.core.sym.ByteQuadsCanonicalizer_ESTest::test40
  - com.fasterxml.jackson.core.sym.ByteQuadsCanonicalizer_ESTest::test42
  - com.fasterxml.jackson.core.sym.ByteQuadsCanonicalizer_ESTest::test58
  - com.fasterxml.jackson.core.sym.ByteQuadsCanonicalizer_ESTest::test66
