Extract test suite......................................................... OK
Running ant (compile.gen.tests)............................................ FAIL
Executed command:  cd /home/acer/SQA/cli-work/Cli/BPSO_db7ac586/round1/23f && ant -f /home/acer/defects4j/framework/projects/defects4j.build.xml -Dd4j.home=/home/acer/defects4j -Dd4j.dir.projects=/home/acer/defects4j/framework/projects -Dbasedir=/home/acer/SQA/cli-work/Cli/BPSO_db7ac586/round1/23f -Dd4j.test.dir=/home/acer/SQA/cli-work/Cli/BPSO_db7ac586/round1/23f/.test_suite compile.gen.tests 2>&1
Buildfile: /home/acer/defects4j/framework/projects/defects4j.build.xml

test-offline:

get-deps:

commons-cli-from-maven.compile:
    [javac] /home/acer/SQA/cli-work/Cli/BPSO_db7ac586/round1/23f/maven-build.xml:74: warning: 'includeantruntime' was not set, defaulting to build.sysclasspath=last; set to false for repeatable builds

compile:

compile.gen.tests:
     [echo] classes.dir: target/classes
     [echo] build.home: target/classes/..
   [delete] Deleting directory /home/acer/SQA/cli-work/Cli/BPSO_db7ac586/round1/23f/.classes_testgen
    [mkdir] Created dir: /home/acer/SQA/cli-work/Cli/BPSO_db7ac586/round1/23f/.classes_testgen
    [javac] /home/acer/defects4j/framework/projects/defects4j.build.xml:268: warning: 'includeantruntime' was not set, defaulting to build.sysclasspath=last; set to false for repeatable builds
    [javac] Compiling 1 source file to /home/acer/SQA/cli-work/Cli/BPSO_db7ac586/round1/23f/.classes_testgen
    [javac] /home/acer/SQA/cli-work/Cli/BPSO_db7ac586/round1/23f/.test_suite/org/apache/commons/cli/HelpFormatter_ESTest.java:670: error: cannot find symbol
    [javac]     Future<?> future = executor.submit(new Runnable(){ 
    [javac]                        ^
    [javac]   symbol:   variable executor
    [javac]   location: class HelpFormatter_ESTest
    [javac] Note: /home/acer/SQA/cli-work/Cli/BPSO_db7ac586/round1/23f/.test_suite/org/apache/commons/cli/HelpFormatter_ESTest.java uses or overrides a deprecated API.
    [javac] Note: Recompile with -Xlint:deprecation for details.
    [javac] Note: /home/acer/SQA/cli-work/Cli/BPSO_db7ac586/round1/23f/.test_suite/org/apache/commons/cli/HelpFormatter_ESTest.java uses unchecked or unsafe operations.
    [javac] Note: Recompile with -Xlint:unchecked for details.
    [javac] 1 error

BUILD FAILED
/home/acer/defects4j/framework/projects/defects4j.build.xml:268: Compile failed; see the compiler error output for details.

Total time: 3 seconds
Cannot compile extracted test suite! at /home/acer/defects4j/framework/bin/d4j/d4j-test line 126.
Compilation failed in require at /home/acer/defects4j/framework/bin/defects4j line 195.
