* EvoSuite 1.2.0
* Going to generate test cases for class: org.apache.commons.csv.CSVFormat
* Starting Client-0
* Connecting to master process on port 18826
* Analyzing classpath: 
  - /home/acer/SQA/cli-work/Csv/BPSO_db7ac586/round1/12f/target/classes
  - /home/acer/defects4j/framework/projects/Csv/lib/junit/junit/4.11/junit-4.11.jar
  - /home/acer/defects4j/framework/projects/Csv/lib/org/hamcrest/hamcrest-core/1.3/hamcrest-core-1.3.jar
  - /home/acer/defects4j/framework/projects/Csv/lib/commons-io/commons-io/2.4/commons-io-2.4.jar
  - /home/acer/defects4j/framework/projects/Csv/lib/com/h2database/h2/1.4.181/h2-1.4.181.jar
  - /home/acer/SQA/cli-work/Csv/BPSO_db7ac586/round1/12f/target/test-classes
  - /home/acer/defects4j/framework/projects/lib/junit-4.12-hamcrest-1.3.jar
  - /home/acer/defects4j/framework/projects/Csv/lib/com/csvreader/1.0/javacsv.jar
  - /home/acer/defects4j/framework/projects/Csv/lib/com/generationjava/io/1.0/gj-csv-1.0.jar
  - /home/acer/defects4j/framework/projects/Csv/lib/com/h2database/h2/1.3.168/h2-1.3.168.jar
  - /home/acer/defects4j/framework/projects/Csv/lib/com/h2database/h2/1.4.180/h2-1.4.180.jar
  - /home/acer/defects4j/framework/projects/Csv/lib/com/h2database/h2/1.4.182/h2-1.4.182.jar
  - /home/acer/defects4j/framework/projects/Csv/lib/com/h2database/h2/1.4.196/h2-1.4.196.jar
  - /home/acer/defects4j/framework/projects/Csv/lib/com/h2database/h2/1.4.198/h2-1.4.198.jar
  - /home/acer/defects4j/framework/projects/Csv/lib/com/opencsv/4.0/opencsv-4.0.jar
  - /home/acer/defects4j/framework/projects/Csv/lib/commons-io/commons-io/2.2/commons-io-2.2.jar
  - /home/acer/defects4j/framework/projects/Csv/lib/commons-io/commons-io/2.5/commons-io-2.5.jar
  - /home/acer/defects4j/framework/projects/Csv/lib/commons-io/commons-io/2.6/commons-io-2.6.jar
  - /home/acer/defects4j/framework/projects/Csv/lib/junit/junit/3.8.1/junit-3.8.1.jar
  - /home/acer/defects4j/framework/projects/Csv/lib/junit/junit/4.10/junit-4.10.jar
  - /home/acer/defects4j/framework/projects/Csv/lib/junit/junit/4.12/junit-4.12.jar
  - /home/acer/defects4j/framework/projects/Csv/lib/org/apache/commons/commons-lang3/3.4/commons-lang3-3.4.jar
  - /home/acer/defects4j/framework/projects/Csv/lib/org/apache/commons/commons-lang3/3.6/commons-lang3-3.6.jar
  - /home/acer/defects4j/framework/projects/Csv/lib/org/apache/commons/commons-lang3/3.7/commons-lang3-3.7.jar
  - /home/acer/defects4j/framework/projects/Csv/lib/org/apache/commons/commons-lang3/3.8.1/commons-lang3-3.8.1.jar
  - /home/acer/defects4j/framework/projects/Csv/lib/org/hamcrest/hamcrest-core/1.1/hamcrest-core-1.1.jar
  - /home/acer/defects4j/framework/projects/Csv/lib/org/mockito/mockito-all/1.10.19/mockito-all-1.10.19.jar
  - /home/acer/defects4j/framework/projects/Csv/lib/org/mockito/mockito-all/1.9.5/mockito-all-1.9.5.jar
  - /home/acer/defects4j/framework/projects/Csv/lib/org/openjdk/jmh/1.21/jmh-core-1.21.jar
  - /home/acer/defects4j/framework/projects/Csv/lib/org/skife/csv/1.0/csv-1.0.jar
  - /home/acer/defects4j/framework/projects/Csv/lib/org/supercsv/2.4.0/super-csv-2.4.0.jar
[MASTER] 05:49:47.437 [logback-1] WARN  InheritanceTree - Class not in inheritance graph: java.util.Locale$IsoCountryCode
* Finished analyzing classpath
* Generating tests for class org.apache.commons.csv.CSVFormat
* Test criteria:
  - Line Coverage
  - Branch Coverage
  - Exception
  - Mutation testing (weak)
  - Method-Output Coverage
  - Top-Level Method Coverage
  - Context Branch Coverage
* Setting up search algorithm for whole suite generation
* Total number of test goals: 
  - Line 172
  - Branch 167
  - Exception 0
  - MutationFactory 463
  - Output 345
  - Method 39
  - CBranchFitnessFactory 167

[Progress:>                             0%] [Cov:>                                  0%]* Using seed 20260930
* Starting evolution

[Progress:>                             0%] [Cov:==>                                7%]
[Progress:>                             0%] [Cov:====>                              14%]
[Progress:>                             0%] [Cov:=========>                         28%]
[Progress:>                             0%] [Cov:============>                      36%]
[Progress:>                             0%] [Cov:==============>                    41%]
[Progress:>                             0%] [Cov:=================>                 50%]
[Progress:>                             0%] [Cov:==================>                54%]
[Progress:>                             3%] [Cov:=============>                     39%]
[Progress:>                             3%] [Cov:===============>                   43%]
[Progress:>                             3%] [Cov:=================>                 50%]
[Progress:>                             3%] [Cov:==================>                52%]
[Progress:>                             3%] [Cov:=====================>             61%]
[Progress:>                             3%] [Cov:=======================>           66%]
[Progress:=>                            6%] [Cov:==>                                8%]
[Progress:=>                            6%] [Cov:=====>                             16%]
[Progress:=>                            6%] [Cov:==========>                        30%]
[Progress:=>                            6%] [Cov:===============>                   43%]
[Progress:=>                            6%] [Cov:================>                  48%]
[Progress:=>                            6%] [Cov:===================>               55%]
[Progress:=>                            6%] [Cov:====================>              59%]
[Progress:=>                            6%] [Cov:=======================>           66%]
[Progress:=>                            6%] [Cov:=========================>         72%]
[Progress:=>                            6%] [Cov:===========================>       78%]
[Progress:===>                          10%] [Cov:===================>               57%]
[Progress:===>                          10%] [Cov:====================>              58%]
[Progress:===>                          10%] [Cov:=====================>             60%]
[Progress:===>                          10%] [Cov:======================>            63%]
[Progress:===>                          10%] [Cov:========================>          71%]
[Progress:===>                          10%] [Cov:=========================>         72%]
[Progress:===>                          10%] [Cov:=========================>         73%]
[Progress:===>                          13%] [Cov:===============>                   45%]
[Progress:===>                          13%] [Cov:=====================>             61%]
[Progress:===>                          13%] [Cov:=========================>         73%]
[Progress:===>                          13%] [Cov:=========================>         74%]
[Progress:====>                         16%] [Cov:=========================>         74%]
[Progress:====>                         16%] [Cov:=========================>         74%]BPSO iteration=1 bestFitness=392.31111111111113 population=30 inertia=0.72

[Progress:======>                       20%] [Cov:=========================>         74%]
[Progress:======>                       20%] [Cov:==========================>        75%]
[Progress:======>                       20%] [Cov:==========================>        76%]
[Progress:======>                       23%] [Cov:==========================>        76%]
[Progress:======>                       23%] [Cov:==========================>        77%]
[Progress:=======>                      26%] [Cov:===========================>       78%]
[Progress:=========>                    30%] [Cov:===========================>       78%]
[Progress:=========>                    33%] [Cov:===========================>       78%]
[Progress:==========>                   36%] [Cov:=========================>         74%]
[Progress:==========>                   36%] [Cov:===========================>       79%]
[Progress:==========>                   36%] [Cov:============================>      80%]
[Progress:==========>                   36%] [Cov:============================>      80%]BPSO iteration=2 bestFitness=298.3030303030303 population=30 inertia=0.72

[Progress:============>                 40%] [Cov:============================>      80%]
[Progress:============>                 43%] [Cov:============================>      80%]
[Progress:=============>                46%] [Cov:============================>      80%]
[Progress:===============>              50%] [Cov:============================>      81%]
[Progress:===============>              50%] [Cov:============================>      80%]BPSO iteration=3 bestFitness=291.30208333333337 population=30 inertia=0.72

[Progress:===============>              50%] [Cov:============================>      81%]
[Progress:===============>              53%] [Cov:============================>      81%]
[Progress:===============>              53%] [Cov:============================>      82%]
[Progress:================>             56%] [Cov:============================>      82%]
[Progress:==================>           60%] [Cov:============================>      81%]
[Progress:==================>           60%] [Cov:============================>      82%]
[Progress:==================>           63%] [Cov:============================>      82%]
[Progress:===================>          66%] [Cov:============================>      82%]
[Progress:===================>          66%] [Cov:============================>      82%]BPSO iteration=4 bestFitness=266.2962962962963 population=30 inertia=0.72

[Progress:=====================>        70%] [Cov:============================>      82%]
[Progress:=====================>        73%] [Cov:============================>      82%]
[Progress:======================>       76%] [Cov:============================>      82%]
[Progress:======================>       76%] [Cov:=============================>     83%]
[Progress:========================>     80%] [Cov:=============================>     83%]
[Progress:========================>     80%] [Cov:=============================>     83%]BPSO iteration=5 bestFitness=258.21153846153845 population=30 inertia=0.72

[Progress:========================>     83%] [Cov:=============================>     83%]
[Progress:=========================>    86%] [Cov:============================>      82%]
[Progress:=========================>    86%] [Cov:=============================>     83%]
[Progress:===========================>  90%] [Cov:=============================>     83%]
[Progress:===========================>  93%] [Cov:============================>      82%]
[Progress:===========================>  93%] [Cov:=============================>     83%]
[Progress:============================> 96%] [Cov:=============================>     83%]
[Progress:============================> 96%] [Cov:=============================>     83%]
[Progress:==============================100%] [Cov:=============================>     83%]
[Progress:==============================100%] [Cov:=============================>     83%]
[Progress:==============================100%] [Cov:=============================>     83%]
[Progress:==============================100%] [Cov:=============================>     83%]
[Progress:==============================100%] [Cov:=============================>     83%]
[Progress:==============================100%] [Cov:===============================>   91%]
* Search finished after 34s and 7 generations, 13477 statements, best individual has fitness: 122.50892857142857
[MASTER] 05:50:22.269 [logback-1] WARN  TimeController - Phase SEARCH lasted too long, 4 seconds more than allowed.
* Minimizing test suite
* Going to analyze the coverage criteria
* Coverage analysis for criterion LINE
* Coverage of criterion LINE: 91%
* Total number of goals: 172
* Number of covered goals: 157
* Coverage analysis for criterion BRANCH
* Coverage of criterion BRANCH: 89%
* Total number of goals: 167
* Number of covered goals: 148
* Coverage analysis for criterion EXCEPTION
* Coverage of criterion EXCEPTION: 100%
* Total number of goals: 13
* Number of covered goals: 13
* Coverage analysis for criterion WEAKMUTATION
* Coverage of criterion WEAKMUTATION: 97%
* Total number of goals: 463
* Number of covered goals: 449
* Coverage analysis for criterion OUTPUT
* Coverage of criterion OUTPUT: 88%
* Total number of goals: 345
* Number of covered goals: 302
* Coverage analysis for criterion METHOD
* Coverage of criterion METHOD: 100%
* Total number of goals: 39
* Number of covered goals: 39
* Coverage analysis for criterion CBRANCH
* Coverage of criterion CBRANCH: 89%
* Total number of goals: 167
* Number of covered goals: 148
* Generated 136 tests with total length 408
* Resulting test suite's coverage: 92% (average coverage for all fitness functions)
* Generating assertions
* Resulting test suite's mutation score: 44%
* Property NO_RUNTIME_DEPENDENCY is set to true - skipping JUnit compile check
* WARNING: Not including the runtime dependencies is likely to lead to flaky tests!
* Permissions denied during test execution: 
  - java.lang.RuntimePermission: 
         writeFileDescriptor: 14
* Writing tests to file
* Writing JUnit test case 'CSVFormat_ESTest' to /home/acer/SQA/all-in-one-results/Csv/BPSO_db7ac586/round1/Csv-12/generation/org_apache_commons_csv_CSVFormat/evosuite-tests
* Done!

* Computation finished
