{
  "project": "Lang",
  "bug_id": "35",
  "method": "SA",
  "generated_test": "/Users/fangfang/Documents/SQA_Project_2026/automation/runs/Lang/Bug-35/SA/generated_test.java",
  "destination": "org/apache/commons/lang3/Lang35GeneratedTestSA.java",
  "status": "DONE",
  "statistics": {
    "total_tests": 12,
    "evaluated_tests": 12,
    "detected_tests": 0,
    "fdr_percent": 0.0,
    "buggy_pass": 12,
    "buggy_fail": 0,
    "buggy_error": 0,
    "fixed_pass": 12,
    "fixed_fail": 0,
    "fixed_error": 0
  },
  "coverage": {
    "buggy": {
      "workspace": "/Users/fangfang/Documents/SQA_Project_2026/workspaces/d4j_suite_eval_vpwvo37d/buggy",
      "generated_test": "/Users/fangfang/Documents/SQA_Project_2026/automation/runs/Lang/Bug-35/SA/generated_test.java",
      "destination": "org/apache/commons/lang3/Lang35GeneratedTestSA.java",
      "archive": "/Users/fangfang/Documents/SQA_Project_2026/automation/runs/d4j_cov_suite__qt89l9e/Lang-35b-generated.1.tar.bz2",
      "command_return_code": 0,
      "coverage_time_seconds": 5.606296875,
      "status": "PASS",
      "metrics": {
        "LinesTotal": 964,
        "LinesCovered": 27,
        "ConditionsTotal": 806,
        "ConditionsCovered": 1,
        "line_coverage": 2.8008298755186725,
        "branch_coverage": 0.12406947890818859
      },
      "total_time_seconds": 5.606296875
    },
    "fixed": {
      "workspace": "/Users/fangfang/Documents/SQA_Project_2026/workspaces/d4j_suite_eval_vpwvo37d/fixed",
      "generated_test": "/Users/fangfang/Documents/SQA_Project_2026/automation/runs/Lang/Bug-35/SA/generated_test.java",
      "destination": "org/apache/commons/lang3/Lang35GeneratedTestSA.java",
      "archive": "/Users/fangfang/Documents/SQA_Project_2026/automation/runs/d4j_cov_suite_3t511rgn/Lang-35f-generated.1.tar.bz2",
      "command_return_code": 0,
      "coverage_time_seconds": 5.630307,
      "status": "PASS",
      "metrics": {
        "LinesTotal": 964,
        "LinesCovered": 27,
        "ConditionsTotal": 806,
        "ConditionsCovered": 1,
        "line_coverage": 2.8008298755186725,
        "branch_coverage": 0.12406947890818859
      },
      "total_time_seconds": 5.630307
    }
  },
  "timing": {
    "generation_seconds": 11.530227,
    "suite_runner_seconds": 31.001603125,
    "compile_buggy_seconds": 5.506621666999999,
    "compile_fixed_seconds": 3.881797542,
    "execution_buggy_seconds": 10.500018125,
    "execution_fixed_seconds": 10.561943168000004,
    "coverage_buggy_seconds": 5.606296875,
    "coverage_fixed_seconds": 5.630307,
    "total_time_seconds": 42.383476875
  },
  "evaluation_workspaces": {
    "buggy": "/Users/fangfang/Documents/SQA_Project_2026/workspaces/d4j_suite_eval_vpwvo37d/buggy",
    "fixed": "/Users/fangfang/Documents/SQA_Project_2026/workspaces/d4j_suite_eval_vpwvo37d/fixed"
  }
}
