* EvoSuite 1.2.0
* Going to generate test cases for class: org.apache.commons.cli.GnuParser
* Starting Client-0
* Connecting to master process on port 18828
* Analyzing classpath: 
  - /home/acer/SQA/cli-work/Cli/BPSO_db7ac586/round1/12f/target/classes
  - /home/acer/SQA/cli-work/Cli/BPSO_db7ac586/round1/12f/target/lib/junit-3.8.1.jar
  - /home/acer/SQA/cli-work/Cli/BPSO_db7ac586/round1/12f/target/test-classes
  - /home/acer/defects4j/framework/projects/Cli/lib/org/hamcrest/hamcrest-core/1.3/hamcrest-core-1.3.jar
[MASTER] 22:38:43.375 [logback-1] WARN  InheritanceTree - Class not in inheritance graph: java.io.ObjectInputFilter
[MASTER] 22:38:43.557 [logback-1] WARN  InheritanceTree - Class not in inheritance graph: java.util.Locale$IsoCountryCode
* Finished analyzing classpath
* Generating tests for class org.apache.commons.cli.GnuParser
* Test criteria:
  - Line Coverage
  - Branch Coverage
  - Exception
  - Mutation testing (weak)
  - Method-Output Coverage
  - Top-Level Method Coverage
  - Context Branch Coverage
* Setting up search algorithm for whole suite generation
* Total number of test goals: 
  - Line 28
  - Branch 21
  - Exception 0
  - MutationFactory 71
  - Output 3
  - Method 2
  - CBranchFitnessFactory 21
* Using seed 20260930
* Starting evolution

[Progress:>                             0%] [Cov:>                                  0%]
[Progress:>                             3%] [Cov:==>                                6%]
[Progress:>                             3%] [Cov:===>                               11%]
[Progress:>                             3%] [Cov:========>                          25%]
[Progress:>                             3%] [Cov:==========>                        30%]
[Progress:>                             3%] [Cov:===============>                   43%]
[Progress:>                             3%] [Cov:================>                  47%]
[Progress:=>                            6%] [Cov:>                                  0%]
[Progress:=>                            6%] [Cov:====>                              14%]
[Progress:=>                            6%] [Cov:========>                          25%]
[Progress:=>                            6%] [Cov:==========>                        30%]
[Progress:=>                            6%] [Cov:===============>                   43%]
[Progress:=>                            6%] [Cov:================>                  47%]
[Progress:=>                            6%] [Cov:================>                  48%]
[Progress:===>                          10%] [Cov:==>                                7%]
[Progress:===>                          10%] [Cov:====>                              13%]
[Progress:===>                          10%] [Cov:=========>                         28%]
[Progress:===>                          10%] [Cov:===========>                       34%]
[Progress:===>                          10%] [Cov:================>                  46%]
[Progress:===>                          10%] [Cov:==================>                52%]
[Progress:===>                          10%] [Cov:===================>               56%]
[Progress:===>                          10%] [Cov:=====================>             62%]
[Progress:===>                          13%] [Cov:=>                                 5%]
[Progress:===>                          13%] [Cov:===>                               10%]
[Progress:===>                          13%] [Cov:========>                          24%]
[Progress:===>                          13%] [Cov:=========>                         28%]
[Progress:===>                          13%] [Cov:==============>                    41%]
[Progress:===>                          13%] [Cov:===============>                   45%]
[Progress:===>                          13%] [Cov:================>                  48%]
[Progress:===>                          13%] [Cov:===================>               55%]
[Progress:====>                         16%] [Cov:================>                  48%]
[Progress:====>                         16%] [Cov:=================>                 51%]
[Progress:====>                         16%] [Cov:===================>               55%]
[Progress:====>                         16%] [Cov:=====================>             60%]
[Progress:====>                         16%] [Cov:=====================>             62%]
[Progress:======>                       20%] [Cov:==================>                53%]
[Progress:======>                       20%] [Cov:=======================>           68%]
[Progress:======>                       23%] [Cov:========================>          71%]
[Progress:======>                       23%] [Cov:===========================>       79%]
[Progress:=======>                      26%] [Cov:=======>                           20%]
[Progress:=======>                      26%] [Cov:=====================>             62%]
[Progress:=======>                      26%] [Cov:=====================>             62%]BPSO iteration=1 bestFitness=95.91666650471134 population=30 inertia=0.72

[Progress:=======>                      26%] [Cov:======================>            63%]
[Progress:=======>                      26%] [Cov:======================>            64%]
[Progress:=========>                    30%] [Cov:======================>            64%]
[Progress:=========>                    30%] [Cov:=======================>           68%]
[Progress:=========>                    30%] [Cov:==========================>        76%]
[Progress:=========>                    30%] [Cov:======================>            64%]BPSO iteration=2 bestFitness=88.90909079643802 population=30 inertia=0.72

[Progress:=========>                    30%] [Cov:======================>            65%]
[Progress:=========>                    33%] [Cov:=====================>             62%]
[Progress:=========>                    33%] [Cov:======================>            64%]
[Progress:=========>                    33%] [Cov:=======================>           68%]
[Progress:=========>                    33%] [Cov:========================>          71%]
[Progress:=========>                    33%] [Cov:===========================>       79%]
[Progress:=========>                    33%] [Cov:=======================>           68%]BPSO iteration=3 bestFitness=72.8999998642146 population=30 inertia=0.72

[Progress:=========>                    33%] [Cov:==========================>        75%]
[Progress:=========>                    33%] [Cov:============================>      82%]
[Progress:==========>                   36%] [Cov:========================>          71%]
[Progress:==========>                   36%] [Cov:===========================>       79%]
[Progress:==========>                   36%] [Cov:========================>          71%]BPSO iteration=4 bestFitness=61.87499989718199 population=30 inertia=0.72

[Progress:==========>                   36%] [Cov:=========================>         72%]
[Progress:==========>                   36%] [Cov:==========================>        75%]
[Progress:==========>                   36%] [Cov:===========================>       79%]
[Progress:==========>                   36%] [Cov:============================>      80%]
[Progress:============>                 40%] [Cov:============================>      80%]
[Progress:============>                 40%] [Cov:============================>      80%]BPSO iteration=5 bestFitness=41.87499965590458 population=30 inertia=0.72

[Progress:============>                 43%] [Cov:===========================>       78%]
[Progress:============>                 43%] [Cov:============================>      80%]
[Progress:============>                 43%] [Cov:============================>      80%]
[Progress:=============>                46%] [Cov:============================>      80%]
[Progress:=============>                46%] [Cov:============================>      80%]
[Progress:=============>                46%] [Cov:============================>      81%]
[Progress:=============>                46%] [Cov:============================>      82%]
[Progress:=============>                46%] [Cov:=============================>     83%][MASTER] 22:38:58.510 [logback-1] WARN  TestCluster - Failed to check cache for java.util.function.Predicate<T> : Type points to itself

[Progress:=============>                46%] [Cov:=============================>     83%]
[Progress:===============>              50%] [Cov:====>                              14%]
[Progress:===============>              50%] [Cov:=============>                     39%]
[Progress:===============>              50%] [Cov:=============================>     83%]
[Progress:===============>              50%] [Cov:=============================>     83%]
[Progress:===============>              53%] [Cov:=============================>     83%]
[Progress:===============>              53%] [Cov:=============================>     83%]
[Progress:================>             56%] [Cov:=============================>     83%]
[Progress:================>             56%] [Cov:=============================>     83%]
[Progress:==================>           60%] [Cov:=============================>     83%]
[Progress:==================>           60%] [Cov:=============================>     83%]
[Progress:==================>           60%] [Cov:==============================>    86%]
[Progress:==================>           63%] [Cov:=======================>           67%]
[Progress:==================>           63%] [Cov:==========================>        76%]
[Progress:==================>           63%] [Cov:=============================>     83%]
[Progress:==================>           63%] [Cov:=============================>     83%]
[Progress:==================>           63%] [Cov:=============================>     83%]
[Progress:===================>          66%] [Cov:============================>      82%]
[Progress:===================>          66%] [Cov:=============================>     83%]
[Progress:===================>          66%] [Cov:=============================>     83%]
[Progress:===================>          66%] [Cov:=============================>     83%]
[Progress:===================>          66%] [Cov:=============================>     83%]
[Progress:=====================>        70%] [Cov:======================>            64%]
[Progress:=====================>        70%] [Cov:=========================>         73%]
[Progress:=====================>        70%] [Cov:=============================>     83%]
[Progress:=====================>        70%] [Cov:=============================>     83%]
[Progress:=====================>        70%] [Cov:=============================>     83%]
[Progress:=====================>        73%] [Cov:=============================>     83%]
[Progress:=====================>        73%] [Cov:=============================>     83%]BPSO iteration=20 bestFitness=33.833332779968295 population=30 inertia=0.72

[Progress:=====================>        73%] [Cov:=============================>     84%]
[Progress:=====================>        73%] [Cov:=============================>     83%]
[Progress:======================>       76%] [Cov:=============================>     83%]
[Progress:======================>       76%] [Cov:=============================>     83%]
[Progress:======================>       76%] [Cov:=============================>     83%]
[Progress:========================>     80%] [Cov:=============================>     83%]
[Progress:========================>     80%] [Cov:=============================>     83%]
[Progress:========================>     80%] [Cov:=============================>     83%]
[Progress:========================>     83%] [Cov:=============================>     83%]
[Progress:========================>     83%] [Cov:=============================>     83%]
[Progress:=========================>    86%] [Cov:=============================>     83%]
[Progress:=========================>    86%] [Cov:=============================>     83%]
[Progress:===========================>  90%] [Cov:=======================>           67%]
[Progress:===========================>  90%] [Cov:==========================>        76%]
[Progress:===========================>  90%] [Cov:=============================>     83%]
[Progress:===========================>  90%] [Cov:=============================>     83%]
[Progress:===========================>  93%] [Cov:=============================>     83%]
[Progress:===========================>  93%] [Cov:=============================>     83%]
[Progress:============================> 96%] [Cov:=============================>     83%]
[Progress:============================> 96%] [Cov:=============================>     83%]
[Progress:==============================100%] [Cov:=============================>     83%]
[Progress:==============================100%] [Cov:=============================>     84%]
[Progress:==============================100%] [Cov:=============================>     85%]
[Progress:==============================100%] [Cov:==============================>    86%]
[Progress:==============================100%] [Cov:==============================>    86%]
[Progress:==============================100%] [Cov:==============================>    86%]
[Progress:==============================100%] [Cov:==============================>    86%]
* Search finished after 32s and 32 generations, 32776 statements, best individual has fitness: 31.749999247952882
* Minimizing test suite
* Going to analyze the coverage criteria
* Coverage analysis for criterion LINE
* Coverage of criterion LINE: 89%
* Total number of goals: 28
* Number of covered goals: 25
* Coverage analysis for criterion BRANCH
* Coverage of criterion BRANCH: 90%
* Total number of goals: 21
* Number of covered goals: 19
* Coverage analysis for criterion EXCEPTION
* Coverage of criterion EXCEPTION: 100%
* Total number of goals: 1
* Number of covered goals: 1
* Coverage analysis for criterion WEAKMUTATION
* Coverage of criterion WEAKMUTATION: 65%
* Total number of goals: 71
* Number of covered goals: 46
* Coverage analysis for criterion OUTPUT
* Coverage of criterion OUTPUT: 67%
* Total number of goals: 3
* Number of covered goals: 2
* Coverage analysis for criterion METHOD
* Coverage of criterion METHOD: 100%
* Total number of goals: 2
* Number of covered goals: 2
* Coverage analysis for criterion CBRANCH
* Coverage of criterion CBRANCH: 90%
* Total number of goals: 21
* Number of covered goals: 19
* Generated 4 tests with total length 24
* Resulting test suite's coverage: 86% (average coverage for all fitness functions)
* Generating assertions
* Resulting test suite's mutation score: 24%
* Property NO_RUNTIME_DEPENDENCY is set to true - skipping JUnit compile check
* WARNING: Not including the runtime dependencies is likely to lead to flaky tests!
* Writing tests to file
* Writing JUnit test case 'GnuParser_ESTest' to /home/acer/SQA/all-in-one-results/Cli/BPSO_db7ac586/round1/Cli-12/generation/org_apache_commons_cli_GnuParser/evosuite-tests
* Done!

* Computation finished
