===== org.apache.commons.lang3.Lang5GeneratedTestBPSO__Isolated_1_test01_language_only_en::test01_language_only_en =====
Running ant (compile.tests)................................................ OK
Running ant (run.dev.tests)................................................ OK
Failing tests: 0

===== org.apache.commons.lang3.Lang5GeneratedTestBPSO__Isolated_2_test02_language_country_en_us::test02_language_country_en_us =====
Running ant (compile.tests)................................................ OK
Running ant (run.dev.tests)................................................ OK
Failing tests: 0

===== org.apache.commons.lang3.Lang5GeneratedTestBPSO__Isolated_3_test03_language_country_fr_ca::test03_language_country_fr_ca =====
Running ant (compile.tests)................................................ OK
Running ant (run.dev.tests)................................................ OK
Failing tests: 0

===== org.apache.commons.lang3.Lang5GeneratedTestBPSO__Isolated_4_test04_language_country_variant::test04_language_country_variant =====
Running ant (compile.tests)................................................ OK
Running ant (run.dev.tests)................................................ OK
Failing tests: 0

===== org.apache.commons.lang3.Lang5GeneratedTestBPSO__Isolated_5_test05_country_only_jp::test05_country_only_jp =====
Running ant (compile.tests)................................................ OK
Running ant (run.dev.tests)................................................ OK
Failing tests: 1
  - org.apache.commons.lang3.Lang5GeneratedTestBPSO__Isolated_5_test05_country_only_jp::test05_country_only_jp

===== org.apache.commons.lang3.Lang5GeneratedTestBPSO__Isolated_6_test06_country_only_with_variant::test06_country_only_with_variant =====
Running ant (compile.tests)................................................ OK
Running ant (run.dev.tests)................................................ OK
Failing tests: 1
  - org.apache.commons.lang3.Lang5GeneratedTestBPSO__Isolated_6_test06_country_only_with_variant::test06_country_only_with_variant

===== org.apache.commons.lang3.Lang5GeneratedTestBPSO__Isolated_7_test07_invalid_mixed_language::test07_invalid_mixed_language =====
Running ant (compile.tests)................................................ OK
Running ant (run.dev.tests)................................................ OK
Failing tests: 0

===== org.apache.commons.lang3.Lang5GeneratedTestBPSO__Isolated_8_test08_invalid_lower_country::test08_invalid_lower_country =====
Running ant (compile.tests)................................................ OK
Running ant (run.dev.tests)................................................ OK
Failing tests: 0

===== org.apache.commons.lang3.Lang5GeneratedTestBPSO__Isolated_9_test09_invalid_single_character::test09_invalid_single_character =====
Running ant (compile.tests)................................................ OK
Running ant (run.dev.tests)................................................ OK
Failing tests: 0

===== org.apache.commons.lang3.Lang5GeneratedTestBPSO__Isolated_10_test10_invalid_missing_separator::test10_invalid_missing_separator =====
Running ant (compile.tests)................................................ OK
Running ant (run.dev.tests)................................................ OK
Failing tests: 0

===== org.apache.commons.lang3.Lang5GeneratedTestBPSO__Isolated_11_test11_invalid_lower_country_only::test11_invalid_lower_country_only =====
Running ant (compile.tests)................................................ OK
Running ant (run.dev.tests)................................................ OK
Failing tests: 0

===== org.apache.commons.lang3.Lang5GeneratedTestBPSO__Isolated_12_test12_invalid_empty_country_only::test12_invalid_empty_country_only =====
Running ant (compile.tests)................................................ OK
Running ant (run.dev.tests)................................................ OK
Failing tests: 0

