* EvoSuite 1.2.0
* Going to generate test cases for class: com.fasterxml.jackson.core.json.UTF8JsonGenerator
* Starting Client-0
* Connecting to master process on port 18826
* Analyzing classpath: 
  - /home/acer/SQA/jacksoncore-work/JacksonCore/SA_360bf3a8/round1/17f/target/classes
  - /home/acer/defects4j/framework/projects/JacksonCore/lib/junit/junit/4.12/junit-4.12.jar
  - /home/acer/defects4j/framework/projects/JacksonCore/lib/org/hamcrest/hamcrest-core/1.3/hamcrest-core-1.3.jar
  - /home/acer/SQA/jacksoncore-work/JacksonCore/SA_360bf3a8/round1/17f/target/test-classes
  - /home/acer/defects4j/framework/projects/lib/junit-4.12-hamcrest-1.3.jar
  - /home/acer/defects4j/framework/projects/JacksonCore/lib/junit/junit/4.11/junit-4.11.jar
  - /home/acer/defects4j/framework/projects/JacksonCore/lib/junit/junit/4.8.2/junit-4.8.2.jar
[MASTER] 00:10:12.934 [logback-1] WARN  InheritanceTree - Class not in inheritance graph: java.io.ObjectInputFilter
[MASTER] 00:10:13.441 [logback-1] WARN  InheritanceTree - Class not in inheritance graph: java.util.Locale$IsoCountryCode
* Finished analyzing classpath
* Generating tests for class com.fasterxml.jackson.core.json.UTF8JsonGenerator
* Test criteria:
  - Line Coverage
  - Branch Coverage
  - Exception
  - Mutation testing (weak)
  - Method-Output Coverage
  - Top-Level Method Coverage
  - Context Branch Coverage
* Setting up search algorithm for whole suite generation
* Total number of test goals: 
  - Line 1015
  - Branch 557
  - Exception 0
  - MutationFactory 755
  - Output 14
  - Method 45
  - CBranchFitnessFactory 557
* Using seed 20260930

[Progress:>                             0%] [Cov:>                                  0%]* Starting evolution

[Progress:>                             3%] [Cov:>                                  0%]
[Progress:>                             3%] [Cov:====>                              14%]
[Progress:===>                          10%] [Cov:>                                  0%]
[Progress:===>                          10%] [Cov:====>                              14%]
[Progress:===>                          13%] [Cov:>                                  0%]
[Progress:===>                          13%] [Cov:=====>                             15%]
[Progress:====>                         16%] [Cov:>                                  0%]
[Progress:====>                         16%] [Cov:====>                              14%]
[Progress:====>                         16%] [Cov:=====>                             15%]
[Progress:======>                       20%] [Cov:>                                  0%]
[Progress:======>                       20%] [Cov:====>                              14%]
[Progress:======>                       23%] [Cov:>                                  0%]
[Progress:======>                       23%] [Cov:====>                              14%]
[Progress:======>                       23%] [Cov:=====>                             15%]
[Progress:======>                       23%] [Cov:=====>                             16%]
[Progress:=======>                      26%] [Cov:====>                              13%]
[Progress:=======>                      26%] [Cov:====>                              14%]
[Progress:=======>                      26%] [Cov:=====>                             16%]SA iteration=1 bestFitness=14943.379814867792 population=30 temperature=9.666666666666666

[Progress:=========>                    30%] [Cov:====>                              13%]
[Progress:=========>                    30%] [Cov:=====>                             16%]SA iteration=2 bestFitness=14943.379814867792 population=30 temperature=9.333333333333334

[Progress:=========>                    33%] [Cov:====>                              12%]
[Progress:=========>                    33%] [Cov:=====>                             16%]SA iteration=3 bestFitness=14943.379814867792 population=30 temperature=9.0

[Progress:=========>                    33%] [Cov:=====>                             16%]SA iteration=4 bestFitness=14943.379814867792 population=30 temperature=8.666666666666668

[Progress:==========>                   36%] [Cov:====>                              12%]
[Progress:==========>                   36%] [Cov:====>                              13%]
[Progress:==========>                   36%] [Cov:====>                              14%]
[Progress:==========>                   36%] [Cov:=====>                             16%]SA iteration=5 bestFitness=14943.379814867792 population=30 temperature=8.333333333333334

[Progress:==========>                   36%] [Cov:====>                              14%]
[Progress:==========>                   36%] [Cov:=====>                             15%]
[Progress:============>                 40%] [Cov:====>                              12%]
[Progress:============>                 40%] [Cov:====>                              13%]
[Progress:============>                 40%] [Cov:====>                              14%]
[Progress:============>                 40%] [Cov:=====>                             15%]
[Progress:============>                 43%] [Cov:====>                              13%]
[Progress:============>                 43%] [Cov:====>                              14%]
[Progress:=============>                46%] [Cov:====>                              12%]
[Progress:=============>                46%] [Cov:====>                              14%]
[Progress:=============>                46%] [Cov:=====>                             15%]
[Progress:=============>                46%] [Cov:====>                              14%]
[Progress:=============>                46%] [Cov:=====>                             15%]
[Progress:===============>              50%] [Cov:====>                              13%]
[Progress:===============>              50%] [Cov:====>                              14%]
[Progress:===============>              50%] [Cov:=====>                             15%]
[Progress:===============>              50%] [Cov:====>                              14%]
[Progress:===============>              50%] [Cov:=====>                             15%]
[Progress:===============>              53%] [Cov:====>                              14%]
[Progress:===============>              53%] [Cov:=====>                             15%]
[Progress:===============>              53%] [Cov:====>                              14%]
[Progress:===============>              53%] [Cov:=====>                             15%]
[Progress:================>             56%] [Cov:====>                              13%]
[Progress:================>             56%] [Cov:=====>                             15%]
[Progress:==================>           60%] [Cov:====>                              14%]
[Progress:==================>           60%] [Cov:=====>                             15%]
[Progress:==================>           60%] [Cov:=====>                             15%]
[Progress:==================>           63%] [Cov:====>                              14%]
[Progress:==================>           63%] [Cov:=====>                             15%]
[Progress:==================>           63%] [Cov:=====>                             15%]
[Progress:==================>           63%] [Cov:=====>                             15%]
[Progress:===================>          66%] [Cov:====>                              14%]
[Progress:===================>          66%] [Cov:=====>                             15%]
[Progress:===================>          66%] [Cov:=====>                             15%]
[Progress:=====================>        70%] [Cov:====>                              12%]
[Progress:=====================>        70%] [Cov:====>                              13%]
[Progress:=====================>        70%] [Cov:====>                              14%]
[Progress:=====================>        70%] [Cov:=====>                             15%]
[Progress:=====================>        73%] [Cov:====>                              14%]
[Progress:=====================>        73%] [Cov:=====>                             15%]
[Progress:=====================>        73%] [Cov:=====>                             15%]
[Progress:======================>       76%] [Cov:====>                              14%]
[Progress:========================>     80%] [Cov:=====>                             15%]
[Progress:========================>     80%] [Cov:=====>                             16%]
[Progress:========================>     80%] [Cov:=====>                             16%]SA iteration=20 bestFitness=14598.16420767675 population=30 temperature=3.333333333333334

[Progress:========================>     83%] [Cov:====>                              12%]
[Progress:========================>     83%] [Cov:====>                              13%]
[Progress:========================>     83%] [Cov:=====>                             16%]
[Progress:=========================>    86%] [Cov:=====>                             15%]
[Progress:=========================>    86%] [Cov:=====>                             16%]
[Progress:===========================>  90%] [Cov:=====>                             16%]
[Progress:===========================>  90%] [Cov:=====>                             16%]
[Progress:===========================>  93%] [Cov:====>                              14%]
[Progress:===========================>  93%] [Cov:=====>                             16%]
[Progress:============================> 96%] [Cov:====>                              12%]
[Progress:============================> 96%] [Cov:=====>                             16%]
[Progress:============================> 96%] [Cov:=====>                             16%]
[Progress:==============================100%] [Cov:====>                              14%]
[Progress:==============================100%] [Cov:=====>                             16%]
[Progress:==============================100%] [Cov:=====>                             16%]
[Progress:==============================100%] [Cov:=====>                             16%]
[Progress:==============================100%] [Cov:=====>                             16%]
[Progress:==============================100%] [Cov:=====>                             16%]
[Progress:==============================100%] [Cov:==========>                        31%]
* Search finished after 33s and 28 generations, 7383 statements, best individual has fitness: 12521.29823454816
* Minimizing test suite
* Going to analyze the coverage criteria
* Coverage analysis for criterion LINE
* Coverage of criterion LINE: 22%
* Total number of goals: 1015
* Number of covered goals: 228
* Coverage analysis for criterion BRANCH
* Coverage of criterion BRANCH: 19%
* Total number of goals: 557
* Number of covered goals: 104
* Coverage analysis for criterion EXCEPTION
* Coverage of criterion EXCEPTION: 100%
* Total number of goals: 24
* Number of covered goals: 24
* Coverage analysis for criterion WEAKMUTATION
* Coverage of criterion WEAKMUTATION: 13%
* Total number of goals: 755
* Number of covered goals: 96
* Coverage analysis for criterion OUTPUT
* Coverage of criterion OUTPUT: 0%
* Total number of goals: 14
* Number of covered goals: 0
* Coverage analysis for criterion METHOD
* Coverage of criterion METHOD: 64%
* Total number of goals: 45
* Number of covered goals: 29
* Coverage analysis for criterion CBRANCH
* Coverage of criterion CBRANCH: 18%
* Total number of goals: 557
* Number of covered goals: 102
* Generated 35 tests with total length 194
* Resulting test suite's coverage: 32% (average coverage for all fitness functions)
* Generating assertions
[MASTER] 00:12:18.725 [logback-1] WARN  SimpleMutationAssertionGenerator - Assertion minimization is taking too long (0.886% of time used, but only 4/35 tests minimized), falling back to using all assertions
* Resulting test suite's mutation score: 1%
* Property NO_RUNTIME_DEPENDENCY is set to true - skipping JUnit compile check
* WARNING: Not including the runtime dependencies is likely to lead to flaky tests!
* Permissions denied during test execution: 
  - java.lang.RuntimePermission: 
         writeFileDescriptor: 4
* Writing tests to file
* Writing JUnit test case 'UTF8JsonGenerator_ESTest' to /home/acer/SQA/all-in-one-results/JacksonCore/SA_360bf3a8/round1/JacksonCore-17/generation/com_fasterxml_jackson_core_json_UTF8JsonGenerator/evosuite-tests
* Done!

* Computation finished
