Project=Lang
Bug=36
Algorithm=SA
TargetClass=org.apache.commons.lang3.math.NumberUtils
TargetMethod=createNumber
TriggerTest=Running ant (export.tests.trigger)......................................... OK
org.apache.commons.lang3.math.NumberUtilsTest::testCreateNumber
org.apache.commons.lang3.math.NumberUtilsTest::testIsNumber
ModifiedSource=org.apache.commons.lang3.math.NumberUtils
FixedRevision=26bc3fe010d5154d3ccac526ec22c429fc3af499
CandidatePool=24
SuiteSize=12
Iterations=5000
Seed=20260923
Generator=GenericCandidateProvider
TriggerInputsCopied=false
TemporaryGeneratorWorkspace=/tmp/sqa_lang_generator_36_SA_DmP8wG
GeneratedClass=Lang36GeneratedTestSA

============================================================
GENERATION SUCCESS
============================================================
Status : GENERATED
File   : /Users/fangfang/Documents/SQA_Project_2026/automation/runs/Lang/Bug-36/SA/generated_test.java
Class  : Lang36GeneratedTestSA
Method : createNumber
============================================================

RETURN_CODE=0
END=Sat Oct  3 00:07:53 +07 2026
GENERATION SUCCESS
