Project=Lang
Bug=9
Algorithm=BPSO
TargetClass=org.apache.commons.lang3.time.FastDateParser
TargetMethod=init
TriggerTest=Running ant (export.tests.trigger)......................................... OK
org.apache.commons.lang3.time.FastDateFormat_ParserTest::testLANG_832
org.apache.commons.lang3.time.FastDateParserTest::testLANG_832
ModifiedSource=org.apache.commons.lang3.time.FastDateParser
FixedRevision=65a6458eaa2e1f88278e4bb5753a68bd825e3a80
CandidatePool=24
SuiteSize=12
Iterations=5000
Seed=20260923
Generator=GenericCandidateProvider
TriggerInputsCopied=false
TemporaryGeneratorWorkspace=/tmp/sqa_lang_generator_9_BPSO_mCpZzf
GeneratedClass=Lang9GeneratedTestBPSO

============================================================
GENERATION SUCCESS
============================================================
Status : GENERATED
File   : /Users/fangfang/Documents/SQA_Project_2026/automation/runs/Lang/Bug-9/BPSO/generated_test.java
Class  : Lang9GeneratedTestBPSO
Method : init
============================================================

RETURN_CODE=0
END=Fri Oct  2 07:48:11 PDT 2026
GENERATION SUCCESS
