{
  "generated_test": "/Users/fangfang/Documents/SQA_Project_2026/automation/runs/Lang/Bug-9/BPSO/generated_test.java",
  "destination": "org/apache/commons/lang3/time/Lang9GeneratedTestBPSO.java",
  "test_class": "org.apache.commons.lang3.time.Lang9GeneratedTestBPSO",
  "test_methods": [
    "org.apache.commons.lang3.time.Lang9GeneratedTestBPSO__Isolated_1_test01_null_boundary::test01_null_boundary",
    "org.apache.commons.lang3.time.Lang9GeneratedTestBPSO__Isolated_2_test02_empty_boundary::test02_empty_boundary",
    "org.apache.commons.lang3.time.Lang9GeneratedTestBPSO__Isolated_3_test03_positive_boundary::test03_positive_boundary",
    "org.apache.commons.lang3.time.Lang9GeneratedTestBPSO__Isolated_4_test04_max_boundary::test04_max_boundary",
    "org.apache.commons.lang3.time.Lang9GeneratedTestBPSO__Isolated_5_test05_fraction_negative::test05_fraction_negative",
    "org.apache.commons.lang3.time.Lang9GeneratedTestBPSO__Isolated_6_test06_fraction_positive::test06_fraction_positive",
    "org.apache.commons.lang3.time.Lang9GeneratedTestBPSO__Isolated_7_test07_boolean_true::test07_boolean_true",
    "org.apache.commons.lang3.time.Lang9GeneratedTestBPSO__Isolated_8_test08_long_zero::test08_long_zero",
    "org.apache.commons.lang3.time.Lang9GeneratedTestBPSO__Isolated_9_test09_empty_array::test09_empty_array",
    "org.apache.commons.lang3.time.Lang9GeneratedTestBPSO__Isolated_10_test10_object_null::test10_object_null",
    "org.apache.commons.lang3.time.Lang9GeneratedTestBPSO__Isolated_11_test11_object_boundary::test11_object_boundary",
    "org.apache.commons.lang3.time.Lang9GeneratedTestBPSO__Isolated_12_test12_mixed_boundary::test12_mixed_boundary"
  ],
  "test_count": 12,
  "buggy_compile": {
    "status": "PASS",
    "return_code": 0,
    "time_seconds": 5.313036667
  },
  "fixed_compile": {
    "status": "PASS",
    "return_code": 0,
    "time_seconds": 3.6147743329999997
  },
  "statistics": {
    "total_tests": 12,
    "evaluated_tests": 12,
    "detected_tests": 0,
    "fdr_percent": 0.0,
    "buggy_pass": 0,
    "buggy_fail": 12,
    "buggy_error": 0,
    "fixed_pass": 0,
    "fixed_fail": 12,
    "fixed_error": 0
  },
  "tests": [
    {
      "selector": "org.apache.commons.lang3.time.Lang9GeneratedTestBPSO__Isolated_1_test01_null_boundary::test01_null_boundary",
      "target_method": "org.apache.commons.lang3.time.Lang9GeneratedTestBPSO::test01_null_boundary",
      "isolated_class": "org.apache.commons.lang3.time.Lang9GeneratedTestBPSO__Isolated_1_test01_null_boundary",
      "buggy": {
        "status": "FAIL",
        "return_code": 0,
        "time_seconds": 0.9828489999999999,
        "output": "Running ant (compile.tests)................................................ OK\nRunning ant (run.dev.tests)................................................ OK\nFailing tests: 1\n  - org.apache.commons.lang3.time.Lang9GeneratedTestBPSO__Isolated_1_test01_null_boundary::test01_null_boundary\n"
      },
      "fixed": {
        "status": "FAIL",
        "return_code": 0,
        "time_seconds": 0.8495603749999994,
        "output": "Running ant (compile.tests)................................................ OK\nRunning ant (run.dev.tests)................................................ OK\nFailing tests: 1\n  - org.apache.commons.lang3.time.Lang9GeneratedTestBPSO__Isolated_1_test01_null_boundary::test01_null_boundary\n"
      },
      "evaluated": true,
      "detected": false
    },
    {
      "selector": "org.apache.commons.lang3.time.Lang9GeneratedTestBPSO__Isolated_2_test02_empty_boundary::test02_empty_boundary",
      "target_method": "org.apache.commons.lang3.time.Lang9GeneratedTestBPSO::test02_empty_boundary",
      "isolated_class": "org.apache.commons.lang3.time.Lang9GeneratedTestBPSO__Isolated_2_test02_empty_boundary",
      "buggy": {
        "status": "FAIL",
        "return_code": 0,
        "time_seconds": 0.8831109579999996,
        "output": "Running ant (compile.tests)................................................ OK\nRunning ant (run.dev.tests)................................................ OK\nFailing tests: 1\n  - org.apache.commons.lang3.time.Lang9GeneratedTestBPSO__Isolated_2_test02_empty_boundary::test02_empty_boundary\n"
      },
      "fixed": {
        "status": "FAIL",
        "return_code": 0,
        "time_seconds": 0.8490743750000007,
        "output": "Running ant (compile.tests)................................................ OK\nRunning ant (run.dev.tests)................................................ OK\nFailing tests: 1\n  - org.apache.commons.lang3.time.Lang9GeneratedTestBPSO__Isolated_2_test02_empty_boundary::test02_empty_boundary\n"
      },
      "evaluated": true,
      "detected": false
    },
    {
      "selector": "org.apache.commons.lang3.time.Lang9GeneratedTestBPSO__Isolated_3_test03_positive_boundary::test03_positive_boundary",
      "target_method": "org.apache.commons.lang3.time.Lang9GeneratedTestBPSO::test03_positive_boundary",
      "isolated_class": "org.apache.commons.lang3.time.Lang9GeneratedTestBPSO__Isolated_3_test03_positive_boundary",
      "buggy": {
        "status": "FAIL",
        "return_code": 0,
        "time_seconds": 0.8676661660000011,
        "output": "Running ant (compile.tests)................................................ OK\nRunning ant (run.dev.tests)................................................ OK\nFailing tests: 1\n  - org.apache.commons.lang3.time.Lang9GeneratedTestBPSO__Isolated_3_test03_positive_boundary::test03_positive_boundary\n"
      },
      "fixed": {
        "status": "FAIL",
        "return_code": 0,
        "time_seconds": 0.7781273330000005,
        "output": "Running ant (compile.tests)................................................ OK\nRunning ant (run.dev.tests)................................................ OK\nFailing tests: 1\n  - org.apache.commons.lang3.time.Lang9GeneratedTestBPSO__Isolated_3_test03_positive_boundary::test03_positive_boundary\n"
      },
      "evaluated": true,
      "detected": false
    },
    {
      "selector": "org.apache.commons.lang3.time.Lang9GeneratedTestBPSO__Isolated_4_test04_max_boundary::test04_max_boundary",
      "target_method": "org.apache.commons.lang3.time.Lang9GeneratedTestBPSO::test04_max_boundary",
      "isolated_class": "org.apache.commons.lang3.time.Lang9GeneratedTestBPSO__Isolated_4_test04_max_boundary",
      "buggy": {
        "status": "FAIL",
        "return_code": 0,
        "time_seconds": 0.7774729580000006,
        "output": "Running ant (compile.tests)................................................ OK\nRunning ant (run.dev.tests)................................................ OK\nFailing tests: 1\n  - org.apache.commons.lang3.time.Lang9GeneratedTestBPSO__Isolated_4_test04_max_boundary::test04_max_boundary\n"
      },
      "fixed": {
        "status": "FAIL",
        "return_code": 0,
        "time_seconds": 0.8014353330000006,
        "output": "Running ant (compile.tests)................................................ OK\nRunning ant (run.dev.tests)................................................ OK\nFailing tests: 1\n  - org.apache.commons.lang3.time.Lang9GeneratedTestBPSO__Isolated_4_test04_max_boundary::test04_max_boundary\n"
      },
      "evaluated": true,
      "detected": false
    },
    {
      "selector": "org.apache.commons.lang3.time.Lang9GeneratedTestBPSO__Isolated_5_test05_fraction_negative::test05_fraction_negative",
      "target_method": "org.apache.commons.lang3.time.Lang9GeneratedTestBPSO::test05_fraction_negative",
      "isolated_class": "org.apache.commons.lang3.time.Lang9GeneratedTestBPSO__Isolated_5_test05_fraction_negative",
      "buggy": {
        "status": "FAIL",
        "return_code": 0,
        "time_seconds": 0.8096523749999989,
        "output": "Running ant (compile.tests)................................................ OK\nRunning ant (run.dev.tests)................................................ OK\nFailing tests: 1\n  - org.apache.commons.lang3.time.Lang9GeneratedTestBPSO__Isolated_5_test05_fraction_negative::test05_fraction_negative\n"
      },
      "fixed": {
        "status": "FAIL",
        "return_code": 0,
        "time_seconds": 0.7673773330000024,
        "output": "Running ant (compile.tests)................................................ OK\nRunning ant (run.dev.tests)................................................ OK\nFailing tests: 1\n  - org.apache.commons.lang3.time.Lang9GeneratedTestBPSO__Isolated_5_test05_fraction_negative::test05_fraction_negative\n"
      },
      "evaluated": true,
      "detected": false
    },
    {
      "selector": "org.apache.commons.lang3.time.Lang9GeneratedTestBPSO__Isolated_6_test06_fraction_positive::test06_fraction_positive",
      "target_method": "org.apache.commons.lang3.time.Lang9GeneratedTestBPSO::test06_fraction_positive",
      "isolated_class": "org.apache.commons.lang3.time.Lang9GeneratedTestBPSO__Isolated_6_test06_fraction_positive",
      "buggy": {
        "status": "FAIL",
        "return_code": 0,
        "time_seconds": 0.7788721249999995,
        "output": "Running ant (compile.tests)................................................ OK\nRunning ant (run.dev.tests)................................................ OK\nFailing tests: 1\n  - org.apache.commons.lang3.time.Lang9GeneratedTestBPSO__Isolated_6_test06_fraction_positive::test06_fraction_positive\n"
      },
      "fixed": {
        "status": "FAIL",
        "return_code": 0,
        "time_seconds": 0.8015962500000029,
        "output": "Running ant (compile.tests)................................................ OK\nRunning ant (run.dev.tests)................................................ OK\nFailing tests: 1\n  - org.apache.commons.lang3.time.Lang9GeneratedTestBPSO__Isolated_6_test06_fraction_positive::test06_fraction_positive\n"
      },
      "evaluated": true,
      "detected": false
    },
    {
      "selector": "org.apache.commons.lang3.time.Lang9GeneratedTestBPSO__Isolated_7_test07_boolean_true::test07_boolean_true",
      "target_method": "org.apache.commons.lang3.time.Lang9GeneratedTestBPSO::test07_boolean_true",
      "isolated_class": "org.apache.commons.lang3.time.Lang9GeneratedTestBPSO__Isolated_7_test07_boolean_true",
      "buggy": {
        "status": "FAIL",
        "return_code": 0,
        "time_seconds": 0.7720368750000013,
        "output": "Running ant (compile.tests)................................................ OK\nRunning ant (run.dev.tests)................................................ OK\nFailing tests: 1\n  - org.apache.commons.lang3.time.Lang9GeneratedTestBPSO__Isolated_7_test07_boolean_true::test07_boolean_true\n"
      },
      "fixed": {
        "status": "FAIL",
        "return_code": 0,
        "time_seconds": 0.8055687499999991,
        "output": "Running ant (compile.tests)................................................ OK\nRunning ant (run.dev.tests)................................................ OK\nFailing tests: 1\n  - org.apache.commons.lang3.time.Lang9GeneratedTestBPSO__Isolated_7_test07_boolean_true::test07_boolean_true\n"
      },
      "evaluated": true,
      "detected": false
    },
    {
      "selector": "org.apache.commons.lang3.time.Lang9GeneratedTestBPSO__Isolated_8_test08_long_zero::test08_long_zero",
      "target_method": "org.apache.commons.lang3.time.Lang9GeneratedTestBPSO::test08_long_zero",
      "isolated_class": "org.apache.commons.lang3.time.Lang9GeneratedTestBPSO__Isolated_8_test08_long_zero",
      "buggy": {
        "status": "FAIL",
        "return_code": 0,
        "time_seconds": 0.8006194999999998,
        "output": "Running ant (compile.tests)................................................ OK\nRunning ant (run.dev.tests)................................................ OK\nFailing tests: 1\n  - org.apache.commons.lang3.time.Lang9GeneratedTestBPSO__Isolated_8_test08_long_zero::test08_long_zero\n"
      },
      "fixed": {
        "status": "FAIL",
        "return_code": 0,
        "time_seconds": 0.802839333999998,
        "output": "Running ant (compile.tests)................................................ OK\nRunning ant (run.dev.tests)................................................ OK\nFailing tests: 1\n  - org.apache.commons.lang3.time.Lang9GeneratedTestBPSO__Isolated_8_test08_long_zero::test08_long_zero\n"
      },
      "evaluated": true,
      "detected": false
    },
    {
      "selector": "org.apache.commons.lang3.time.Lang9GeneratedTestBPSO__Isolated_9_test09_empty_array::test09_empty_array",
      "target_method": "org.apache.commons.lang3.time.Lang9GeneratedTestBPSO::test09_empty_array",
      "isolated_class": "org.apache.commons.lang3.time.Lang9GeneratedTestBPSO__Isolated_9_test09_empty_array",
      "buggy": {
        "status": "FAIL",
        "return_code": 0,
        "time_seconds": 0.7808762920000021,
        "output": "Running ant (compile.tests)................................................ OK\nRunning ant (run.dev.tests)................................................ OK\nFailing tests: 1\n  - org.apache.commons.lang3.time.Lang9GeneratedTestBPSO__Isolated_9_test09_empty_array::test09_empty_array\n"
      },
      "fixed": {
        "status": "FAIL",
        "return_code": 0,
        "time_seconds": 0.8069900829999987,
        "output": "Running ant (compile.tests)................................................ OK\nRunning ant (run.dev.tests)................................................ OK\nFailing tests: 1\n  - org.apache.commons.lang3.time.Lang9GeneratedTestBPSO__Isolated_9_test09_empty_array::test09_empty_array\n"
      },
      "evaluated": true,
      "detected": false
    },
    {
      "selector": "org.apache.commons.lang3.time.Lang9GeneratedTestBPSO__Isolated_10_test10_object_null::test10_object_null",
      "target_method": "org.apache.commons.lang3.time.Lang9GeneratedTestBPSO::test10_object_null",
      "isolated_class": "org.apache.commons.lang3.time.Lang9GeneratedTestBPSO__Isolated_10_test10_object_null",
      "buggy": {
        "status": "FAIL",
        "return_code": 0,
        "time_seconds": 0.8073645830000018,
        "output": "Running ant (compile.tests)................................................ OK\nRunning ant (run.dev.tests)................................................ OK\nFailing tests: 1\n  - org.apache.commons.lang3.time.Lang9GeneratedTestBPSO__Isolated_10_test10_object_null::test10_object_null\n"
      },
      "fixed": {
        "status": "FAIL",
        "return_code": 0,
        "time_seconds": 0.8102344159999966,
        "output": "Running ant (compile.tests)................................................ OK\nRunning ant (run.dev.tests)................................................ OK\nFailing tests: 1\n  - org.apache.commons.lang3.time.Lang9GeneratedTestBPSO__Isolated_10_test10_object_null::test10_object_null\n"
      },
      "evaluated": true,
      "detected": false
    },
    {
      "selector": "org.apache.commons.lang3.time.Lang9GeneratedTestBPSO__Isolated_11_test11_object_boundary::test11_object_boundary",
      "target_method": "org.apache.commons.lang3.time.Lang9GeneratedTestBPSO::test11_object_boundary",
      "isolated_class": "org.apache.commons.lang3.time.Lang9GeneratedTestBPSO__Isolated_11_test11_object_boundary",
      "buggy": {
        "status": "FAIL",
        "return_code": 0,
        "time_seconds": 0.7973726250000013,
        "output": "Running ant (compile.tests)................................................ OK\nRunning ant (run.dev.tests)................................................ OK\nFailing tests: 1\n  - org.apache.commons.lang3.time.Lang9GeneratedTestBPSO__Isolated_11_test11_object_boundary::test11_object_boundary\n"
      },
      "fixed": {
        "status": "FAIL",
        "return_code": 0,
        "time_seconds": 0.7788631670000008,
        "output": "Running ant (compile.tests)................................................ OK\nRunning ant (run.dev.tests)................................................ OK\nFailing tests: 1\n  - org.apache.commons.lang3.time.Lang9GeneratedTestBPSO__Isolated_11_test11_object_boundary::test11_object_boundary\n"
      },
      "evaluated": true,
      "detected": false
    },
    {
      "selector": "org.apache.commons.lang3.time.Lang9GeneratedTestBPSO__Isolated_12_test12_mixed_boundary::test12_mixed_boundary",
      "target_method": "org.apache.commons.lang3.time.Lang9GeneratedTestBPSO::test12_mixed_boundary",
      "isolated_class": "org.apache.commons.lang3.time.Lang9GeneratedTestBPSO__Isolated_12_test12_mixed_boundary",
      "buggy": {
        "status": "FAIL",
        "return_code": 0,
        "time_seconds": 0.7940768750000018,
        "output": "Running ant (compile.tests)................................................ OK\nRunning ant (run.dev.tests)................................................ OK\nFailing tests: 1\n  - org.apache.commons.lang3.time.Lang9GeneratedTestBPSO__Isolated_12_test12_mixed_boundary::test12_mixed_boundary\n"
      },
      "fixed": {
        "status": "FAIL",
        "return_code": 0,
        "time_seconds": 0.7889202080000004,
        "output": "Running ant (compile.tests)................................................ OK\nRunning ant (run.dev.tests)................................................ OK\nFailing tests: 1\n  - org.apache.commons.lang3.time.Lang9GeneratedTestBPSO__Isolated_12_test12_mixed_boundary::test12_mixed_boundary\n"
      },
      "evaluated": true,
      "detected": false
    }
  ],
  "evaluation_workspaces": {
    "buggy": "/Users/fangfang/Documents/SQA_Project_2026/workspaces/d4j_suite_eval_uyimapt6/buggy",
    "fixed": "/Users/fangfang/Documents/SQA_Project_2026/workspaces/d4j_suite_eval_uyimapt6/fixed"
  },
  "timing": {
    "buggy_compile_seconds": 5.313036667,
    "fixed_compile_seconds": 3.6147743329999997,
    "buggy_execution_seconds": 9.851970332000008,
    "fixed_execution_seconds": 9.640586957,
    "total_seconds": 28.420368289000006
  },
  "status": "PASS"
}
