* EvoSuite 1.2.0
* Going to generate test cases for class: org.apache.commons.csv.CSVFormat
* Starting Client-0
* Connecting to master process on port 18826
* Analyzing classpath: 
  - /home/acer/SQA/cli-work/Csv/BPSO_db7ac586/round1/8f/target/classes
  - /home/acer/defects4j/framework/projects/Csv/lib/junit/junit/4.11/junit-4.11.jar
  - /home/acer/defects4j/framework/projects/Csv/lib/org/hamcrest/hamcrest-core/1.3/hamcrest-core-1.3.jar
  - /home/acer/defects4j/framework/projects/Csv/lib/commons-io/commons-io/2.2/commons-io-2.2.jar
  - /home/acer/defects4j/framework/projects/Csv/lib/com/h2database/h2/1.3.168/h2-1.3.168.jar
  - /home/acer/SQA/cli-work/Csv/BPSO_db7ac586/round1/8f/target/test-classes
  - /home/acer/defects4j/framework/projects/lib/junit-4.12-hamcrest-1.3.jar
  - /home/acer/defects4j/framework/projects/Csv/lib/com/csvreader/1.0/javacsv.jar
  - /home/acer/defects4j/framework/projects/Csv/lib/com/generationjava/io/1.0/gj-csv-1.0.jar
  - /home/acer/defects4j/framework/projects/Csv/lib/com/h2database/h2/1.4.180/h2-1.4.180.jar
  - /home/acer/defects4j/framework/projects/Csv/lib/com/h2database/h2/1.4.181/h2-1.4.181.jar
  - /home/acer/defects4j/framework/projects/Csv/lib/com/h2database/h2/1.4.182/h2-1.4.182.jar
  - /home/acer/defects4j/framework/projects/Csv/lib/com/h2database/h2/1.4.196/h2-1.4.196.jar
  - /home/acer/defects4j/framework/projects/Csv/lib/com/h2database/h2/1.4.198/h2-1.4.198.jar
  - /home/acer/defects4j/framework/projects/Csv/lib/com/opencsv/4.0/opencsv-4.0.jar
  - /home/acer/defects4j/framework/projects/Csv/lib/commons-io/commons-io/2.4/commons-io-2.4.jar
  - /home/acer/defects4j/framework/projects/Csv/lib/commons-io/commons-io/2.5/commons-io-2.5.jar
  - /home/acer/defects4j/framework/projects/Csv/lib/commons-io/commons-io/2.6/commons-io-2.6.jar
  - /home/acer/defects4j/framework/projects/Csv/lib/junit/junit/3.8.1/junit-3.8.1.jar
  - /home/acer/defects4j/framework/projects/Csv/lib/junit/junit/4.10/junit-4.10.jar
  - /home/acer/defects4j/framework/projects/Csv/lib/junit/junit/4.12/junit-4.12.jar
  - /home/acer/defects4j/framework/projects/Csv/lib/org/apache/commons/commons-lang3/3.4/commons-lang3-3.4.jar
  - /home/acer/defects4j/framework/projects/Csv/lib/org/apache/commons/commons-lang3/3.6/commons-lang3-3.6.jar
  - /home/acer/defects4j/framework/projects/Csv/lib/org/apache/commons/commons-lang3/3.7/commons-lang3-3.7.jar
  - /home/acer/defects4j/framework/projects/Csv/lib/org/apache/commons/commons-lang3/3.8.1/commons-lang3-3.8.1.jar
  - /home/acer/defects4j/framework/projects/Csv/lib/org/hamcrest/hamcrest-core/1.1/hamcrest-core-1.1.jar
  - /home/acer/defects4j/framework/projects/Csv/lib/org/mockito/mockito-all/1.10.19/mockito-all-1.10.19.jar
  - /home/acer/defects4j/framework/projects/Csv/lib/org/mockito/mockito-all/1.9.5/mockito-all-1.9.5.jar
  - /home/acer/defects4j/framework/projects/Csv/lib/org/openjdk/jmh/1.21/jmh-core-1.21.jar
  - /home/acer/defects4j/framework/projects/Csv/lib/org/skife/csv/1.0/csv-1.0.jar
  - /home/acer/defects4j/framework/projects/Csv/lib/org/supercsv/2.4.0/super-csv-2.4.0.jar
* Finished analyzing classpath
* Generating tests for class org.apache.commons.csv.CSVFormat
* Test criteria:
  - Line Coverage
  - Branch Coverage
  - Exception
  - Mutation testing (weak)
  - Method-Output Coverage
  - Top-Level Method Coverage
  - Context Branch Coverage
* Setting up search algorithm for whole suite generation
* Total number of test goals: 
  - Line 166
  - Branch 164
  - Exception 0
  - MutationFactory 439
  - Output 292
  - Method 37
  - CBranchFitnessFactory 164

[Progress:>                             0%] [Cov:>                                  0%]* Using seed 20260930
* Starting evolution

[Progress:>                             0%] [Cov:===>                               9%]
[Progress:>                             0%] [Cov:=====>                             17%]
[Progress:>                             0%] [Cov:==========>                        31%]
[Progress:>                             0%] [Cov:===============>                   44%]
[Progress:>                             0%] [Cov:=================>                 51%]
[Progress:>                             0%] [Cov:=====================>             60%]
[Progress:>                             0%] [Cov:======================>            65%]
[Progress:>                             3%] [Cov:==========>                        30%]
[Progress:>                             3%] [Cov:===========>                       34%]
[Progress:>                             3%] [Cov:==============>                    40%]
[Progress:>                             3%] [Cov:==============>                    42%]
[Progress:>                             3%] [Cov:================>                  47%]
[Progress:>                             3%] [Cov:===================>               56%]
[Progress:>                             3%] [Cov:=====================>             61%]
[Progress:>                             3%] [Cov:=====================>             62%]
[Progress:=>                            6%] [Cov:==>                                8%]
[Progress:=>                            6%] [Cov:====>                              14%]
[Progress:=>                            6%] [Cov:=========>                         28%]
[Progress:=>                            6%] [Cov:=============>                     39%]
[Progress:=>                            6%] [Cov:===============>                   45%]
[Progress:=>                            6%] [Cov:==================>                53%]
[Progress:=>                            6%] [Cov:===================>               56%]
[Progress:=>                            6%] [Cov:===================>               57%]
[Progress:=>                            6%] [Cov:=====================>             60%]
[Progress:=>                            6%] [Cov:=====================>             62%]
[Progress:=>                            6%] [Cov:======================>            63%]
[Progress:=>                            6%] [Cov:=======================>           67%]
[Progress:=>                            6%] [Cov:=======================>           67%]
[Progress:=>                            6%] [Cov:=======================>           68%]
[Progress:===>                          10%] [Cov:======================>            63%]
[Progress:===>                          10%] [Cov:=======================>           68%]
[Progress:===>                          10%] [Cov:========================>          70%]
[Progress:===>                          13%] [Cov:====================>              59%]
[Progress:===>                          13%] [Cov:========================>          70%]
[Progress:====>                         16%] [Cov:========================>          70%]
[Progress:====>                         16%] [Cov:========================>          71%]
[Progress:====>                         16%] [Cov:=========================>         72%]
[Progress:======>                       20%] [Cov:=========================>         72%]
[Progress:======>                       20%] [Cov:=========================>         73%]
[Progress:======>                       20%] [Cov:=========================>         73%]BPSO iteration=1 bestFitness=418.52103375527423 population=30 inertia=0.72

[Progress:======>                       20%] [Cov:=========================>         74%]
[Progress:======>                       20%] [Cov:==========================>        75%]
[Progress:======>                       20%] [Cov:==========================>        76%]
[Progress:======>                       23%] [Cov:==========================>        76%]
[Progress:=======>                      26%] [Cov:==========================>        76%]
[Progress:=========>                    30%] [Cov:==========================>        76%]
[Progress:=========>                    30%] [Cov:==========================>        76%]BPSO iteration=2 bestFitness=345.5153927296332 population=30 inertia=0.72

[Progress:=========>                    33%] [Cov:==========================>        76%]
[Progress:==========>                   36%] [Cov:==========================>        75%]
[Progress:==========>                   36%] [Cov:==========================>        76%]
[Progress:============>                 40%] [Cov:====================>              59%]
[Progress:============>                 40%] [Cov:==========================>        76%]
[Progress:============>                 43%] [Cov:========================>          69%]
[Progress:============>                 43%] [Cov:==========================>        76%]
[Progress:=============>                46%] [Cov:==========================>        76%]
[Progress:=============>                46%] [Cov:==========================>        76%]BPSO iteration=3 bestFitness=342.5191418875242 population=30 inertia=0.72

[Progress:=============>                46%] [Cov:==========================>        77%]
[Progress:===============>              50%] [Cov:====================>              59%]
[Progress:===============>              50%] [Cov:========================>          69%]
[Progress:===============>              50%] [Cov:==========================>        76%]
[Progress:===============>              50%] [Cov:==========================>        77%]
[Progress:===============>              53%] [Cov:==========================>        77%]
[Progress:================>             56%] [Cov:==========================>        77%]
[Progress:================>             56%] [Cov:==========================>        77%]BPSO iteration=4 bestFitness=325.25247522085755 population=30 inertia=0.72

[Progress:================>             56%] [Cov:===========================>       78%]
[Progress:==================>           60%] [Cov:===========================>       78%]
[Progress:==================>           63%] [Cov:==========================>        76%]
[Progress:==================>           63%] [Cov:==========================>        77%]
[Progress:==================>           63%] [Cov:===========================>       78%]
[Progress:==================>           63%] [Cov:===========================>       79%]
[Progress:==================>           63%] [Cov:============================>      80%]
[Progress:===================>          66%] [Cov:============================>      80%]
[Progress:===================>          66%] [Cov:============================>      80%]BPSO iteration=5 bestFitness=299.9874164578112 population=30 inertia=0.72

[Progress:===================>          66%] [Cov:============================>      81%]
[Progress:=====================>        70%] [Cov:============================>      81%]
[Progress:=====================>        70%] [Cov:============================>      82%]
[Progress:=====================>        70%] [Cov:=============================>     83%]
[Progress:=====================>        73%] [Cov:=============================>     83%]
[Progress:=====================>        73%] [Cov:=============================>     83%]
[Progress:======================>       76%] [Cov:=============================>     83%]
[Progress:========================>     80%] [Cov:=============================>     83%]
[Progress:========================>     80%] [Cov:=============================>     83%]
[Progress:========================>     83%] [Cov:=============================>     83%]
[Progress:=========================>    86%] [Cov:=============================>     83%]
[Progress:=========================>    86%] [Cov:=============================>     83%]
[Progress:===========================>  90%] [Cov:=============================>     83%]
[Progress:===========================>  90%] [Cov:=============================>     84%]
[Progress:===========================>  93%] [Cov:=============================>     84%]
[Progress:============================> 96%] [Cov:=============================>     83%]
[Progress:============================> 96%] [Cov:=============================>     84%]
[Progress:============================> 96%] [Cov:=============================>     85%]
[Progress:============================> 96%] [Cov:==============================>    86%]
[Progress:==============================100%] [Cov:==============================>    86%]
[Progress:==============================100%] [Cov:==============================>    86%]
[Progress:==============================100%] [Cov:==============================>    87%]
[Progress:==============================100%] [Cov:==============================>    87%]
[Progress:==============================100%] [Cov:==============================>    87%]
[Progress:==============================100%] [Cov:==============================>    87%]
[Progress:==============================100%] [Cov:==============================>    87%]
[Progress:==============================100%] [Cov:===============================>   91%]
* Search finished after 34s and 10 generations, 19449 statements, best individual has fitness: 111.07142857142858
[MASTER] 05:42:48.901 [logback-1] WARN  TimeController - Phase SEARCH lasted too long, 3 seconds more than allowed.
* Minimizing test suite
* Going to analyze the coverage criteria
* Coverage analysis for criterion LINE
* Coverage of criterion LINE: 92%
* Total number of goals: 166
* Number of covered goals: 152
* Coverage analysis for criterion BRANCH
* Coverage of criterion BRANCH: 89%
* Total number of goals: 164
* Number of covered goals: 146
* Coverage analysis for criterion EXCEPTION
* Coverage of criterion EXCEPTION: 100%
* Total number of goals: 6
* Number of covered goals: 6
* Coverage analysis for criterion WEAKMUTATION
* Coverage of criterion WEAKMUTATION: 97%
* Total number of goals: 439
* Number of covered goals: 427
* Coverage analysis for criterion OUTPUT
* Coverage of criterion OUTPUT: 87%
* Total number of goals: 292
* Number of covered goals: 255
* Coverage analysis for criterion METHOD
* Coverage of criterion METHOD: 100%
* Total number of goals: 37
* Number of covered goals: 37
* Coverage analysis for criterion CBRANCH
* Coverage of criterion CBRANCH: 89%
* Total number of goals: 164
* Number of covered goals: 146
* Generated 121 tests with total length 396
* Resulting test suite's coverage: 91% (average coverage for all fitness functions)
* Generating assertions
* Resulting test suite's mutation score: 47%
* Property NO_RUNTIME_DEPENDENCY is set to true - skipping JUnit compile check
* WARNING: Not including the runtime dependencies is likely to lead to flaky tests!
* Writing tests to file
* Writing JUnit test case 'CSVFormat_ESTest' to /home/acer/SQA/all-in-one-results/Csv/BPSO_db7ac586/round1/Csv-8/generation/org_apache_commons_csv_CSVFormat/evosuite-tests
* Done!

* Computation finished
