* EvoSuite 1.2.0
* Going to generate test cases for class: org.apache.commons.cli.TypeHandler
* Starting Client-0
* Connecting to master process on port 18826
* Analyzing classpath: 
  - /home/acer/SQA/cli-work/Cli/BPSO_db7ac586/round1/40f/target/classes
  - /home/acer/defects4j/framework/projects/Cli/lib/junit/junit/4.12/junit-4.12.jar
  - /home/acer/defects4j/framework/projects/Cli/lib/org/hamcrest/hamcrest-core/1.3/hamcrest-core-1.3.jar
  - /home/acer/SQA/cli-work/Cli/BPSO_db7ac586/round1/40f/target/test-classes
* Finished analyzing classpath
* Generating tests for class org.apache.commons.cli.TypeHandler
* Test criteria:
  - Line Coverage
  - Branch Coverage
  - Exception
  - Mutation testing (weak)
  - Method-Output Coverage
  - Top-Level Method Coverage
  - Context Branch Coverage
* Setting up search algorithm for whole suite generation
* Total number of test goals: 
  - Line 45
  - Branch 29
  - Exception 0
  - MutationFactory 28
  - Output 89
  - Method 11

[Progress:>                             0%] [Cov:>                                  0%]  - CBranchFitnessFactory 29
* Using seed 20260930
* Starting evolution

[Progress:>                             0%] [Cov:==>                                7%]
[Progress:>                             0%] [Cov:=====>                             15%]
[Progress:>                             0%] [Cov:==========>                        29%]
[Progress:>                             0%] [Cov:===============>                   43%]
[Progress:>                             3%] [Cov:===============>                   45%]
[Progress:>                             3%] [Cov:==================>                54%]
[Progress:>                             3%] [Cov:===================>               56%]
[Progress:=>                            6%] [Cov:=>                                 5%]
[Progress:=>                            6%] [Cov:===>                               10%]
[Progress:=>                            6%] [Cov:========>                          24%]
[Progress:=>                            6%] [Cov:==========>                        31%]
[Progress:=>                            6%] [Cov:===========>                       33%]
[Progress:=>                            6%] [Cov:==============>                    42%]
[Progress:=>                            6%] [Cov:===============>                   45%]
[Progress:=>                            6%] [Cov:=================>                 50%]
[Progress:=>                            6%] [Cov:==================>                52%]
[Progress:=>                            6%] [Cov:===================>               55%]
[Progress:=>                            6%] [Cov:===================>               57%]
[Progress:=>                            6%] [Cov:===================>               56%]
[Progress:===>                          10%] [Cov:===================>               55%]
[Progress:===>                          10%] [Cov:===================>               56%]
[Progress:===>                          10%] [Cov:======================>            65%]
[Progress:===>                          13%] [Cov:====================>              58%]
[Progress:===>                          13%] [Cov:====================>              58%]BPSO iteration=1 bestFitness=126.9375 population=30 inertia=0.72

[Progress:===>                          13%] [Cov:====================>              59%]
[Progress:===>                          13%] [Cov:=====================>             60%]
[Progress:===>                          13%] [Cov:=====================>             61%]
[Progress:===>                          13%] [Cov:=======================>           67%]
[Progress:===>                          13%] [Cov:=======================>           66%]BPSO iteration=2 bestFitness=106.92307692307692 population=30 inertia=0.72

[Progress:====>                         16%] [Cov:=========>                         26%]
[Progress:====>                         16%] [Cov:================>                  47%]
[Progress:====>                         16%] [Cov:=====================>             61%]
[Progress:====>                         16%] [Cov:======================>            65%]
[Progress:====>                         16%] [Cov:=======================>           66%]
[Progress:====>                         16%] [Cov:=======================>           66%]BPSO iteration=3 bestFitness=104.92307692307692 population=30 inertia=0.72

[Progress:======>                       20%] [Cov:=======================>           66%]
[Progress:======>                       20%] [Cov:=======================>           67%]
[Progress:======>                       20%] [Cov:=======================>           68%]
[Progress:======>                       20%] [Cov:=======================>           68%]BPSO iteration=4 bestFitness=95.9375 population=30 inertia=0.72

[Progress:======>                       20%] [Cov:========================>          69%]
[Progress:======>                       20%] [Cov:=======================>           68%]BPSO iteration=5 bestFitness=95.9375 population=30 inertia=0.72

[Progress:======>                       20%] [Cov:========================>          69%]
[Progress:======>                       23%] [Cov:=======================>           68%]
[Progress:======>                       23%] [Cov:=======================>           68%]
[Progress:======>                       23%] [Cov:========================>          69%]
[Progress:======>                       23%] [Cov:========================>          70%]
[Progress:======>                       23%] [Cov:========================>          71%]
[Progress:======>                       23%] [Cov:========================>          69%]
[Progress:======>                       23%] [Cov:========================>          69%]
[Progress:======>                       23%] [Cov:========================>          70%]
[Progress:======>                       23%] [Cov:========================>          71%]
[Progress:======>                       23%] [Cov:========================>          71%]
[Progress:======>                       23%] [Cov:=========================>         72%]
[Progress:=======>                      26%] [Cov:================>                  46%]
[Progress:=======>                      26%] [Cov:=================>                 49%]
[Progress:=======>                      26%] [Cov:=======================>           66%]
[Progress:=======>                      26%] [Cov:=========================>         72%]
[Progress:=======>                      26%] [Cov:=========================>         72%]
[Progress:=======>                      26%] [Cov:=========================>         72%]
[Progress:=======>                      26%] [Cov:=========================>         72%]
[Progress:=========>                    30%] [Cov:=========================>         72%]
[Progress:=========>                    30%] [Cov:=========================>         72%]
[Progress:=========>                    30%] [Cov:=========================>         72%]
[Progress:=========>                    30%] [Cov:=========================>         72%]
[Progress:=========>                    30%] [Cov:=========================>         72%]
[Progress:=========>                    30%] [Cov:=========================>         72%]
[Progress:=========>                    33%] [Cov:========================>          71%]
[Progress:=========>                    33%] [Cov:=========================>         72%]
[Progress:=========>                    33%] [Cov:=========================>         72%]
[Progress:=========>                    33%] [Cov:========================>          71%]
[Progress:=========>                    33%] [Cov:=========================>         72%]
[Progress:=========>                    33%] [Cov:=========================>         72%]BPSO iteration=20 bestFitness=87.4090909090909 population=30 inertia=0.72

[Progress:=========>                    33%] [Cov:=========================>         72%]
[Progress:=========>                    33%] [Cov:=========================>         72%]
[Progress:==========>                   36%] [Cov:=========================>         72%]
[Progress:==========>                   36%] [Cov:=========================>         72%]
[Progress:==========>                   36%] [Cov:=========================>         72%]
[Progress:==========>                   36%] [Cov:=========================>         72%]
[Progress:==========>                   36%] [Cov:=========================>         72%]
[Progress:============>                 40%] [Cov:========================>          71%]
[Progress:============>                 40%] [Cov:=========================>         72%]
[Progress:============>                 40%] [Cov:=========================>         72%]
[Progress:============>                 40%] [Cov:=========================>         72%]
[Progress:============>                 40%] [Cov:=========================>         72%]
[Progress:============>                 40%] [Cov:=========================>         72%]
[Progress:============>                 40%] [Cov:=========================>         72%]
[Progress:============>                 43%] [Cov:=========================>         72%]
[Progress:============>                 43%] [Cov:=========================>         72%]
[Progress:============>                 43%] [Cov:=========================>         72%]
[Progress:============>                 43%] [Cov:=========================>         72%]
[Progress:============>                 43%] [Cov:=========================>         72%]
[Progress:============>                 43%] [Cov:=========================>         72%]
[Progress:=============>                46%] [Cov:=========================>         72%]
[Progress:=============>                46%] [Cov:=========================>         72%]
[Progress:=============>                46%] [Cov:=========================>         72%]
[Progress:=============>                46%] [Cov:=========================>         72%]
[Progress:=============>                46%] [Cov:=========================>         72%]BPSO iteration=40 bestFitness=86.4090909090909 population=30 inertia=0.72

[Progress:=============>                46%] [Cov:=========================>         72%]
[Progress:===============>              50%] [Cov:========================>          71%]
[Progress:===============>              50%] [Cov:=========================>         72%]
[Progress:===============>              50%] [Cov:=========================>         72%]
[Progress:===============>              50%] [Cov:=========================>         72%]
[Progress:===============>              50%] [Cov:=========================>         72%]
[Progress:===============>              50%] [Cov:=========================>         72%]
[Progress:===============>              50%] [Cov:=========================>         72%]
[Progress:===============>              50%] [Cov:=========================>         72%]
[Progress:===============>              53%] [Cov:=========================>         72%]
[Progress:===============>              53%] [Cov:=========================>         72%]
[Progress:===============>              53%] [Cov:=========================>         72%]
[Progress:===============>              53%] [Cov:=========================>         72%]
[Progress:===============>              53%] [Cov:=========================>         72%]
[Progress:===============>              53%] [Cov:=========================>         72%]
[Progress:================>             56%] [Cov:=====>                             15%]
[Progress:================>             56%] [Cov:===============>                   43%]
[Progress:================>             56%] [Cov:================>                  48%]
[Progress:================>             56%] [Cov:=========================>         72%]
[Progress:================>             56%] [Cov:=========================>         72%]
[Progress:================>             56%] [Cov:=========================>         72%]
[Progress:================>             56%] [Cov:=========================>         72%]
[Progress:================>             56%] [Cov:=========================>         72%]
[Progress:================>             56%] [Cov:=========================>         72%]
[Progress:==================>           60%] [Cov:=========================>         72%]
[Progress:==================>           60%] [Cov:=========================>         72%]
[Progress:==================>           60%] [Cov:=========================>         72%]
[Progress:==================>           60%] [Cov:=========================>         72%]BPSO iteration=60 bestFitness=86.4090909090909 population=30 inertia=0.72

[Progress:==================>           60%] [Cov:=========================>         72%]
[Progress:==================>           63%] [Cov:=========================>         72%]
[Progress:==================>           63%] [Cov:=========================>         72%]
[Progress:==================>           63%] [Cov:=========================>         72%]
[Progress:==================>           63%] [Cov:=========================>         72%]
[Progress:==================>           63%] [Cov:=========================>         72%]
[Progress:===================>          66%] [Cov:=========================>         72%]
[Progress:===================>          66%] [Cov:=========================>         72%]
[Progress:===================>          66%] [Cov:=========================>         72%]
[Progress:===================>          66%] [Cov:=========================>         72%]
[Progress:===================>          66%] [Cov:=========================>         72%]
[Progress:===================>          66%] [Cov:=========================>         72%]
[Progress:=====================>        70%] [Cov:==============>                    40%]
[Progress:=====================>        70%] [Cov:==============>                    41%]
[Progress:=====================>        70%] [Cov:==============>                    42%]
[Progress:=====================>        70%] [Cov:===============>                   43%]
[Progress:=====================>        70%] [Cov:=========================>         72%]
[Progress:=====================>        70%] [Cov:=========================>         72%]
[Progress:=====================>        70%] [Cov:=========================>         72%]
[Progress:=====================>        70%] [Cov:=========================>         72%]
[Progress:=====================>        70%] [Cov:=========================>         72%]
[Progress:=====================>        70%] [Cov:=========================>         72%]
[Progress:=====================>        73%] [Cov:=========================>         72%]
[Progress:=====================>        73%] [Cov:=========================>         72%]
[Progress:=====================>        73%] [Cov:=========================>         72%]
[Progress:=====================>        73%] [Cov:=========================>         73%]
[Progress:=====================>        73%] [Cov:=========================>         73%]
[Progress:=====================>        73%] [Cov:=========================>         73%]
[Progress:=====================>        73%] [Cov:=========================>         73%]BPSO iteration=80 bestFitness=83.4090909090909 population=30 inertia=0.72

[Progress:=====================>        73%] [Cov:=========================>         74%]
[Progress:=====================>        73%] [Cov:=========================>         74%]
[Progress:======================>       76%] [Cov:=========================>         73%]
[Progress:======================>       76%] [Cov:=========================>         74%]
[Progress:======================>       76%] [Cov:=========================>         74%]
[Progress:======================>       76%] [Cov:==========================>        75%]
[Progress:======================>       76%] [Cov:==========================>        75%]
[Progress:======================>       76%] [Cov:==========================>        75%]
[Progress:======================>       76%] [Cov:==========================>        75%]
[Progress:======================>       76%] [Cov:==========================>        75%]
[Progress:======================>       76%] [Cov:==========================>        75%]
[Progress:========================>     80%] [Cov:==========================>        75%]
[Progress:========================>     80%] [Cov:==========================>        75%]
[Progress:========================>     80%] [Cov:==========================>        75%]
[Progress:========================>     80%] [Cov:==========================>        75%]
[Progress:========================>     80%] [Cov:==========================>        75%]
[Progress:========================>     80%] [Cov:==========================>        75%]
[Progress:========================>     80%] [Cov:==========================>        75%]
[Progress:========================>     83%] [Cov:==========================>        75%]
[Progress:========================>     83%] [Cov:==========================>        75%]
[Progress:========================>     83%] [Cov:==========================>        75%]
[Progress:========================>     83%] [Cov:==========================>        75%]
[Progress:========================>     83%] [Cov:==========================>        75%]
[Progress:========================>     83%] [Cov:==========================>        75%]
[Progress:========================>     83%] [Cov:==========================>        75%]
[Progress:========================>     83%] [Cov:==========================>        75%]BPSO iteration=100 bestFitness=80.88888888888889 population=30 inertia=0.72

[Progress:=========================>    86%] [Cov:==========================>        75%]
[Progress:=========================>    86%] [Cov:==========================>        75%]
[Progress:=========================>    86%] [Cov:==========================>        75%]
[Progress:=========================>    86%] [Cov:==========================>        75%]
[Progress:=========================>    86%] [Cov:==========================>        75%]
[Progress:=========================>    86%] [Cov:==========================>        75%]
[Progress:=========================>    86%] [Cov:==========================>        75%]
[Progress:===========================>  90%] [Cov:==========================>        75%]
[Progress:===========================>  90%] [Cov:==========================>        75%]
[Progress:===========================>  90%] [Cov:==========================>        75%]
[Progress:===========================>  90%] [Cov:==========================>        75%]
[Progress:===========================>  93%] [Cov:==========================>        75%]
[Progress:===========================>  93%] [Cov:==========================>        75%]
[Progress:===========================>  93%] [Cov:==========================>        75%]
[Progress:===========================>  93%] [Cov:==========================>        75%]
[Progress:===========================>  93%] [Cov:==========================>        75%]
[Progress:===========================>  93%] [Cov:==========================>        75%]
[Progress:===========================>  93%] [Cov:==========================>        75%]
[Progress:============================> 96%] [Cov:===================>               57%]
[Progress:============================> 96%] [Cov:========================>          70%]
[Progress:============================> 96%] [Cov:==========================>        75%]
[Progress:============================> 96%] [Cov:==========================>        75%]
[Progress:============================> 96%] [Cov:==========================>        75%]
[Progress:============================> 96%] [Cov:==========================>        75%]
[Progress:============================> 96%] [Cov:==========================>        75%]
[Progress:============================> 96%] [Cov:==========================>        75%]BPSO iteration=120 bestFitness=79.88888888888889 population=30 inertia=0.72

[Progress:==============================100%] [Cov:==========================>        75%]
[Progress:==============================100%] [Cov:==========================>        75%]
[Progress:==============================100%] [Cov:==========================>        75%]
[Progress:==============================100%] [Cov:==========================>        75%]
[Progress:==============================100%] [Cov:==========================>        75%]
[Progress:==============================100%] [Cov:==========================>        75%]
[Progress:==============================100%] [Cov:==========================>        75%]
[Progress:==============================100%] [Cov:==========================>        75%]
[Progress:==============================100%] [Cov:==========================>        75%]
* Search finished after 31s and 127 generations, 26349 statements, best individual has fitness: 79.94771241830065
* Minimizing test suite
* Going to analyze the coverage criteria
* Coverage analysis for criterion LINE
* Coverage of criterion LINE: 82%
* Total number of goals: 45
* Number of covered goals: 37
* Coverage analysis for criterion BRANCH
* Coverage of criterion BRANCH: 72%
* Total number of goals: 29
* Number of covered goals: 21
* Coverage analysis for criterion EXCEPTION
* Coverage of criterion EXCEPTION: 100%
* Total number of goals: 16
* Number of covered goals: 16
* Coverage analysis for criterion WEAKMUTATION
* Coverage of criterion WEAKMUTATION: 96%
* Total number of goals: 28
* Number of covered goals: 27
* Coverage analysis for criterion OUTPUT
* Coverage of criterion OUTPUT: 39%
* Total number of goals: 89
* Number of covered goals: 35
* Coverage analysis for criterion METHOD
* Coverage of criterion METHOD: 100%
* Total number of goals: 11
* Number of covered goals: 11
* Coverage analysis for criterion CBRANCH
* Coverage of criterion CBRANCH: 72%
* Total number of goals: 29
* Number of covered goals: 21
* Generated 28 tests with total length 38
* Resulting test suite's coverage: 76% (average coverage for all fitness functions)
* Generating assertions
* Resulting test suite's mutation score: 4%
* Property NO_RUNTIME_DEPENDENCY is set to true - skipping JUnit compile check
* WARNING: Not including the runtime dependencies is likely to lead to flaky tests!
* Writing tests to file
* Writing JUnit test case 'TypeHandler_ESTest' to /home/acer/SQA/all-in-one-results/Cli/BPSO_db7ac586/round1/Cli-40/generation/org_apache_commons_cli_TypeHandler/evosuite-tests
* Done!

* Computation finished
