Project=Lang
Bug=40
Algorithm=BPSO
TargetClass=org.apache.commons.lang.StringUtils
TargetMethod=containsIgnoreCase
TriggerTest=org.apache.commons.lang.StringUtilsEqualsIndexOfTest::testContainsIgnoreCase_LocaleIndependence
ModifiedSource=org.apache.commons.lang.StringUtils
FixedRevision=711e204e73f24e32acb3727a5d9d3b351b6639d1
CandidatePool=24
SuiteSize=12
Iterations=5000
Seed=20260923
Generator=GenericCandidateProvider
TriggerInputsCopied=false
TemporaryGeneratorWorkspace=/tmp/sqa_lang_generator_40_BPSO_pcd3Le
GeneratedClass=Lang40GeneratedTestBPSO

============================================================
GENERATION SUCCESS
============================================================
Status : GENERATED
File   : /Users/fangfang/Documents/SQA_Project_2026/automation/runs/Lang/Bug-40/BPSO/generated_test.java
Class  : Lang40GeneratedTestBPSO
Method : containsIgnoreCase
============================================================

RETURN_CODE=0
END=Sat Oct  3 00:14:29 +07 2026
GENERATION SUCCESS
