Preparing Lang-12
Buggy: /Users/fangfang/Documents/SQA_Project_2026/workspaces/Lang-12-buggy
Fixed: /Users/fangfang/Documents/SQA_Project_2026/workspaces/Lang-12-fixed

=== Checkout BUGGY ===
Checking out 27bcbcc7 to /Users/fangfang/Documents/SQA_Project_2026/workspa OK
Init local repository...................................................... OK
Tag post-fix revision...................................................... OK
Apply patch................................................................ OK
Apply patch................................................................ OK
Apply patch................................................................ OK
Run post-checkout hook..................................................... OK
Excluding broken/flaky tests............................................... OK
Excluding broken/flaky tests............................................... OK
Excluding broken/flaky tests............................................... OK
Backing up build file: /Users/fangfang/Documents/SQA_Project_2026/workspace OK
Initialize fixed program version........................................... OK
Apply patch................................................................ OK
Initialize buggy program version........................................... OK
Diff 27bcbcc7:1971d3ed..................................................... OK
Apply patch................................................................ OK
Tag pre-fix revision....................................................... OK
Check out program version: Lang-12b........................................ OK

=== Checkout FIXED ===
Checking out 27bcbcc7 to /Users/fangfang/Documents/SQA_Project_2026/workspa OK
Init local repository...................................................... OK
Tag post-fix revision...................................................... OK
Apply patch................................................................ OK
Apply patch................................................................ OK
Apply patch................................................................ OK
Run post-checkout hook..................................................... OK
Excluding broken/flaky tests............................................... OK
Excluding broken/flaky tests............................................... OK
Excluding broken/flaky tests............................................... OK
Backing up build file: /Users/fangfang/Documents/SQA_Project_2026/workspace OK
Initialize fixed program version........................................... OK
Apply patch................................................................ OK
Initialize buggy program version........................................... OK
Diff 27bcbcc7:1971d3ed..................................................... OK
Apply patch................................................................ OK
Tag pre-fix revision....................................................... OK
Check out program version: Lang-12f........................................ OK

=== Workspace status ===
BUGGY: READY
FIXED: READY
