===== org.apache.commons.lang3.math.Lang7GeneratedTestSA__Isolated_1_test01_double_minus_integer_1::test01_double_minus_integer_1 =====
Running ant (compile.tests)................................................ OK
Running ant (run.dev.tests)................................................ OK
Failing tests: 1
  - org.apache.commons.lang3.math.Lang7GeneratedTestSA__Isolated_1_test01_double_minus_integer_1::test01_double_minus_integer_1

===== org.apache.commons.lang3.math.Lang7GeneratedTestSA__Isolated_2_test02_double_minus_integer_large::test02_double_minus_integer_large =====
Running ant (compile.tests)................................................ OK
Running ant (run.dev.tests)................................................ OK
Failing tests: 1
  - org.apache.commons.lang3.math.Lang7GeneratedTestSA__Isolated_2_test02_double_minus_integer_large::test02_double_minus_integer_large

===== org.apache.commons.lang3.math.Lang7GeneratedTestSA__Isolated_3_test03_double_minus_zero::test03_double_minus_zero =====
Running ant (compile.tests)................................................ OK
Running ant (run.dev.tests)................................................ OK
Failing tests: 1
  - org.apache.commons.lang3.math.Lang7GeneratedTestSA__Isolated_3_test03_double_minus_zero::test03_double_minus_zero

===== org.apache.commons.lang3.math.Lang7GeneratedTestSA__Isolated_4_test04_double_minus_decimal::test04_double_minus_decimal =====
Running ant (compile.tests)................................................ OK
Running ant (run.dev.tests)................................................ OK
Failing tests: 1
  - org.apache.commons.lang3.math.Lang7GeneratedTestSA__Isolated_4_test04_double_minus_decimal::test04_double_minus_decimal

===== org.apache.commons.lang3.math.Lang7GeneratedTestSA__Isolated_5_test05_double_minus_decimal_large::test05_double_minus_decimal_large =====
Running ant (compile.tests)................................................ OK
Running ant (run.dev.tests)................................................ OK
Failing tests: 1
  - org.apache.commons.lang3.math.Lang7GeneratedTestSA__Isolated_5_test05_double_minus_decimal_large::test05_double_minus_decimal_large

===== org.apache.commons.lang3.math.Lang7GeneratedTestSA__Isolated_6_test06_double_minus_exponent::test06_double_minus_exponent =====
Running ant (compile.tests)................................................ OK
Running ant (run.dev.tests)................................................ OK
Failing tests: 1
  - org.apache.commons.lang3.math.Lang7GeneratedTestSA__Isolated_6_test06_double_minus_exponent::test06_double_minus_exponent

===== org.apache.commons.lang3.math.Lang7GeneratedTestSA__Isolated_7_test07_double_minus_negative_decimal::test07_double_minus_negative_decimal =====
Running ant (compile.tests)................................................ OK
Running ant (run.dev.tests)................................................ OK
Failing tests: 1
  - org.apache.commons.lang3.math.Lang7GeneratedTestSA__Isolated_7_test07_double_minus_negative_decimal::test07_double_minus_negative_decimal

===== org.apache.commons.lang3.math.Lang7GeneratedTestSA__Isolated_8_test08_double_minus_whitespace::test08_double_minus_whitespace =====
Running ant (compile.tests)................................................ OK
Running ant (run.dev.tests)................................................ OK
Failing tests: 0

===== org.apache.commons.lang3.math.Lang7GeneratedTestSA__Isolated_9_test09_baseline_integer::test09_baseline_integer =====
Running ant (compile.tests)................................................ OK
Running ant (run.dev.tests)................................................ OK
Failing tests: 0

===== org.apache.commons.lang3.math.Lang7GeneratedTestSA__Isolated_10_test10_baseline_negative_integer::test10_baseline_negative_integer =====
Running ant (compile.tests)................................................ OK
Running ant (run.dev.tests)................................................ OK
Failing tests: 0

===== org.apache.commons.lang3.math.Lang7GeneratedTestSA__Isolated_11_test11_baseline_decimal::test11_baseline_decimal =====
Running ant (compile.tests)................................................ OK
Running ant (run.dev.tests)................................................ OK
Failing tests: 0

===== org.apache.commons.lang3.math.Lang7GeneratedTestSA__Isolated_12_test12_baseline_hex::test12_baseline_hex =====
Running ant (compile.tests)................................................ OK
Running ant (run.dev.tests)................................................ OK
Failing tests: 0

