{
  "generated_test": "/Users/fangfang/Documents/SQA_Project_2026/automation/runs/Lang/Bug-7/SA/generated_test.java",
  "destination": "org/apache/commons/lang3/math/Lang7GeneratedTestSA.java",
  "test_class": "org.apache.commons.lang3.math.Lang7GeneratedTestSA",
  "test_methods": [
    "org.apache.commons.lang3.math.Lang7GeneratedTestSA__Isolated_1_test01_double_minus_integer_1::test01_double_minus_integer_1",
    "org.apache.commons.lang3.math.Lang7GeneratedTestSA__Isolated_2_test02_double_minus_integer_large::test02_double_minus_integer_large",
    "org.apache.commons.lang3.math.Lang7GeneratedTestSA__Isolated_3_test03_double_minus_zero::test03_double_minus_zero",
    "org.apache.commons.lang3.math.Lang7GeneratedTestSA__Isolated_4_test04_double_minus_decimal::test04_double_minus_decimal",
    "org.apache.commons.lang3.math.Lang7GeneratedTestSA__Isolated_5_test05_double_minus_decimal_large::test05_double_minus_decimal_large",
    "org.apache.commons.lang3.math.Lang7GeneratedTestSA__Isolated_6_test06_double_minus_exponent::test06_double_minus_exponent",
    "org.apache.commons.lang3.math.Lang7GeneratedTestSA__Isolated_7_test07_double_minus_negative_decimal::test07_double_minus_negative_decimal",
    "org.apache.commons.lang3.math.Lang7GeneratedTestSA__Isolated_8_test08_double_minus_whitespace::test08_double_minus_whitespace",
    "org.apache.commons.lang3.math.Lang7GeneratedTestSA__Isolated_9_test09_baseline_integer::test09_baseline_integer",
    "org.apache.commons.lang3.math.Lang7GeneratedTestSA__Isolated_10_test10_baseline_negative_integer::test10_baseline_negative_integer",
    "org.apache.commons.lang3.math.Lang7GeneratedTestSA__Isolated_11_test11_baseline_decimal::test11_baseline_decimal",
    "org.apache.commons.lang3.math.Lang7GeneratedTestSA__Isolated_12_test12_baseline_hex::test12_baseline_hex"
  ],
  "test_count": 12,
  "buggy_compile": {
    "status": "PASS",
    "return_code": 0,
    "time_seconds": 6.283172792
  },
  "fixed_compile": {
    "status": "PASS",
    "return_code": 0,
    "time_seconds": 4.50553975
  },
  "statistics": {
    "total_tests": 12,
    "evaluated_tests": 12,
    "detected_tests": 7,
    "fdr_percent": 58.333333333333336,
    "buggy_pass": 5,
    "buggy_fail": 7,
    "buggy_error": 0,
    "fixed_pass": 12,
    "fixed_fail": 0,
    "fixed_error": 0
  },
  "tests": [
    {
      "selector": "org.apache.commons.lang3.math.Lang7GeneratedTestSA__Isolated_1_test01_double_minus_integer_1::test01_double_minus_integer_1",
      "target_method": "org.apache.commons.lang3.math.Lang7GeneratedTestSA::test01_double_minus_integer_1",
      "isolated_class": "org.apache.commons.lang3.math.Lang7GeneratedTestSA__Isolated_1_test01_double_minus_integer_1",
      "buggy": {
        "status": "FAIL",
        "return_code": 0,
        "time_seconds": 0.8977488749999996,
        "output": "Running ant (compile.tests)................................................ OK\nRunning ant (run.dev.tests)................................................ OK\nFailing tests: 1\n  - org.apache.commons.lang3.math.Lang7GeneratedTestSA__Isolated_1_test01_double_minus_integer_1::test01_double_minus_integer_1\n"
      },
      "fixed": {
        "status": "PASS",
        "return_code": 0,
        "time_seconds": 0.8255781659999997,
        "output": "Running ant (compile.tests)................................................ OK\nRunning ant (run.dev.tests)................................................ OK\nFailing tests: 0\n"
      },
      "evaluated": true,
      "detected": true
    },
    {
      "selector": "org.apache.commons.lang3.math.Lang7GeneratedTestSA__Isolated_2_test02_double_minus_integer_large::test02_double_minus_integer_large",
      "target_method": "org.apache.commons.lang3.math.Lang7GeneratedTestSA::test02_double_minus_integer_large",
      "isolated_class": "org.apache.commons.lang3.math.Lang7GeneratedTestSA__Isolated_2_test02_double_minus_integer_large",
      "buggy": {
        "status": "FAIL",
        "return_code": 0,
        "time_seconds": 0.8974564999999988,
        "output": "Running ant (compile.tests)................................................ OK\nRunning ant (run.dev.tests)................................................ OK\nFailing tests: 1\n  - org.apache.commons.lang3.math.Lang7GeneratedTestSA__Isolated_2_test02_double_minus_integer_large::test02_double_minus_integer_large\n"
      },
      "fixed": {
        "status": "PASS",
        "return_code": 0,
        "time_seconds": 0.9143157500000001,
        "output": "Running ant (compile.tests)................................................ OK\nRunning ant (run.dev.tests)................................................ OK\nFailing tests: 0\n"
      },
      "evaluated": true,
      "detected": true
    },
    {
      "selector": "org.apache.commons.lang3.math.Lang7GeneratedTestSA__Isolated_3_test03_double_minus_zero::test03_double_minus_zero",
      "target_method": "org.apache.commons.lang3.math.Lang7GeneratedTestSA::test03_double_minus_zero",
      "isolated_class": "org.apache.commons.lang3.math.Lang7GeneratedTestSA__Isolated_3_test03_double_minus_zero",
      "buggy": {
        "status": "FAIL",
        "return_code": 0,
        "time_seconds": 0.8507215000000006,
        "output": "Running ant (compile.tests)................................................ OK\nRunning ant (run.dev.tests)................................................ OK\nFailing tests: 1\n  - org.apache.commons.lang3.math.Lang7GeneratedTestSA__Isolated_3_test03_double_minus_zero::test03_double_minus_zero\n"
      },
      "fixed": {
        "status": "PASS",
        "return_code": 0,
        "time_seconds": 0.827317292,
        "output": "Running ant (compile.tests)................................................ OK\nRunning ant (run.dev.tests)................................................ OK\nFailing tests: 0\n"
      },
      "evaluated": true,
      "detected": true
    },
    {
      "selector": "org.apache.commons.lang3.math.Lang7GeneratedTestSA__Isolated_4_test04_double_minus_decimal::test04_double_minus_decimal",
      "target_method": "org.apache.commons.lang3.math.Lang7GeneratedTestSA::test04_double_minus_decimal",
      "isolated_class": "org.apache.commons.lang3.math.Lang7GeneratedTestSA__Isolated_4_test04_double_minus_decimal",
      "buggy": {
        "status": "FAIL",
        "return_code": 0,
        "time_seconds": 0.8316511249999969,
        "output": "Running ant (compile.tests)................................................ OK\nRunning ant (run.dev.tests)................................................ OK\nFailing tests: 1\n  - org.apache.commons.lang3.math.Lang7GeneratedTestSA__Isolated_4_test04_double_minus_decimal::test04_double_minus_decimal\n"
      },
      "fixed": {
        "status": "PASS",
        "return_code": 0,
        "time_seconds": 0.8365389999999984,
        "output": "Running ant (compile.tests)................................................ OK\nRunning ant (run.dev.tests)................................................ OK\nFailing tests: 0\n"
      },
      "evaluated": true,
      "detected": true
    },
    {
      "selector": "org.apache.commons.lang3.math.Lang7GeneratedTestSA__Isolated_5_test05_double_minus_decimal_large::test05_double_minus_decimal_large",
      "target_method": "org.apache.commons.lang3.math.Lang7GeneratedTestSA::test05_double_minus_decimal_large",
      "isolated_class": "org.apache.commons.lang3.math.Lang7GeneratedTestSA__Isolated_5_test05_double_minus_decimal_large",
      "buggy": {
        "status": "FAIL",
        "return_code": 0,
        "time_seconds": 1.039934333999998,
        "output": "Running ant (compile.tests)................................................ OK\nRunning ant (run.dev.tests)................................................ OK\nFailing tests: 1\n  - org.apache.commons.lang3.math.Lang7GeneratedTestSA__Isolated_5_test05_double_minus_decimal_large::test05_double_minus_decimal_large\n"
      },
      "fixed": {
        "status": "PASS",
        "return_code": 0,
        "time_seconds": 0.7928304169999976,
        "output": "Running ant (compile.tests)................................................ OK\nRunning ant (run.dev.tests)................................................ OK\nFailing tests: 0\n"
      },
      "evaluated": true,
      "detected": true
    },
    {
      "selector": "org.apache.commons.lang3.math.Lang7GeneratedTestSA__Isolated_6_test06_double_minus_exponent::test06_double_minus_exponent",
      "target_method": "org.apache.commons.lang3.math.Lang7GeneratedTestSA::test06_double_minus_exponent",
      "isolated_class": "org.apache.commons.lang3.math.Lang7GeneratedTestSA__Isolated_6_test06_double_minus_exponent",
      "buggy": {
        "status": "FAIL",
        "return_code": 0,
        "time_seconds": 0.7677076659999997,
        "output": "Running ant (compile.tests)................................................ OK\nRunning ant (run.dev.tests)................................................ OK\nFailing tests: 1\n  - org.apache.commons.lang3.math.Lang7GeneratedTestSA__Isolated_6_test06_double_minus_exponent::test06_double_minus_exponent\n"
      },
      "fixed": {
        "status": "PASS",
        "return_code": 0,
        "time_seconds": 1.0188554580000009,
        "output": "Running ant (compile.tests)................................................ OK\nRunning ant (run.dev.tests)................................................ OK\nFailing tests: 0\n"
      },
      "evaluated": true,
      "detected": true
    },
    {
      "selector": "org.apache.commons.lang3.math.Lang7GeneratedTestSA__Isolated_7_test07_double_minus_negative_decimal::test07_double_minus_negative_decimal",
      "target_method": "org.apache.commons.lang3.math.Lang7GeneratedTestSA::test07_double_minus_negative_decimal",
      "isolated_class": "org.apache.commons.lang3.math.Lang7GeneratedTestSA__Isolated_7_test07_double_minus_negative_decimal",
      "buggy": {
        "status": "FAIL",
        "return_code": 0,
        "time_seconds": 0.8303341250000003,
        "output": "Running ant (compile.tests)................................................ OK\nRunning ant (run.dev.tests)................................................ OK\nFailing tests: 1\n  - org.apache.commons.lang3.math.Lang7GeneratedTestSA__Isolated_7_test07_double_minus_negative_decimal::test07_double_minus_negative_decimal\n"
      },
      "fixed": {
        "status": "PASS",
        "return_code": 0,
        "time_seconds": 0.8125076249999985,
        "output": "Running ant (compile.tests)................................................ OK\nRunning ant (run.dev.tests)................................................ OK\nFailing tests: 0\n"
      },
      "evaluated": true,
      "detected": true
    },
    {
      "selector": "org.apache.commons.lang3.math.Lang7GeneratedTestSA__Isolated_8_test08_double_minus_whitespace::test08_double_minus_whitespace",
      "target_method": "org.apache.commons.lang3.math.Lang7GeneratedTestSA::test08_double_minus_whitespace",
      "isolated_class": "org.apache.commons.lang3.math.Lang7GeneratedTestSA__Isolated_8_test08_double_minus_whitespace",
      "buggy": {
        "status": "PASS",
        "return_code": 0,
        "time_seconds": 0.7928454169999988,
        "output": "Running ant (compile.tests)................................................ OK\nRunning ant (run.dev.tests)................................................ OK\nFailing tests: 0\n"
      },
      "fixed": {
        "status": "PASS",
        "return_code": 0,
        "time_seconds": 0.7654650419999989,
        "output": "Running ant (compile.tests)................................................ OK\nRunning ant (run.dev.tests)................................................ OK\nFailing tests: 0\n"
      },
      "evaluated": true,
      "detected": false
    },
    {
      "selector": "org.apache.commons.lang3.math.Lang7GeneratedTestSA__Isolated_9_test09_baseline_integer::test09_baseline_integer",
      "target_method": "org.apache.commons.lang3.math.Lang7GeneratedTestSA::test09_baseline_integer",
      "isolated_class": "org.apache.commons.lang3.math.Lang7GeneratedTestSA__Isolated_9_test09_baseline_integer",
      "buggy": {
        "status": "PASS",
        "return_code": 0,
        "time_seconds": 0.7715394169999996,
        "output": "Running ant (compile.tests)................................................ OK\nRunning ant (run.dev.tests)................................................ OK\nFailing tests: 0\n"
      },
      "fixed": {
        "status": "PASS",
        "return_code": 0,
        "time_seconds": 0.9386677920000004,
        "output": "Running ant (compile.tests)................................................ OK\nRunning ant (run.dev.tests)................................................ OK\nFailing tests: 0\n"
      },
      "evaluated": true,
      "detected": false
    },
    {
      "selector": "org.apache.commons.lang3.math.Lang7GeneratedTestSA__Isolated_10_test10_baseline_negative_integer::test10_baseline_negative_integer",
      "target_method": "org.apache.commons.lang3.math.Lang7GeneratedTestSA::test10_baseline_negative_integer",
      "isolated_class": "org.apache.commons.lang3.math.Lang7GeneratedTestSA__Isolated_10_test10_baseline_negative_integer",
      "buggy": {
        "status": "PASS",
        "return_code": 0,
        "time_seconds": 0.8853077499999991,
        "output": "Running ant (compile.tests)................................................ OK\nRunning ant (run.dev.tests)................................................ OK\nFailing tests: 0\n"
      },
      "fixed": {
        "status": "PASS",
        "return_code": 0,
        "time_seconds": 0.8341982080000001,
        "output": "Running ant (compile.tests)................................................ OK\nRunning ant (run.dev.tests)................................................ OK\nFailing tests: 0\n"
      },
      "evaluated": true,
      "detected": false
    },
    {
      "selector": "org.apache.commons.lang3.math.Lang7GeneratedTestSA__Isolated_11_test11_baseline_decimal::test11_baseline_decimal",
      "target_method": "org.apache.commons.lang3.math.Lang7GeneratedTestSA::test11_baseline_decimal",
      "isolated_class": "org.apache.commons.lang3.math.Lang7GeneratedTestSA__Isolated_11_test11_baseline_decimal",
      "buggy": {
        "status": "PASS",
        "return_code": 0,
        "time_seconds": 0.7867733330000029,
        "output": "Running ant (compile.tests)................................................ OK\nRunning ant (run.dev.tests)................................................ OK\nFailing tests: 0\n"
      },
      "fixed": {
        "status": "PASS",
        "return_code": 0,
        "time_seconds": 1.412178917000002,
        "output": "Running ant (compile.tests)................................................ OK\nRunning ant (run.dev.tests)................................................ OK\nFailing tests: 0\n"
      },
      "evaluated": true,
      "detected": false
    },
    {
      "selector": "org.apache.commons.lang3.math.Lang7GeneratedTestSA__Isolated_12_test12_baseline_hex::test12_baseline_hex",
      "target_method": "org.apache.commons.lang3.math.Lang7GeneratedTestSA::test12_baseline_hex",
      "isolated_class": "org.apache.commons.lang3.math.Lang7GeneratedTestSA__Isolated_12_test12_baseline_hex",
      "buggy": {
        "status": "PASS",
        "return_code": 0,
        "time_seconds": 0.8056887079999981,
        "output": "Running ant (compile.tests)................................................ OK\nRunning ant (run.dev.tests)................................................ OK\nFailing tests: 0\n"
      },
      "fixed": {
        "status": "PASS",
        "return_code": 0,
        "time_seconds": 0.8417462500000035,
        "output": "Running ant (compile.tests)................................................ OK\nRunning ant (run.dev.tests)................................................ OK\nFailing tests: 0\n"
      },
      "evaluated": true,
      "detected": false
    }
  ],
  "evaluation_workspaces": {
    "buggy": "/Users/fangfang/Documents/SQA_Project_2026/workspaces/d4j_suite_eval_z7xq93j6/buggy",
    "fixed": "/Users/fangfang/Documents/SQA_Project_2026/workspaces/d4j_suite_eval_z7xq93j6/fixed"
  },
  "timing": {
    "buggy_compile_seconds": 6.283172792,
    "fixed_compile_seconds": 4.50553975,
    "buggy_execution_seconds": 10.157708749999992,
    "fixed_execution_seconds": 10.820199917,
    "total_seconds": 31.76662120899999
  },
  "status": "PASS"
}
