===== org.apache.commons.lang3.ClassUtils_ToClassTest__Isolated_1_testToClass_withMixedNullAndNonNullElements::testToClass_withMixedNullAndNonNullElements =====
Running ant (compile.tests)................................................ OK
Running ant (run.dev.tests)................................................ OK
Failing tests: 1
  - org.apache.commons.lang3.ClassUtils_ToClassTest__Isolated_1_testToClass_withMixedNullAndNonNullElements::testToClass_withMixedNullAndNonNullElements

===== org.apache.commons.lang3.ClassUtils_ToClassTest__Isolated_2_testToClass_withAllNullElements::testToClass_withAllNullElements =====
Running ant (compile.tests)................................................ OK
Running ant (run.dev.tests)................................................ OK
Failing tests: 1
  - org.apache.commons.lang3.ClassUtils_ToClassTest__Isolated_2_testToClass_withAllNullElements::testToClass_withAllNullElements

===== org.apache.commons.lang3.ClassUtils_ToClassTest__Isolated_3_testToClass_withSingleNullElement::testToClass_withSingleNullElement =====
Running ant (compile.tests)................................................ OK
Running ant (run.dev.tests)................................................ OK
Failing tests: 1
  - org.apache.commons.lang3.ClassUtils_ToClassTest__Isolated_3_testToClass_withSingleNullElement::testToClass_withSingleNullElement

===== org.apache.commons.lang3.ClassUtils_ToClassTest__Isolated_4_testToClass_withNullAtBeginningAndEnd::testToClass_withNullAtBeginningAndEnd =====
Running ant (compile.tests)................................................ OK
Running ant (run.dev.tests)................................................ OK
Failing tests: 1
  - org.apache.commons.lang3.ClassUtils_ToClassTest__Isolated_4_testToClass_withNullAtBeginningAndEnd::testToClass_withNullAtBeginningAndEnd

