============================================================
AUTO GENERATION
PROJECT=Lang BUG=40 METHOD=SA
START=Fri Oct  2 08:33:08 PDT 2026
============================================================
============================================================
CORRECTED SA/BPSO GENERATOR
============================================================
Project : Lang
Bug     : 40
Method  : SA
Artifact: /Users/fangfang/Documents/SQA_Project_2026/automation/runs/Lang/Bug-40/SA
============================================================
Modified source : org.apache.commons.lang.StringUtils
Trigger test    : org.apache.commons.lang.StringUtilsEqualsIndexOfTest::testContainsIgnoreCase_LocaleIndependence
Fixed revision  : 711e204e73f24e32acb3727a5d9d3b351b6639d1
Target class    : org.apache.commons.lang.StringUtils
Package         : org.apache.commons.lang

Temporary generator workspace:
/tmp/sqa_lang_generator_40_SA_HkO5o1

============================================================
CHECKOUT BUGGY
============================================================
Checking out 711e204e to /tmp/sqa_lang_generator_40_SA_HkO5o1/buggy........ OK
Init local repository...................................................... OK
Tag post-fix revision...................................................... OK
Apply patch................................................................ OK
Copy generated Ant build file.............................................. OK
Run post-checkout hook..................................................... OK
Excluding broken/flaky tests............................................... OK
Excluding broken/flaky tests............................................... OK
Excluding broken/flaky tests............................................... OK
Backing up build file: /tmp/sqa_lang_generator_40_SA_HkO5o1/buggy/maven-bui OK
Initialize fixed program version........................................... OK
Apply patch................................................................ OK
Initialize buggy program version........................................... OK
Diff 711e204e:7d3fbbfd..................................................... OK
Apply patch................................................................ OK
Tag pre-fix revision....................................................... OK
Check out program version: Lang-40b........................................ OK

============================================================
CHECKOUT FIXED
============================================================
Checking out 711e204e to /tmp/sqa_lang_generator_40_SA_HkO5o1/fixed........ OK
Init local repository...................................................... OK
Tag post-fix revision...................................................... OK
Apply patch................................................................ OK
Copy generated Ant build file.............................................. OK
Run post-checkout hook..................................................... OK
Excluding broken/flaky tests............................................... OK
Excluding broken/flaky tests............................................... OK
Excluding broken/flaky tests............................................... OK
Backing up build file: /tmp/sqa_lang_generator_40_SA_HkO5o1/fixed/maven-bui OK
Initialize fixed program version........................................... OK
Apply patch................................................................ OK
Initialize buggy program version........................................... OK
Diff 711e204e:7d3fbbfd..................................................... OK
Apply patch................................................................ OK
Tag pre-fix revision....................................................... OK
Check out program version: Lang-40f........................................ OK
find: /tmp/sqa_lang_generator_40_SA_HkO5o1/buggy/src/main/java: No such file or directory
find: /tmp/sqa_lang_generator_40_SA_HkO5o1/fixed/src/main/java: No such file or directory

BUGGY source:

FIXED source:

ERROR: modified production source not found.

RETURN_CODE=3
END=Fri Oct  2 08:33:17 PDT 2026
GENERATION FAILED
