{
  "generated_test": "/Users/fangfang/Documents/SQA_Project_2026/automation/runs/Lang/Bug-5/BPSO/generated_test.java",
  "destination": "org/apache/commons/lang3/Lang5GeneratedTestBPSO.java",
  "test_class": "org.apache.commons.lang3.Lang5GeneratedTestBPSO",
  "test_methods": [
    "org.apache.commons.lang3.Lang5GeneratedTestBPSO__Isolated_1_test01_language_only_en::test01_language_only_en",
    "org.apache.commons.lang3.Lang5GeneratedTestBPSO__Isolated_2_test02_language_country_en_us::test02_language_country_en_us",
    "org.apache.commons.lang3.Lang5GeneratedTestBPSO__Isolated_3_test03_language_country_fr_ca::test03_language_country_fr_ca",
    "org.apache.commons.lang3.Lang5GeneratedTestBPSO__Isolated_4_test04_language_country_variant::test04_language_country_variant",
    "org.apache.commons.lang3.Lang5GeneratedTestBPSO__Isolated_5_test05_country_only_jp::test05_country_only_jp",
    "org.apache.commons.lang3.Lang5GeneratedTestBPSO__Isolated_6_test06_country_only_with_variant::test06_country_only_with_variant",
    "org.apache.commons.lang3.Lang5GeneratedTestBPSO__Isolated_7_test07_invalid_mixed_language::test07_invalid_mixed_language",
    "org.apache.commons.lang3.Lang5GeneratedTestBPSO__Isolated_8_test08_invalid_lower_country::test08_invalid_lower_country",
    "org.apache.commons.lang3.Lang5GeneratedTestBPSO__Isolated_9_test09_invalid_single_character::test09_invalid_single_character",
    "org.apache.commons.lang3.Lang5GeneratedTestBPSO__Isolated_10_test10_invalid_missing_separator::test10_invalid_missing_separator",
    "org.apache.commons.lang3.Lang5GeneratedTestBPSO__Isolated_11_test11_invalid_lower_country_only::test11_invalid_lower_country_only",
    "org.apache.commons.lang3.Lang5GeneratedTestBPSO__Isolated_12_test12_invalid_empty_country_only::test12_invalid_empty_country_only"
  ],
  "test_count": 12,
  "buggy_compile": {
    "status": "PASS",
    "return_code": 0,
    "time_seconds": 1.421688166
  },
  "fixed_compile": {
    "status": "PASS",
    "return_code": 0,
    "time_seconds": 1.252931417
  },
  "statistics": {
    "total_tests": 12,
    "evaluated_tests": 12,
    "detected_tests": 2,
    "fdr_percent": 16.666666666666664,
    "buggy_pass": 10,
    "buggy_fail": 2,
    "buggy_error": 0,
    "fixed_pass": 12,
    "fixed_fail": 0,
    "fixed_error": 0
  },
  "tests": [
    {
      "selector": "org.apache.commons.lang3.Lang5GeneratedTestBPSO__Isolated_1_test01_language_only_en::test01_language_only_en",
      "target_method": "org.apache.commons.lang3.Lang5GeneratedTestBPSO::test01_language_only_en",
      "isolated_class": "org.apache.commons.lang3.Lang5GeneratedTestBPSO__Isolated_1_test01_language_only_en",
      "buggy": {
        "status": "PASS",
        "return_code": 0,
        "time_seconds": 1.9239674159999995,
        "output": "Running ant (compile.tests)................................................ OK\nRunning ant (run.dev.tests)................................................ OK\nFailing tests: 0\n"
      },
      "fixed": {
        "status": "PASS",
        "return_code": 0,
        "time_seconds": 1.8608696670000002,
        "output": "Running ant (compile.tests)................................................ OK\nRunning ant (run.dev.tests)................................................ OK\nFailing tests: 0\n"
      },
      "evaluated": true,
      "detected": false
    },
    {
      "selector": "org.apache.commons.lang3.Lang5GeneratedTestBPSO__Isolated_2_test02_language_country_en_us::test02_language_country_en_us",
      "target_method": "org.apache.commons.lang3.Lang5GeneratedTestBPSO::test02_language_country_en_us",
      "isolated_class": "org.apache.commons.lang3.Lang5GeneratedTestBPSO__Isolated_2_test02_language_country_en_us",
      "buggy": {
        "status": "PASS",
        "return_code": 0,
        "time_seconds": 1.8604283329999998,
        "output": "Running ant (compile.tests)................................................ OK\nRunning ant (run.dev.tests)................................................ OK\nFailing tests: 0\n"
      },
      "fixed": {
        "status": "PASS",
        "return_code": 0,
        "time_seconds": 1.9301030420000007,
        "output": "Running ant (compile.tests)................................................ OK\nRunning ant (run.dev.tests)................................................ OK\nFailing tests: 0\n"
      },
      "evaluated": true,
      "detected": false
    },
    {
      "selector": "org.apache.commons.lang3.Lang5GeneratedTestBPSO__Isolated_3_test03_language_country_fr_ca::test03_language_country_fr_ca",
      "target_method": "org.apache.commons.lang3.Lang5GeneratedTestBPSO::test03_language_country_fr_ca",
      "isolated_class": "org.apache.commons.lang3.Lang5GeneratedTestBPSO__Isolated_3_test03_language_country_fr_ca",
      "buggy": {
        "status": "PASS",
        "return_code": 0,
        "time_seconds": 1.834047374999999,
        "output": "Running ant (compile.tests)................................................ OK\nRunning ant (run.dev.tests)................................................ OK\nFailing tests: 0\n"
      },
      "fixed": {
        "status": "PASS",
        "return_code": 0,
        "time_seconds": 1.8579364169999995,
        "output": "Running ant (compile.tests)................................................ OK\nRunning ant (run.dev.tests)................................................ OK\nFailing tests: 0\n"
      },
      "evaluated": true,
      "detected": false
    },
    {
      "selector": "org.apache.commons.lang3.Lang5GeneratedTestBPSO__Isolated_4_test04_language_country_variant::test04_language_country_variant",
      "target_method": "org.apache.commons.lang3.Lang5GeneratedTestBPSO::test04_language_country_variant",
      "isolated_class": "org.apache.commons.lang3.Lang5GeneratedTestBPSO__Isolated_4_test04_language_country_variant",
      "buggy": {
        "status": "PASS",
        "return_code": 0,
        "time_seconds": 1.8573004159999993,
        "output": "Running ant (compile.tests)................................................ OK\nRunning ant (run.dev.tests)................................................ OK\nFailing tests: 0\n"
      },
      "fixed": {
        "status": "PASS",
        "return_code": 0,
        "time_seconds": 1.866769958999999,
        "output": "Running ant (compile.tests)................................................ OK\nRunning ant (run.dev.tests)................................................ OK\nFailing tests: 0\n"
      },
      "evaluated": true,
      "detected": false
    },
    {
      "selector": "org.apache.commons.lang3.Lang5GeneratedTestBPSO__Isolated_5_test05_country_only_jp::test05_country_only_jp",
      "target_method": "org.apache.commons.lang3.Lang5GeneratedTestBPSO::test05_country_only_jp",
      "isolated_class": "org.apache.commons.lang3.Lang5GeneratedTestBPSO__Isolated_5_test05_country_only_jp",
      "buggy": {
        "status": "FAIL",
        "return_code": 0,
        "time_seconds": 1.8555572920000003,
        "output": "Running ant (compile.tests)................................................ OK\nRunning ant (run.dev.tests)................................................ OK\nFailing tests: 1\n  - org.apache.commons.lang3.Lang5GeneratedTestBPSO__Isolated_5_test05_country_only_jp::test05_country_only_jp\n"
      },
      "fixed": {
        "status": "PASS",
        "return_code": 0,
        "time_seconds": 1.936275834,
        "output": "Running ant (compile.tests)................................................ OK\nRunning ant (run.dev.tests)................................................ OK\nFailing tests: 0\n"
      },
      "evaluated": true,
      "detected": true
    },
    {
      "selector": "org.apache.commons.lang3.Lang5GeneratedTestBPSO__Isolated_6_test06_country_only_with_variant::test06_country_only_with_variant",
      "target_method": "org.apache.commons.lang3.Lang5GeneratedTestBPSO::test06_country_only_with_variant",
      "isolated_class": "org.apache.commons.lang3.Lang5GeneratedTestBPSO__Isolated_6_test06_country_only_with_variant",
      "buggy": {
        "status": "FAIL",
        "return_code": 0,
        "time_seconds": 1.8481382920000016,
        "output": "Running ant (compile.tests)................................................ OK\nRunning ant (run.dev.tests)................................................ OK\nFailing tests: 1\n  - org.apache.commons.lang3.Lang5GeneratedTestBPSO__Isolated_6_test06_country_only_with_variant::test06_country_only_with_variant\n"
      },
      "fixed": {
        "status": "PASS",
        "return_code": 0,
        "time_seconds": 1.8577326250000006,
        "output": "Running ant (compile.tests)................................................ OK\nRunning ant (run.dev.tests)................................................ OK\nFailing tests: 0\n"
      },
      "evaluated": true,
      "detected": true
    },
    {
      "selector": "org.apache.commons.lang3.Lang5GeneratedTestBPSO__Isolated_7_test07_invalid_mixed_language::test07_invalid_mixed_language",
      "target_method": "org.apache.commons.lang3.Lang5GeneratedTestBPSO::test07_invalid_mixed_language",
      "isolated_class": "org.apache.commons.lang3.Lang5GeneratedTestBPSO__Isolated_7_test07_invalid_mixed_language",
      "buggy": {
        "status": "PASS",
        "return_code": 0,
        "time_seconds": 1.857622708000001,
        "output": "Running ant (compile.tests)................................................ OK\nRunning ant (run.dev.tests)................................................ OK\nFailing tests: 0\n"
      },
      "fixed": {
        "status": "PASS",
        "return_code": 0,
        "time_seconds": 1.827142417000001,
        "output": "Running ant (compile.tests)................................................ OK\nRunning ant (run.dev.tests)................................................ OK\nFailing tests: 0\n"
      },
      "evaluated": true,
      "detected": false
    },
    {
      "selector": "org.apache.commons.lang3.Lang5GeneratedTestBPSO__Isolated_8_test08_invalid_lower_country::test08_invalid_lower_country",
      "target_method": "org.apache.commons.lang3.Lang5GeneratedTestBPSO::test08_invalid_lower_country",
      "isolated_class": "org.apache.commons.lang3.Lang5GeneratedTestBPSO__Isolated_8_test08_invalid_lower_country",
      "buggy": {
        "status": "PASS",
        "return_code": 0,
        "time_seconds": 1.8321090829999989,
        "output": "Running ant (compile.tests)................................................ OK\nRunning ant (run.dev.tests)................................................ OK\nFailing tests: 0\n"
      },
      "fixed": {
        "status": "PASS",
        "return_code": 0,
        "time_seconds": 1.8486747500000007,
        "output": "Running ant (compile.tests)................................................ OK\nRunning ant (run.dev.tests)................................................ OK\nFailing tests: 0\n"
      },
      "evaluated": true,
      "detected": false
    },
    {
      "selector": "org.apache.commons.lang3.Lang5GeneratedTestBPSO__Isolated_9_test09_invalid_single_character::test09_invalid_single_character",
      "target_method": "org.apache.commons.lang3.Lang5GeneratedTestBPSO::test09_invalid_single_character",
      "isolated_class": "org.apache.commons.lang3.Lang5GeneratedTestBPSO__Isolated_9_test09_invalid_single_character",
      "buggy": {
        "status": "PASS",
        "return_code": 0,
        "time_seconds": 1.8542544579999998,
        "output": "Running ant (compile.tests)................................................ OK\nRunning ant (run.dev.tests)................................................ OK\nFailing tests: 0\n"
      },
      "fixed": {
        "status": "PASS",
        "return_code": 0,
        "time_seconds": 1.938191541000002,
        "output": "Running ant (compile.tests)................................................ OK\nRunning ant (run.dev.tests)................................................ OK\nFailing tests: 0\n"
      },
      "evaluated": true,
      "detected": false
    },
    {
      "selector": "org.apache.commons.lang3.Lang5GeneratedTestBPSO__Isolated_10_test10_invalid_missing_separator::test10_invalid_missing_separator",
      "target_method": "org.apache.commons.lang3.Lang5GeneratedTestBPSO::test10_invalid_missing_separator",
      "isolated_class": "org.apache.commons.lang3.Lang5GeneratedTestBPSO__Isolated_10_test10_invalid_missing_separator",
      "buggy": {
        "status": "PASS",
        "return_code": 0,
        "time_seconds": 1.8767237090000037,
        "output": "Running ant (compile.tests)................................................ OK\nRunning ant (run.dev.tests)................................................ OK\nFailing tests: 0\n"
      },
      "fixed": {
        "status": "PASS",
        "return_code": 0,
        "time_seconds": 1.8194068749999985,
        "output": "Running ant (compile.tests)................................................ OK\nRunning ant (run.dev.tests)................................................ OK\nFailing tests: 0\n"
      },
      "evaluated": true,
      "detected": false
    },
    {
      "selector": "org.apache.commons.lang3.Lang5GeneratedTestBPSO__Isolated_11_test11_invalid_lower_country_only::test11_invalid_lower_country_only",
      "target_method": "org.apache.commons.lang3.Lang5GeneratedTestBPSO::test11_invalid_lower_country_only",
      "isolated_class": "org.apache.commons.lang3.Lang5GeneratedTestBPSO__Isolated_11_test11_invalid_lower_country_only",
      "buggy": {
        "status": "PASS",
        "return_code": 0,
        "time_seconds": 1.8346212080000015,
        "output": "Running ant (compile.tests)................................................ OK\nRunning ant (run.dev.tests)................................................ OK\nFailing tests: 0\n"
      },
      "fixed": {
        "status": "PASS",
        "return_code": 0,
        "time_seconds": 1.8324978340000015,
        "output": "Running ant (compile.tests)................................................ OK\nRunning ant (run.dev.tests)................................................ OK\nFailing tests: 0\n"
      },
      "evaluated": true,
      "detected": false
    },
    {
      "selector": "org.apache.commons.lang3.Lang5GeneratedTestBPSO__Isolated_12_test12_invalid_empty_country_only::test12_invalid_empty_country_only",
      "target_method": "org.apache.commons.lang3.Lang5GeneratedTestBPSO::test12_invalid_empty_country_only",
      "isolated_class": "org.apache.commons.lang3.Lang5GeneratedTestBPSO__Isolated_12_test12_invalid_empty_country_only",
      "buggy": {
        "status": "PASS",
        "return_code": 0,
        "time_seconds": 1.9105153339999958,
        "output": "Running ant (compile.tests)................................................ OK\nRunning ant (run.dev.tests)................................................ OK\nFailing tests: 0\n"
      },
      "fixed": {
        "status": "PASS",
        "return_code": 0,
        "time_seconds": 1.835405166000001,
        "output": "Running ant (compile.tests)................................................ OK\nRunning ant (run.dev.tests)................................................ OK\nFailing tests: 0\n"
      },
      "evaluated": true,
      "detected": false
    }
  ],
  "evaluation_workspaces": {
    "buggy": "/Users/fangfang/Documents/SQA_Project_2026/workspaces/d4j_suite_eval_mwsbpf2_/buggy",
    "fixed": "/Users/fangfang/Documents/SQA_Project_2026/workspaces/d4j_suite_eval_mwsbpf2_/fixed"
  },
  "timing": {
    "buggy_compile_seconds": 1.421688166,
    "fixed_compile_seconds": 1.252931417,
    "buggy_execution_seconds": 22.345285624,
    "fixed_execution_seconds": 22.411006127000004,
    "total_seconds": 47.430911334
  },
  "status": "PASS"
}
