* EvoSuite 1.2.0
* Going to generate test cases for class: org.apache.commons.cli2.option.GroupImpl
* Starting Client-0
* Connecting to master process on port 18828
* Analyzing classpath: 
  - /home/acer/SQA/cli-work/Cli/BPSO_db7ac586/round1/14f/target/classes
  - /home/acer/SQA/cli-work/Cli/BPSO_db7ac586/round1/14f/target/lib/commons-lang/jars/commons-lang-2.1.jar
  - /home/acer/SQA/cli-work/Cli/BPSO_db7ac586/round1/14f/target/lib/jdepend/jars/jdepend-2.5.jar
  - /home/acer/SQA/cli-work/Cli/BPSO_db7ac586/round1/14f/target/test-classes
  - /home/acer/defects4j/framework/projects/Cli/lib/org/hamcrest/hamcrest-core/1.3/hamcrest-core-1.3.jar
[MASTER] 22:43:07.557 [logback-1] WARN  InheritanceTree - Class not in inheritance graph: java.util.Locale$IsoCountryCode
* Finished analyzing classpath
* Generating tests for class org.apache.commons.cli2.option.GroupImpl
* Test criteria:
  - Line Coverage
  - Branch Coverage
  - Exception
  - Mutation testing (weak)
  - Method-Output Coverage
  - Top-Level Method Coverage
  - Context Branch Coverage
* Setting up search algorithm for whole suite generation
* Total number of test goals: 
  - Line 189
  - Branch 157
  - Exception 0
  - MutationFactory 212
  - Output 52
  - Method 18
  - CBranchFitnessFactory 157

[Progress:>                             0%] [Cov:>                                  0%]* Using seed 20260930
* Starting evolution
[MASTER] 22:43:12.365 [logback-1] WARN  TestCluster - Failed to check cache for java.util.Comparator<T> : Type points to itself

[Progress:===>                          13%] [Cov:=>                                 5%]
[Progress:===>                          13%] [Cov:===>                               9%]
[Progress:===>                          13%] [Cov:========>                          23%]
[Progress:===>                          13%] [Cov:=========>                         28%]
[Progress:===>                          13%] [Cov:==========>                        30%]
[Progress:===>                          13%] [Cov:============>                      37%]
[Progress:===>                          13%] [Cov:=============>                     38%]
[Progress:====>                         16%] [Cov:>                                  1%]
[Progress:====>                         16%] [Cov:>                                  2%]
[Progress:====>                         16%] [Cov:=====>                             16%]
[Progress:====>                         16%] [Cov:======>                            18%]
[Progress:====>                         16%] [Cov:======>                            19%]
[Progress:====>                         16%] [Cov:========>                          25%]
[Progress:====>                         16%] [Cov:=========>                         26%]
[Progress:====>                         16%] [Cov:=========>                         28%]
[Progress:====>                         16%] [Cov:==========>                        29%]
[Progress:======>                       20%] [Cov:========>                          25%]
[Progress:======>                       20%] [Cov:==========>                        31%]
[Progress:======>                       20%] [Cov:===========>                       32%]
[Progress:======>                       20%] [Cov:=============>                     38%]
[Progress:======>                       23%] [Cov:==========>                        30%]
[Progress:======>                       23%] [Cov:===========>                       32%]
[Progress:======>                       23%] [Cov:==============>                    42%]
[Progress:======>                       23%] [Cov:===============>                   44%]
[Progress:=======>                      26%] [Cov:=>                                 4%]
[Progress:=======>                      26%] [Cov:==>                                8%]
[Progress:=======>                      26%] [Cov:=======>                           22%]
[Progress:=======>                      26%] [Cov:=========>                         26%]
[Progress:=======>                      26%] [Cov:=========>                         27%]
[Progress:=======>                      26%] [Cov:===========>                       34%]
[Progress:=========>                    30%] [Cov:===============>                   44%]
[Progress:=========>                    30%] [Cov:===============>                   45%][MASTER] 22:43:17.859 [logback-1] WARN  TestCluster - Failed to check cache for java.util.ListIterator<E> : Type points to itself

[Progress:=========>                    30%] [Cov:=================>                 50%]
[Progress:=========>                    33%] [Cov:===========>                       34%]
[Progress:=========>                    33%] [Cov:===============>                   45%]
[Progress:=========>                    33%] [Cov:===================>               56%]
[Progress:==========>                   36%] [Cov:=========>                         26%]
[Progress:==========>                   36%] [Cov:===============>                   45%]
[Progress:==========>                   36%] [Cov:================>                  46%]
[Progress:==========>                   36%] [Cov:==================>                54%]
[Progress:============>                 40%] [Cov:================>                  46%]
[Progress:============>                 40%] [Cov:================>                  46%]BPSO iteration=1 bestFitness=600.1579710144928 population=30 inertia=0.72

[Progress:============>                 43%] [Cov:===============>                   45%]
[Progress:============>                 43%] [Cov:================>                  46%]
[Progress:============>                 43%] [Cov:================>                  47%]
[Progress:============>                 43%] [Cov:================>                  48%]
[Progress:============>                 43%] [Cov:=================>                 50%]
[Progress:=============>                46%] [Cov:================>                  46%]
[Progress:=============>                46%] [Cov:=================>                 50%]
[Progress:=============>                46%] [Cov:====================>              58%]
[Progress:===============>              50%] [Cov:=================>                 51%]
[Progress:===============>              50%] [Cov:==================>                52%]
[Progress:===============>              50%] [Cov:==================>                52%]BPSO iteration=2 bestFitness=516.5735294117646 population=30 inertia=0.72

[Progress:===============>              50%] [Cov:==================>                53%]
[Progress:===============>              53%] [Cov:=================>                 51%]
[Progress:================>             56%] [Cov:=================>                 51%]
[Progress:================>             56%] [Cov:==================>                52%]
[Progress:==================>           60%] [Cov:==================>                52%]
[Progress:==================>           60%] [Cov:==================>                52%]BPSO iteration=3 bestFitness=497.072695035461 population=30 inertia=0.72

[Progress:==================>           63%] [Cov:==================>                52%]
[Progress:==================>           63%] [Cov:==================>                53%]
[Progress:===================>          66%] [Cov:=================>                 49%]
[Progress:===================>          66%] [Cov:==================>                52%]
[Progress:===================>          66%] [Cov:==================>                53%]
[Progress:===================>          66%] [Cov:==================>                53%]BPSO iteration=4 bestFitness=483.9054307116104 population=30 inertia=0.72

[Progress:=====================>        70%] [Cov:==================>                53%]
[Progress:=====================>        73%] [Cov:==================>                54%]
[Progress:=====================>        73%] [Cov:=====================>             62%]
[Progress:======================>       76%] [Cov:==================>                54%]
[Progress:========================>     80%] [Cov:==================>                54%]
[Progress:========================>     80%] [Cov:==================>                54%]BPSO iteration=5 bestFitness=455.57142857142856 population=30 inertia=0.72

[Progress:========================>     83%] [Cov:==================>                54%]
[Progress:========================>     83%] [Cov:===================>               55%]
[Progress:=========================>    86%] [Cov:==================>                52%]
[Progress:=========================>    86%] [Cov:===================>               55%]
[Progress:===========================>  90%] [Cov:===================>               55%]
[Progress:===========================>  90%] [Cov:===================>               56%]
[Progress:===========================>  90%] [Cov:===================>               56%]
[Progress:===========================>  93%] [Cov:===================>               56%]
[Progress:============================> 96%] [Cov:===================>               55%]
[Progress:============================> 96%] [Cov:===================>               56%]
[Progress:==============================100%] [Cov:===================>               56%]
[Progress:==============================100%] [Cov:===================>               56%]
[Progress:==============================100%] [Cov:===================>               57%]
[Progress:==============================100%] [Cov:===================>               57%]
[Progress:==============================100%] [Cov:====================>              58%]
[Progress:==============================100%] [Cov:====================>              58%]
[Progress:==============================100%] [Cov:====================>              58%]
[Progress:==============================100%] [Cov:=======================>           67%]
* Search finished after 33s and 8 generations, 9782 statements, best individual has fitness: 361.8770053475936
[MASTER] 22:43:41.471 [logback-1] WARN  TimeController - Phase SEARCH lasted too long, 3 seconds more than allowed.
* Minimizing test suite
* Going to analyze the coverage criteria
* Coverage analysis for criterion LINE
* Coverage of criterion LINE: 66%
* Total number of goals: 189
* Number of covered goals: 124
* Coverage analysis for criterion BRANCH
* Coverage of criterion BRANCH: 65%
* Total number of goals: 157
* Number of covered goals: 102
* Coverage analysis for criterion EXCEPTION
* Coverage of criterion EXCEPTION: 100%
* Total number of goals: 16
* Number of covered goals: 16
* Coverage analysis for criterion WEAKMUTATION
* Coverage of criterion WEAKMUTATION: 60%
* Total number of goals: 212
* Number of covered goals: 128
* Coverage analysis for criterion OUTPUT
* Coverage of criterion OUTPUT: 35%
* Total number of goals: 52
* Number of covered goals: 18
* Coverage analysis for criterion METHOD
* Coverage of criterion METHOD: 100%
* Total number of goals: 18
* Number of covered goals: 18
* Coverage analysis for criterion CBRANCH
* Coverage of criterion CBRANCH: 59%
* Total number of goals: 157
* Number of covered goals: 92
* Generated 51 tests with total length 225
* Resulting test suite's coverage: 67% (average coverage for all fitness functions)
* Generating assertions
* Resulting test suite's mutation score: 43%
* Property NO_RUNTIME_DEPENDENCY is set to true - skipping JUnit compile check
* WARNING: Not including the runtime dependencies is likely to lead to flaky tests!
* Writing tests to file
* Writing JUnit test case 'GroupImpl_ESTest' to /home/acer/SQA/all-in-one-results/Cli/BPSO_db7ac586/round1/Cli-14/generation/org_apache_commons_cli2_option_GroupImpl/evosuite-tests
* Done!

* Computation finished
