Project=Lang
Bug=43
Algorithm=BPSO
TargetClass=org.apache.commons.lang.text.ExtendedMessageFormat
TargetMethod=appendQuotedString
TriggerTest=org.apache.commons.lang.text.ExtendedMessageFormatTest::testEscapedQuote_LANG_477
ModifiedSource=org.apache.commons.lang.text.ExtendedMessageFormat
FixedRevision=a38e2e942d622c1a84ed35bedb9aba045db7ab79
CandidatePool=24
SuiteSize=12
Iterations=5000
Seed=20260923
Generator=GenericCandidateProvider
TriggerInputsCopied=false
TemporaryGeneratorWorkspace=/tmp/sqa_lang_generator_43_BPSO_jEoHJn
GeneratedClass=Lang43GeneratedTestBPSO

============================================================
GENERATION SUCCESS
============================================================
Status : GENERATED
File   : /Users/fangfang/Documents/SQA_Project_2026/automation/runs/Lang/Bug-43/BPSO/generated_test.java
Class  : Lang43GeneratedTestBPSO
Method : appendQuotedString
============================================================

RETURN_CODE=0
END=Sat Oct  3 00:15:49 +07 2026
GENERATION SUCCESS
