* EvoSuite 1.2.0
* Going to generate test cases for class: com.fasterxml.jackson.core.io.IOContext
* Starting Client-0
* Connecting to master process on port 18826
* Analyzing classpath: 
  - /home/acer/SQA/jacksoncore-work/JacksonCore/BPSO_db7ac586/round1/14f/target/classes
  - /home/acer/defects4j/framework/projects/JacksonCore/lib/junit/junit/4.12/junit-4.12.jar
  - /home/acer/defects4j/framework/projects/JacksonCore/lib/org/hamcrest/hamcrest-core/1.3/hamcrest-core-1.3.jar
  - /home/acer/SQA/jacksoncore-work/JacksonCore/BPSO_db7ac586/round1/14f/target/test-classes
  - /home/acer/defects4j/framework/projects/lib/junit-4.12-hamcrest-1.3.jar
  - /home/acer/defects4j/framework/projects/JacksonCore/lib/junit/junit/4.11/junit-4.11.jar
  - /home/acer/defects4j/framework/projects/JacksonCore/lib/junit/junit/4.8.2/junit-4.8.2.jar
* Finished analyzing classpath
* Generating tests for class com.fasterxml.jackson.core.io.IOContext
* Test criteria:
  - Line Coverage
  - Branch Coverage
  - Exception
  - Mutation testing (weak)
  - Method-Output Coverage
  - Top-Level Method Coverage
  - Context Branch Coverage
* Setting up search algorithm for whole suite generation
* Total number of test goals: 
  - Line 68
  - Branch 39
  - Exception 0
  - MutationFactory 180
  - Output 52
  - Method 25
  - CBranchFitnessFactory 39

[Progress:>                             0%] [Cov:>                                  0%]* Using seed 20260930
* Starting evolution

[Progress:>                             0%] [Cov:=>                                 5%]
[Progress:>                             0%] [Cov:===>                               10%]
[Progress:>                             0%] [Cov:========>                          24%]
[Progress:>                             0%] [Cov:==========>                        30%]
[Progress:>                             0%] [Cov:==========>                        31%]
[Progress:>                             0%] [Cov:============>                      36%]
[Progress:>                             0%] [Cov:============>                      37%]
[Progress:>                             0%] [Cov:=============>                     39%]
[Progress:>                             0%] [Cov:==============>                    42%]
[Progress:>                             0%] [Cov:=================>                 51%]
[Progress:>                             0%] [Cov:==================>                54%]
[Progress:>                             0%] [Cov:====================>              58%]
[Progress:>                             3%] [Cov:==>                                6%]
[Progress:>                             3%] [Cov:====>                              12%]
[Progress:>                             3%] [Cov:=========>                         26%]
[Progress:>                             3%] [Cov:===========>                       33%]
[Progress:>                             3%] [Cov:============>                      35%]
[Progress:>                             3%] [Cov:==============>                    41%]
[Progress:>                             3%] [Cov:===============>                   45%]
[Progress:>                             3%] [Cov:================>                  46%]
[Progress:>                             3%] [Cov:===================>               56%]
[Progress:>                             3%] [Cov:=====================>             61%]
[Progress:>                             3%] [Cov:===================>               57%]
[Progress:>                             3%] [Cov:=====================>             61%]
[Progress:>                             3%] [Cov:======================>            63%]
[Progress:=>                            6%] [Cov:==================>                54%]
[Progress:=>                            6%] [Cov:===================>               56%]
[Progress:=>                            6%] [Cov:========================>          71%]
[Progress:=>                            6%] [Cov:========================>          69%]BPSO iteration=1 bestFitness=129.6652261435914 population=30 inertia=0.72

[Progress:=>                            6%] [Cov:========================>          70%]
[Progress:=>                            6%] [Cov:========================>          71%]
[Progress:=>                            6%] [Cov:=========================>         72%]
[Progress:=>                            6%] [Cov:=========================>         73%]
[Progress:=>                            6%] [Cov:=========================>         74%]
[Progress:=>                            6%] [Cov:==========================>        75%]
[Progress:=>                            6%] [Cov:==========================>        76%]
[Progress:===>                          10%] [Cov:==========================>        75%]
[Progress:===>                          10%] [Cov:==========================>        76%]
[Progress:===>                          10%] [Cov:==========================>        76%]BPSO iteration=2 bestFitness=91.60714285714286 population=30 inertia=0.72

[Progress:===>                          10%] [Cov:==========================>        77%]
[Progress:===>                          10%] [Cov:===========================>       78%]
[Progress:===>                          10%] [Cov:============================>      80%]
[Progress:===>                          10%] [Cov:============================>      81%]
[Progress:===>                          10%] [Cov:============================>      81%]BPSO iteration=3 bestFitness=71.35714285714286 population=30 inertia=0.72

[Progress:===>                          10%] [Cov:============================>      82%]
[Progress:===>                          13%] [Cov:============================>      80%]
[Progress:===>                          13%] [Cov:============================>      82%]
[Progress:===>                          13%] [Cov:=============================>     83%]
[Progress:===>                          13%] [Cov:=============================>     83%]BPSO iteration=4 bestFitness=67.85714285714286 population=30 inertia=0.72

[Progress:===>                          13%] [Cov:=============================>     84%]
[Progress:====>                         16%] [Cov:=============================>     84%]
[Progress:====>                         16%] [Cov:=============================>     84%]BPSO iteration=5 bestFitness=63.85714285714286 population=30 inertia=0.72

[Progress:====>                         16%] [Cov:=============================>     85%]
[Progress:====>                         16%] [Cov:=============================>     85%]
[Progress:======>                       20%] [Cov:=============================>     85%]
[Progress:======>                       20%] [Cov:=============================>     85%]
[Progress:======>                       23%] [Cov:=============================>     85%]
[Progress:======>                       23%] [Cov:=============================>     85%]
[Progress:======>                       23%] [Cov:==============================>    86%]
[Progress:======>                       23%] [Cov:==============================>    87%]
[Progress:======>                       23%] [Cov:==============================>    87%]
[Progress:=======>                      26%] [Cov:================>                  47%]
[Progress:=======>                      26%] [Cov:======================>            63%]
[Progress:=======>                      26%] [Cov:==============================>    87%]
[Progress:=======>                      26%] [Cov:==============================>    87%]
[Progress:=========>                    30%] [Cov:==============================>    87%]
[Progress:=========>                    30%] [Cov:==============================>    87%]
[Progress:=========>                    30%] [Cov:==============================>    87%]
[Progress:=========>                    33%] [Cov:==============================>    86%]
[Progress:=========>                    33%] [Cov:==============================>    87%]
[Progress:=========>                    33%] [Cov:==============================>    87%]
[Progress:=========>                    33%] [Cov:==============================>    88%]
[Progress:=========>                    33%] [Cov:==============================>    88%]
[Progress:=========>                    33%] [Cov:==============================>    88%]
[Progress:==========>                   36%] [Cov:==============================>    88%]
[Progress:==========>                   36%] [Cov:==============================>    88%]
[Progress:==========>                   36%] [Cov:==============================>    88%]
[Progress:============>                 40%] [Cov:==============================>    88%]
[Progress:============>                 40%] [Cov:==============================>    88%]
[Progress:============>                 40%] [Cov:==============================>    88%]
[Progress:============>                 40%] [Cov:===============================>   89%]
[Progress:============>                 43%] [Cov:==============================>    88%]
[Progress:============>                 43%] [Cov:===============================>   89%]
[Progress:============>                 43%] [Cov:===============================>   89%]BPSO iteration=20 bestFitness=36.0 population=30 inertia=0.72

[Progress:============>                 43%] [Cov:===============================>   89%]
[Progress:=============>                46%] [Cov:===============================>   89%]
[Progress:=============>                46%] [Cov:===============================>   89%]
[Progress:=============>                46%] [Cov:===============================>   89%]
[Progress:=============>                46%] [Cov:===============================>   89%]
[Progress:===============>              50%] [Cov:===============================>   89%]
[Progress:===============>              50%] [Cov:===============================>   89%]
[Progress:===============>              50%] [Cov:===============================>   89%]
[Progress:===============>              53%] [Cov:===============================>   89%]
[Progress:===============>              53%] [Cov:===============================>   89%]
[Progress:===============>              53%] [Cov:===============================>   89%]
[Progress:================>             56%] [Cov:===============================>   89%]
[Progress:================>             56%] [Cov:===============================>   89%]
[Progress:================>             56%] [Cov:===============================>   89%]
[Progress:================>             56%] [Cov:===============================>   90%]
[Progress:==================>           60%] [Cov:===============================>   89%]
[Progress:==================>           60%] [Cov:===============================>   90%]
[Progress:==================>           60%] [Cov:===============================>   90%]
[Progress:==================>           60%] [Cov:===============================>   90%]
[Progress:==================>           60%] [Cov:===============================>   90%]
[Progress:==================>           63%] [Cov:===============================>   90%]
[Progress:==================>           63%] [Cov:===============================>   90%]
[Progress:==================>           63%] [Cov:===============================>   90%]
[Progress:===================>          66%] [Cov:===============================>   90%]
[Progress:===================>          66%] [Cov:===============================>   90%]
[Progress:===================>          66%] [Cov:===============================>   90%]
[Progress:=====================>        70%] [Cov:===============================>   89%]
[Progress:=====================>        70%] [Cov:===============================>   90%]
[Progress:=====================>        70%] [Cov:===============================>   90%]
[Progress:=====================>        70%] [Cov:===============================>   90%]
[Progress:=====================>        70%] [Cov:===============================>   90%]BPSO iteration=40 bestFitness=34.0 population=30 inertia=0.72

[Progress:=====================>        73%] [Cov:===============================>   90%]
[Progress:=====================>        73%] [Cov:===============================>   90%]
[Progress:=====================>        73%] [Cov:===============================>   91%]
[Progress:=====================>        73%] [Cov:===============================>   91%]
[Progress:======================>       76%] [Cov:===============================>   90%]
[Progress:======================>       76%] [Cov:===============================>   91%]
[Progress:======================>       76%] [Cov:===============================>   91%]
[Progress:======================>       76%] [Cov:===============================>   91%]
[Progress:======================>       76%] [Cov:===============================>   91%]
[Progress:========================>     80%] [Cov:===============================>   91%]
[Progress:========================>     80%] [Cov:===============================>   91%]
[Progress:========================>     80%] [Cov:===============================>   91%]
[Progress:========================>     83%] [Cov:===============================>   91%]
[Progress:========================>     83%] [Cov:===============================>   91%]
[Progress:========================>     83%] [Cov:===============================>   91%]
[Progress:========================>     83%] [Cov:===============================>   91%]
[Progress:=========================>    86%] [Cov:===============================>   91%]
[Progress:=========================>    86%] [Cov:===============================>   91%]
[Progress:=========================>    86%] [Cov:===============================>   91%]
[Progress:=========================>    86%] [Cov:===============================>   91%]
[Progress:===========================>  90%] [Cov:===============================>   90%]
[Progress:===========================>  90%] [Cov:===============================>   91%]
[Progress:===========================>  90%] [Cov:===============================>   91%]
[Progress:===========================>  90%] [Cov:===============================>   91%]
[Progress:===========================>  90%] [Cov:===============================>   91%]
[Progress:===========================>  93%] [Cov:===============================>   91%]
[Progress:===========================>  93%] [Cov:===============================>   91%]
[Progress:===========================>  93%] [Cov:===============================>   91%]
[Progress:===========================>  93%] [Cov:===============================>   91%]
[Progress:============================> 96%] [Cov:=============>                     39%]
[Progress:============================> 96%] [Cov:==============>                    40%]
[Progress:============================> 96%] [Cov:=====================>             60%]
[Progress:============================> 96%] [Cov:===============================>   91%]
[Progress:============================> 96%] [Cov:===============================>   91%]BPSO iteration=60 bestFitness=32.0 population=30 inertia=0.72

[Progress:============================> 96%] [Cov:===============================>   91%]
[Progress:============================> 96%] [Cov:===============================>   91%]
[Progress:==============================100%] [Cov:===============================>   91%]
[Progress:==============================100%] [Cov:===============================>   91%]
[Progress:==============================100%] [Cov:===============================>   91%]
[Progress:==============================100%] [Cov:===============================>   91%]
[Progress:==============================100%] [Cov:===============================>   90%]
[Progress:==============================100%] [Cov:===============================>   91%]
[Progress:==============================100%] [Cov:===============================>   91%]
* Search finished after 32s and 66 generations, 66495 statements, best individual has fitness: 30.02777777777778
* Minimizing test suite
* Going to analyze the coverage criteria
* Coverage analysis for criterion LINE
* Coverage of criterion LINE: 100%
* Total number of goals: 68
* Number of covered goals: 68
* Coverage analysis for criterion BRANCH
* Coverage of criterion BRANCH: 100%
* Total number of goals: 39
* Number of covered goals: 39
* Coverage analysis for criterion EXCEPTION
* Coverage of criterion EXCEPTION: 100%
* Total number of goals: 35
* Number of covered goals: 35
* Coverage analysis for criterion WEAKMUTATION
* Coverage of criterion WEAKMUTATION: 100%
* Total number of goals: 180
* Number of covered goals: 180
* Coverage analysis for criterion OUTPUT
* Coverage of criterion OUTPUT: 44%
* Total number of goals: 52
* Number of covered goals: 23
* Coverage analysis for criterion METHOD
* Coverage of criterion METHOD: 100%
* Total number of goals: 25
* Number of covered goals: 25
* Coverage analysis for criterion CBRANCH
* Coverage of criterion CBRANCH: 100%
* Total number of goals: 39
* Number of covered goals: 39
* Generated 61 tests with total length 257
* Resulting test suite's coverage: 91% (average coverage for all fitness functions)
* Generating assertions
* Resulting test suite's mutation score: 34%
* Property NO_RUNTIME_DEPENDENCY is set to true - skipping JUnit compile check
* WARNING: Not including the runtime dependencies is likely to lead to flaky tests!
* Writing tests to file
* Writing JUnit test case 'IOContext_ESTest' to /home/acer/SQA/all-in-one-results/JacksonCore/BPSO_db7ac586/round1/JacksonCore-14/generation/com_fasterxml_jackson_core_io_IOContext/evosuite-tests
* Done!

* Computation finished
