* EvoSuite 1.2.0
* Going to generate test cases for class: org.apache.commons.cli.Parser
* Starting Client-0
* Connecting to master process on port 18828
* Analyzing classpath: 
  - /home/acer/SQA/cli-work/Cli/BPSO_db7ac586/round1/10f/target/classes
  - /home/acer/SQA/cli-work/Cli/BPSO_db7ac586/round1/10f/target/lib/junit-3.8.1.jar
  - /home/acer/SQA/cli-work/Cli/BPSO_db7ac586/round1/10f/target/test-classes
  - /home/acer/defects4j/framework/projects/Cli/lib/org/hamcrest/hamcrest-core/1.3/hamcrest-core-1.3.jar
[MASTER] 22:32:01.298 [logback-1] WARN  InheritanceTree - Class not in inheritance graph: java.io.ObjectInputFilter
[MASTER] 22:32:01.578 [logback-1] WARN  InheritanceTree - Class not in inheritance graph: java.util.Locale$IsoCountryCode
* Finished analyzing classpath
* Generating tests for class org.apache.commons.cli.Parser
* Test criteria:
  - Line Coverage
  - Branch Coverage
  - Exception
  - Mutation testing (weak)
  - Method-Output Coverage
  - Top-Level Method Coverage
  - Context Branch Coverage
* Setting up search algorithm for whole suite generation
* Total number of test goals: 
  - Line 106
  - Branch 77
  - Exception 0

[Progress:>                             0%] [Cov:>                                  0%]  - MutationFactory 97
  - Output 16
  - Method 11
  - CBranchFitnessFactory 77
* Using seed 20260930
* Starting evolution

[Progress:>                             3%] [Cov:=>                                 4%]
[Progress:>                             3%] [Cov:==>                                8%]
[Progress:>                             3%] [Cov:=======>                           22%]
[Progress:>                             3%] [Cov:========>                          25%]
[Progress:>                             3%] [Cov:=========>                         28%]
[Progress:>                             3%] [Cov:===========>                       33%]
[Progress:>                             3%] [Cov:===========>                       34%][MASTER] 22:32:03.980 [logback-1] WARN  TestCluster - Failed to check cache for java.util.ListIterator<E> : Type points to itself

[Progress:>                             3%] [Cov:==============>                    41%]
[Progress:>                             3%] [Cov:===============>                   43%]
[Progress:=>                            6%] [Cov:=>                                 5%]
[Progress:=>                            6%] [Cov:===>                               9%]
[Progress:=>                            6%] [Cov:========>                          23%]
[Progress:=>                            6%] [Cov:=========>                         26%]
[Progress:=>                            6%] [Cov:==========>                        31%]
[Progress:=>                            6%] [Cov:===========>                       32%]
[Progress:===>                          10%] [Cov:>                                  1%]
[Progress:===>                          10%] [Cov:=>                                 3%]
[Progress:===>                          10%] [Cov:=====>                             17%]
[Progress:===>                          10%] [Cov:========>                          24%]
[Progress:===>                          10%] [Cov:========>                          25%]
[Progress:===>                          10%] [Cov:===========>                       33%]
[Progress:===>                          10%] [Cov:===========>                       34%]
[Progress:===>                          13%] [Cov:=>                                 4%]
[Progress:===>                          13%] [Cov:==>                                7%]
[Progress:===>                          13%] [Cov:=======>                           22%]
[Progress:===>                          13%] [Cov:========>                          24%]
[Progress:===>                          13%] [Cov:=========>                         28%]
[Progress:===>                          13%] [Cov:==========>                        29%]
[Progress:===>                          13%] [Cov:==========>                        31%]
[Progress:===>                          13%] [Cov:=============>                     38%]
[Progress:===>                          13%] [Cov:==============>                    40%]
[Progress:====>                         16%] [Cov:==========>                        30%]
[Progress:====>                         16%] [Cov:==========>                        31%]
[Progress:====>                         16%] [Cov:===========>                       32%]
[Progress:====>                         16%] [Cov:===========>                       33%]
[Progress:====>                         16%] [Cov:===========>                       34%]
[Progress:======>                       20%] [Cov:===============>                   43%]
[Progress:======>                       23%] [Cov:===========>                       34%]
[Progress:======>                       23%] [Cov:===============>                   43%]
[Progress:======>                       23%] [Cov:===============>                   44%]
[Progress:======>                       23%] [Cov:===============>                   45%]
[Progress:======>                       23%] [Cov:================>                  46%]
[Progress:======>                       23%] [Cov:================>                  47%]
[Progress:======>                       23%] [Cov:================>                  48%]
[Progress:=======>                      26%] [Cov:================>                  48%]
[Progress:=======>                      26%] [Cov:=================>                 49%]
[Progress:=======>                      26%] [Cov:=================>                 50%]
[Progress:=========>                    30%] [Cov:=================>                 50%]
[Progress:=========>                    30%] [Cov:=================>                 50%]BPSO iteration=1 bestFitness=300.9824559677745 population=30 inertia=0.72

[Progress:=========>                    33%] [Cov:================>                  48%]
[Progress:=========>                    33%] [Cov:=================>                 50%]
[Progress:==========>                   36%] [Cov:=================>                 51%]
[Progress:==========>                   36%] [Cov:==================>                52%]
[Progress:==========>                   36%] [Cov:=================>                 51%]BPSO iteration=2 bestFitness=297.98245582548043 population=30 inertia=0.72

[Progress:==========>                   36%] [Cov:==================>                52%]
[Progress:============>                 40%] [Cov:=================>                 49%]
[Progress:============>                 40%] [Cov:==================>                52%]
[Progress:============>                 40%] [Cov:==================>                53%]
[Progress:============>                 43%] [Cov:=================>                 50%]
[Progress:============>                 43%] [Cov:==================>                52%]
[Progress:============>                 43%] [Cov:==================>                53%]
[Progress:============>                 43%] [Cov:==================>                53%]BPSO iteration=3 bestFitness=290.9818177524834 population=30 inertia=0.72

[Progress:============>                 43%] [Cov:==================>                54%]
[Progress:============>                 43%] [Cov:===================>               55%]
[Progress:=============>                46%] [Cov:=======>                           21%]
[Progress:=============>                46%] [Cov:================>                  46%]
[Progress:=============>                46%] [Cov:==================>                52%]
[Progress:=============>                46%] [Cov:===================>               55%]
[Progress:===============>              50%] [Cov:===================>               55%]
[Progress:===============>              50%] [Cov:===================>               55%]BPSO iteration=4 bestFitness=287.9818173732289 population=30 inertia=0.72

[Progress:===============>              50%] [Cov:===================>               56%]
[Progress:===============>              53%] [Cov:===================>               56%]
[Progress:===============>              53%] [Cov:===================>               56%]BPSO iteration=5 bestFitness=269.48113182688866 population=30 inertia=0.72

[Progress:================>             56%] [Cov:===================>               56%]
[Progress:================>             56%] [Cov:===================>               57%]
[Progress:==================>           60%] [Cov:===================>               57%]
[Progress:==================>           60%] [Cov:===================>               57%]
[Progress:==================>           63%] [Cov:===================>               57%]
[Progress:===================>          66%] [Cov:===================>               57%]
[Progress:===================>          66%] [Cov:===================>               57%]
[Progress:===================>          66%] [Cov:====================>              58%]
[Progress:===================>          66%] [Cov:====================>              59%]
[Progress:=====================>        70%] [Cov:===================>               57%]
[Progress:=====================>        73%] [Cov:===================>               57%]
[Progress:=====================>        73%] [Cov:===================>               57%]
[Progress:=====================>        73%] [Cov:====================>              58%]
[Progress:======================>       76%] [Cov:===================>               57%]
[Progress:======================>       76%] [Cov:====================>              58%]
[Progress:========================>     80%] [Cov:====================>              58%]
[Progress:========================>     80%] [Cov:====================>              58%]
[Progress:========================>     80%] [Cov:====================>              59%]
[Progress:========================>     80%] [Cov:=====================>             62%]
[Progress:========================>     80%] [Cov:======================>            63%]
[Progress:========================>     83%] [Cov:======================>            63%]
[Progress:=========================>    86%] [Cov:======================>            63%]
[Progress:=========================>    86%] [Cov:======================>            63%]
[Progress:===========================>  90%] [Cov:======================>            63%]
[Progress:===========================>  93%] [Cov:======================>            63%]
[Progress:============================> 96%] [Cov:======================>            63%]
[Progress:============================> 96%] [Cov:======================>            63%]
[Progress:==============================100%] [Cov:======================>            63%]
[Progress:==============================100%] [Cov:======================>            63%]
[Progress:==============================100%] [Cov:======================>            63%]
[Progress:==============================100%] [Cov:========================>          70%]
* Search finished after 32s and 12 generations, 13478 statements, best individual has fitness: 175.0185178037863
* Minimizing test suite
* Going to analyze the coverage criteria
* Coverage analysis for criterion LINE
* Coverage of criterion LINE: 75%
* Total number of goals: 106
* Number of covered goals: 80
* Coverage analysis for criterion BRANCH
* Coverage of criterion BRANCH: 64%
* Total number of goals: 77
* Number of covered goals: 49
* Coverage analysis for criterion EXCEPTION
* Coverage of criterion EXCEPTION: 100%
* Total number of goals: 17
* Number of covered goals: 17
* Coverage analysis for criterion WEAKMUTATION
* Coverage of criterion WEAKMUTATION: 64%
* Total number of goals: 97
* Number of covered goals: 62
* Coverage analysis for criterion OUTPUT
* Coverage of criterion OUTPUT: 56%
* Total number of goals: 16
* Number of covered goals: 9
* Coverage analysis for criterion METHOD
* Coverage of criterion METHOD: 100%
* Total number of goals: 11
* Number of covered goals: 11
* Coverage analysis for criterion CBRANCH
* Coverage of criterion CBRANCH: 56%
* Total number of goals: 77
* Number of covered goals: 43
* Generated 27 tests with total length 167
* Resulting test suite's coverage: 71% (average coverage for all fitness functions)
* Generating assertions
* Resulting test suite's mutation score: 15%
* Property NO_RUNTIME_DEPENDENCY is set to true - skipping JUnit compile check
* WARNING: Not including the runtime dependencies is likely to lead to flaky tests!
* Writing tests to file
* Writing JUnit test case 'Parser_ESTest' to /home/acer/SQA/all-in-one-results/Cli/BPSO_db7ac586/round1/Cli-10/generation/org_apache_commons_cli_Parser/evosuite-tests
* Done!

* Computation finished
