Project=Lang
Bug=35
Algorithm=SA
TargetClass=org.apache.commons.lang3.ArrayUtils
TargetMethod=add
TriggerTest=org.apache.commons.lang3.ArrayUtilsAddTest::testLANG571
ModifiedSource=org.apache.commons.lang3.ArrayUtils
FixedRevision=54c0f6ba9e6555146d0dad51bcb5c4ec581e21da
CandidatePool=24
SuiteSize=12
Iterations=5000
Seed=20260923
Generator=GenericCandidateProvider
TriggerInputsCopied=false
TemporaryGeneratorWorkspace=/tmp/sqa_lang_generator_35_SA_HHcXmb
GeneratedClass=Lang35GeneratedTestSA

============================================================
GENERATION SUCCESS
============================================================
Status : GENERATED
File   : /Users/fangfang/Documents/SQA_Project_2026/automation/runs/Lang/Bug-35/SA/generated_test.java
Class  : Lang35GeneratedTestSA
Method : add
============================================================

RETURN_CODE=0
END=Fri Oct  2 08:30:07 PDT 2026
GENERATION SUCCESS
