* EvoSuite 1.2.0
* Going to generate test cases for class: com.fasterxml.jackson.core.json.ReaderBasedJsonParser
* Starting Client-0
* Connecting to master process on port 18826
* Analyzing classpath: 
  - /home/acer/SQA/jacksoncore-work/JacksonCore/BPSO_db7ac586/round1/25f/target/classes
  - /home/acer/defects4j/framework/projects/JacksonCore/lib/junit/junit/4.12/junit-4.12.jar
  - /home/acer/defects4j/framework/projects/JacksonCore/lib/org/hamcrest/hamcrest-core/1.3/hamcrest-core-1.3.jar
  - /home/acer/SQA/jacksoncore-work/JacksonCore/BPSO_db7ac586/round1/25f/target/test-classes
  - /home/acer/defects4j/framework/projects/lib/junit-4.12-hamcrest-1.3.jar
  - /home/acer/defects4j/framework/projects/JacksonCore/lib/junit/junit/4.11/junit-4.11.jar
  - /home/acer/defects4j/framework/projects/JacksonCore/lib/junit/junit/4.8.2/junit-4.8.2.jar
[MASTER] 01:34:15.748 [logback-1] WARN  InheritanceTree - Class not in inheritance graph: java.util.Locale$IsoCountryCode
* Finished analyzing classpath
* Generating tests for class com.fasterxml.jackson.core.json.ReaderBasedJsonParser
* Test criteria:
  - Line Coverage
  - Branch Coverage
  - Exception
  - Mutation testing (weak)
  - Method-Output Coverage
  - Top-Level Method Coverage
  - Context Branch Coverage
* Setting up search algorithm for whole suite generation
* Total number of test goals: 
  - Line 1436
  - Branch 1404
  - Exception 0
  - MutationFactory 924
  - Output 192
  - Method 51
  - CBranchFitnessFactory 1404

[Progress:>                             0%] [Cov:>                                  0%]* Using seed 20260930
* Starting evolution

[Progress:>                             3%] [Cov:>                                  0%]
[Progress:>                             3%] [Cov:>                                  1%]
[Progress:>                             3%] [Cov:=====>                             15%]
[Progress:>                             3%] [Cov:=====>                             16%]
[Progress:=>                            6%] [Cov:>                                  0%]
[Progress:=>                            6%] [Cov:====>                              14%]
[Progress:=>                            6%] [Cov:=====>                             15%]
[Progress:=>                            6%] [Cov:======>                            18%]
[Progress:===>                          10%] [Cov:>                                  0%]
[Progress:===>                          10%] [Cov:>                                  1%]
[Progress:===>                          10%] [Cov:=====>                             15%]
[Progress:===>                          10%] [Cov:=====>                             17%]
[Progress:===>                          13%] [Cov:>                                  0%]
[Progress:===>                          13%] [Cov:>                                  1%]
[Progress:===>                          13%] [Cov:=====>                             15%]
[Progress:===>                          13%] [Cov:=====>                             16%]
[Progress:===>                          13%] [Cov:=====>                             17%]
[Progress:===>                          13%] [Cov:=====>                             17%]
[Progress:===>                          13%] [Cov:======>                            18%]
[Progress:===>                          13%] [Cov:======>                            19%]
[Progress:===>                          13%] [Cov:=======>                           20%]
[Progress:===>                          13%] [Cov:============>                      35%]
[Progress:====>                         16%] [Cov:=====>                             16%]
[Progress:====>                         16%] [Cov:=======>                           20%]
[Progress:====>                         16%] [Cov:============>                      35%]
[Progress:======>                       20%] [Cov:======>                            18%]
[Progress:======>                       20%] [Cov:=======>                           20%]
[Progress:======>                       20%] [Cov:===========>                       34%]
[Progress:======>                       23%] [Cov:=======>                           20%]
[Progress:======>                       23%] [Cov:============>                      36%]
[Progress:=======>                      26%] [Cov:=======>                           21%]
[Progress:=======>                      26%] [Cov:=======>                           21%]BPSO iteration=1 bestFitness=12973.680959878042 population=30 inertia=0.72

[Progress:=========>                    30%] [Cov:=======>                           21%]
[Progress:=========>                    30%] [Cov:=======>                           22%]
[Progress:=========>                    30%] [Cov:========>                          23%]
[Progress:=========>                    30%] [Cov:============>                      35%][MASTER] 01:34:25.840 [logback-1] WARN  TestChromosome - Functional mock problem: org.evosuite.ga.ConstructionFailedException: Failed to add constructor for com.fasterxml.jackson.core.json.ReaderBasedJsonParser due to org.evosuite.ga.ConstructionFailedException: Failed to add constructor for com.fasterxml.jackson.core.io.IOContext due to org.evosuite.ga.ConstructionFailedException: Failed to add constructor for com.fasterxml.jackson.core.json.ReaderBasedJsonParser due to org.evosuite.ga.ConstructionFailedException: Have no generator for class com.fasterxml.jackson.core.io.IOContext canUseFunctionalMocks=false, canBeMocked: true

[Progress:=========>                    33%] [Cov:========>                          23%]
[Progress:=========>                    33%] [Cov:========>                          24%]
[Progress:=========>                    33%] [Cov:============>                      35%]
[Progress:==========>                   36%] [Cov:========>                          24%]
[Progress:==========>                   36%] [Cov:========>                          24%]BPSO iteration=2 bestFitness=12631.177437484208 population=30 inertia=0.72

[Progress:==========>                   36%] [Cov:===========>                       34%]
[Progress:==========>                   36%] [Cov:============>                      35%]
[Progress:============>                 40%] [Cov:========>                          25%]
[Progress:============>                 40%] [Cov:=========>                         26%]
[Progress:============>                 43%] [Cov:========>                          25%]
[Progress:============>                 43%] [Cov:=========>                         26%]
[Progress:=============>                46%] [Cov:=========>                         26%]
[Progress:=============>                46%] [Cov:=========>                         26%]BPSO iteration=3 bestFitness=12251.53486471132 population=30 inertia=0.72

[Progress:=============>                46%] [Cov:=========>                         27%]
[Progress:===============>              50%] [Cov:=========>                         27%]
[Progress:===============>              50%] [Cov:=========>                         28%]
[Progress:===============>              53%] [Cov:=========>                         27%]
[Progress:===============>              53%] [Cov:=========>                         28%]
[Progress:===============>              53%] [Cov:==========>                        29%]
[Progress:================>             56%] [Cov:==========>                        29%]
[Progress:================>             56%] [Cov:==========>                        29%]BPSO iteration=4 bestFitness=11815.28002036839 population=30 inertia=0.72

[Progress:==================>           60%] [Cov:==========>                        29%]
[Progress:==================>           63%] [Cov:==========>                        29%]
[Progress:===================>          66%] [Cov:==========>                        29%]
[Progress:=====================>        70%] [Cov:==========>                        29%]
[Progress:=====================>        70%] [Cov:==========>                        30%]
[Progress:=====================>        73%] [Cov:==========>                        30%]
[Progress:=====================>        73%] [Cov:==========>                        30%]BPSO iteration=5 bestFitness=11699.190631419438 population=30 inertia=0.72

[Progress:======================>       76%] [Cov:==========>                        30%]
[Progress:========================>     80%] [Cov:==========>                        30%]
[Progress:========================>     80%] [Cov:==========>                        31%]
[Progress:========================>     83%] [Cov:==========>                        31%]
[Progress:=========================>    86%] [Cov:==========>                        31%]
[Progress:=========================>    86%] [Cov:============>                      35%]
[Progress:===========================>  90%] [Cov:==========>                        31%]
[Progress:===========================>  90%] [Cov:===========>                       32%]
[Progress:===========================>  90%] [Cov:===========>                       32%]
[Progress:===========================>  90%] [Cov:===========>                       34%]
[Progress:===========================>  93%] [Cov:===========>                       32%]
[Progress:============================> 96%] [Cov:===========>                       32%]
[Progress:============================> 96%] [Cov:===========>                       33%][MASTER] 01:34:45.859 [logback-1] WARN  TestChromosome - Functional mock problem: org.evosuite.ga.ConstructionFailedException: Failed to add constructor for com.fasterxml.jackson.core.io.IOContext due to org.evosuite.ga.ConstructionFailedException: Failed to add constructor for com.fasterxml.jackson.core.json.ReaderBasedJsonParser due to org.evosuite.ga.ConstructionFailedException: Have no generator for class com.fasterxml.jackson.core.io.IOContext canUseFunctionalMocks=false, canBeMocked: true

[Progress:==============================100%] [Cov:===========>                       33%]
[Progress:==============================100%] [Cov:===========>                       33%]
[Progress:==============================100%] [Cov:============>                      36%]
[Progress:==============================100%] [Cov:===========>                       33%]
[Progress:==============================100%] [Cov:===========>                       33%]
[Progress:==============================100%] [Cov:===========>                       33%]
[Progress:==============================100%] [Cov:==============>                    41%]
* Search finished after 36s and 7 generations, 14620 statements, best individual has fitness: 10540.561987008075
[MASTER] 01:34:51.551 [logback-1] WARN  TimeController - Phase SEARCH lasted too long, 5 seconds more than allowed.
* Minimizing test suite
* Going to analyze the coverage criteria
* Coverage analysis for criterion LINE
* Coverage of criterion LINE: 25%
* Total number of goals: 1436
* Number of covered goals: 364
* Coverage analysis for criterion BRANCH
* Coverage of criterion BRANCH: 25%
* Total number of goals: 1404
* Number of covered goals: 350
* Coverage analysis for criterion EXCEPTION
* Coverage of criterion EXCEPTION: 98%
* Total number of goals: 66
* Number of covered goals: 65
* Coverage analysis for criterion WEAKMUTATION
* Coverage of criterion WEAKMUTATION: 22%
* Total number of goals: 924
* Number of covered goals: 201
* Coverage analysis for criterion OUTPUT
* Coverage of criterion OUTPUT: 21%
* Total number of goals: 192
* Number of covered goals: 41
* Coverage analysis for criterion METHOD
* Coverage of criterion METHOD: 92%
* Total number of goals: 51
* Number of covered goals: 47
* Coverage analysis for criterion CBRANCH
* Coverage of criterion CBRANCH: 23%
* Total number of goals: 1404
* Number of covered goals: 323
* Generated 112 tests with total length 835
* Resulting test suite's coverage: 41% (average coverage for all fitness functions)
* Generating assertions
* Resulting test suite's mutation score: 3%
* Property NO_RUNTIME_DEPENDENCY is set to true - skipping JUnit compile check
* WARNING: Not including the runtime dependencies is likely to lead to flaky tests!
* Writing tests to file
* Writing JUnit test case 'ReaderBasedJsonParser_ESTest' to /home/acer/SQA/all-in-one-results/JacksonCore/BPSO_db7ac586/round1/JacksonCore-25/generation/com_fasterxml_jackson_core_json_ReaderBasedJsonParser/evosuite-tests
* Done!

* Computation finished
