{
  "project": "Lang",
  "bug_id": "15",
  "method": "BPSO",
  "generated_test": "/Users/fangfang/Documents/SQA_Project_2026/automation/runs/Lang/Bug-15/BPSO/generated_test.java",
  "destination": "org/apache/commons/lang3/reflect/Lang15GeneratedTestBPSO.java",
  "status": "DONE",
  "statistics": {
    "total_tests": 12,
    "evaluated_tests": 12,
    "detected_tests": 0,
    "fdr_percent": 0.0,
    "buggy_pass": 12,
    "buggy_fail": 0,
    "buggy_error": 0,
    "fixed_pass": 12,
    "fixed_fail": 0,
    "fixed_error": 0
  },
  "coverage": {
    "buggy": {
      "workspace": "/Users/fangfang/Documents/SQA_Project_2026/workspaces/d4j_suite_eval_w29sibmx/buggy",
      "generated_test": "/Users/fangfang/Documents/SQA_Project_2026/automation/runs/Lang/Bug-15/BPSO/generated_test.java",
      "destination": "org/apache/commons/lang3/reflect/Lang15GeneratedTestBPSO.java",
      "archive": "/Users/fangfang/Documents/SQA_Project_2026/automation/runs/d4j_cov_suite_ktx78et_/Lang-15b-generated.1.tar.bz2",
      "command_return_code": 0,
      "coverage_time_seconds": 6.397599792,
      "status": "PASS",
      "metrics": {
        "LinesTotal": 299,
        "LinesCovered": 2,
        "ConditionsTotal": 284,
        "ConditionsCovered": 1,
        "line_coverage": 0.6688963210702341,
        "branch_coverage": 0.35211267605633806
      },
      "total_time_seconds": 6.397599792
    },
    "fixed": {
      "workspace": "/Users/fangfang/Documents/SQA_Project_2026/workspaces/d4j_suite_eval_w29sibmx/fixed",
      "generated_test": "/Users/fangfang/Documents/SQA_Project_2026/automation/runs/Lang/Bug-15/BPSO/generated_test.java",
      "destination": "org/apache/commons/lang3/reflect/Lang15GeneratedTestBPSO.java",
      "archive": "/Users/fangfang/Documents/SQA_Project_2026/automation/runs/d4j_cov_suite_twre8log/Lang-15f-generated.1.tar.bz2",
      "command_return_code": 0,
      "coverage_time_seconds": 6.0633707910000005,
      "status": "PASS",
      "metrics": {
        "LinesTotal": 299,
        "LinesCovered": 5,
        "ConditionsTotal": 282,
        "ConditionsCovered": 3,
        "line_coverage": 1.6722408026755853,
        "branch_coverage": 1.0638297872340425
      },
      "total_time_seconds": 6.0633707910000005
    }
  },
  "timing": {
    "generation_seconds": 11.79531,
    "suite_runner_seconds": 30.732815,
    "compile_buggy_seconds": 5.938503916,
    "compile_fixed_seconds": 4.2118882499999994,
    "execution_buggy_seconds": 10.192320998999998,
    "execution_fixed_seconds": 9.812248123000005,
    "coverage_buggy_seconds": 6.397599792,
    "coverage_fixed_seconds": 6.0633707910000005,
    "total_time_seconds": 43.390534875
  },
  "evaluation_workspaces": {
    "buggy": "/Users/fangfang/Documents/SQA_Project_2026/workspaces/d4j_suite_eval_w29sibmx/buggy",
    "fixed": "/Users/fangfang/Documents/SQA_Project_2026/workspaces/d4j_suite_eval_w29sibmx/fixed"
  }
}
