Project=Lang
Bug=15
Algorithm=BPSO
TargetClass=org.apache.commons.lang3.reflect.TypeUtils
TargetMethod=isAssignable
TriggerTest=Running ant (export.tests.trigger)......................................... OK
org.apache.commons.lang3.reflect.TypeUtilsTest::testGetTypeArguments
org.apache.commons.lang3.reflect.TypeUtilsTest::testIsAssignable
ModifiedSource=org.apache.commons.lang3.reflect.TypeUtils
FixedRevision=c71d0f03dab384f98ef2c0ba0050822fba22a063
CandidatePool=24
SuiteSize=12
Iterations=5000
Seed=20260923
Generator=GenericCandidateProvider
TriggerInputsCopied=false
TemporaryGeneratorWorkspace=/tmp/sqa_lang_generator_15_BPSO_iq3JCq
GeneratedClass=Lang15GeneratedTestBPSO

============================================================
GENERATION SUCCESS
============================================================
Status : GENERATED
File   : /Users/fangfang/Documents/SQA_Project_2026/automation/runs/Lang/Bug-15/BPSO/generated_test.java
Class  : Lang15GeneratedTestBPSO
Method : isAssignable
============================================================

RETURN_CODE=0
END=Fri Oct  2 07:58:53 PDT 2026
GENERATION SUCCESS
