Project=Lang
Bug=14
Algorithm=BPSO
TargetClass=org.apache.commons.lang3.StringUtils
TargetMethod=equals
TriggerTest=org.apache.commons.lang3.StringUtilsEqualsIndexOfTest::testEquals
ModifiedSource=org.apache.commons.lang3.StringUtils
FixedRevision=dfa6882a3b9ae6d17c386312ad5e5902d852fb4e
CandidatePool=24
SuiteSize=12
Iterations=5000
Seed=20260923
Generator=GenericCandidateProvider
TriggerInputsCopied=false
TemporaryGeneratorWorkspace=/tmp/sqa_lang_generator_14_BPSO_5jm46O
GeneratedClass=Lang14GeneratedTestBPSO

============================================================
GENERATION SUCCESS
============================================================
Status : GENERATED
File   : /Users/fangfang/Documents/SQA_Project_2026/automation/runs/Lang/Bug-14/BPSO/generated_test.java
Class  : Lang14GeneratedTestBPSO
Method : equals
============================================================

RETURN_CODE=0
END=Fri Oct  2 07:56:58 PDT 2026
GENERATION SUCCESS
