Project=Lang
Bug=34
Algorithm=BPSO
TargetClass=org.apache.commons.lang3.builder.ToStringStyle
TargetMethod=getRegistry
TriggerTest=Running ant (export.tests.trigger)......................................... OK
org.apache.commons.lang3.builder.ToStringBuilderTest::testObjectCycle
org.apache.commons.lang3.builder.ToStringBuilderTest::testReflectionHierarchy
org.apache.commons.lang3.builder.ToStringBuilderTest::testSelfInstanceTwoVarsReflectionObjectCycle
org.apache.commons.lang3.builder.ToStringBuilderTest::testReflectionArrayCycle
org.apache.commons.lang3.builder.ToStringBuilderTest::testReflectionLongArrayArray
org.apache.commons.lang3.builder.ToStringBuilderTest::testReflectionArrayArrayCycle
org.apache.commons.lang3.builder.ToStringBuilderTest::testReflectionFloatArray
org.apache.commons.lang3.builder.ToStringBuilderTest::testReflectionDoubleArrayArray
org.apache.commons.lang3.builder.ToStringBuilderTest::testReflectionBooleanArray
org.apache.commons.lang3.builder.ToStringBuilderTest::testReflectionyteArray
org.apache.commons.lang3.builder.ToStringBuilderTest::testReflectionDoubleArray
org.apache.commons.lang3.builder.ToStringBuilderTest::testReflectionIntArrayArray
org.apache.commons.lang3.builder.ToStringBuilderTest::testReflectionLongArray
org.apache.commons.lang3.builder.ToStringBuilderTest::testReflectionhortArrayArray
org.apache.commons.lang3.builder.ToStringBuilderTest::testReflectionObjectArray
org.apache.commons.lang3.builder.ToStringBuilderTest::testReflectionObjectCycle
org.apache.commons.lang3.builder.ToStringBuilderTest::testReflectionBooleanArrayArray
org.apache.commons.lang3.builder.ToStringBuilderTest::testSimpleReflectionObjectCycle
org.apache.commons.lang3.builder.ToStringBuilderTest::testReflectionByteArrayArray
org.apache.commons.lang3.builder.ToStringBuilderTest::testReflectionArrayCycleLevel2
org.apache.commons.lang3.builder.ToStringBuilderTest::testReflectionArrayAndObjectCycle
org.apache.commons.lang3.builder.ToStringBuilderTest::testReflectionCharArrayArray
org.apache.commons.lang3.builder.ToStringBuilderTest::testReflectionShortArray
org.apache.commons.lang3.builder.ToStringBuilderTest::testSelfInstanceVarReflectionObjectCycle
org.apache.commons.lang3.builder.ToStringBuilderTest::testReflectionIntArray
org.apache.commons.lang3.builder.ToStringBuilderTest::testReflectionCharArray
org.apache.commons.lang3.builder.ToStringBuilderTest::testReflectionFloatArrayArray
ModifiedSource=org.apache.commons.lang3.builder.ToStringStyle
FixedRevision=a2bb711aee6621b21cdd22e6d7e4bff2f7236235
CandidatePool=24
SuiteSize=12
Iterations=5000
Seed=20260923
Generator=GenericCandidateProvider
TriggerInputsCopied=false
TemporaryGeneratorWorkspace=/tmp/sqa_lang_generator_34_BPSO_ZqDzq8
GeneratedClass=Lang34GeneratedTestBPSO

============================================================
GENERATION SUCCESS
============================================================
Status : GENERATED
File   : /Users/fangfang/Documents/SQA_Project_2026/automation/runs/Lang/Bug-34/BPSO/generated_test.java
Class  : Lang34GeneratedTestBPSO
Method : getRegistry
============================================================

RETURN_CODE=0
END=Fri Oct  2 08:29:13 PDT 2026
GENERATION SUCCESS
