{
  "project": "Lang",
  "bug_id": "33",
  "method": "SA",
  "generated_test": "/Users/fangfang/Documents/SQA_Project_2026/automation/runs/Lang/Bug-33/SA/generated_test.java",
  "destination": "org/apache/commons/lang3/Lang33GeneratedTestSA.java",
  "status": "DONE",
  "statistics": {
    "total_tests": 12,
    "evaluated_tests": 12,
    "detected_tests": 0,
    "fdr_percent": 0.0,
    "buggy_pass": 12,
    "buggy_fail": 0,
    "buggy_error": 0,
    "fixed_pass": 12,
    "fixed_fail": 0,
    "fixed_error": 0
  },
  "coverage": {
    "buggy": {
      "workspace": "/Users/fangfang/Documents/SQA_Project_2026/workspaces/d4j_suite_eval_85x9iqbt/buggy",
      "generated_test": "/Users/fangfang/Documents/SQA_Project_2026/automation/runs/Lang/Bug-33/SA/generated_test.java",
      "destination": "org/apache/commons/lang3/Lang33GeneratedTestSA.java",
      "archive": "/Users/fangfang/Documents/SQA_Project_2026/automation/runs/d4j_cov_suite_vhe5sqj2/Lang-33b-generated.1.tar.bz2",
      "command_return_code": 0,
      "coverage_time_seconds": 5.221967375,
      "status": "PASS",
      "metrics": {
        "LinesTotal": 286,
        "LinesCovered": 35,
        "ConditionsTotal": 216,
        "ConditionsCovered": 2,
        "line_coverage": 12.237762237762238,
        "branch_coverage": 0.9259259259259258
      },
      "total_time_seconds": 5.221967375
    },
    "fixed": {
      "workspace": "/Users/fangfang/Documents/SQA_Project_2026/workspaces/d4j_suite_eval_85x9iqbt/fixed",
      "generated_test": "/Users/fangfang/Documents/SQA_Project_2026/automation/runs/Lang/Bug-33/SA/generated_test.java",
      "destination": "org/apache/commons/lang3/Lang33GeneratedTestSA.java",
      "archive": "/Users/fangfang/Documents/SQA_Project_2026/automation/runs/d4j_cov_suite__smrm9ll/Lang-33f-generated.1.tar.bz2",
      "command_return_code": 0,
      "coverage_time_seconds": 5.246345208,
      "status": "PASS",
      "metrics": {
        "LinesTotal": 286,
        "LinesCovered": 35,
        "ConditionsTotal": 218,
        "ConditionsCovered": 2,
        "line_coverage": 12.237762237762238,
        "branch_coverage": 0.9174311926605505
      },
      "total_time_seconds": 5.246345208
    }
  },
  "timing": {
    "generation_seconds": 12.307125,
    "suite_runner_seconds": 31.818900833,
    "compile_buggy_seconds": 5.394002791,
    "compile_fixed_seconds": 4.198106500000001,
    "execution_buggy_seconds": 10.682259581999997,
    "execution_fixed_seconds": 10.826802416000007,
    "coverage_buggy_seconds": 5.221967375,
    "coverage_fixed_seconds": 5.246345208,
    "total_time_seconds": 42.414999542000004
  },
  "evaluation_workspaces": {
    "buggy": "/Users/fangfang/Documents/SQA_Project_2026/workspaces/d4j_suite_eval_85x9iqbt/buggy",
    "fixed": "/Users/fangfang/Documents/SQA_Project_2026/workspaces/d4j_suite_eval_85x9iqbt/fixed"
  }
}
