* EvoSuite 1.2.0
* Going to generate test cases for class: org.apache.commons.cli2.option.GroupImpl
* Starting Client-0
* Connecting to master process on port 18827
* Analyzing classpath: 
  - /home/acer/SQA/cli-work/Cli/BPSO_db7ac586/round1/16f/target/classes
  - /home/acer/SQA/cli-work/Cli/BPSO_db7ac586/round1/16f/target/lib/commons-lang/jars/commons-lang-2.1.jar
  - /home/acer/SQA/cli-work/Cli/BPSO_db7ac586/round1/16f/target/lib/jdepend/jars/jdepend-2.5.jar
  - /home/acer/SQA/cli-work/Cli/BPSO_db7ac586/round1/16f/target/test-classes
  - /home/acer/defects4j/framework/projects/Cli/lib/org/hamcrest/hamcrest-core/1.3/hamcrest-core-1.3.jar
[MASTER] 22:47:20.910 [logback-1] WARN  InheritanceTree - Class not in inheritance graph: java.util.Locale$IsoCountryCode
* Finished analyzing classpath
* Generating tests for class org.apache.commons.cli2.option.GroupImpl
* Test criteria:
  - Line Coverage
  - Branch Coverage
  - Exception
  - Mutation testing (weak)
  - Method-Output Coverage
  - Top-Level Method Coverage
  - Context Branch Coverage
* Setting up search algorithm for whole suite generation
* Total number of test goals: 
  - Line 190
  - Branch 157
  - Exception 0
  - MutationFactory 211
  - Output 52
  - Method 18
  - CBranchFitnessFactory 157

[Progress:>                             0%] [Cov:>                                  0%]* Using seed 20260930
* Starting evolution
[MASTER] 22:47:24.025 [logback-1] WARN  TestCluster - Failed to check cache for java.util.Comparator<T> : Type points to itself

[Progress:=>                            6%] [Cov:=>                                 3%]
[Progress:=>                            6%] [Cov:=>                                 4%]
[Progress:=>                            6%] [Cov:======>                            19%]
[Progress:=>                            6%] [Cov:=======>                           20%]
[Progress:=>                            6%] [Cov:=======>                           22%]
[Progress:=>                            6%] [Cov:==========>                        29%]
[Progress:===>                          10%] [Cov:>                                  1%]
[Progress:===>                          10%] [Cov:>                                  2%]
[Progress:===>                          10%] [Cov:=====>                             16%]
[Progress:===>                          10%] [Cov:=======>                           20%][MASTER] 22:47:25.091 [logback-1] WARN  TestCluster - Failed to check cache for java.util.ListIterator<E> : Type points to itself

[Progress:===>                          10%] [Cov:========>                          24%]
[Progress:===>                          10%] [Cov:========>                          25%]
[Progress:===>                          10%] [Cov:==========>                        29%]
[Progress:===>                          13%] [Cov:>                                  1%]
[Progress:===>                          13%] [Cov:=====>                             15%]
[Progress:===>                          13%] [Cov:=====>                             17%]
[Progress:===>                          13%] [Cov:========>                          23%]
[Progress:===>                          13%] [Cov:=========>                         28%]
[Progress:===>                          13%] [Cov:==========>                        29%]
[Progress:===>                          13%] [Cov:============>                      37%]
[Progress:===>                          13%] [Cov:==============>                    42%]
[Progress:===>                          13%] [Cov:===============>                   44%]
[Progress:====>                         16%] [Cov:=>                                 3%]
[Progress:====>                         16%] [Cov:==>                                7%]
[Progress:====>                         16%] [Cov:=======>                           21%]
[Progress:====>                         16%] [Cov:========>                          25%]
[Progress:====>                         16%] [Cov:=========>                         26%]
[Progress:====>                         16%] [Cov:==========>                        31%]
[Progress:====>                         16%] [Cov:===========>                       33%][MASTER] 22:47:27.361 [logback-1] WARN  TestCluster - Failed to check cache for java.util.function.Function<T, R> : Type points to itself

[Progress:======>                       20%] [Cov:>                                  1%]
[Progress:======>                       20%] [Cov:=====>                             15%]
[Progress:======>                       20%] [Cov:=====>                             16%]
[Progress:======>                       20%] [Cov:=======>                           22%]
[Progress:======>                       20%] [Cov:=========>                         26%]
[Progress:======>                       20%] [Cov:=========>                         27%]
[Progress:======>                       20%] [Cov:==========>                        31%]
[Progress:======>                       20%] [Cov:===========>                       32%]
[Progress:======>                       20%] [Cov:===========>                       33%]
[Progress:======>                       23%] [Cov:>                                  1%]
[Progress:======>                       23%] [Cov:>                                  2%]
[Progress:======>                       23%] [Cov:=====>                             16%]
[Progress:======>                       23%] [Cov:======>                            18%]
[Progress:=========>                    33%] [Cov:>                                  2%]
[Progress:=========>                    33%] [Cov:=>                                 3%]
[Progress:=========>                    33%] [Cov:=====>                             17%]
[Progress:=========>                    33%] [Cov:======>                            18%]
[Progress:=========>                    33%] [Cov:========>                          23%]
[Progress:=========>                    33%] [Cov:=========>                         26%]
[Progress:=========>                    33%] [Cov:=========>                         27%]
[Progress:=========>                    33%] [Cov:===========>                       34%]
[Progress:=========>                    33%] [Cov:============>                      35%]
[Progress:=========>                    33%] [Cov:=============>                     38%]
[Progress:==========>                   36%] [Cov:=====>                             17%]
[Progress:==========>                   36%] [Cov:=======>                           20%]
[Progress:==========>                   36%] [Cov:=======>                           22%]
[Progress:==========>                   36%] [Cov:========>                          23%]
[Progress:==========>                   36%] [Cov:=========>                         27%]
[Progress:==========>                   36%] [Cov:===============>                   44%]
[Progress:==========>                   36%] [Cov:===============>                   45%]
[Progress:==========>                   36%] [Cov:================>                  46%]
[Progress:============>                 40%] [Cov:================>                  46%]
[Progress:============>                 40%] [Cov:================>                  47%]
[Progress:============>                 43%] [Cov:================>                  47%]
[Progress:=============>                46%] [Cov:================>                  47%]
[Progress:=============>                46%] [Cov:================>                  47%]BPSO iteration=1 bestFitness=581.6565499311812 population=30 inertia=0.72

[Progress:===============>              50%] [Cov:================>                  46%]
[Progress:===============>              50%] [Cov:================>                  47%]
[Progress:===============>              50%] [Cov:================>                  48%]
[Progress:===============>              53%] [Cov:================>                  47%]
[Progress:===============>              53%] [Cov:================>                  48%]
[Progress:===============>              53%] [Cov:================>                  48%]BPSO iteration=2 bestFitness=557.6558362140223 population=30 inertia=0.72

[Progress:================>             56%] [Cov:===============>                   44%]
[Progress:================>             56%] [Cov:================>                  48%]
[Progress:================>             56%] [Cov:===================>               55%]
[Progress:==================>           60%] [Cov:================>                  47%]
[Progress:==================>           60%] [Cov:================>                  48%]
[Progress:==================>           60%] [Cov:=================>                 50%]
[Progress:==================>           63%] [Cov:=================>                 50%]
[Progress:==================>           63%] [Cov:=================>                 51%]
[Progress:==================>           63%] [Cov:==================>                52%]
[Progress:==================>           63%] [Cov:==================>                52%]BPSO iteration=3 bestFitness=520.9007079288026 population=30 inertia=0.72

[Progress:===================>          66%] [Cov:==================>                52%]
[Progress:===================>          66%] [Cov:==================>                53%]
[Progress:=====================>        70%] [Cov:==================>                53%]
[Progress:=====================>        70%] [Cov:==================>                54%]
[Progress:=====================>        70%] [Cov:===================>               55%]
[Progress:=====================>        70%] [Cov:===================>               55%]BPSO iteration=4 bestFitness=487.8685136284365 population=30 inertia=0.72

[Progress:=====================>        73%] [Cov:===================>               55%]
[Progress:=====================>        73%] [Cov:===================>               56%]
[Progress:======================>       76%] [Cov:==================>                54%]
[Progress:========================>     80%] [Cov:==================>                53%]
[Progress:========================>     80%] [Cov:==================>                54%]
[Progress:========================>     80%] [Cov:===================>               55%]
[Progress:========================>     80%] [Cov:==================>                54%]BPSO iteration=5 bestFitness=475.8683136084345 population=30 inertia=0.72

[Progress:========================>     83%] [Cov:==================>                52%]
[Progress:========================>     83%] [Cov:==================>                54%]
[Progress:========================>     83%] [Cov:===================>               55%]
[Progress:=========================>    86%] [Cov:==================>                54%]
[Progress:=========================>    86%] [Cov:===================>               55%]
[Progress:===========================>  90%] [Cov:===================>               55%]
[Progress:===========================>  90%] [Cov:===================>               55%]
[Progress:===========================>  93%] [Cov:===================>               55%]
[Progress:============================> 96%] [Cov:===================>               55%]
[Progress:==============================100%] [Cov:===================>               55%][MASTER] 22:47:51.598 [logback-1] WARN  TestChromosome - Functional mock problem: org.evosuite.ga.ConstructionFailedException: Have no generator for class java.time.chrono.HijrahChronology canUseFunctionalMocks=true, canBeMocked: false

[Progress:==============================100%] [Cov:===================>               55%]
[Progress:==============================100%] [Cov:=====>                             17%]
[Progress:==============================100%] [Cov:===============>                   43%]
[Progress:==============================100%] [Cov:===================>               55%]
[Progress:==============================100%] [Cov:===================>               55%]
[Progress:==============================100%] [Cov:===================>               55%]
[Progress:==============================100%] [Cov:===================>               56%]
[Progress:==============================100%] [Cov:===================>               57%]
[Progress:==============================100%] [Cov:====================>              58%]
[Progress:==============================100%] [Cov:====================>              58%]
[Progress:==============================100%] [Cov:====================>              58%]
[Progress:==============================100%] [Cov:======================>            65%]
* Search finished after 35s and 8 generations, 10002 statements, best individual has fitness: 369.22017543859647
[MASTER] 22:47:56.296 [logback-1] WARN  TimeController - Phase SEARCH lasted too long, 4 seconds more than allowed.
* Minimizing test suite
* Going to analyze the coverage criteria
* Coverage analysis for criterion LINE
* Coverage of criterion LINE: 61%
* Total number of goals: 190
* Number of covered goals: 116
* Coverage analysis for criterion BRANCH
* Coverage of criterion BRANCH: 66%
* Total number of goals: 157
* Number of covered goals: 104
* Coverage analysis for criterion EXCEPTION
* Coverage of criterion EXCEPTION: 100%
* Total number of goals: 14
* Number of covered goals: 14
* Coverage analysis for criterion WEAKMUTATION
* Coverage of criterion WEAKMUTATION: 65%
* Total number of goals: 211
* Number of covered goals: 137
* Coverage analysis for criterion OUTPUT
* Coverage of criterion OUTPUT: 38%
* Total number of goals: 52
* Number of covered goals: 20
* Coverage analysis for criterion METHOD
* Coverage of criterion METHOD: 100%
* Total number of goals: 18
* Number of covered goals: 18
* Coverage analysis for criterion CBRANCH
* Coverage of criterion CBRANCH: 52%
* Total number of goals: 157
* Number of covered goals: 81
* Generated 47 tests with total length 191
* Resulting test suite's coverage: 65% (average coverage for all fitness functions)
* Generating assertions
* Resulting test suite's mutation score: 41%
* Property NO_RUNTIME_DEPENDENCY is set to true - skipping JUnit compile check
* WARNING: Not including the runtime dependencies is likely to lead to flaky tests!
* Writing tests to file
* Writing JUnit test case 'GroupImpl_ESTest' to /home/acer/SQA/all-in-one-results/Cli/BPSO_db7ac586/round1/Cli-16/generation/org_apache_commons_cli2_option_GroupImpl/evosuite-tests
* Done!

* Computation finished
