{
  "project": "Lang",
  "bug_id": "32",
  "method": "SA",
  "generated_test": "/Users/fangfang/Documents/SQA_Project_2026/automation/runs/Lang/Bug-32/SA/generated_test.java",
  "destination": "org/apache/commons/lang3/builder/Lang32GeneratedTestSA.java",
  "status": "DONE",
  "statistics": {
    "total_tests": 12,
    "evaluated_tests": 12,
    "detected_tests": 0,
    "fdr_percent": 0.0,
    "buggy_pass": 12,
    "buggy_fail": 0,
    "buggy_error": 0,
    "fixed_pass": 12,
    "fixed_fail": 0,
    "fixed_error": 0
  },
  "coverage": {
    "buggy": {
      "workspace": "/Users/fangfang/Documents/SQA_Project_2026/workspaces/d4j_suite_eval_17zpx5m3/buggy",
      "generated_test": "/Users/fangfang/Documents/SQA_Project_2026/automation/runs/Lang/Bug-32/SA/generated_test.java",
      "destination": "org/apache/commons/lang3/builder/Lang32GeneratedTestSA.java",
      "archive": "/Users/fangfang/Documents/SQA_Project_2026/automation/runs/d4j_cov_suite_w9i_qt8o/Lang-32b-generated.1.tar.bz2",
      "command_return_code": 0,
      "coverage_time_seconds": 5.90008275,
      "status": "PASS",
      "metrics": {
        "LinesTotal": 146,
        "LinesCovered": 5,
        "ConditionsTotal": 86,
        "ConditionsCovered": 0,
        "line_coverage": 3.4246575342465753,
        "branch_coverage": 0.0
      },
      "total_time_seconds": 5.90008275
    },
    "fixed": {
      "workspace": "/Users/fangfang/Documents/SQA_Project_2026/workspaces/d4j_suite_eval_17zpx5m3/fixed",
      "generated_test": "/Users/fangfang/Documents/SQA_Project_2026/automation/runs/Lang/Bug-32/SA/generated_test.java",
      "destination": "org/apache/commons/lang3/builder/Lang32GeneratedTestSA.java",
      "archive": "/Users/fangfang/Documents/SQA_Project_2026/automation/runs/d4j_cov_suite_7zbwlwso/Lang-32f-generated.1.tar.bz2",
      "command_return_code": 0,
      "coverage_time_seconds": 6.260236917,
      "status": "PASS",
      "metrics": {
        "LinesTotal": 155,
        "LinesCovered": 4,
        "ConditionsTotal": 96,
        "ConditionsCovered": 1,
        "line_coverage": 2.5806451612903225,
        "branch_coverage": 1.0416666666666665
      },
      "total_time_seconds": 6.260236917
    }
  },
  "timing": {
    "generation_seconds": 12.064243,
    "suite_runner_seconds": 32.073685709,
    "compile_buggy_seconds": 5.579931084,
    "compile_fixed_seconds": 4.4084405,
    "execution_buggy_seconds": 10.648352167000004,
    "execution_fixed_seconds": 10.818738997000004,
    "coverage_buggy_seconds": 5.90008275,
    "coverage_fixed_seconds": 6.260236917,
    "total_time_seconds": 44.389990333
  },
  "evaluation_workspaces": {
    "buggy": "/Users/fangfang/Documents/SQA_Project_2026/workspaces/d4j_suite_eval_17zpx5m3/buggy",
    "fixed": "/Users/fangfang/Documents/SQA_Project_2026/workspaces/d4j_suite_eval_17zpx5m3/fixed"
  }
}
