Project=Lang
Bug=32
Algorithm=SA
TargetClass=org.apache.commons.lang3.builder.HashCodeBuilder
TargetMethod=isRegistered
TriggerTest=org.apache.commons.lang3.builder.HashCodeBuilderTest::testReflectionObjectCycle
ModifiedSource=org.apache.commons.lang3.builder.HashCodeBuilder
FixedRevision=1f35e7c99b66b8d46c4ad96558e694a10aa38062
CandidatePool=24
SuiteSize=12
Iterations=5000
Seed=20260923
Generator=GenericCandidateProvider
TriggerInputsCopied=false
TemporaryGeneratorWorkspace=/tmp/sqa_lang_generator_32_SA_ZIyX7A
GeneratedClass=Lang32GeneratedTestSA

============================================================
GENERATION SUCCESS
============================================================
Status : GENERATED
File   : /Users/fangfang/Documents/SQA_Project_2026/automation/runs/Lang/Bug-32/SA/generated_test.java
Class  : Lang32GeneratedTestSA
Method : isRegistered
============================================================

RETURN_CODE=0
END=Fri Oct  2 08:24:42 PDT 2026
GENERATION SUCCESS
