Extract test suite......................................................... OK
Running ant (compile.gen.tests)............................................ OK
Running ant (run.gen.tests)................................................ OK
Failing tests: 46
  - com.fasterxml.jackson.core.json.ReaderBasedJsonParser_ESTest::test075
  - com.fasterxml.jackson.core.json.ReaderBasedJsonParser_ESTest::test085
  - com.fasterxml.jackson.core.json.ReaderBasedJsonParser_ESTest::test098
  - com.fasterxml.jackson.core.json.UTF8StreamJsonParser_ESTest::test23
  - com.fasterxml.jackson.core.json.UTF8StreamJsonParser_ESTest::test24
  - com.fasterxml.jackson.core.json.UTF8StreamJsonParser_ESTest::test25
  - com.fasterxml.jackson.core.json.UTF8StreamJsonParser_ESTest::test26
  - com.fasterxml.jackson.core.json.UTF8StreamJsonParser_ESTest::test27
  - com.fasterxml.jackson.core.json.UTF8StreamJsonParser_ESTest::test28
  - com.fasterxml.jackson.core.json.UTF8StreamJsonParser_ESTest::test29
  - com.fasterxml.jackson.core.json.UTF8StreamJsonParser_ESTest::test30
  - com.fasterxml.jackson.core.json.UTF8StreamJsonParser_ESTest::test31
  - com.fasterxml.jackson.core.json.UTF8StreamJsonParser_ESTest::test32
  - com.fasterxml.jackson.core.json.UTF8StreamJsonParser_ESTest::test33
  - com.fasterxml.jackson.core.json.UTF8StreamJsonParser_ESTest::test34
  - com.fasterxml.jackson.core.json.UTF8StreamJsonParser_ESTest::test35
  - com.fasterxml.jackson.core.json.UTF8StreamJsonParser_ESTest::test36
  - com.fasterxml.jackson.core.json.UTF8StreamJsonParser_ESTest::test37
  - com.fasterxml.jackson.core.json.UTF8StreamJsonParser_ESTest::test38
  - com.fasterxml.jackson.core.json.UTF8StreamJsonParser_ESTest::test39
  - com.fasterxml.jackson.core.json.UTF8StreamJsonParser_ESTest::test40
  - com.fasterxml.jackson.core.json.UTF8StreamJsonParser_ESTest::test41
  - com.fasterxml.jackson.core.json.UTF8StreamJsonParser_ESTest::test42
  - com.fasterxml.jackson.core.json.UTF8StreamJsonParser_ESTest::test43
  - com.fasterxml.jackson.core.json.UTF8StreamJsonParser_ESTest::test44
  - com.fasterxml.jackson.core.json.UTF8StreamJsonParser_ESTest::test45
  - com.fasterxml.jackson.core.json.UTF8StreamJsonParser_ESTest::test46
  - com.fasterxml.jackson.core.json.UTF8StreamJsonParser_ESTest::test49
  - com.fasterxml.jackson.core.json.UTF8StreamJsonParser_ESTest::test50
  - com.fasterxml.jackson.core.json.UTF8StreamJsonParser_ESTest::test51
  - com.fasterxml.jackson.core.json.UTF8StreamJsonParser_ESTest::test52
  - com.fasterxml.jackson.core.json.UTF8StreamJsonParser_ESTest::test55
  - com.fasterxml.jackson.core.json.UTF8StreamJsonParser_ESTest::test56
  - com.fasterxml.jackson.core.json.UTF8StreamJsonParser_ESTest::test57
  - com.fasterxml.jackson.core.json.UTF8StreamJsonParser_ESTest::test58
  - com.fasterxml.jackson.core.json.UTF8StreamJsonParser_ESTest::test59
  - com.fasterxml.jackson.core.json.UTF8StreamJsonParser_ESTest::test60
  - com.fasterxml.jackson.core.json.UTF8StreamJsonParser_ESTest::test61
  - com.fasterxml.jackson.core.json.UTF8StreamJsonParser_ESTest::test62
  - com.fasterxml.jackson.core.json.UTF8StreamJsonParser_ESTest::test63
  - com.fasterxml.jackson.core.json.UTF8StreamJsonParser_ESTest::test64
  - com.fasterxml.jackson.core.json.UTF8StreamJsonParser_ESTest::test65
  - com.fasterxml.jackson.core.json.UTF8StreamJsonParser_ESTest::test66
  - com.fasterxml.jackson.core.json.UTF8StreamJsonParser_ESTest::test68
  - com.fasterxml.jackson.core.json.UTF8StreamJsonParser_ESTest::test70
  - com.fasterxml.jackson.core.json.UTF8StreamJsonParser_ESTest::test71
