Extract test suite......................................................... OK
Running ant (compile.gen.tests)............................................ OK
Running ant (run.gen.tests)................................................ OK
Failing tests: 19
  - org.apache.commons.csv.CSVFormat_ESTest::test008
  - org.apache.commons.csv.CSVFormat_ESTest::test013
  - org.apache.commons.csv.CSVFormat_ESTest::test016
  - org.apache.commons.csv.CSVFormat_ESTest::test025
  - org.apache.commons.csv.CSVFormat_ESTest::test030
  - org.apache.commons.csv.CSVFormat_ESTest::test034
  - org.apache.commons.csv.CSVFormat_ESTest::test050
  - org.apache.commons.csv.CSVFormat_ESTest::test054
  - org.apache.commons.csv.CSVFormat_ESTest::test056
  - org.apache.commons.csv.CSVFormat_ESTest::test067
  - org.apache.commons.csv.CSVFormat_ESTest::test080
  - org.apache.commons.csv.CSVFormat_ESTest::test086
  - org.apache.commons.csv.CSVFormat_ESTest::test091
  - org.apache.commons.csv.CSVFormat_ESTest::test096
  - org.apache.commons.csv.CSVFormat_ESTest::test111
  - org.apache.commons.csv.CSVFormat_ESTest::test118
  - org.apache.commons.csv.CSVFormat_ESTest::test121
  - org.apache.commons.csv.CSVFormat_ESTest::test124
  - org.apache.commons.csv.CSVFormat_ESTest::test131
