{
  "project": "Lang",
  "bug_id": "29",
  "method": "SA",
  "generated_test": "/Users/fangfang/Documents/SQA_Project_2026/automation/runs/Lang/Bug-29/SA/generated_test.java",
  "destination": "org/apache/commons/lang3/Lang29GeneratedTestSA.java",
  "status": "DONE",
  "statistics": {
    "total_tests": 12,
    "evaluated_tests": 12,
    "detected_tests": 0,
    "fdr_percent": 0.0,
    "buggy_pass": 12,
    "buggy_fail": 0,
    "buggy_error": 0,
    "fixed_pass": 12,
    "fixed_fail": 0,
    "fixed_error": 0
  },
  "coverage": {
    "buggy": {
      "workspace": "/Users/fangfang/Documents/SQA_Project_2026/workspaces/d4j_suite_eval_46igbwmh/buggy",
      "generated_test": "/Users/fangfang/Documents/SQA_Project_2026/automation/runs/Lang/Bug-29/SA/generated_test.java",
      "destination": "org/apache/commons/lang3/Lang29GeneratedTestSA.java",
      "archive": "/Users/fangfang/Documents/SQA_Project_2026/automation/runs/d4j_cov_suite_6xie1vkm/Lang-29b-generated.1.tar.bz2",
      "command_return_code": 0,
      "coverage_time_seconds": 5.997539375,
      "status": "PASS",
      "metrics": {
        "LinesTotal": 141,
        "LinesCovered": 118,
        "ConditionsTotal": 50,
        "ConditionsCovered": 29,
        "line_coverage": 83.68794326241135,
        "branch_coverage": 57.99999999999999
      },
      "total_time_seconds": 5.997539375
    },
    "fixed": {
      "workspace": "/Users/fangfang/Documents/SQA_Project_2026/workspaces/d4j_suite_eval_46igbwmh/fixed",
      "generated_test": "/Users/fangfang/Documents/SQA_Project_2026/automation/runs/Lang/Bug-29/SA/generated_test.java",
      "destination": "org/apache/commons/lang3/Lang29GeneratedTestSA.java",
      "archive": "/Users/fangfang/Documents/SQA_Project_2026/automation/runs/d4j_cov_suite_5c64xrh7/Lang-29f-generated.1.tar.bz2",
      "command_return_code": 0,
      "coverage_time_seconds": 5.424237583,
      "status": "PASS",
      "metrics": {
        "LinesTotal": 141,
        "LinesCovered": 118,
        "ConditionsTotal": 50,
        "ConditionsCovered": 29,
        "line_coverage": 83.68794326241135,
        "branch_coverage": 57.99999999999999
      },
      "total_time_seconds": 5.424237583
    }
  },
  "timing": {
    "generation_seconds": 13.370273,
    "suite_runner_seconds": 36.805249208999996,
    "compile_buggy_seconds": 7.747470582999999,
    "compile_fixed_seconds": 5.787979207999999,
    "execution_buggy_seconds": 10.967893169000009,
    "execution_fixed_seconds": 11.214271996999992,
    "coverage_buggy_seconds": 5.997539375,
    "coverage_fixed_seconds": 5.424237583,
    "total_time_seconds": 48.389952334
  },
  "evaluation_workspaces": {
    "buggy": "/Users/fangfang/Documents/SQA_Project_2026/workspaces/d4j_suite_eval_46igbwmh/buggy",
    "fixed": "/Users/fangfang/Documents/SQA_Project_2026/workspaces/d4j_suite_eval_46igbwmh/fixed"
  }
}
