Project=Lang
Bug=29
Algorithm=SA
TargetClass=org.apache.commons.lang3.SystemUtils
TargetMethod=toJavaVersionInt
TriggerTest=org.apache.commons.lang3.SystemUtilsTest::testJavaVersionAsInt
ModifiedSource=org.apache.commons.lang3.SystemUtils
FixedRevision=eb79f7c6f37d0d9c4d9252b1020bc19a617a4d23
CandidatePool=24
SuiteSize=12
Iterations=5000
Seed=20260923
Generator=GenericCandidateProvider
TriggerInputsCopied=false
TemporaryGeneratorWorkspace=/tmp/sqa_lang_generator_29_SA_9Ta5Zy
GeneratedClass=Lang29GeneratedTestSA

============================================================
GENERATION SUCCESS
============================================================
Status : GENERATED
File   : /Users/fangfang/Documents/SQA_Project_2026/automation/runs/Lang/Bug-29/SA/generated_test.java
Class  : Lang29GeneratedTestSA
Method : toJavaVersionInt
============================================================

RETURN_CODE=0
END=Fri Oct  2 08:18:26 PDT 2026
GENERATION SUCCESS
