Preparing Lang-33
Buggy: /Users/fangfang/Documents/SQA_Project_2026/workspaces/Lang-33-buggy
Fixed: /Users/fangfang/Documents/SQA_Project_2026/workspaces/Lang-33-fixed

=== Checkout BUGGY ===
Checking out 8f675dd3 to /Users/fangfang/Documents/SQA_Project_2026/workspa OK
Init local repository...................................................... OK
Tag post-fix revision...................................................... OK
Apply patch................................................................ OK
Copy generated Ant build file.............................................. OK
Run post-checkout hook..................................................... OK
Excluding broken/flaky tests............................................... OK
Excluding broken/flaky tests............................................... OK
Excluding broken/flaky tests............................................... OK
Backing up build file: /Users/fangfang/Documents/SQA_Project_2026/workspace OK
Initialize fixed program version........................................... OK
Apply patch................................................................ OK
Initialize buggy program version........................................... OK
Diff 8f675dd3:5d5a31a8..................................................... OK
Apply patch................................................................ OK
Tag pre-fix revision....................................................... OK
Check out program version: Lang-33b........................................ OK

=== Checkout FIXED ===
Checking out 8f675dd3 to /Users/fangfang/Documents/SQA_Project_2026/workspa OK
Init local repository...................................................... OK
Tag post-fix revision...................................................... OK
Apply patch................................................................ OK
Copy generated Ant build file.............................................. OK
Run post-checkout hook..................................................... OK
Excluding broken/flaky tests............................................... OK
Excluding broken/flaky tests............................................... OK
Excluding broken/flaky tests............................................... OK
Backing up build file: /Users/fangfang/Documents/SQA_Project_2026/workspace OK
Initialize fixed program version........................................... OK
Apply patch................................................................ OK
Initialize buggy program version........................................... OK
Diff 8f675dd3:5d5a31a8..................................................... OK
Apply patch................................................................ OK
Tag pre-fix revision....................................................... OK
Check out program version: Lang-33f........................................ OK

=== Workspace status ===
BUGGY: READY
FIXED: READY
