============================================================
AUTO GENERATION
PROJECT=Lang BUG=54 METHOD=BPSO
START=Fri Oct  2 08:37:32 PDT 2026
============================================================
============================================================
CORRECTED SA/BPSO GENERATOR
============================================================
Project : Lang
Bug     : 54
Method  : BPSO
Artifact: /Users/fangfang/Documents/SQA_Project_2026/automation/runs/Lang/Bug-54/BPSO
============================================================
Modified source : org.apache.commons.lang.LocaleUtils
Trigger test    : org.apache.commons.lang.LocaleUtilsTest::testLang328
Fixed revision  : 75d931a3264b73caa9cdd7d3373375cc33008ddf
Target class    : org.apache.commons.lang.LocaleUtils
Package         : org.apache.commons.lang

Temporary generator workspace:
/tmp/sqa_lang_generator_54_BPSO_HzfBQS

============================================================
CHECKOUT BUGGY
============================================================
Checking out 75d931a3 to /tmp/sqa_lang_generator_54_BPSO_HzfBQS/buggy...... OK
Init local repository...................................................... OK
Tag post-fix revision...................................................... OK
Apply patch................................................................ OK
Apply patch................................................................ OK
Apply patch................................................................ OK
Apply patch................................................................ OK
Rename enum package in src................................................. OK
Move enum package in src................................................... OK
Rename enum package in test................................................ OK
Move enum package in test.................................................. OK
Run post-checkout hook..................................................... OK
Excluding broken/flaky tests............................................... OK
Excluding broken/flaky tests............................................... OK
Excluding broken/flaky tests............................................... OK
Backing up build file: /tmp/sqa_lang_generator_54_BPSO_HzfBQS/buggy/project OK
Backing up build file: /tmp/sqa_lang_generator_54_BPSO_HzfBQS/buggy/default OK
Initialize fixed program version........................................... OK
Apply patch................................................................ OK
Initialize buggy program version........................................... OK
Diff 75d931a3:77a3c20b..................................................... OK
Apply patch................................................................ OK
Tag pre-fix revision....................................................... OK
Check out program version: Lang-54b........................................ OK

============================================================
CHECKOUT FIXED
============================================================
Checking out 75d931a3 to /tmp/sqa_lang_generator_54_BPSO_HzfBQS/fixed...... OK
Init local repository...................................................... OK
Tag post-fix revision...................................................... OK
Apply patch................................................................ OK
Apply patch................................................................ OK
Apply patch................................................................ OK
Apply patch................................................................ OK
Rename enum package in src................................................. OK
Move enum package in src................................................... OK
Rename enum package in test................................................ OK
Move enum package in test.................................................. OK
Run post-checkout hook..................................................... OK
Excluding broken/flaky tests............................................... OK
Excluding broken/flaky tests............................................... OK
Excluding broken/flaky tests............................................... OK
Backing up build file: /tmp/sqa_lang_generator_54_BPSO_HzfBQS/fixed/project OK
Backing up build file: /tmp/sqa_lang_generator_54_BPSO_HzfBQS/fixed/default OK
Initialize fixed program version........................................... OK
Apply patch................................................................ OK
Initialize buggy program version........................................... OK
Diff 75d931a3:77a3c20b..................................................... OK
Apply patch................................................................ OK
Tag pre-fix revision....................................................... OK
Check out program version: Lang-54f........................................ OK
find: /tmp/sqa_lang_generator_54_BPSO_HzfBQS/buggy/src/main/java: No such file or directory
find: /tmp/sqa_lang_generator_54_BPSO_HzfBQS/fixed/src/main/java: No such file or directory

BUGGY source:

FIXED source:

ERROR: modified production source not found.

RETURN_CODE=3
END=Fri Oct  2 08:37:44 PDT 2026
GENERATION FAILED
