{
  "generated_test": "/Users/fangfang/Documents/SQA_Project_2026/automation/runs/Lang/Bug-50/BPSO/generated_test.java",
  "destination": "automation/runs/Lang/Bug-50/BPSO",
  "test_class": "org.apache.commons.lang.time.Lang50GeneratedTestBPSO",
  "test_methods": [
    "org.apache.commons.lang.time.Lang50GeneratedTestBPSO__Isolated_1_test01_null_boundary::test01_null_boundary",
    "org.apache.commons.lang.time.Lang50GeneratedTestBPSO__Isolated_2_test02_empty_boundary::test02_empty_boundary",
    "org.apache.commons.lang.time.Lang50GeneratedTestBPSO__Isolated_3_test03_positive_boundary::test03_positive_boundary",
    "org.apache.commons.lang.time.Lang50GeneratedTestBPSO__Isolated_4_test04_max_boundary::test04_max_boundary",
    "org.apache.commons.lang.time.Lang50GeneratedTestBPSO__Isolated_5_test05_fraction_negative::test05_fraction_negative",
    "org.apache.commons.lang.time.Lang50GeneratedTestBPSO__Isolated_6_test06_fraction_positive::test06_fraction_positive",
    "org.apache.commons.lang.time.Lang50GeneratedTestBPSO__Isolated_7_test07_boolean_true::test07_boolean_true",
    "org.apache.commons.lang.time.Lang50GeneratedTestBPSO__Isolated_8_test08_long_zero::test08_long_zero",
    "org.apache.commons.lang.time.Lang50GeneratedTestBPSO__Isolated_9_test09_empty_array::test09_empty_array",
    "org.apache.commons.lang.time.Lang50GeneratedTestBPSO__Isolated_10_test10_object_null::test10_object_null",
    "org.apache.commons.lang.time.Lang50GeneratedTestBPSO__Isolated_11_test11_object_boundary::test11_object_boundary",
    "org.apache.commons.lang.time.Lang50GeneratedTestBPSO__Isolated_12_test12_mixed_boundary::test12_mixed_boundary"
  ],
  "test_count": 12,
  "buggy_compile": {
    "status": "PASS",
    "return_code": 0,
    "time_seconds": 4.593907166999999
  },
  "fixed_compile": {
    "status": "PASS",
    "return_code": 0,
    "time_seconds": 3.803908958
  },
  "statistics": {
    "total_tests": 12,
    "evaluated_tests": 12,
    "detected_tests": 0,
    "fdr_percent": 0.0,
    "buggy_pass": 11,
    "buggy_fail": 1,
    "buggy_error": 0,
    "fixed_pass": 11,
    "fixed_fail": 1,
    "fixed_error": 0
  },
  "tests": [
    {
      "selector": "org.apache.commons.lang.time.Lang50GeneratedTestBPSO__Isolated_1_test01_null_boundary::test01_null_boundary",
      "target_method": "org.apache.commons.lang.time.Lang50GeneratedTestBPSO::test01_null_boundary",
      "isolated_class": "org.apache.commons.lang.time.Lang50GeneratedTestBPSO__Isolated_1_test01_null_boundary",
      "buggy": {
        "status": "PASS",
        "return_code": 0,
        "time_seconds": 2.1551350419999995,
        "output": "Running ant (compile.tests)................................................ OK\nRunning ant (run.dev.tests)................................................ OK\nFailing tests: 0\n"
      },
      "fixed": {
        "status": "PASS",
        "return_code": 0,
        "time_seconds": 1.8729316669999996,
        "output": "Running ant (compile.tests)................................................ OK\nRunning ant (run.dev.tests)................................................ OK\nFailing tests: 0\n"
      },
      "evaluated": true,
      "detected": false
    },
    {
      "selector": "org.apache.commons.lang.time.Lang50GeneratedTestBPSO__Isolated_2_test02_empty_boundary::test02_empty_boundary",
      "target_method": "org.apache.commons.lang.time.Lang50GeneratedTestBPSO::test02_empty_boundary",
      "isolated_class": "org.apache.commons.lang.time.Lang50GeneratedTestBPSO__Isolated_2_test02_empty_boundary",
      "buggy": {
        "status": "PASS",
        "return_code": 0,
        "time_seconds": 1.903266834,
        "output": "Running ant (compile.tests)................................................ OK\nRunning ant (run.dev.tests)................................................ OK\nFailing tests: 0\n"
      },
      "fixed": {
        "status": "PASS",
        "return_code": 0,
        "time_seconds": 1.7557044159999986,
        "output": "Running ant (compile.tests)................................................ OK\nRunning ant (run.dev.tests)................................................ OK\nFailing tests: 0\n"
      },
      "evaluated": true,
      "detected": false
    },
    {
      "selector": "org.apache.commons.lang.time.Lang50GeneratedTestBPSO__Isolated_3_test03_positive_boundary::test03_positive_boundary",
      "target_method": "org.apache.commons.lang.time.Lang50GeneratedTestBPSO::test03_positive_boundary",
      "isolated_class": "org.apache.commons.lang.time.Lang50GeneratedTestBPSO__Isolated_3_test03_positive_boundary",
      "buggy": {
        "status": "PASS",
        "return_code": 0,
        "time_seconds": 2.1901171670000004,
        "output": "Running ant (compile.tests)................................................ OK\nRunning ant (run.dev.tests)................................................ OK\nFailing tests: 0\n"
      },
      "fixed": {
        "status": "PASS",
        "return_code": 0,
        "time_seconds": 1.7865505000000006,
        "output": "Running ant (compile.tests)................................................ OK\nRunning ant (run.dev.tests)................................................ OK\nFailing tests: 0\n"
      },
      "evaluated": true,
      "detected": false
    },
    {
      "selector": "org.apache.commons.lang.time.Lang50GeneratedTestBPSO__Isolated_4_test04_max_boundary::test04_max_boundary",
      "target_method": "org.apache.commons.lang.time.Lang50GeneratedTestBPSO::test04_max_boundary",
      "isolated_class": "org.apache.commons.lang.time.Lang50GeneratedTestBPSO__Isolated_4_test04_max_boundary",
      "buggy": {
        "status": "FAIL",
        "return_code": 0,
        "time_seconds": 1.6703960000000002,
        "output": "Running ant (compile.tests)................................................ OK\nRunning ant (run.dev.tests)................................................ OK\nFailing tests: 1\n  - org.apache.commons.lang.time.Lang50GeneratedTestBPSO__Isolated_4_test04_max_boundary::test04_max_boundary\n"
      },
      "fixed": {
        "status": "FAIL",
        "return_code": 0,
        "time_seconds": 1.9183386250000005,
        "output": "Running ant (compile.tests)................................................ OK\nRunning ant (run.dev.tests)................................................ OK\nFailing tests: 1\n  - org.apache.commons.lang.time.Lang50GeneratedTestBPSO__Isolated_4_test04_max_boundary::test04_max_boundary\n"
      },
      "evaluated": true,
      "detected": false
    },
    {
      "selector": "org.apache.commons.lang.time.Lang50GeneratedTestBPSO__Isolated_5_test05_fraction_negative::test05_fraction_negative",
      "target_method": "org.apache.commons.lang.time.Lang50GeneratedTestBPSO::test05_fraction_negative",
      "isolated_class": "org.apache.commons.lang.time.Lang50GeneratedTestBPSO__Isolated_5_test05_fraction_negative",
      "buggy": {
        "status": "PASS",
        "return_code": 0,
        "time_seconds": 2.5078581669999984,
        "output": "Running ant (compile.tests)................................................ OK\nRunning ant (run.dev.tests)................................................ OK\nFailing tests: 0\n"
      },
      "fixed": {
        "status": "PASS",
        "return_code": 0,
        "time_seconds": 1.800315832999999,
        "output": "Running ant (compile.tests)................................................ OK\nRunning ant (run.dev.tests)................................................ OK\nFailing tests: 0\n"
      },
      "evaluated": true,
      "detected": false
    },
    {
      "selector": "org.apache.commons.lang.time.Lang50GeneratedTestBPSO__Isolated_6_test06_fraction_positive::test06_fraction_positive",
      "target_method": "org.apache.commons.lang.time.Lang50GeneratedTestBPSO::test06_fraction_positive",
      "isolated_class": "org.apache.commons.lang.time.Lang50GeneratedTestBPSO__Isolated_6_test06_fraction_positive",
      "buggy": {
        "status": "PASS",
        "return_code": 0,
        "time_seconds": 2.172330458000001,
        "output": "Running ant (compile.tests)................................................ OK\nRunning ant (run.dev.tests)................................................ OK\nFailing tests: 0\n"
      },
      "fixed": {
        "status": "PASS",
        "return_code": 0,
        "time_seconds": 1.7555219589999993,
        "output": "Running ant (compile.tests)................................................ OK\nRunning ant (run.dev.tests)................................................ OK\nFailing tests: 0\n"
      },
      "evaluated": true,
      "detected": false
    },
    {
      "selector": "org.apache.commons.lang.time.Lang50GeneratedTestBPSO__Isolated_7_test07_boolean_true::test07_boolean_true",
      "target_method": "org.apache.commons.lang.time.Lang50GeneratedTestBPSO::test07_boolean_true",
      "isolated_class": "org.apache.commons.lang.time.Lang50GeneratedTestBPSO__Isolated_7_test07_boolean_true",
      "buggy": {
        "status": "PASS",
        "return_code": 0,
        "time_seconds": 1.7638850829999981,
        "output": "Running ant (compile.tests)................................................ OK\nRunning ant (run.dev.tests)................................................ OK\nFailing tests: 0\n"
      },
      "fixed": {
        "status": "PASS",
        "return_code": 0,
        "time_seconds": 1.9015442500000006,
        "output": "Running ant (compile.tests)................................................ OK\nRunning ant (run.dev.tests)................................................ OK\nFailing tests: 0\n"
      },
      "evaluated": true,
      "detected": false
    },
    {
      "selector": "org.apache.commons.lang.time.Lang50GeneratedTestBPSO__Isolated_8_test08_long_zero::test08_long_zero",
      "target_method": "org.apache.commons.lang.time.Lang50GeneratedTestBPSO::test08_long_zero",
      "isolated_class": "org.apache.commons.lang.time.Lang50GeneratedTestBPSO__Isolated_8_test08_long_zero",
      "buggy": {
        "status": "PASS",
        "return_code": 0,
        "time_seconds": 1.5885979580000011,
        "output": "Running ant (compile.tests)................................................ OK\nRunning ant (run.dev.tests)................................................ OK\nFailing tests: 0\n"
      },
      "fixed": {
        "status": "PASS",
        "return_code": 0,
        "time_seconds": 1.7010150000000053,
        "output": "Running ant (compile.tests)................................................ OK\nRunning ant (run.dev.tests)................................................ OK\nFailing tests: 0\n"
      },
      "evaluated": true,
      "detected": false
    },
    {
      "selector": "org.apache.commons.lang.time.Lang50GeneratedTestBPSO__Isolated_9_test09_empty_array::test09_empty_array",
      "target_method": "org.apache.commons.lang.time.Lang50GeneratedTestBPSO::test09_empty_array",
      "isolated_class": "org.apache.commons.lang.time.Lang50GeneratedTestBPSO__Isolated_9_test09_empty_array",
      "buggy": {
        "status": "PASS",
        "return_code": 0,
        "time_seconds": 2.001055749999999,
        "output": "Running ant (compile.tests)................................................ OK\nRunning ant (run.dev.tests)................................................ OK\nFailing tests: 0\n"
      },
      "fixed": {
        "status": "PASS",
        "return_code": 0,
        "time_seconds": 1.7547025000000005,
        "output": "Running ant (compile.tests)................................................ OK\nRunning ant (run.dev.tests)................................................ OK\nFailing tests: 0\n"
      },
      "evaluated": true,
      "detected": false
    },
    {
      "selector": "org.apache.commons.lang.time.Lang50GeneratedTestBPSO__Isolated_10_test10_object_null::test10_object_null",
      "target_method": "org.apache.commons.lang.time.Lang50GeneratedTestBPSO::test10_object_null",
      "isolated_class": "org.apache.commons.lang.time.Lang50GeneratedTestBPSO__Isolated_10_test10_object_null",
      "buggy": {
        "status": "PASS",
        "return_code": 0,
        "time_seconds": 1.7810760839999986,
        "output": "Running ant (compile.tests)................................................ OK\nRunning ant (run.dev.tests)................................................ OK\nFailing tests: 0\n"
      },
      "fixed": {
        "status": "PASS",
        "return_code": 0,
        "time_seconds": 1.9514025420000038,
        "output": "Running ant (compile.tests)................................................ OK\nRunning ant (run.dev.tests)................................................ OK\nFailing tests: 0\n"
      },
      "evaluated": true,
      "detected": false
    },
    {
      "selector": "org.apache.commons.lang.time.Lang50GeneratedTestBPSO__Isolated_11_test11_object_boundary::test11_object_boundary",
      "target_method": "org.apache.commons.lang.time.Lang50GeneratedTestBPSO::test11_object_boundary",
      "isolated_class": "org.apache.commons.lang.time.Lang50GeneratedTestBPSO__Isolated_11_test11_object_boundary",
      "buggy": {
        "status": "PASS",
        "return_code": 0,
        "time_seconds": 1.7642609170000014,
        "output": "Running ant (compile.tests)................................................ OK\nRunning ant (run.dev.tests)................................................ OK\nFailing tests: 0\n"
      },
      "fixed": {
        "status": "PASS",
        "return_code": 0,
        "time_seconds": 1.7844464999999943,
        "output": "Running ant (compile.tests)................................................ OK\nRunning ant (run.dev.tests)................................................ OK\nFailing tests: 0\n"
      },
      "evaluated": true,
      "detected": false
    },
    {
      "selector": "org.apache.commons.lang.time.Lang50GeneratedTestBPSO__Isolated_12_test12_mixed_boundary::test12_mixed_boundary",
      "target_method": "org.apache.commons.lang.time.Lang50GeneratedTestBPSO::test12_mixed_boundary",
      "isolated_class": "org.apache.commons.lang.time.Lang50GeneratedTestBPSO__Isolated_12_test12_mixed_boundary",
      "buggy": {
        "status": "PASS",
        "return_code": 0,
        "time_seconds": 1.9876239580000004,
        "output": "Running ant (compile.tests)................................................ OK\nRunning ant (run.dev.tests)................................................ OK\nFailing tests: 0\n"
      },
      "fixed": {
        "status": "PASS",
        "return_code": 0,
        "time_seconds": 1.6759921250000005,
        "output": "Running ant (compile.tests)................................................ OK\nRunning ant (run.dev.tests)................................................ OK\nFailing tests: 0\n"
      },
      "evaluated": true,
      "detected": false
    }
  ],
  "evaluation_workspaces": {
    "buggy": "/Users/fangfang/Documents/SQA_Project_2026/workspaces/d4j_suite_eval_ctzu23ui/buggy",
    "fixed": "/Users/fangfang/Documents/SQA_Project_2026/workspaces/d4j_suite_eval_ctzu23ui/fixed"
  },
  "timing": {
    "buggy_compile_seconds": 4.593907166999999,
    "fixed_compile_seconds": 3.803908958,
    "buggy_execution_seconds": 23.485603417999997,
    "fixed_execution_seconds": 21.658465917,
    "total_seconds": 53.541885459999996
  },
  "status": "PASS"
}
