Project=Lang
Bug=19
Algorithm=SA
TargetClass=org.apache.commons.lang3.text.translate.NumericEntityUnescaper
TargetMethod=translate
TriggerTest=Running ant (export.tests.trigger)......................................... OK
org.apache.commons.lang3.text.translate.NumericEntityUnescaperTest::testUnfinishedEntity
org.apache.commons.lang3.text.translate.NumericEntityUnescaperTest::testOutOfBounds
ModifiedSource=org.apache.commons.lang3.text.translate.NumericEntityUnescaper
FixedRevision=8914d7f617f78aae8c85405856283c98d4e43990
CandidatePool=24
SuiteSize=12
Iterations=5000
Seed=20260923
Generator=GenericCandidateProvider
TriggerInputsCopied=false
TemporaryGeneratorWorkspace=/tmp/sqa_lang_generator_19_SA_wUc2Od
GeneratedClass=Lang19GeneratedTestSA

============================================================
GENERATION SUCCESS
============================================================
Status : GENERATED
File   : /Users/fangfang/Documents/SQA_Project_2026/automation/runs/Lang/Bug-19/SA/generated_test.java
Class  : Lang19GeneratedTestSA
Method : translate
============================================================

RETURN_CODE=0
END=Fri Oct  2 08:02:59 PDT 2026
GENERATION SUCCESS
