* EvoSuite 1.2.0
* Going to generate test cases for class: com.fasterxml.jackson.core.sym.ByteQuadsCanonicalizer
* Starting Client-0
* Connecting to master process on port 18826
* Analyzing classpath: 
  - /home/acer/SQA/jacksoncore-work/JacksonCore/BPSO_db7ac586/round1/11f/target/classes
  - /home/acer/defects4j/framework/projects/JacksonCore/lib/junit/junit/4.11/junit-4.11.jar
  - /home/acer/defects4j/framework/projects/JacksonCore/lib/org/hamcrest/hamcrest-core/1.3/hamcrest-core-1.3.jar
  - /home/acer/SQA/jacksoncore-work/JacksonCore/BPSO_db7ac586/round1/11f/target/test-classes
  - /home/acer/defects4j/framework/projects/lib/junit-4.12-hamcrest-1.3.jar
  - /home/acer/defects4j/framework/projects/JacksonCore/lib/junit/junit/4.12/junit-4.12.jar
  - /home/acer/defects4j/framework/projects/JacksonCore/lib/junit/junit/4.8.2/junit-4.8.2.jar
* Finished analyzing classpath
* Generating tests for class com.fasterxml.jackson.core.sym.ByteQuadsCanonicalizer
* Test criteria:
  - Line Coverage
  - Branch Coverage
  - Exception
  - Mutation testing (weak)
  - Method-Output Coverage
  - Top-Level Method Coverage
  - Context Branch Coverage
* Setting up search algorithm for whole suite generation
* Total number of test goals: 
  - Line 469
  - Branch 297
  - Exception 0
  - MutationFactory 914
  - Output 149
  - Method 28
  - CBranchFitnessFactory 297

[Progress:>                             0%] [Cov:>                                  0%]* Using seed 20260930
* Starting evolution

[Progress:>                             0%] [Cov:=>                                 4%]
[Progress:>                             0%] [Cov:==>                                6%]
[Progress:>                             0%] [Cov:=======>                           21%]
[Progress:>                             0%] [Cov:========>                          23%]
[Progress:>                             0%] [Cov:=========>                         28%]
[Progress:>                             0%] [Cov:==========>                        29%]
[Progress:>                             3%] [Cov:>                                  2%]
[Progress:>                             3%] [Cov:=>                                 3%]
[Progress:>                             3%] [Cov:======>                            18%]
[Progress:>                             3%] [Cov:=======>                           20%]
[Progress:>                             3%] [Cov:========>                          23%]
[Progress:>                             3%] [Cov:========>                          24%]
[Progress:>                             3%] [Cov:=========>                         28%]
[Progress:=>                            6%] [Cov:=>                                 3%]
[Progress:=>                            6%] [Cov:=>                                 5%]
[Progress:=>                            6%] [Cov:======>                            19%]
[Progress:=>                            6%] [Cov:=======>                           21%]
[Progress:=>                            6%] [Cov:=========>                         27%]
[Progress:=>                            6%] [Cov:=========>                         28%]
[Progress:=>                            6%] [Cov:==========>                        31%]
[Progress:===>                          10%] [Cov:=>                                 3%]
[Progress:===>                          10%] [Cov:=>                                 4%]
[Progress:===>                          10%] [Cov:======>                            18%]
[Progress:===>                          10%] [Cov:======>                            19%]
[Progress:===>                          10%] [Cov:========>                          24%]
[Progress:===>                          10%] [Cov:========>                          25%]
[Progress:===>                          10%] [Cov:=========>                         26%]
[Progress:===>                          10%] [Cov:==========>                        31%]
[Progress:===>                          10%] [Cov:===========>                       32%]
[Progress:===>                          10%] [Cov:============>                      35%]
[Progress:===>                          10%] [Cov:============>                      36%]
[Progress:===>                          10%] [Cov:============>                      36%]
[Progress:===>                          13%] [Cov:=========>                         27%]
[Progress:===>                          13%] [Cov:===============>                   45%]
[Progress:====>                         16%] [Cov:===========>                       32%]
[Progress:====>                         16%] [Cov:================>                  48%]
[Progress:====>                         16%] [Cov:==============>                    41%]BPSO iteration=1 bestFitness=5786.026575554751 population=30 inertia=0.72

[Progress:======>                       20%] [Cov:============>                      36%]
[Progress:======>                       20%] [Cov:==============>                    41%]
[Progress:======>                       20%] [Cov:==============>                    42%]
[Progress:======>                       23%] [Cov:==============>                    41%]
[Progress:======>                       23%] [Cov:==============>                    41%]BPSO iteration=2 bestFitness=5759.978631460204 population=30 inertia=0.72

[Progress:======>                       23%] [Cov:==============>                    42%]
[Progress:======>                       23%] [Cov:===============>                   43%]
[Progress:======>                       23%] [Cov:===============>                   44%]
[Progress:=======>                      26%] [Cov:===============>                   44%]
[Progress:=========>                    30%] [Cov:===============>                   44%]
[Progress:=========>                    30%] [Cov:===============>                   44%]BPSO iteration=3 bestFitness=5640.444661597565 population=30 inertia=0.72

[Progress:=========>                    33%] [Cov:===============>                   44%]
[Progress:=========>                    33%] [Cov:===============>                   44%]BPSO iteration=4 bestFitness=5553.35295415715 population=30 inertia=0.72

[Progress:==========>                   36%] [Cov:===============>                   44%]
[Progress:==========>                   36%] [Cov:===============>                   45%]
[Progress:==========>                   36%] [Cov:================>                  47%]
[Progress:============>                 40%] [Cov:===========>                       34%]
[Progress:============>                 40%] [Cov:=============>                     38%]
[Progress:============>                 40%] [Cov:===============>                   45%]
[Progress:============>                 40%] [Cov:================>                  46%]
[Progress:============>                 40%] [Cov:================>                  46%]BPSO iteration=5 bestFitness=5435.720483427459 population=30 inertia=0.72

[Progress:============>                 43%] [Cov:================>                  46%]
[Progress:============>                 43%] [Cov:================>                  47%]
[Progress:=============>                46%] [Cov:================>                  46%]
[Progress:=============>                46%] [Cov:================>                  47%]
[Progress:=============>                46%] [Cov:================>                  47%]
[Progress:===============>              50%] [Cov:==============>                    42%]
[Progress:===============>              50%] [Cov:===============>                   44%]
[Progress:===============>              50%] [Cov:================>                  46%]
[Progress:===============>              50%] [Cov:================>                  47%]
[Progress:===============>              50%] [Cov:================>                  48%]
[Progress:===============>              53%] [Cov:================>                  48%]
[Progress:================>             56%] [Cov:================>                  48%]
[Progress:================>             56%] [Cov:================>                  48%]
[Progress:==================>           60%] [Cov:================>                  48%]
[Progress:==================>           63%] [Cov:================>                  48%]
[Progress:==================>           63%] [Cov:=================>                 49%]
[Progress:==================>           63%] [Cov:================>                  48%]
[Progress:==================>           63%] [Cov:=================>                 49%]
[Progress:===================>          66%] [Cov:================>                  48%]
[Progress:===================>          66%] [Cov:=================>                 49%]
[Progress:=====================>        70%] [Cov:=================>                 49%]
[Progress:=====================>        70%] [Cov:=================>                 49%]
[Progress:=====================>        73%] [Cov:=================>                 49%]
[Progress:======================>       76%] [Cov:=================>                 49%]
[Progress:======================>       76%] [Cov:=================>                 49%]
[Progress:========================>     80%] [Cov:================>                  48%]
[Progress:========================>     80%] [Cov:=================>                 49%]
[Progress:========================>     83%] [Cov:=================>                 49%]
[Progress:========================>     83%] [Cov:=================>                 49%]
[Progress:=========================>    86%] [Cov:=================>                 49%]
[Progress:===========================>  90%] [Cov:================>                  48%]
[Progress:===========================>  90%] [Cov:=================>                 49%]
[Progress:===========================>  93%] [Cov:=================>                 49%]
[Progress:===========================>  93%] [Cov:=================>                 49%]
[Progress:============================> 96%] [Cov:=================>                 49%]
[Progress:============================> 96%] [Cov:=================>                 50%]
[Progress:==============================100%] [Cov:=================>                 50%]
[Progress:==============================100%] [Cov:=================>                 50%]
[Progress:==============================100%] [Cov:=================>                 50%]
[Progress:==============================100%] [Cov:===================>               56%]
* Search finished after 32s and 13 generations, 13630 statements, best individual has fitness: 5157.46143283324
* Minimizing test suite
* Going to analyze the coverage criteria
* Coverage analysis for criterion LINE
* Coverage of criterion LINE: 61%
* Total number of goals: 469
* Number of covered goals: 286
* Coverage analysis for criterion BRANCH
* Coverage of criterion BRANCH: 36%
* Total number of goals: 297
* Number of covered goals: 108
* Coverage analysis for criterion EXCEPTION
* Coverage of criterion EXCEPTION: 100%
* Total number of goals: 24
* Number of covered goals: 24
* Coverage analysis for criterion WEAKMUTATION
* Coverage of criterion WEAKMUTATION: 45%
* Total number of goals: 914
* Number of covered goals: 408
* Coverage analysis for criterion OUTPUT
* Coverage of criterion OUTPUT: 48%
* Total number of goals: 149
* Number of covered goals: 71
* Coverage analysis for criterion METHOD
* Coverage of criterion METHOD: 100%
* Total number of goals: 28
* Number of covered goals: 28
* Coverage analysis for criterion CBRANCH
* Coverage of criterion CBRANCH: 33%
* Total number of goals: 297
* Number of covered goals: 99
* Generated 80 tests with total length 251
* Resulting test suite's coverage: 56% (average coverage for all fitness functions)
* Generating assertions
* Resulting test suite's mutation score: 10%
* Property NO_RUNTIME_DEPENDENCY is set to true - skipping JUnit compile check
* WARNING: Not including the runtime dependencies is likely to lead to flaky tests!
* Writing tests to file
* Writing JUnit test case 'ByteQuadsCanonicalizer_ESTest' to /home/acer/SQA/all-in-one-results/JacksonCore/BPSO_db7ac586/round1/JacksonCore-11/generation/com_fasterxml_jackson_core_sym_ByteQuadsCanonicalizer/evosuite-tests
* Done!

* Computation finished
