Project=Lang
Bug=33
Algorithm=BPSO
TargetClass=org.apache.commons.lang3.ClassUtils
TargetMethod=toClass
TriggerTest=org.apache.commons.lang3.ClassUtilsTest::testToClass_object
ModifiedSource=org.apache.commons.lang3.ClassUtils
FixedRevision=8f675dd3cbfb8f552bdbbe1cfc646ba5b367983b
CandidatePool=24
SuiteSize=12
Iterations=5000
Seed=20260923
Generator=GenericCandidateProvider
TriggerInputsCopied=false
TemporaryGeneratorWorkspace=/tmp/sqa_lang_generator_33_BPSO_ceDjoS
GeneratedClass=Lang33GeneratedTestBPSO

============================================================
GENERATION SUCCESS
============================================================
Status : GENERATED
File   : /Users/fangfang/Documents/SQA_Project_2026/automation/runs/Lang/Bug-33/BPSO/generated_test.java
Class  : Lang33GeneratedTestBPSO
Method : toClass
============================================================

RETURN_CODE=0
END=Fri Oct  2 08:27:28 PDT 2026
GENERATION SUCCESS
