============================================================
AUTO GENERATION
PROJECT=Lang BUG=44 METHOD=BPSO
START=Fri Oct  2 08:34:34 PDT 2026
============================================================
============================================================
CORRECTED SA/BPSO GENERATOR
============================================================
Project : Lang
Bug     : 44
Method  : BPSO
Artifact: /Users/fangfang/Documents/SQA_Project_2026/automation/runs/Lang/Bug-44/BPSO
============================================================
Modified source : org.apache.commons.lang.NumberUtils
Trigger test    : org.apache.commons.lang.NumberUtilsTest::testLang457
Fixed revision  : 0d0061f247b9c28b59b1af7e7a10def74718ac94
Target class    : org.apache.commons.lang.NumberUtils
Package         : org.apache.commons.lang

Temporary generator workspace:
/tmp/sqa_lang_generator_44_BPSO_ga6e2N

============================================================
CHECKOUT BUGGY
============================================================
Checking out 0d0061f2 to /tmp/sqa_lang_generator_44_BPSO_ga6e2N/buggy...... OK
Init local repository...................................................... OK
Tag post-fix revision...................................................... OK
Apply patch................................................................ OK
Apply patch................................................................ OK
Apply patch................................................................ OK
Apply patch................................................................ OK
Apply patch................................................................ OK
Rename enum package in src................................................. OK
Move enum package in src................................................... OK
Rename enum package in test................................................ OK
Move enum package in test.................................................. OK
Run post-checkout hook..................................................... OK
Excluding broken/flaky tests............................................... OK
Excluding broken/flaky tests............................................... OK
Excluding broken/flaky tests............................................... OK
Backing up build file: /tmp/sqa_lang_generator_44_BPSO_ga6e2N/buggy/default OK
Initialize fixed program version........................................... OK
Apply patch................................................................ OK
Initialize buggy program version........................................... OK
Diff 0d0061f2:9d884608..................................................... OK
Apply patch................................................................ OK
Tag pre-fix revision....................................................... OK
Check out program version: Lang-44b........................................ OK

============================================================
CHECKOUT FIXED
============================================================
Checking out 0d0061f2 to /tmp/sqa_lang_generator_44_BPSO_ga6e2N/fixed...... OK
Init local repository...................................................... OK
Tag post-fix revision...................................................... OK
Apply patch................................................................ OK
Apply patch................................................................ OK
Apply patch................................................................ OK
Apply patch................................................................ OK
Apply patch................................................................ OK
Rename enum package in src................................................. OK
Move enum package in src................................................... OK
Rename enum package in test................................................ OK
Move enum package in test.................................................. OK
Run post-checkout hook..................................................... OK
Excluding broken/flaky tests............................................... OK
Excluding broken/flaky tests............................................... OK
Excluding broken/flaky tests............................................... OK
Backing up build file: /tmp/sqa_lang_generator_44_BPSO_ga6e2N/fixed/default OK
Initialize fixed program version........................................... OK
Apply patch................................................................ OK
Initialize buggy program version........................................... OK
Diff 0d0061f2:9d884608..................................................... OK
Apply patch................................................................ OK
Tag pre-fix revision....................................................... OK
Check out program version: Lang-44f........................................ OK
find: /tmp/sqa_lang_generator_44_BPSO_ga6e2N/buggy/src/main/java: No such file or directory
find: /tmp/sqa_lang_generator_44_BPSO_ga6e2N/fixed/src/main/java: No such file or directory

BUGGY source:

FIXED source:

ERROR: modified production source not found.

RETURN_CODE=3
END=Fri Oct  2 08:34:43 PDT 2026
GENERATION FAILED
