Project=Lang
Bug=54
Algorithm=SA
TargetClass=org.apache.commons.lang.LocaleUtils
TargetMethod=toLocale
TriggerTest=org.apache.commons.lang.LocaleUtilsTest::testLang328
ModifiedSource=org.apache.commons.lang.LocaleUtils
FixedRevision=75d931a3264b73caa9cdd7d3373375cc33008ddf
CandidatePool=24
SuiteSize=12
Iterations=5000
Seed=20260923
Generator=GenericCandidateProvider
TriggerInputsCopied=false
TemporaryGeneratorWorkspace=/tmp/sqa_lang_generator_54_SA_Xpyech
GeneratedClass=Lang54GeneratedTestSA

============================================================
GENERATION SUCCESS
============================================================
Status : GENERATED
File   : /Users/fangfang/Documents/SQA_Project_2026/automation/runs/Lang/Bug-54/SA/generated_test.java
Class  : Lang54GeneratedTestSA
Method : toLocale
============================================================

RETURN_CODE=0
END=Sat Oct  3 00:20:23 +07 2026
GENERATION SUCCESS
