* EvoSuite 1.2.0
* Going to generate test cases for class: com.fasterxml.jackson.dataformat.xml.ser.XmlSerializerProvider
* Starting Client-0
* Connecting to master process on port 18826
* Analyzing classpath: 
  - /home/acer/SQA/all-in-one-work/JacksonXml/BPSO_db7ac586/round1/4f/target/classes
  - /home/acer/defects4j/framework/projects/JacksonXml/lib/com/fasterxml/jackson/core/jackson-core/2.8.5/jackson-core-2.8.5.jar
  - /home/acer/defects4j/framework/projects/JacksonXml/lib/com/fasterxml/jackson/core/jackson-annotations/2.8.0/jackson-annotations-2.8.0.jar
  - /home/acer/defects4j/framework/projects/JacksonXml/lib/com/fasterxml/jackson/core/jackson-databind/2.8.5/jackson-databind-2.8.5.jar
  - /home/acer/defects4j/framework/projects/JacksonXml/lib/com/fasterxml/jackson/module/jackson-module-jaxb-annotations/2.8.5/jackson-module-jaxb-annotations-2.8.5.jar
  - /home/acer/defects4j/framework/projects/JacksonXml/lib/javax/xml/stream/stax-api/1.0-2/stax-api-1.0-2.jar
  - /home/acer/defects4j/framework/projects/JacksonXml/lib/org/codehaus/woodstox/stax2-api/3.1.4/stax2-api-3.1.4.jar
  - /home/acer/defects4j/framework/projects/JacksonXml/lib/com/fasterxml/woodstox/woodstox-core/5.0.3/woodstox-core-5.0.3.jar
  - /home/acer/defects4j/framework/projects/JacksonXml/lib/javax/xml/bind/jaxb-api/2.3.0/jaxb-api-2.3.0.jar
  - /home/acer/defects4j/framework/projects/JacksonXml/lib/junit/junit/4.12/junit-4.12.jar
  - /home/acer/defects4j/framework/projects/JacksonXml/lib/org/hamcrest/hamcrest-core/1.3/hamcrest-core-1.3.jar
  - /home/acer/SQA/all-in-one-work/JacksonXml/BPSO_db7ac586/round1/4f/target/test-classes
  - /home/acer/defects4j/framework/projects/lib/junit-4.12-hamcrest-1.3.jar
  - /home/acer/defects4j/framework/projects/JacksonXml/lib/com/fasterxml/jackson/core/jackson-annotations/2.10.0-SNAPSHOT/jackson-annotations-2.10.0-20180816.040648-1.jar
  - /home/acer/defects4j/framework/projects/JacksonXml/lib/com/fasterxml/jackson/core/jackson-annotations/2.3.0/jackson-annotations-2.3.0.jar
  - /home/acer/defects4j/framework/projects/JacksonXml/lib/com/fasterxml/jackson/core/jackson-annotations/2.5.0/jackson-annotations-2.5.0.jar
  - /home/acer/defects4j/framework/projects/JacksonXml/lib/com/fasterxml/jackson/core/jackson-annotations/2.6.0-rc3/jackson-annotations-2.6.0-rc3.jar
  - /home/acer/defects4j/framework/projects/JacksonXml/lib/com/fasterxml/jackson/core/jackson-annotations/2.6.0/jackson-annotations-2.6.0.jar
  - /home/acer/defects4j/framework/projects/JacksonXml/lib/com/fasterxml/jackson/core/jackson-annotations/2.7.0-rc2/jackson-annotations-2.7.0-rc2.jar
  - /home/acer/defects4j/framework/projects/JacksonXml/lib/com/fasterxml/jackson/core/jackson-annotations/2.7.0-rc3/jackson-annotations-2.7.0-rc3.jar
  - /home/acer/defects4j/framework/projects/JacksonXml/lib/com/fasterxml/jackson/core/jackson-annotations/2.7.0/jackson-annotations-2.7.0.jar
  - /home/acer/defects4j/framework/projects/JacksonXml/lib/com/fasterxml/jackson/core/jackson-annotations/2.8.0.rc1/jackson-annotations-2.8.0.rc1.jar
  - /home/acer/defects4j/framework/projects/JacksonXml/lib/com/fasterxml/jackson/core/jackson-annotations/2.9.0/jackson-annotations-2.9.0.jar
  - /home/acer/defects4j/framework/projects/JacksonXml/lib/com/fasterxml/jackson/core/jackson-annotations/3.0-SNAPSHOT/jackson-annotations-3.0-20190323.173155-41.jar
  - /home/acer/defects4j/framework/projects/JacksonXml/lib/com/fasterxml/jackson/core/jackson-core/2.10.0-SNAPSHOT/jackson-core-2.10.0-20190119.070823-59.jar
  - /home/acer/defects4j/framework/projects/JacksonXml/lib/com/fasterxml/jackson/core/jackson-core/2.3.1/jackson-core-2.3.1.jar
  - /home/acer/defects4j/framework/projects/JacksonXml/lib/com/fasterxml/jackson/core/jackson-core/2.5.0/jackson-core-2.5.0.jar
  - /home/acer/defects4j/framework/projects/JacksonXml/lib/com/fasterxml/jackson/core/jackson-core/2.6.0-rc3/jackson-core-2.6.0-rc3.jar
  - /home/acer/defects4j/framework/projects/JacksonXml/lib/com/fasterxml/jackson/core/jackson-core/2.6.3/jackson-core-2.6.3.jar
  - /home/acer/defects4j/framework/projects/JacksonXml/lib/com/fasterxml/jackson/core/jackson-core/2.6.4/jackson-core-2.6.4.jar
  - /home/acer/defects4j/framework/projects/JacksonXml/lib/com/fasterxml/jackson/core/jackson-core/2.7.0-rc2/jackson-core-2.7.0-rc2.jar
  - /home/acer/defects4j/framework/projects/JacksonXml/lib/com/fasterxml/jackson/core/jackson-core/2.7.0-rc3/jackson-core-2.7.0-rc3.jar
  - /home/acer/defects4j/framework/projects/JacksonXml/lib/com/fasterxml/jackson/core/jackson-core/2.7.0-rc4-SNAPSHOT/jackson-core-2.7.0-rc4-20160106.062135-1.jar
  - /home/acer/defects4j/framework/projects/JacksonXml/lib/com/fasterxml/jackson/core/jackson-core/2.7.3/jackson-core-2.7.3.jar
  - /home/acer/defects4j/framework/projects/JacksonXml/lib/com/fasterxml/jackson/core/jackson-core/2.7.6/jackson-core-2.7.6.jar
  - /home/acer/defects4j/framework/projects/JacksonXml/lib/com/fasterxml/jackson/core/jackson-core/2.7.7/jackson-core-2.7.7.jar
  - /home/acer/defects4j/framework/projects/JacksonXml/lib/com/fasterxml/jackson/core/jackson-core/2.8.0.rc1/jackson-core-2.8.0.rc1.jar
  - /home/acer/defects4j/framework/projects/JacksonXml/lib/com/fasterxml/jackson/core/jackson-core/2.9.6/jackson-core-2.9.6.jar
  - /home/acer/defects4j/framework/projects/JacksonXml/lib/com/fasterxml/jackson/core/jackson-core/2.9.8/jackson-core-2.9.8.jar
  - /home/acer/defects4j/framework/projects/JacksonXml/lib/com/fasterxml/jackson/core/jackson-core/3.0.0-SNAPSHOT/jackson-core-3.0.0-20190424.231835-446.jar
  - /home/acer/defects4j/framework/projects/JacksonXml/lib/com/fasterxml/jackson/core/jackson-databind/2.10.0-SNAPSHOT/jackson-databind-2.10.0-20190508.041220-162.jar
  - /home/acer/defects4j/framework/projects/JacksonXml/lib/com/fasterxml/jackson/core/jackson-databind/2.3.1/jackson-databind-2.3.1.jar
  - /home/acer/defects4j/framework/projects/JacksonXml/lib/com/fasterxml/jackson/core/jackson-databind/2.5.0/jackson-databind-2.5.0.jar
  - /home/acer/defects4j/framework/projects/JacksonXml/lib/com/fasterxml/jackson/core/jackson-databind/2.6.0-rc3/jackson-databind-2.6.0-rc3.jar
  - /home/acer/defects4j/framework/projects/JacksonXml/lib/com/fasterxml/jackson/core/jackson-databind/2.6.3/jackson-databind-2.6.3.jar
  - /home/acer/defects4j/framework/projects/JacksonXml/lib/com/fasterxml/jackson/core/jackson-databind/2.6.4/jackson-databind-2.6.4.jar
  - /home/acer/defects4j/framework/projects/JacksonXml/lib/com/fasterxml/jackson/core/jackson-databind/2.7.0-rc2/jackson-databind-2.7.0-rc2.jar
  - /home/acer/defects4j/framework/projects/JacksonXml/lib/com/fasterxml/jackson/core/jackson-databind/2.7.0-rc3/jackson-databind-2.7.0-rc3.jar
  - /home/acer/defects4j/framework/projects/JacksonXml/lib/com/fasterxml/jackson/core/jackson-databind/2.7.0-rc4-SNAPSHOT/jackson-databind-2.7.0-rc4-20160109.222726-11.jar
  - /home/acer/defects4j/framework/projects/JacksonXml/lib/com/fasterxml/jackson/core/jackson-databind/2.7.3/jackson-databind-2.7.3.jar
  - /home/acer/defects4j/framework/projects/JacksonXml/lib/com/fasterxml/jackson/core/jackson-databind/2.7.6/jackson-databind-2.7.6.jar
  - /home/acer/defects4j/framework/projects/JacksonXml/lib/com/fasterxml/jackson/core/jackson-databind/2.7.7/jackson-databind-2.7.7.jar
  - /home/acer/defects4j/framework/projects/JacksonXml/lib/com/fasterxml/jackson/core/jackson-databind/2.8.0.rc1/jackson-databind-2.8.0.rc1.jar
  - /home/acer/defects4j/framework/projects/JacksonXml/lib/com/fasterxml/jackson/core/jackson-databind/2.9.6/jackson-databind-2.9.6.jar
  - /home/acer/defects4j/framework/projects/JacksonXml/lib/com/fasterxml/jackson/core/jackson-databind/2.9.8/jackson-databind-2.9.8.jar
  - /home/acer/defects4j/framework/projects/JacksonXml/lib/com/fasterxml/jackson/core/jackson-databind/3.0.0-SNAPSHOT/jackson-databind-3.0.0-20190508.041656-759.jar
  - /home/acer/defects4j/framework/projects/JacksonXml/lib/com/fasterxml/jackson/module/jackson-module-jaxb-annotations/2.10.0-SNAPSHOT/jackson-module-jaxb-annotations-2.10.0-20190507.041821-2.jar
  - /home/acer/defects4j/framework/projects/JacksonXml/lib/com/fasterxml/jackson/module/jackson-module-jaxb-annotations/2.3.1/jackson-module-jaxb-annotations-2.3.1.jar
  - /home/acer/defects4j/framework/projects/JacksonXml/lib/com/fasterxml/jackson/module/jackson-module-jaxb-annotations/2.5.0/jackson-module-jaxb-annotations-2.5.0.jar
  - /home/acer/defects4j/framework/projects/JacksonXml/lib/com/fasterxml/jackson/module/jackson-module-jaxb-annotations/2.6.0-rc3/jackson-module-jaxb-annotations-2.6.0-rc3.jar
  - /home/acer/defects4j/framework/projects/JacksonXml/lib/com/fasterxml/jackson/module/jackson-module-jaxb-annotations/2.6.3/jackson-module-jaxb-annotations-2.6.3.jar
  - /home/acer/defects4j/framework/projects/JacksonXml/lib/com/fasterxml/jackson/module/jackson-module-jaxb-annotations/2.6.4/jackson-module-jaxb-annotations-2.6.4.jar
  - /home/acer/defects4j/framework/projects/JacksonXml/lib/com/fasterxml/jackson/module/jackson-module-jaxb-annotations/2.7.0-rc2/jackson-module-jaxb-annotations-2.7.0-rc2.jar
  - /home/acer/defects4j/framework/projects/JacksonXml/lib/com/fasterxml/jackson/module/jackson-module-jaxb-annotations/2.7.0-rc3/jackson-module-jaxb-annotations-2.7.0-rc3.jar
  - /home/acer/defects4j/framework/projects/JacksonXml/lib/com/fasterxml/jackson/module/jackson-module-jaxb-annotations/2.7.3/jackson-module-jaxb-annotations-2.7.3.jar
  - /home/acer/defects4j/framework/projects/JacksonXml/lib/com/fasterxml/jackson/module/jackson-module-jaxb-annotations/2.7.6/jackson-module-jaxb-annotations-2.7.6.jar
  - /home/acer/defects4j/framework/projects/JacksonXml/lib/com/fasterxml/jackson/module/jackson-module-jaxb-annotations/2.7.7/jackson-module-jaxb-annotations-2.7.7.jar
  - /home/acer/defects4j/framework/projects/JacksonXml/lib/com/fasterxml/jackson/module/jackson-module-jaxb-annotations/2.8.0.rc1/jackson-module-jaxb-annotations-2.8.0.rc1.jar
  - /home/acer/defects4j/framework/projects/JacksonXml/lib/com/fasterxml/jackson/module/jackson-module-jaxb-annotations/2.9.6/jackson-module-jaxb-annotations-2.9.6.jar
  - /home/acer/defects4j/framework/projects/JacksonXml/lib/com/fasterxml/jackson/module/jackson-module-jaxb-annotations/2.9.8/jackson-module-jaxb-annotations-2.9.8.jar
  - /home/acer/defects4j/framework/projects/JacksonXml/lib/com/fasterxml/jackson/module/jackson-module-jaxb-annotations/3.0.0-SNAPSHOT/jackson-module-jaxb-annotations-3.0.0-20180220.170517-3.jar
  - /home/acer/defects4j/framework/projects/JacksonXml/lib/com/fasterxml/woodstox/woodstox-core/5.0.1/woodstox-core-5.0.1.jar
  - /home/acer/defects4j/framework/projects/JacksonXml/lib/com/fasterxml/woodstox/woodstox-core/5.0.2/woodstox-core-5.0.2.jar
  - /home/acer/defects4j/framework/projects/JacksonXml/lib/com/fasterxml/woodstox/woodstox-core/5.2.0/woodstox-core-5.2.0.jar
  - /home/acer/defects4j/framework/projects/JacksonXml/lib/junit/junit/4.10/junit-4.10.jar
  - /home/acer/defects4j/framework/projects/JacksonXml/lib/junit/junit/4.11/junit-4.11.jar
  - /home/acer/defects4j/framework/projects/JacksonXml/lib/org/codehaus/woodstox/stax2-api/3.1.1/stax2-api-3.1.1.jar
  - /home/acer/defects4j/framework/projects/JacksonXml/lib/org/codehaus/woodstox/stax2-api/4.1/stax2-api-4.1.jar
  - /home/acer/defects4j/framework/projects/JacksonXml/lib/org/codehaus/woodstox/woodstox-core-asl/4.1.5/woodstox-core-asl-4.1.5.jar
  - /home/acer/defects4j/framework/projects/JacksonXml/lib/org/codehaus/woodstox/woodstox-core-asl/4.3.0/woodstox-core-asl-4.3.0.jar
  - /home/acer/defects4j/framework/projects/JacksonXml/lib/org/hamcrest/hamcrest-core/1.1/hamcrest-core-1.1.jar
[MASTER] 06:47:28.369 [logback-2] ERROR ConcreteClassAnalyzer - Problem for com.fasterxml.jackson.dataformat.xml.ser.XmlSerializerProvider. Class not found: jdk.Exported
[MASTER] 06:47:28.369 [logback-2] ERROR ConcreteClassAnalyzer - Removing class from inheritance tree
[MASTER] 06:47:28.369 [logback-2] ERROR ConcreteClassAnalyzer - Problem for com.fasterxml.jackson.dataformat.xml.ser.XmlSerializerProvider. Class not found: javax.jws.WebService
[MASTER] 06:47:28.369 [logback-2] ERROR ConcreteClassAnalyzer - Removing class from inheritance tree
[MASTER] 06:47:28.370 [logback-2] ERROR ConcreteClassAnalyzer - Problem for com.fasterxml.jackson.dataformat.xml.ser.XmlSerializerProvider. Class not found: javax.jws.WebParam
[MASTER] 06:47:28.370 [logback-2] ERROR ConcreteClassAnalyzer - Removing class from inheritance tree
[MASTER] 06:47:28.377 [logback-2] ERROR ConcreteClassAnalyzer - Problem for com.fasterxml.jackson.dataformat.xml.ser.XmlSerializerProvider. Class not found: javax.jws.HandlerChain
[MASTER] 06:47:28.377 [logback-2] ERROR ConcreteClassAnalyzer - Removing class from inheritance tree
[MASTER] 06:47:28.379 [logback-2] ERROR ConcreteClassAnalyzer - Problem for com.fasterxml.jackson.dataformat.xml.ser.XmlSerializerProvider. Class not found: javax.jws.WebMethod
[MASTER] 06:47:28.379 [logback-2] ERROR ConcreteClassAnalyzer - Removing class from inheritance tree
[MASTER] 06:47:28.381 [logback-2] ERROR ConcreteClassAnalyzer - Problem for com.fasterxml.jackson.dataformat.xml.ser.XmlSerializerProvider. Class not found: javax.jws.WebResult
[MASTER] 06:47:28.381 [logback-2] ERROR ConcreteClassAnalyzer - Removing class from inheritance tree
[MASTER] 06:47:28.382 [logback-2] ERROR ConcreteClassAnalyzer - Problem for com.fasterxml.jackson.dataformat.xml.ser.XmlSerializerProvider. Class not found: javax.jws.Oneway
[MASTER] 06:47:28.382 [logback-2] ERROR ConcreteClassAnalyzer - Removing class from inheritance tree
[MASTER] 06:47:28.387 [logback-2] ERROR ConcreteClassAnalyzer - Problem for com.fasterxml.jackson.dataformat.xml.ser.XmlSerializerProvider. Class not found: javax.jws.soap.InitParam
[MASTER] 06:47:28.387 [logback-2] ERROR ConcreteClassAnalyzer - Removing class from inheritance tree
[MASTER] 06:47:28.389 [logback-2] ERROR ConcreteClassAnalyzer - Problem for com.fasterxml.jackson.dataformat.xml.ser.XmlSerializerProvider. Class not found: javax.jws.soap.SOAPBinding
[MASTER] 06:47:28.389 [logback-2] ERROR ConcreteClassAnalyzer - Removing class from inheritance tree
[MASTER] 06:47:28.397 [logback-2] ERROR ConcreteClassAnalyzer - Problem for com.fasterxml.jackson.dataformat.xml.ser.XmlSerializerProvider. Class not found: javax.jws.soap.SOAPMessageHandler
[MASTER] 06:47:28.397 [logback-2] ERROR ConcreteClassAnalyzer - Removing class from inheritance tree
[MASTER] 06:47:28.398 [logback-2] ERROR ConcreteClassAnalyzer - Problem for com.fasterxml.jackson.dataformat.xml.ser.XmlSerializerProvider. Class not found: javax.jws.soap.SOAPMessageHandlers
[MASTER] 06:47:28.398 [logback-2] ERROR ConcreteClassAnalyzer - Removing class from inheritance tree
[MASTER] 06:47:29.125 [logback-1] WARN  InheritanceTree - Class not in inheritance graph: java.io.ObjectInputFilter
[MASTER] 06:47:29.535 [logback-1] WARN  InheritanceTree - Class not in inheritance graph: java.util.Locale$IsoCountryCode
[MASTER] 06:47:30.277 [logback-2] ERROR TestClusterGenerator - Problem for com.fasterxml.jackson.dataformat.xml.ser.XmlSerializerProvider. Failed to add dependencies for class com.fasterxml.jackson.databind.cfg.ModuleContextBase: java.lang.IncompatibleClassChangeError: com.fasterxml.jackson.core.TokenStreamFactory and com.fasterxml.jackson.core.TokenStreamFactory$Feature disagree on InnerClasses attribute
[java.base/java.lang.Class.getDeclaringClass0(Native Method), java.base/java.lang.Class.getEnclosingClass(Class.java:1517), org.evosuite.setup.TestUsageChecker.canUse(TestUsageChecker.java:168), org.evosuite.setup.TestUsageChecker.canUse(TestUsageChecker.java:115), org.evosuite.setup.TestUsageChecker.canUse(TestUsageChecker.java:362), org.evosuite.setup.TestClusterGenerator.addDependencyClass(TestClusterGenerator.java:926), org.evosuite.setup.TestClusterGenerator.resolveDependencies(TestClusterGenerator.java:312), org.evosuite.setup.TestClusterGenerator.generateCluster(TestClusterGenerator.java:122), org.evosuite.setup.DependencyAnalysis.analyze(DependencyAnalysis.java:120), org.evosuite.setup.DependencyAnalysis.analyzeClass(DependencyAnalysis.java:136), org.evosuite.TestSuiteGenerator.initializeTargetClass(TestSuiteGenerator.java:114), org.evosuite.TestSuiteGenerator.generateTestSuite(TestSuiteGenerator.java:135), org.evosuite.rmi.service.ClientNodeImpl.lambda$startNewSearch$0(ClientNodeImpl.java:140), java.base/java.util.concurrent.Executors$RunnableAdapter.call(Executors.java:515), java.base/java.util.concurrent.FutureTask.run(FutureTask.java:264), java.base/java.util.concurrent.ThreadPoolExecutor.runWorker(ThreadPoolExecutor.java:1128), java.base/java.util.concurrent.ThreadPoolExecutor$Worker.run(ThreadPoolExecutor.java:628), java.base/java.lang.Thread.run(Thread.java:829)]
[MASTER] 06:47:30.445 [logback-1] WARN  InheritanceTree - Class not in inheritance graph: java.lang.module.ModuleFinder
* Finished analyzing classpath
* Generating tests for class com.fasterxml.jackson.dataformat.xml.ser.XmlSerializerProvider
* Test criteria:
  - Line Coverage
  - Branch Coverage
  - Exception
  - Mutation testing (weak)
  - Method-Output Coverage
  - Top-Level Method Coverage
  - Context Branch Coverage
* Setting up search algorithm for whole suite generation
* Total number of test goals: 
  - Line 121
  - Branch 64
  - Exception 0
  - MutationFactory 72
  - Output 32
  - Method 11
  - CBranchFitnessFactory 64
* Using seed 20260930
* Starting evolution

[Progress:>                             0%] [Cov:>                                  0%][MASTER] 06:47:31.199 [logback-1] WARN  TestCluster - Failed to check cache for java.util.Map<K, V> : Type points to itself
[MASTER] 06:47:31.351 [logback-1] WARN  TestCluster - Failed to check cache for java.util.HashSet<E> : Type points to itself
[MASTER] 06:47:32.974 [logback-1] WARN  TestCluster - Failed to check cache for java.lang.Class<T> : Type points to itself

[Progress:=>                            6%] [Cov:>                                  1%]
[Progress:=>                            6%] [Cov:=====>                             16%]
[Progress:=>                            6%] [Cov:======>                            19%]
[Progress:=>                            6%] [Cov:=======>                           20%]
[Progress:===>                          10%] [Cov:>                                  1%]
[Progress:===>                          10%] [Cov:>                                  2%]
[Progress:===>                          10%] [Cov:=====>                             16%]
[Progress:===>                          10%] [Cov:=======>                           20%][MASTER] 06:47:34.475 [logback-1] WARN  TestCluster - Failed to check cache for com.fasterxml.jackson.databind.JsonSerializer<T> : Type points to itself

[Progress:===>                          10%] [Cov:=======>                           22%]
[Progress:===>                          10%] [Cov:========>                          25%][MASTER] 06:47:34.906 [logback-1] WARN  TestCluster - Failed to check cache for com.fasterxml.jackson.annotation.ObjectIdGenerator<T> : Type points to itself

[Progress:===>                          13%] [Cov:>                                  0%]
[Progress:===>                          13%] [Cov:>                                  1%]
[Progress:===>                          13%] [Cov:=====>                             16%]
[Progress:===>                          13%] [Cov:=======>                           20%]
[Progress:===>                          13%] [Cov:=======>                           22%]
[Progress:===>                          13%] [Cov:========>                          25%]
[Progress:====>                         16%] [Cov:====>                              14%]
[Progress:====>                         16%] [Cov:==============>                    41%]
[Progress:====>                         16%] [Cov:===============>                   43%][MASTER] 06:47:37.070 [logback-1] WARN  TestCluster - Failed to check cache for java.util.ArrayList<E> : Type points to itself

[Progress:======>                       20%] [Cov:>                                  2%]
[Progress:======>                       20%] [Cov:===========>                       34%]
[Progress:======>                       20%] [Cov:============>                      37%]
[Progress:======>                       20%] [Cov:==========>                        29%]BPSO iteration=1 bestFitness=352.990099009901 population=30 inertia=0.72

[Progress:======>                       23%] [Cov:===>                               9%]
[Progress:======>                       23%] [Cov:=============>                     38%]
[Progress:======>                       23%] [Cov:==========>                        29%]BPSO iteration=2 bestFitness=352.990099009901 population=30 inertia=0.72

[Progress:======>                       23%] [Cov:============>                      35%]
[Progress:=======>                      26%] [Cov:==========>                        29%]
[Progress:=======>                      26%] [Cov:===========>                       34%][MASTER] 06:47:39.552 [logback-1] WARN  TestCluster - Failed to check cache for java.util.Enumeration<E> : Type points to itself

[Progress:=======>                      26%] [Cov:==============>                    41%]
[Progress:=======>                      26%] [Cov:==========>                        31%]BPSO iteration=3 bestFitness=344.990099009901 population=30 inertia=0.72

[Progress:=======>                      26%] [Cov:===========>                       34%]
[Progress:=========>                    30%] [Cov:==========>                        31%]
[Progress:=========>                    30%] [Cov:===========>                       34%]
[Progress:=========>                    30%] [Cov:==========>                        31%]BPSO iteration=4 bestFitness=344.990099009901 population=30 inertia=0.72

[Progress:=========>                    30%] [Cov:============>                      37%]
[Progress:=========>                    30%] [Cov:==========>                        31%]BPSO iteration=5 bestFitness=342.990099009901 population=30 inertia=0.72

[Progress:=========>                    33%] [Cov:==========>                        31%]
[Progress:=========>                    33%] [Cov:==========>                        31%]
[Progress:=========>                    33%] [Cov:============>                      35%]
[Progress:=========>                    33%] [Cov:==========>                        31%]
[Progress:=========>                    33%] [Cov:=============>                     38%]
[Progress:==========>                   36%] [Cov:==========>                        31%]
[Progress:==========>                   36%] [Cov:============>                      35%]
[Progress:==========>                   36%] [Cov:==========>                        31%]
[Progress:==========>                   36%] [Cov:==============>                    40%]
[Progress:==========>                   36%] [Cov:==========>                        31%]
[Progress:============>                 40%] [Cov:=========>                         28%]
[Progress:============>                 40%] [Cov:==========>                        31%]
[Progress:============>                 40%] [Cov:============>                      36%]
[Progress:============>                 40%] [Cov:==========>                        31%]
[Progress:============>                 43%] [Cov:==========>                        31%]
[Progress:============>                 43%] [Cov:=============>                     39%]
[Progress:============>                 43%] [Cov:==========>                        31%]
[Progress:============>                 43%] [Cov:===========>                       34%]
[Progress:=============>                46%] [Cov:==========>                        31%]
[Progress:=============>                46%] [Cov:===========>                       34%]
[Progress:=============>                46%] [Cov:=============>                     39%]
[Progress:=============>                46%] [Cov:===========>                       34%]
[Progress:=============>                46%] [Cov:============>                      35%]
[Progress:=============>                46%] [Cov:============>                      37%]
[Progress:===============>              50%] [Cov:===========>                       34%]
[Progress:===============>              50%] [Cov:============>                      35%]
[Progress:===============>              50%] [Cov:============>                      35%]
[Progress:===============>              50%] [Cov:=============>                     38%]
[Progress:===============>              53%] [Cov:============>                      35%]
[Progress:===============>              53%] [Cov:============>                      35%]
[Progress:===============>              53%] [Cov:============>                      36%]
[Progress:===============>              53%] [Cov:=============>                     39%]
[Progress:===============>              53%] [Cov:============>                      35%]
[Progress:================>             56%] [Cov:============>                      35%]
[Progress:================>             56%] [Cov:=============>                     39%]
[Progress:================>             56%] [Cov:============>                      35%]
[Progress:================>             56%] [Cov:=============>                     38%]
[Progress:================>             56%] [Cov:==============>                    41%]
[Progress:================>             56%] [Cov:============>                      35%]
[Progress:==================>           60%] [Cov:============>                      35%]
[Progress:==================>           60%] [Cov:============>                      36%]
[Progress:==================>           60%] [Cov:============>                      36%]
[Progress:==================>           60%] [Cov:============>                      36%]BPSO iteration=20 bestFitness=322.48924731182797 population=30 inertia=0.72

[Progress:==================>           63%] [Cov:============>                      36%]
[Progress:==================>           63%] [Cov:=============>                     39%]
[Progress:==================>           63%] [Cov:============>                      36%]
[Progress:==================>           63%] [Cov:============>                      36%]
[Progress:===================>          66%] [Cov:============>                      36%]
[Progress:===================>          66%] [Cov:============>                      36%]
[Progress:===================>          66%] [Cov:===============>                   43%]
[Progress:===================>          66%] [Cov:============>                      36%]
[Progress:===================>          66%] [Cov:============>                      37%]
[Progress:=====================>        70%] [Cov:============>                      36%]
[Progress:=====================>        70%] [Cov:============>                      36%]
[Progress:=====================>        70%] [Cov:============>                      36%]
[Progress:=====================>        70%] [Cov:============>                      36%][MASTER] 06:47:52.820 [logback-1] WARN  TestChromosome - Functional mock problem: org.evosuite.ga.ConstructionFailedException: Invalid generic instance

[Progress:=====================>        73%] [Cov:============>                      36%]
[Progress:=====================>        73%] [Cov:============>                      37%]
[Progress:=====================>        73%] [Cov:============>                      36%]
[Progress:=====================>        73%] [Cov:============>                      36%]
[Progress:=====================>        73%] [Cov:============>                      37%]
[Progress:=====================>        73%] [Cov:=============>                     38%]
[Progress:=====================>        73%] [Cov:==============>                    41%]
[Progress:=====================>        73%] [Cov:============>                      37%]
[Progress:======================>       76%] [Cov:=>                                 3%]
[Progress:======================>       76%] [Cov:===========>                       34%]
[Progress:======================>       76%] [Cov:============>                      37%]
[Progress:======================>       76%] [Cov:=============>                     39%]
[Progress:======================>       76%] [Cov:==============>                    40%]
[Progress:======================>       76%] [Cov:==============>                    40%]
[Progress:========================>     80%] [Cov:============>                      37%]
[Progress:========================>     80%] [Cov:==============>                    40%]
[Progress:========================>     80%] [Cov:==============>                    40%]
[Progress:========================>     80%] [Cov:==============>                    40%]
[Progress:========================>     83%] [Cov:==============>                    40%]
[Progress:========================>     83%] [Cov:==============>                    40%]
[Progress:========================>     83%] [Cov:==============>                    41%]
[Progress:========================>     83%] [Cov:==============>                    41%]
[Progress:========================>     83%] [Cov:===============>                   43%][MASTER] 06:47:56.844 [logback-1] WARN  TestChromosome - Functional mock problem: org.evosuite.ga.ConstructionFailedException: Failed to add constructor for com.fasterxml.jackson.databind.ser.BeanSerializerBuilder due to org.evosuite.ga.ConstructionFailedException: Max recursion depth reached

[Progress:=========================>    86%] [Cov:==============>                    41%]
[Progress:=========================>    86%] [Cov:==============>                    41%]
[Progress:=========================>    86%] [Cov:==============>                    41%]
[Progress:=========================>    86%] [Cov:==============>                    41%]
[Progress:===========================>  90%] [Cov:==============>                    41%]
[Progress:==============================100%] [Cov:==============>                    41%]
[Progress:==============================100%] [Cov:==============>                    41%]
[Progress:==============================100%] [Cov:===============>                   43%]
* Search finished after 33s and 39 generations, 38073 statements, best individual has fitness: 279.0541666666667
* Minimizing test suite
* Going to analyze the coverage criteria
* Coverage analysis for criterion LINE
* Coverage of criterion LINE: 35%
* Total number of goals: 121
* Number of covered goals: 42
* Coverage analysis for criterion BRANCH
* Coverage of criterion BRANCH: 31%
* Total number of goals: 64
* Number of covered goals: 20
* Coverage analysis for criterion EXCEPTION
* Coverage of criterion EXCEPTION: 100%
* Total number of goals: 14
* Number of covered goals: 14
* Coverage analysis for criterion WEAKMUTATION
* Coverage of criterion WEAKMUTATION: 31%
* Total number of goals: 72
* Number of covered goals: 22
* Coverage analysis for criterion OUTPUT
* Coverage of criterion OUTPUT: 3%
* Total number of goals: 32
* Number of covered goals: 1
* Coverage analysis for criterion METHOD
* Coverage of criterion METHOD: 100%
* Total number of goals: 11
* Number of covered goals: 11
* Coverage analysis for criterion CBRANCH
* Coverage of criterion CBRANCH: 31%
* Total number of goals: 64
* Number of covered goals: 20
* Generated 20 tests with total length 143
* Resulting test suite's coverage: 44% (average coverage for all fitness functions)
* Generating assertions
* Resulting test suite's mutation score: 8%
* Property NO_RUNTIME_DEPENDENCY is set to true - skipping JUnit compile check
* WARNING: Not including the runtime dependencies is likely to lead to flaky tests!
* Permissions denied during test execution: 
  - java.lang.RuntimePermission: 
         writeFileDescriptor: 6
* Writing tests to file
* Writing JUnit test case 'XmlSerializerProvider_ESTest' to /home/acer/SQA/all-in-one-results/JacksonXml/BPSO_db7ac586/round1/JacksonXml-4/generation/com_fasterxml_jackson_dataformat_xml_ser_XmlSerializerProvider/evosuite-tests
* Done!

* Computation finished
