* EvoSuite 1.2.0
* Going to generate test cases for class: com.fasterxml.jackson.core.json.ReaderBasedJsonParser
* Starting Client-0
* Connecting to master process on port 18826
* Analyzing classpath: 
  - /home/acer/SQA/jacksoncore-work/JacksonCore/SA_360bf3a8/round1/25f/target/classes
  - /home/acer/defects4j/framework/projects/JacksonCore/lib/junit/junit/4.12/junit-4.12.jar
  - /home/acer/defects4j/framework/projects/JacksonCore/lib/org/hamcrest/hamcrest-core/1.3/hamcrest-core-1.3.jar
  - /home/acer/SQA/jacksoncore-work/JacksonCore/SA_360bf3a8/round1/25f/target/test-classes
  - /home/acer/defects4j/framework/projects/lib/junit-4.12-hamcrest-1.3.jar
  - /home/acer/defects4j/framework/projects/JacksonCore/lib/junit/junit/4.11/junit-4.11.jar
  - /home/acer/defects4j/framework/projects/JacksonCore/lib/junit/junit/4.8.2/junit-4.8.2.jar
[MASTER] 00:33:53.603 [logback-1] WARN  InheritanceTree - Class not in inheritance graph: java.util.Locale$IsoCountryCode
* Finished analyzing classpath
* Generating tests for class com.fasterxml.jackson.core.json.ReaderBasedJsonParser
* Test criteria:
  - Line Coverage
  - Branch Coverage
  - Exception
  - Mutation testing (weak)
  - Method-Output Coverage
  - Top-Level Method Coverage
  - Context Branch Coverage
* Setting up search algorithm for whole suite generation
* Total number of test goals: 
  - Line 1436
  - Branch 1404
  - Exception 0
  - MutationFactory 924
  - Output 192
  - Method 51
  - CBranchFitnessFactory 1404

[Progress:>                             0%] [Cov:>                                  0%]* Using seed 20260930
* Starting evolution

[Progress:>                             3%] [Cov:>                                  0%]
[Progress:>                             3%] [Cov:>                                  1%]
[Progress:>                             3%] [Cov:=====>                             15%]
[Progress:>                             3%] [Cov:=====>                             16%]
[Progress:=>                            6%] [Cov:>                                  0%]
[Progress:=>                            6%] [Cov:=====>                             15%]
[Progress:=>                            6%] [Cov:======>                            18%]
[Progress:===>                          10%] [Cov:>                                  0%]
[Progress:===>                          10%] [Cov:=====>                             15%]
[Progress:===>                          10%] [Cov:=====>                             17%]
[Progress:===>                          13%] [Cov:====>                              14%]
[Progress:===>                          13%] [Cov:=====>                             16%]
[Progress:===>                          13%] [Cov:=====>                             17%]
[Progress:===>                          13%] [Cov:=====>                             17%]
[Progress:===>                          13%] [Cov:======>                            18%][MASTER] 00:33:58.554 [logback-1] WARN  TestChromosome - Functional mock problem: org.evosuite.ga.ConstructionFailedException: Failed to add constructor for com.fasterxml.jackson.core.io.IOContext due to org.evosuite.ga.ConstructionFailedException: Failed to add constructor for com.fasterxml.jackson.core.json.ReaderBasedJsonParser due to org.evosuite.ga.ConstructionFailedException: Have no generator for class com.fasterxml.jackson.core.io.IOContext canUseFunctionalMocks=false, canBeMocked: true

[Progress:====>                         16%] [Cov:=====>                             15%]
[Progress:====>                         16%] [Cov:=====>                             17%]SA iteration=1 bestFitness=13659.260105795167 population=30 temperature=9.666666666666666

[Progress:====>                         16%] [Cov:======>                            18%]
[Progress:======>                       20%] [Cov:=====>                             16%]
[Progress:======>                       20%] [Cov:=====>                             17%]SA iteration=2 bestFitness=13659.260105795167 population=30 temperature=9.333333333333334

[Progress:======>                       23%] [Cov:=====>                             17%]
[Progress:======>                       23%] [Cov:======>                            18%]
[Progress:=======>                      26%] [Cov:====>                              13%]
[Progress:=======>                      26%] [Cov:=====>                             17%]SA iteration=3 bestFitness=13659.260105795167 population=30 temperature=9.0

[Progress:=======>                      26%] [Cov:======>                            18%]
[Progress:=========>                    30%] [Cov:=====>                             15%]
[Progress:=========>                    30%] [Cov:=====>                             16%]
[Progress:=========>                    30%] [Cov:=====>                             17%]SA iteration=4 bestFitness=13659.260105795167 population=30 temperature=8.666666666666668

[Progress:=========>                    30%] [Cov:======>                            18%]
[Progress:=========>                    33%] [Cov:====>                              14%]
[Progress:=========>                    33%] [Cov:=====>                             17%]SA iteration=5 bestFitness=13659.260105795167 population=30 temperature=8.333333333333334

[Progress:=========>                    33%] [Cov:======>                            18%]
[Progress:=========>                    33%] [Cov:=====>                             17%]
[Progress:==========>                   36%] [Cov:=====>                             17%]
[Progress:==========>                   36%] [Cov:======>                            18%]
[Progress:==========>                   36%] [Cov:======>                            18%]
[Progress:============>                 40%] [Cov:======>                            18%]
[Progress:============>                 43%] [Cov:=====>                             15%]
[Progress:============>                 43%] [Cov:======>                            18%]
[Progress:=============>                46%] [Cov:====>                              14%]
[Progress:=============>                46%] [Cov:=====>                             15%]
[Progress:=============>                46%] [Cov:=====>                             16%]
[Progress:=============>                46%] [Cov:======>                            18%]
[Progress:===============>              50%] [Cov:=====>                             16%]
[Progress:===============>              50%] [Cov:=====>                             17%]
[Progress:===============>              50%] [Cov:======>                            18%]
[Progress:===============>              50%] [Cov:======>                            19%]
[Progress:===============>              53%] [Cov:=====>                             16%]
[Progress:===============>              53%] [Cov:======>                            18%]
[Progress:================>             56%] [Cov:======>                            19%]
[Progress:================>             56%] [Cov:======>                            18%]
[Progress:================>             56%] [Cov:======>                            19%]
[Progress:==================>           60%] [Cov:=====>                             16%]
[Progress:==================>           60%] [Cov:=====>                             17%]
[Progress:==================>           60%] [Cov:======>                            18%]
[Progress:==================>           60%] [Cov:======>                            19%]
[Progress:==================>           63%] [Cov:=====>                             16%]
[Progress:==================>           63%] [Cov:======>                            18%]
[Progress:==================>           63%] [Cov:======>                            19%]
[Progress:===================>          66%] [Cov:=====>                             16%]
[Progress:===================>          66%] [Cov:======>                            18%]
[Progress:===================>          66%] [Cov:======>                            19%]
[Progress:===================>          66%] [Cov:======>                            18%]
[Progress:=====================>        70%] [Cov:=====>                             17%]
[Progress:=====================>        70%] [Cov:======>                            19%][MASTER] 00:34:15.452 [logback-1] WARN  TestChromosome - Functional mock problem: org.evosuite.ga.ConstructionFailedException: Failed to add constructor for com.fasterxml.jackson.core.json.ReaderBasedJsonParser due to org.evosuite.ga.ConstructionFailedException: Have no generator for class com.fasterxml.jackson.core.io.IOContext canUseFunctionalMocks=false, canBeMocked: true

[Progress:=====================>        70%] [Cov:======>                            18%]
[Progress:=====================>        73%] [Cov:=====>                             15%]
[Progress:=====================>        73%] [Cov:=====>                             16%]
[Progress:=====================>        73%] [Cov:======>                            18%]
[Progress:=====================>        73%] [Cov:======>                            18%]
[Progress:=====================>        73%] [Cov:======>                            19%]
[Progress:======================>       76%] [Cov:=====>                             15%]
[Progress:======================>       76%] [Cov:======>                            18%]SA iteration=20 bestFitness=13424.180289960152 population=30 temperature=3.333333333333334

[Progress:======================>       76%] [Cov:======>                            19%]
[Progress:======================>       76%] [Cov:======>                            18%]
[Progress:======================>       76%] [Cov:======>                            19%]
[Progress:========================>     80%] [Cov:=====>                             17%]
[Progress:========================>     80%] [Cov:======>                            18%]
[Progress:========================>     83%] [Cov:====>                              14%]
[Progress:========================>     83%] [Cov:======>                            18%]
[Progress:========================>     83%] [Cov:======>                            19%]
[Progress:========================>     83%] [Cov:======>                            18%]
[Progress:========================>     83%] [Cov:======>                            19%]
[Progress:=========================>    86%] [Cov:=====>                             15%]
[Progress:=========================>    86%] [Cov:=====>                             16%]
[Progress:=========================>    86%] [Cov:======>                            18%]
[Progress:=========================>    86%] [Cov:======>                            19%]
[Progress:=========================>    86%] [Cov:======>                            18%]
[Progress:=========================>    86%] [Cov:======>                            19%]
[Progress:===========================>  90%] [Cov:=====>                             17%]
[Progress:===========================>  90%] [Cov:======>                            18%]
[Progress:===========================>  90%] [Cov:======>                            19%]
[Progress:===========================>  90%] [Cov:======>                            18%]
[Progress:===========================>  90%] [Cov:======>                            19%]
[Progress:===========================>  93%] [Cov:=====>                             15%]
[Progress:===========================>  93%] [Cov:=====>                             16%]
[Progress:===========================>  93%] [Cov:======>                            18%]
[Progress:===========================>  93%] [Cov:======>                            19%]
[Progress:===========================>  93%] [Cov:======>                            18%]
[Progress:===========================>  93%] [Cov:======>                            19%]
[Progress:============================> 96%] [Cov:=====>                             15%]
[Progress:============================> 96%] [Cov:=====>                             17%]
[Progress:============================> 96%] [Cov:======>                            18%]
[Progress:============================> 96%] [Cov:======>                            19%]
[Progress:============================> 96%] [Cov:======>                            18%]
[Progress:============================> 96%] [Cov:======>                            19%]
[Progress:==============================100%] [Cov:=====>                             15%]
[Progress:==============================100%] [Cov:=====>                             16%]
[Progress:==============================100%] [Cov:======>                            18%]
[Progress:==============================100%] [Cov:======>                            19%]
[Progress:==============================100%] [Cov:======>                            18%]
[Progress:==============================100%] [Cov:======>                            19%]
[Progress:==============================100%] [Cov:======>                            18%]
[Progress:==============================100%] [Cov:======>                            19%]
[Progress:==============================100%] [Cov:=====>                             17%]
[Progress:==============================100%] [Cov:======>                            18%]
[Progress:==============================100%] [Cov:=============>                     39%]
* Search finished after 33s and 36 generations, 11921 statements, best individual has fitness: 10927.36883499673
* Minimizing test suite
* Going to analyze the coverage criteria
* Coverage analysis for criterion LINE
* Coverage of criterion LINE: 25%
* Total number of goals: 1436
* Number of covered goals: 353
* Coverage analysis for criterion BRANCH
* Coverage of criterion BRANCH: 23%
* Total number of goals: 1404
* Number of covered goals: 324
* Coverage analysis for criterion EXCEPTION
* Coverage of criterion EXCEPTION: 98%
* Total number of goals: 52
* Number of covered goals: 51
* Coverage analysis for criterion WEAKMUTATION
* Coverage of criterion WEAKMUTATION: 19%
* Total number of goals: 924
* Number of covered goals: 179
* Coverage analysis for criterion OUTPUT
* Coverage of criterion OUTPUT: 21%
* Total number of goals: 192
* Number of covered goals: 40
* Coverage analysis for criterion METHOD
* Coverage of criterion METHOD: 92%
* Total number of goals: 51
* Number of covered goals: 47
* Coverage analysis for criterion CBRANCH
* Coverage of criterion CBRANCH: 21%
* Total number of goals: 1404
* Number of covered goals: 300
* Generated 104 tests with total length 789
* Resulting test suite's coverage: 40% (average coverage for all fitness functions)
* Generating assertions
* Resulting test suite's mutation score: 4%
* Property NO_RUNTIME_DEPENDENCY is set to true - skipping JUnit compile check
* WARNING: Not including the runtime dependencies is likely to lead to flaky tests!
* Writing tests to file
* Writing JUnit test case 'ReaderBasedJsonParser_ESTest' to /home/acer/SQA/all-in-one-results/JacksonCore/SA_360bf3a8/round1/JacksonCore-25/generation/com_fasterxml_jackson_core_json_ReaderBasedJsonParser/evosuite-tests
* Done!

* Computation finished
