* EvoSuite 1.2.0
* Going to generate test cases for class: com.fasterxml.jackson.core.json.ReaderBasedJsonParser
* Starting Client-0
* Connecting to master process on port 18826
* Analyzing classpath: 
  - /home/acer/SQA/jacksoncore-work/JacksonCore/BPSO_db7ac586/round1/12f/target/classes
  - /home/acer/defects4j/framework/projects/JacksonCore/lib/junit/junit/4.12/junit-4.12.jar
  - /home/acer/defects4j/framework/projects/JacksonCore/lib/org/hamcrest/hamcrest-core/1.3/hamcrest-core-1.3.jar
  - /home/acer/SQA/jacksoncore-work/JacksonCore/BPSO_db7ac586/round1/12f/target/test-classes
  - /home/acer/defects4j/framework/projects/lib/junit-4.12-hamcrest-1.3.jar
  - /home/acer/defects4j/framework/projects/JacksonCore/lib/junit/junit/4.11/junit-4.11.jar
  - /home/acer/defects4j/framework/projects/JacksonCore/lib/junit/junit/4.8.2/junit-4.8.2.jar
[MASTER] 01:02:46.124 [logback-1] WARN  InheritanceTree - Class not in inheritance graph: java.util.Locale$IsoCountryCode
* Finished analyzing classpath
* Generating tests for class com.fasterxml.jackson.core.json.ReaderBasedJsonParser
* Test criteria:
  - Line Coverage
  - Branch Coverage
  - Exception
  - Mutation testing (weak)
  - Method-Output Coverage
  - Top-Level Method Coverage
  - Context Branch Coverage
* Setting up search algorithm for whole suite generation
* Total number of test goals: 
  - Line 1378
  - Branch 1219
  - Exception 0
  - MutationFactory 857
  - Output 186
  - Method 47
  - CBranchFitnessFactory 1219
* Using seed 20260930

[Progress:>                             0%] [Cov:>                                  0%]* Starting evolution

[Progress:>                             3%] [Cov:>                                  0%]
[Progress:>                             3%] [Cov:>                                  1%]
[Progress:>                             3%] [Cov:=====>                             15%]
[Progress:>                             3%] [Cov:=====>                             16%]
[Progress:=>                            6%] [Cov:>                                  0%]
[Progress:=>                            6%] [Cov:====>                              14%]
[Progress:=>                            6%] [Cov:=====>                             15%]
[Progress:=>                            6%] [Cov:=====>                             16%]
[Progress:===>                          10%] [Cov:>                                  1%]
[Progress:===>                          10%] [Cov:=====>                             15%]
[Progress:===>                          10%] [Cov:=====>                             16%]
[Progress:===>                          13%] [Cov:=====>                             15%]
[Progress:===>                          13%] [Cov:======>                            18%]
[Progress:====>                         16%] [Cov:>                                  0%]
[Progress:====>                         16%] [Cov:====>                              14%]
[Progress:====>                         16%] [Cov:=====>                             16%]
[Progress:====>                         16%] [Cov:======>                            18%]
[Progress:====>                         16%] [Cov:======>                            19%]
[Progress:======>                       20%] [Cov:====>                              14%]
[Progress:======>                       20%] [Cov:=====>                             15%]
[Progress:======>                       20%] [Cov:======>                            19%]
[Progress:======>                       23%] [Cov:======>                            18%]
[Progress:======>                       23%] [Cov:======>                            19%]
[Progress:=======>                      26%] [Cov:======>                            19%]
[Progress:=======>                      26%] [Cov:=======>                           20%]
[Progress:=========>                    30%] [Cov:=======>                           20%]
[Progress:=========>                    30%] [Cov:============>                      35%][MASTER] 01:02:56.288 [logback-1] WARN  TestChromosome - Functional mock problem: org.evosuite.ga.ConstructionFailedException: Failed to add constructor for com.fasterxml.jackson.core.io.IOContext due to org.evosuite.ga.ConstructionFailedException: Failed to add constructor for com.fasterxml.jackson.core.json.ReaderBasedJsonParser due to org.evosuite.ga.ConstructionFailedException: Have no generator for class com.fasterxml.jackson.core.io.IOContext canUseFunctionalMocks=false, canBeMocked: true

[Progress:=========>                    33%] [Cov:=======>                           21%]
[Progress:=========>                    33%] [Cov:=======>                           21%]BPSO iteration=1 bestFitness=11353.520226616873 population=30 inertia=0.72

[Progress:==========>                   36%] [Cov:=======>                           21%]
[Progress:============>                 40%] [Cov:=======>                           21%]
[Progress:============>                 40%] [Cov:===========>                       34%]
[Progress:============>                 40%] [Cov:=======>                           22%]BPSO iteration=2 bestFitness=11090.896394805466 population=30 inertia=0.72

[Progress:============>                 43%] [Cov:=======>                           22%]
[Progress:============>                 43%] [Cov:===========>                       33%]
[Progress:=============>                46%] [Cov:=>                                 5%]
[Progress:=============>                46%] [Cov:============>                      36%]
[Progress:=============>                46%] [Cov:============>                      37%]
[Progress:===============>              50%] [Cov:=======>                           21%]
[Progress:===============>              50%] [Cov:=======>                           22%]
[Progress:===============>              50%] [Cov:========>                          24%]
[Progress:===============>              50%] [Cov:========>                          24%]BPSO iteration=3 bestFitness=10964.028667777164 population=30 inertia=0.72

[Progress:===============>              53%] [Cov:========>                          24%]
[Progress:================>             56%] [Cov:========>                          25%]
[Progress:================>             56%] [Cov:=========>                         26%]
[Progress:==================>           60%] [Cov:=========>                         26%]
[Progress:==================>           63%] [Cov:========>                          25%]
[Progress:==================>           63%] [Cov:=========>                         26%]
[Progress:==================>           63%] [Cov:============>                      35%]
[Progress:==================>           63%] [Cov:=========>                         26%]BPSO iteration=4 bestFitness=10764.494594378479 population=30 inertia=0.72

[Progress:==================>           63%] [Cov:============>                      36%]
[Progress:===================>          66%] [Cov:=========>                         27%]
[Progress:=====================>        70%] [Cov:=========>                         27%]
[Progress:=====================>        70%] [Cov:============>                      37%]
[Progress:=====================>        73%] [Cov:=========>                         27%]
[Progress:======================>       76%] [Cov:=========>                         27%]
[Progress:======================>       76%] [Cov:=========>                         28%]
[Progress:======================>       76%] [Cov:=========>                         28%]BPSO iteration=5 bestFitness=10342.25823141863 population=30 inertia=0.72

[Progress:========================>     80%] [Cov:=========>                         28%]
[Progress:========================>     80%] [Cov:===========>                       33%]
[Progress:========================>     83%] [Cov:=========>                         28%]
[Progress:========================>     83%] [Cov:===========>                       33%]
[Progress:=========================>    86%] [Cov:==========>                        29%]
[Progress:=========================>    86%] [Cov:============>                      36%]
[Progress:===========================>  90%] [Cov:==========>                        30%]
[Progress:===========================>  90%] [Cov:==========>                        30%]
[Progress:===========================>  93%] [Cov:==========>                        30%]
[Progress:============================> 96%] [Cov:==========>                        30%]
[Progress:==============================100%] [Cov:==========>                        30%]
[Progress:==============================100%] [Cov:============>                      35%]
[Progress:==============================100%] [Cov:============>                      37%]
[Progress:==============================100%] [Cov:==========>                        30%]
[Progress:==============================100%] [Cov:==========>                        30%]
[Progress:==============================100%] [Cov:==============>                    42%]
* Search finished after 32s and 7 generations, 15503 statements, best individual has fitness: 9076.448043636856
* Minimizing test suite
* Going to analyze the coverage criteria
* Coverage analysis for criterion LINE
* Coverage of criterion LINE: 29%
* Total number of goals: 1378
* Number of covered goals: 406
* Coverage analysis for criterion BRANCH
* Coverage of criterion BRANCH: 24%
* Total number of goals: 1219
* Number of covered goals: 293
* Coverage analysis for criterion EXCEPTION
* Coverage of criterion EXCEPTION: 100%
* Total number of goals: 61
* Number of covered goals: 61
* Coverage analysis for criterion WEAKMUTATION
* Coverage of criterion WEAKMUTATION: 24%
* Total number of goals: 857
* Number of covered goals: 202
* Coverage analysis for criterion OUTPUT
* Coverage of criterion OUTPUT: 19%
* Total number of goals: 186
* Number of covered goals: 36
* Coverage analysis for criterion METHOD
* Coverage of criterion METHOD: 100%
* Total number of goals: 47
* Number of covered goals: 47
* Coverage analysis for criterion CBRANCH
* Coverage of criterion CBRANCH: 21%
* Total number of goals: 1219
* Number of covered goals: 260
* Generated 102 tests with total length 774
* Resulting test suite's coverage: 42% (average coverage for all fitness functions)
* Generating assertions
* Resulting test suite's mutation score: 4%
* Property NO_RUNTIME_DEPENDENCY is set to true - skipping JUnit compile check
* WARNING: Not including the runtime dependencies is likely to lead to flaky tests!
* Writing tests to file
* Writing JUnit test case 'ReaderBasedJsonParser_ESTest' to /home/acer/SQA/all-in-one-results/JacksonCore/BPSO_db7ac586/round1/JacksonCore-12/generation/com_fasterxml_jackson_core_json_ReaderBasedJsonParser/evosuite-tests
* Done!

* Computation finished
