============================================================
AUTO GENERATION
PROJECT=Lang BUG=45 METHOD=SA
START=Fri Oct  2 08:34:44 PDT 2026
============================================================
============================================================
CORRECTED SA/BPSO GENERATOR
============================================================
Project : Lang
Bug     : 45
Method  : SA
Artifact: /Users/fangfang/Documents/SQA_Project_2026/automation/runs/Lang/Bug-45/SA
============================================================
Modified source : org.apache.commons.lang.WordUtils
Trigger test    : org.apache.commons.lang.WordUtilsTest::testAbbreviate
Fixed revision  : 4342bd5d69d122a16c735416039b4b2ca27897ad
Target class    : org.apache.commons.lang.WordUtils
Package         : org.apache.commons.lang

Temporary generator workspace:
/tmp/sqa_lang_generator_45_SA_O4uCPS

============================================================
CHECKOUT BUGGY
============================================================
Checking out 4342bd5d to /tmp/sqa_lang_generator_45_SA_O4uCPS/buggy........ OK
Init local repository...................................................... OK
Tag post-fix revision...................................................... OK
Apply patch................................................................ OK
Apply patch................................................................ OK
Apply patch................................................................ OK
Apply patch................................................................ OK
Apply patch................................................................ OK
Rename enum package in src................................................. OK
Move enum package in src................................................... OK
Rename enum package in test................................................ OK
Move enum package in test.................................................. OK
Run post-checkout hook..................................................... OK
Excluding broken/flaky tests............................................... OK
Excluding broken/flaky tests............................................... OK
Excluding broken/flaky tests............................................... OK
Backing up build file: /tmp/sqa_lang_generator_45_SA_O4uCPS/buggy/default.p OK
Initialize fixed program version........................................... OK
Apply patch................................................................ OK
Initialize buggy program version........................................... OK
Diff 4342bd5d:04f767b3..................................................... OK
Apply patch................................................................ OK
Tag pre-fix revision....................................................... OK
Check out program version: Lang-45b........................................ OK

============================================================
CHECKOUT FIXED
============================================================
Checking out 4342bd5d to /tmp/sqa_lang_generator_45_SA_O4uCPS/fixed........ OK
Init local repository...................................................... OK
Tag post-fix revision...................................................... OK
Apply patch................................................................ OK
Apply patch................................................................ OK
Apply patch................................................................ OK
Apply patch................................................................ OK
Apply patch................................................................ OK
Rename enum package in src................................................. OK
Move enum package in src................................................... OK
Rename enum package in test................................................ OK
Move enum package in test.................................................. OK
Run post-checkout hook..................................................... OK
Excluding broken/flaky tests............................................... OK
Excluding broken/flaky tests............................................... OK
Excluding broken/flaky tests............................................... OK
Backing up build file: /tmp/sqa_lang_generator_45_SA_O4uCPS/fixed/default.p OK
Initialize fixed program version........................................... OK
Apply patch................................................................ OK
Initialize buggy program version........................................... OK
Diff 4342bd5d:04f767b3..................................................... OK
Apply patch................................................................ OK
Tag pre-fix revision....................................................... OK
Check out program version: Lang-45f........................................ OK
find: /tmp/sqa_lang_generator_45_SA_O4uCPS/buggy/src/main/java: No such file or directory
find: /tmp/sqa_lang_generator_45_SA_O4uCPS/fixed/src/main/java: No such file or directory

BUGGY source:

FIXED source:

ERROR: modified production source not found.

RETURN_CODE=3
END=Fri Oct  2 08:34:53 PDT 2026
GENERATION FAILED
