Project=Lang
Bug=49
Algorithm=SA
TargetClass=org.apache.commons.lang.math.Fraction
TargetMethod=reduce
TriggerTest=org.apache.commons.lang.math.FractionTest::testReduce
ModifiedSource=org.apache.commons.lang.math.Fraction
FixedRevision=673385b43d0d5783039242460ba1c12b3f1f4e92
CandidatePool=24
SuiteSize=12
Iterations=5000
Seed=20260923
Generator=GenericCandidateProvider
TriggerInputsCopied=false
TemporaryGeneratorWorkspace=/tmp/sqa_lang_generator_49_SA_VBhaSV
GeneratedClass=Lang49GeneratedTestSA

============================================================
GENERATION SUCCESS
============================================================
Status : GENERATED
File   : /Users/fangfang/Documents/SQA_Project_2026/automation/runs/Lang/Bug-49/SA/generated_test.java
Class  : Lang49GeneratedTestSA
Method : reduce
============================================================

RETURN_CODE=0
END=Sat Oct  3 00:17:54 +07 2026
GENERATION SUCCESS
