* EvoSuite 1.2.0
* Going to generate test cases for class: com.fasterxml.jackson.core.JsonPointer
* Starting Client-0
* Connecting to master process on port 18826
* Analyzing classpath: 
  - /home/acer/SQA/jacksoncore-work/JacksonCore/BPSO_db7ac586/round1/5f/target/classes
  - /home/acer/defects4j/framework/projects/JacksonCore/lib/junit/junit/4.8.2/junit-4.8.2.jar
  - /home/acer/SQA/jacksoncore-work/JacksonCore/BPSO_db7ac586/round1/5f/target/test-classes
  - /home/acer/defects4j/framework/projects/lib/junit-4.12-hamcrest-1.3.jar
  - /home/acer/defects4j/framework/projects/JacksonCore/lib/junit/junit/4.11/junit-4.11.jar
  - /home/acer/defects4j/framework/projects/JacksonCore/lib/junit/junit/4.12/junit-4.12.jar
  - /home/acer/defects4j/framework/projects/JacksonCore/lib/org/hamcrest/hamcrest-core/1.3/hamcrest-core-1.3.jar
* Finished analyzing classpath
* Generating tests for class com.fasterxml.jackson.core.JsonPointer
* Test criteria:
  - Line Coverage
  - Branch Coverage
  - Exception
  - Mutation testing (weak)
  - Method-Output Coverage
  - Top-Level Method Coverage
  - Context Branch Coverage
* Setting up search algorithm for whole suite generation
* Total number of test goals: 
  - Line 83
  - Branch 70
  - Exception 0
  - MutationFactory 369
  - Output 87
  - Method 17
  - CBranchFitnessFactory 70

[Progress:>                             0%] [Cov:>                                  0%]* Using seed 20260930
* Starting evolution

[Progress:>                             0%] [Cov:==>                                8%]
[Progress:>                             0%] [Cov:====>                              13%]
[Progress:>                             0%] [Cov:=========>                         27%]
[Progress:>                             0%] [Cov:===========>                       34%]
[Progress:>                             0%] [Cov:============>                      36%]
[Progress:>                             0%] [Cov:==============>                    42%]
[Progress:>                             0%] [Cov:===============>                   44%]
[Progress:>                             0%] [Cov:================>                  47%]
[Progress:>                             0%] [Cov:=================>                 51%]
[Progress:>                             3%] [Cov:==========>                        29%]
[Progress:>                             3%] [Cov:==========>                        30%]
[Progress:>                             3%] [Cov:===========>                       34%]
[Progress:>                             3%] [Cov:============>                      36%]
[Progress:>                             3%] [Cov:============>                      37%]
[Progress:>                             3%] [Cov:==============>                    40%]
[Progress:>                             3%] [Cov:================>                  47%]
[Progress:>                             3%] [Cov:=================>                 50%]
[Progress:>                             3%] [Cov:=================>                 51%]
[Progress:>                             3%] [Cov:=====================>             62%]
[Progress:>                             3%] [Cov:=======================>           66%]
[Progress:=>                            6%] [Cov:==================>                52%]
[Progress:=>                            6%] [Cov:==================>                53%]
[Progress:=>                            6%] [Cov:==================>                54%]
[Progress:=>                            6%] [Cov:===================>               55%]
[Progress:=>                            6%] [Cov:===================>               57%]
[Progress:=>                            6%] [Cov:======================>            63%]
[Progress:=>                            6%] [Cov:======================>            64%]
[Progress:=>                            6%] [Cov:=========================>         72%]
[Progress:=>                            6%] [Cov:=========================>         74%]
[Progress:=>                            6%] [Cov:=====================>             62%]BPSO iteration=1 bestFitness=303.3726360241066 population=30 inertia=0.72

[Progress:=>                            6%] [Cov:======================>            63%]
[Progress:=>                            6%] [Cov:======================>            64%]
[Progress:===>                          10%] [Cov:=====================>             60%]
[Progress:===>                          10%] [Cov:======================>            64%]
[Progress:===>                          10%] [Cov:======================>            65%]
[Progress:===>                          10%] [Cov:=======================>           66%]
[Progress:===>                          10%] [Cov:=======================>           66%]BPSO iteration=2 bestFitness=282.3050668337511 population=30 inertia=0.72

[Progress:===>                          10%] [Cov:=======================>           67%]
[Progress:===>                          10%] [Cov:=======================>           67%]BPSO iteration=3 bestFitness=266.05333333333334 population=30 inertia=0.72

[Progress:===>                          10%] [Cov:=======================>           68%]
[Progress:===>                          10%] [Cov:========================>          69%]
[Progress:===>                          10%] [Cov:========================>          70%]
[Progress:===>                          10%] [Cov:========================>          71%]
[Progress:===>                          13%] [Cov:========================>          71%]
[Progress:===>                          13%] [Cov:========================>          71%]BPSO iteration=4 bestFitness=226.7533333328677 population=30 inertia=0.72

[Progress:====>                         16%] [Cov:========================>          70%]
[Progress:====>                         16%] [Cov:========================>          71%]
[Progress:====>                         16%] [Cov:========================>          71%]BPSO iteration=5 bestFitness=216.25714285667723 population=30 inertia=0.72

[Progress:====>                         16%] [Cov:=========================>         72%]
[Progress:====>                         16%] [Cov:=========================>         73%]
[Progress:====>                         16%] [Cov:=========================>         74%]
[Progress:====>                         16%] [Cov:=========================>         73%]
[Progress:====>                         16%] [Cov:=========================>         74%]
[Progress:======>                       20%] [Cov:=========================>         74%]
[Progress:======>                       20%] [Cov:==========================>        75%]
[Progress:======>                       20%] [Cov:==========================>        75%]
[Progress:======>                       23%] [Cov:==========================>        75%]
[Progress:======>                       23%] [Cov:==========================>        76%]
[Progress:======>                       23%] [Cov:==========================>        76%]
[Progress:=======>                      26%] [Cov:==========================>        75%]
[Progress:=======>                      26%] [Cov:==========================>        76%]
[Progress:=======>                      26%] [Cov:==========================>        77%]
[Progress:=======>                      26%] [Cov:==========================>        77%]
[Progress:=======>                      26%] [Cov:==========================>        77%]
[Progress:=========>                    30%] [Cov:==========================>        77%]
[Progress:=========>                    30%] [Cov:==========================>        77%]
[Progress:=========>                    33%] [Cov:==========================>        77%]
[Progress:=========>                    33%] [Cov:==========================>        77%]
[Progress:==========>                   36%] [Cov:==========================>        76%]
[Progress:==========>                   36%] [Cov:==========================>        77%]
[Progress:==========>                   36%] [Cov:==========================>        77%]
[Progress:============>                 40%] [Cov:==========================>        77%]
[Progress:============>                 40%] [Cov:==========================>        77%]
[Progress:============>                 40%] [Cov:==========================>        76%]
[Progress:============>                 40%] [Cov:==========================>        77%]
[Progress:============>                 40%] [Cov:===========================>       78%]
[Progress:============>                 43%] [Cov:==========================>        75%]
[Progress:============>                 43%] [Cov:===========================>       78%]
[Progress:============>                 43%] [Cov:===========================>       78%]
[Progress:============>                 43%] [Cov:===========================>       79%]
[Progress:============>                 43%] [Cov:============================>      80%]
[Progress:============>                 43%] [Cov:============================>      81%]
[Progress:=============>                46%] [Cov:============================>      81%]
[Progress:=============>                46%] [Cov:============================>      81%]
[Progress:=============>                46%] [Cov:============================>      81%]
[Progress:===============>              50%] [Cov:============================>      81%]
[Progress:===============>              50%] [Cov:============================>      82%]
[Progress:===============>              50%] [Cov:============================>      82%]
[Progress:===============>              53%] [Cov:============================>      82%]
[Progress:===============>              53%] [Cov:============================>      82%]BPSO iteration=20 bestFitness=126.73290043242629 population=30 inertia=0.72

[Progress:===============>              53%] [Cov:=============================>     83%]
[Progress:================>             56%] [Cov:=============================>     83%]
[Progress:================>             56%] [Cov:=============================>     83%]
[Progress:==================>           60%] [Cov:=============================>     83%]
[Progress:==================>           60%] [Cov:=============================>     83%]
[Progress:==================>           60%] [Cov:=============================>     83%]
[Progress:==================>           63%] [Cov:=============================>     83%]
[Progress:==================>           63%] [Cov:=============================>     83%]
[Progress:===================>          66%] [Cov:=============================>     83%]
[Progress:===================>          66%] [Cov:=============================>     84%]
[Progress:===================>          66%] [Cov:=============================>     84%]
[Progress:=====================>        70%] [Cov:=============================>     84%]
[Progress:=====================>        70%] [Cov:=============================>     84%]
[Progress:=====================>        73%] [Cov:=============================>     84%]
[Progress:=====================>        73%] [Cov:=============================>     84%]
[Progress:======================>       76%] [Cov:=============================>     83%]
[Progress:======================>       76%] [Cov:=============================>     84%]
[Progress:======================>       76%] [Cov:=============================>     84%]
[Progress:========================>     80%] [Cov:=============================>     84%]
[Progress:========================>     80%] [Cov:=============================>     85%]
[Progress:========================>     80%] [Cov:=============================>     85%]
[Progress:========================>     83%] [Cov:=============================>     84%]
[Progress:========================>     83%] [Cov:=============================>     85%]
[Progress:========================>     83%] [Cov:=============================>     85%]
[Progress:=========================>    86%] [Cov:=============================>     85%]
[Progress:=========================>    86%] [Cov:=============================>     85%]
[Progress:===========================>  90%] [Cov:=============================>     85%]
[Progress:===========================>  90%] [Cov:=============================>     85%]
[Progress:===========================>  93%] [Cov:=============================>     85%]
[Progress:===========================>  93%] [Cov:=============================>     85%]
[Progress:===========================>  93%] [Cov:==============================>    86%]
[Progress:============================> 96%] [Cov:==============================>    86%]
[Progress:============================> 96%] [Cov:==============================>    86%]
[Progress:==============================100%] [Cov:==============================>    86%]
[Progress:==============================100%] [Cov:==============================>    86%]
[Progress:==============================100%] [Cov:==============================>    86%]
[Progress:==============================100%] [Cov:==============================>    86%]
* Search finished after 32s and 36 generations, 15766 statements, best individual has fitness: 107.52020201516864
* Minimizing test suite
* Going to analyze the coverage criteria
* Coverage analysis for criterion LINE
* Coverage of criterion LINE: 94%
* Total number of goals: 83
* Number of covered goals: 78
* Coverage analysis for criterion BRANCH
* Coverage of criterion BRANCH: 90%
* Total number of goals: 70
* Number of covered goals: 63
* Coverage analysis for criterion EXCEPTION
* Coverage of criterion EXCEPTION: 100%
* Total number of goals: 8
* Number of covered goals: 8
* Coverage analysis for criterion WEAKMUTATION
* Coverage of criterion WEAKMUTATION: 91%
* Total number of goals: 369
* Number of covered goals: 337
* Coverage analysis for criterion OUTPUT
* Coverage of criterion OUTPUT: 44%
* Total number of goals: 87
* Number of covered goals: 38
* Coverage analysis for criterion METHOD
* Coverage of criterion METHOD: 100%
* Total number of goals: 17
* Number of covered goals: 17
* Coverage analysis for criterion CBRANCH
* Coverage of criterion CBRANCH: 89%
* Total number of goals: 70
* Number of covered goals: 62
* Generated 41 tests with total length 67
* Resulting test suite's coverage: 86% (average coverage for all fitness functions)
* Generating assertions
* Resulting test suite's mutation score: 58%
* Property NO_RUNTIME_DEPENDENCY is set to true - skipping JUnit compile check
* WARNING: Not including the runtime dependencies is likely to lead to flaky tests!
* Writing tests to file
* Writing JUnit test case 'JsonPointer_ESTest' to /home/acer/SQA/all-in-one-results/JacksonCore/BPSO_db7ac586/round1/JacksonCore-5/generation/com_fasterxml_jackson_core_JsonPointer/evosuite-tests
* Done!

* Computation finished
