Project=Lang
Bug=27
Algorithm=BPSO
TargetClass=org.apache.commons.lang3.math.NumberUtils
TargetMethod=createNumber
TriggerTest=org.apache.commons.lang3.math.NumberUtilsTest::testCreateNumber
ModifiedSource=org.apache.commons.lang3.math.NumberUtils
FixedRevision=50c1fdecb4ed33ec1bb0d449f294c299d5369701
CandidatePool=24
SuiteSize=12
Iterations=5000
Seed=20260923
Generator=GenericCandidateProvider
TriggerInputsCopied=false
TemporaryGeneratorWorkspace=/tmp/sqa_lang_generator_27_BPSO_1vwlGU
GeneratedClass=Lang27GeneratedTestBPSO

============================================================
GENERATION SUCCESS
============================================================
Status : GENERATED
File   : /Users/fangfang/Documents/SQA_Project_2026/automation/runs/Lang/Bug-27/BPSO/generated_test.java
Class  : Lang27GeneratedTestBPSO
Method : createNumber
============================================================

RETURN_CODE=0
END=Fri Oct  2 08:15:29 PDT 2026
GENERATION SUCCESS
