============================================================
AUTO GENERATION
PROJECT=Lang BUG=47 METHOD=BPSO
START=Fri Oct  2 08:35:33 PDT 2026
============================================================
============================================================
CORRECTED SA/BPSO GENERATOR
============================================================
Project : Lang
Bug     : 47
Method  : BPSO
Artifact: /Users/fangfang/Documents/SQA_Project_2026/automation/runs/Lang/Bug-47/BPSO
============================================================
Modified source : org.apache.commons.lang.text.StrBuilder
Trigger test    : Running ant (export.tests.trigger)......................................... OK
org.apache.commons.lang.text.StrBuilderTest::testLang412Left
org.apache.commons.lang.text.StrBuilderTest::testLang412Right
Fixed revision  : 1fe5439baf32af2114958e3cfc3512bd72c84773
Target class    : org.apache.commons.lang.text.StrBuilder
Package         : org.apache.commons.lang.text

Temporary generator workspace:
/tmp/sqa_lang_generator_47_BPSO_9QWq1f

============================================================
CHECKOUT BUGGY
============================================================
Checking out 1fe5439b to /tmp/sqa_lang_generator_47_BPSO_9QWq1f/buggy...... OK
Init local repository...................................................... OK
Tag post-fix revision...................................................... OK
Apply patch................................................................ OK
Apply patch................................................................ OK
Apply patch................................................................ OK
Apply patch................................................................ OK
Apply patch................................................................ OK
Rename enum package in src................................................. OK
Move enum package in src................................................... OK
Rename enum package in test................................................ OK
Move enum package in test.................................................. OK
Run post-checkout hook..................................................... OK
Excluding broken/flaky tests............................................... OK
Excluding broken/flaky tests............................................... OK
Excluding broken/flaky tests............................................... OK
Backing up build file: /tmp/sqa_lang_generator_47_BPSO_9QWq1f/buggy/project OK
Backing up build file: /tmp/sqa_lang_generator_47_BPSO_9QWq1f/buggy/default OK
Initialize fixed program version........................................... OK
Apply patch................................................................ OK
Initialize buggy program version........................................... OK
Diff 1fe5439b:2e8e3f46..................................................... OK
Apply patch................................................................ OK
Tag pre-fix revision....................................................... OK
Check out program version: Lang-47b........................................ OK

============================================================
CHECKOUT FIXED
============================================================
Checking out 1fe5439b to /tmp/sqa_lang_generator_47_BPSO_9QWq1f/fixed...... OK
Init local repository...................................................... OK
Tag post-fix revision...................................................... OK
Apply patch................................................................ OK
Apply patch................................................................ OK
Apply patch................................................................ OK
Apply patch................................................................ OK
Apply patch................................................................ OK
Rename enum package in src................................................. OK
Move enum package in src................................................... OK
Rename enum package in test................................................ OK
Move enum package in test.................................................. OK
Run post-checkout hook..................................................... OK
Excluding broken/flaky tests............................................... OK
Excluding broken/flaky tests............................................... OK
Excluding broken/flaky tests............................................... OK
Backing up build file: /tmp/sqa_lang_generator_47_BPSO_9QWq1f/fixed/project OK
Backing up build file: /tmp/sqa_lang_generator_47_BPSO_9QWq1f/fixed/default OK
Initialize fixed program version........................................... OK
Apply patch................................................................ OK
Initialize buggy program version........................................... OK
Diff 1fe5439b:2e8e3f46..................................................... OK
Apply patch................................................................ OK
Tag pre-fix revision....................................................... OK
Check out program version: Lang-47f........................................ OK
find: /tmp/sqa_lang_generator_47_BPSO_9QWq1f/buggy/src/main/java: No such file or directory
find: /tmp/sqa_lang_generator_47_BPSO_9QWq1f/fixed/src/main/java: No such file or directory

BUGGY source:

FIXED source:

ERROR: modified production source not found.

RETURN_CODE=3
END=Fri Oct  2 08:35:42 PDT 2026
GENERATION FAILED
