===== org.apache.commons.lang3.math.NumberUtilsDefectTest_Lang24__Isolated_1_testIsNumberDecimalWithLongQualifierUpper::testIsNumberDecimalWithLongQualifierUpper =====
Running ant (compile.tests)................................................ OK
Running ant (run.dev.tests)................................................ OK
Failing tests: 0

===== org.apache.commons.lang3.math.NumberUtilsDefectTest_Lang24__Isolated_2_testIsNumberDecimalWithLongQualifierLower::testIsNumberDecimalWithLongQualifierLower =====
Running ant (compile.tests)................................................ OK
Running ant (run.dev.tests)................................................ OK
Failing tests: 0

===== org.apache.commons.lang3.math.NumberUtilsDefectTest_Lang24__Isolated_3_testIsNumberZeroDecimalWithLongQualifier::testIsNumberZeroDecimalWithLongQualifier =====
Running ant (compile.tests)................................................ OK
Running ant (run.dev.tests)................................................ OK
Failing tests: 0

===== org.apache.commons.lang3.math.NumberUtilsDefectTest_Lang24__Isolated_4_testIsNumberValidLongWithoutDecimal::testIsNumberValidLongWithoutDecimal =====
Running ant (compile.tests)................................................ OK
Running ant (run.dev.tests)................................................ OK
Failing tests: 0

===== org.apache.commons.lang3.math.NumberUtilsDefectTest_Lang24__Isolated_5_testIsNumberValidDecimalWithoutQualifier::testIsNumberValidDecimalWithoutQualifier =====
Running ant (compile.tests)................................................ OK
Running ant (run.dev.tests)................................................ OK
Failing tests: 0

