* EvoSuite 1.2.0
* Going to generate test cases for class: org.apache.commons.cli2.commandline.WriteableCommandLineImpl
* Starting Client-0
* Connecting to master process on port 18827
* Analyzing classpath: 
  - /home/acer/SQA/cli-work/Cli/BPSO_db7ac586/round1/16f/target/classes
  - /home/acer/SQA/cli-work/Cli/BPSO_db7ac586/round1/16f/target/lib/commons-lang/jars/commons-lang-2.1.jar
  - /home/acer/SQA/cli-work/Cli/BPSO_db7ac586/round1/16f/target/lib/jdepend/jars/jdepend-2.5.jar
  - /home/acer/SQA/cli-work/Cli/BPSO_db7ac586/round1/16f/target/test-classes
  - /home/acer/defects4j/framework/projects/Cli/lib/org/hamcrest/hamcrest-core/1.3/hamcrest-core-1.3.jar
[MASTER] 22:46:34.524 [logback-1] WARN  InheritanceTree - Class not in inheritance graph: java.io.ObjectInputFilter
[MASTER] 22:46:34.666 [logback-1] WARN  InheritanceTree - Class not in inheritance graph: java.util.Locale$IsoCountryCode
* Finished analyzing classpath
* Generating tests for class org.apache.commons.cli2.commandline.WriteableCommandLineImpl
* Test criteria:
  - Line Coverage
  - Branch Coverage
  - Exception
  - Mutation testing (weak)
  - Method-Output Coverage
  - Top-Level Method Coverage
  - Context Branch Coverage
* Setting up search algorithm for whole suite generation
* Total number of test goals: 
  - Line 102
  - Branch 78
  - Exception 0
  - MutationFactory 126
  - Output 64
  - Method 22

[Progress:>                             0%] [Cov:>                                  0%]  - CBranchFitnessFactory 78
* Using seed 20260930
* Starting evolution
[MASTER] 22:46:35.583 [logback-1] WARN  TestCluster - Failed to check cache for java.util.LinkedList<E> : Type points to itself
[MASTER] 22:46:40.396 [logback-1] WARN  TestCluster - Failed to check cache for java.util.Comparator<T> : Type points to itself

[Progress:===>                          13%] [Cov:==>                                6%]
[Progress:====>                         16%] [Cov:===>                               9%]
[Progress:====>                         16%] [Cov:========>                          23%]
[Progress:====>                         16%] [Cov:========>                          25%]
[Progress:====>                         16%] [Cov:=========>                         26%]
[Progress:====>                         16%] [Cov:==========>                        31%]
[Progress:====>                         16%] [Cov:===========>                       32%]
[Progress:====>                         16%] [Cov:===========>                       33%]
[Progress:======>                       20%] [Cov:==>                                6%]
[Progress:======>                       20%] [Cov:===>                               9%]
[Progress:======>                       20%] [Cov:========>                          23%]
[Progress:======>                       20%] [Cov:========>                          25%]
[Progress:======>                       20%] [Cov:==========>                        29%]
[Progress:======>                       20%] [Cov:===========>                       33%]
[Progress:======>                       20%] [Cov:===========>                       34%]
[Progress:======>                       20%] [Cov:==============>                    42%]
[Progress:======>                       20%] [Cov:===============>                   44%]
[Progress:======>                       23%] [Cov:=>                                 4%]
[Progress:======>                       23%] [Cov:==>                                6%]
[Progress:======>                       23%] [Cov:=======>                           20%]
[Progress:======>                       23%] [Cov:=======>                           21%]
[Progress:======>                       23%] [Cov:========>                          24%]
[Progress:======>                       23%] [Cov:========>                          25%]
[Progress:======>                       23%] [Cov:=========>                         26%]
[Progress:======>                       23%] [Cov:==========>                        31%]
[Progress:======>                       23%] [Cov:===========>                       32%]
[Progress:======>                       23%] [Cov:=============>                     38%]
[Progress:======>                       23%] [Cov:==============>                    40%]
[Progress:=======>                      26%] [Cov:>                                  1%]
[Progress:=======>                      26%] [Cov:=====>                             15%]
[Progress:=======>                      26%] [Cov:========>                          25%]
[Progress:=======>                      26%] [Cov:=========>                         28%]
[Progress:=======>                      26%] [Cov:==========>                        29%]
[Progress:=======>                      26%] [Cov:============>                      35%]
[Progress:=======>                      26%] [Cov:============>                      37%]
[Progress:=========>                    30%] [Cov:=>                                 3%]
[Progress:=========>                    30%] [Cov:=>                                 5%]
[Progress:=========>                    30%] [Cov:======>                            19%]
[Progress:=========>                    30%] [Cov:=======>                           21%]
[Progress:=========>                    30%] [Cov:=======>                           22%]
[Progress:=========>                    30%] [Cov:========>                          25%]
[Progress:=========>                    30%] [Cov:==========>                        29%]
[Progress:=========>                    30%] [Cov:===========>                       33%]
[Progress:=========>                    30%] [Cov:===========>                       34%]
[Progress:=========>                    33%] [Cov:===============>                   44%][MASTER] 22:46:46.194 [logback-1] WARN  TestCluster - Failed to check cache for java.util.ListIterator<E> : Type points to itself

[Progress:=========>                    33%] [Cov:===============>                   45%]
[Progress:=========>                    33%] [Cov:================>                  46%]
[Progress:==========>                   36%] [Cov:===============>                   45%]
[Progress:==========>                   36%] [Cov:================>                  46%]
[Progress:==========>                   36%] [Cov:================>                  47%]
[Progress:============>                 40%] [Cov:========================>          69%]
[Progress:============>                 40%] [Cov:========================>          71%]
[Progress:============>                 40%] [Cov:================>                  47%]BPSO iteration=1 bestFitness=340.47499999906864 population=30 inertia=0.72

[Progress:============>                 43%] [Cov:===============>                   44%]
[Progress:============>                 43%] [Cov:================>                  46%]
[Progress:============>                 43%] [Cov:================>                  47%]
[Progress:============>                 43%] [Cov:================>                  48%]
[Progress:============>                 43%] [Cov:=================>                 49%]
[Progress:============>                 43%] [Cov:=================>                 50%]
[Progress:============>                 43%] [Cov:=================>                 51%]
[Progress:=============>                46%] [Cov:=================>                 51%]
[Progress:=============>                46%] [Cov:==================>                52%]
[Progress:=============>                46%] [Cov:====================>              59%]
[Progress:=============>                46%] [Cov:======================>            63%]
[Progress:=============>                46%] [Cov:==================>                52%]BPSO iteration=2 bestFitness=307.9729729661019 population=30 inertia=0.72

[Progress:=============>                46%] [Cov:==================>                53%]
[Progress:===============>              50%] [Cov:==================>                52%]
[Progress:===============>              50%] [Cov:==================>                52%]BPSO iteration=3 bestFitness=304.3063063017618 population=30 inertia=0.72

[Progress:===============>              53%] [Cov:==================>                52%]
[Progress:===============>              53%] [Cov:==================>                53%]
[Progress:===============>              53%] [Cov:==================>                54%]
[Progress:===============>              53%] [Cov:===================>               55%]
[Progress:===============>              53%] [Cov:====================>              59%]
[Progress:===============>              53%] [Cov:=====================>             60%]
[Progress:===============>              53%] [Cov:=====================>             61%]
[Progress:================>             56%] [Cov:=====================>             61%]
[Progress:================>             56%] [Cov:=====================>             61%]BPSO iteration=4 bestFitness=249.45238091802548 population=30 inertia=0.72

[Progress:================>             56%] [Cov:=======================>           68%]
[Progress:==================>           60%] [Cov:=====================>             61%]
[Progress:==================>           60%] [Cov:=====================>             62%]
[Progress:==================>           60%] [Cov:======================>            63%]
[Progress:==================>           60%] [Cov:======================>            63%]BPSO iteration=5 bestFitness=237.44736838029735 population=30 inertia=0.72

[Progress:==================>           63%] [Cov:======================>            63%]
[Progress:==================>           63%] [Cov:======================>            64%]
[Progress:==================>           63%] [Cov:======================>            65%]
[Progress:===================>          66%] [Cov:======================>            65%]
[Progress:=====================>        70%] [Cov:======================>            65%]
[Progress:=====================>        70%] [Cov:======================>            65%]
[Progress:=====================>        70%] [Cov:=======================>           66%]
[Progress:=====================>        73%] [Cov:=====================>             62%]
[Progress:=====================>        73%] [Cov:======================>            64%]
[Progress:=====================>        73%] [Cov:======================>            65%]
[Progress:=====================>        73%] [Cov:=======================>           66%]
[Progress:======================>       76%] [Cov:=======================>           66%]
[Progress:========================>     80%] [Cov:======================>            65%]
[Progress:========================>     80%] [Cov:=======================>           66%]
[Progress:========================>     80%] [Cov:=======================>           66%]
[Progress:========================>     83%] [Cov:=======================>           66%]
[Progress:========================>     83%] [Cov:=======================>           67%]
[Progress:========================>     83%] [Cov:=======================>           68%]
[Progress:========================>     83%] [Cov:========================>          69%]
[Progress:=========================>    86%] [Cov:========================>          69%]
[Progress:=========================>    86%] [Cov:========================>          69%]
[Progress:===========================>  90%] [Cov:========================>          69%]
[Progress:===========================>  90%] [Cov:========================>          69%]
[Progress:===========================>  93%] [Cov:=======================>           68%]
[Progress:===========================>  93%] [Cov:========================>          69%]
[Progress:============================> 96%] [Cov:========================>          69%]
[Progress:============================> 96%] [Cov:========================>          69%]
[Progress:==============================100%] [Cov:========================>          69%]
[Progress:==============================100%] [Cov:========================>          69%]
[Progress:==============================100%] [Cov:========================>          69%]
[Progress:==============================100%] [Cov:===========================>       79%]
* Search finished after 31s and 11 generations, 14184 statements, best individual has fitness: 126.43333332518228
* Minimizing test suite
* Going to analyze the coverage criteria
* Coverage analysis for criterion LINE
* Coverage of criterion LINE: 95%
* Total number of goals: 102
* Number of covered goals: 97
* Coverage analysis for criterion BRANCH
* Coverage of criterion BRANCH: 87%
* Total number of goals: 78
* Number of covered goals: 68
* Coverage analysis for criterion EXCEPTION
* Coverage of criterion EXCEPTION: 100%
* Total number of goals: 9
* Number of covered goals: 9
* Coverage analysis for criterion WEAKMUTATION
* Coverage of criterion WEAKMUTATION: 71%
* Total number of goals: 126
* Number of covered goals: 90
* Coverage analysis for criterion OUTPUT
* Coverage of criterion OUTPUT: 33%
* Total number of goals: 64
* Number of covered goals: 21
* Coverage analysis for criterion METHOD
* Coverage of criterion METHOD: 100%
* Total number of goals: 22
* Number of covered goals: 22
* Coverage analysis for criterion CBRANCH
* Coverage of criterion CBRANCH: 83%
* Total number of goals: 78
* Number of covered goals: 65
* Generated 43 tests with total length 222
* Resulting test suite's coverage: 80% (average coverage for all fitness functions)
* Generating assertions
* Resulting test suite's mutation score: 48%
* Property NO_RUNTIME_DEPENDENCY is set to true - skipping JUnit compile check
* WARNING: Not including the runtime dependencies is likely to lead to flaky tests!
* Writing tests to file
* Writing JUnit test case 'WriteableCommandLineImpl_ESTest' to /home/acer/SQA/all-in-one-results/Cli/BPSO_db7ac586/round1/Cli-16/generation/org_apache_commons_cli2_commandline_WriteableCommandLineImpl/evosuite-tests
* Done!

* Computation finished
