Project=Lang
Bug=37
Algorithm=BPSO
TargetClass=org.apache.commons.lang3.ArrayUtils
TargetMethod=addAll
TriggerTest=org.apache.commons.lang3.ArrayUtilsAddTest::testJira567
ModifiedSource=org.apache.commons.lang3.ArrayUtils
FixedRevision=2f8f67ab2939f1c23f09c8764e04ea2da0479332
CandidatePool=24
SuiteSize=12
Iterations=5000
Seed=20260923
Generator=GenericCandidateProvider
TriggerInputsCopied=false
TemporaryGeneratorWorkspace=/tmp/sqa_lang_generator_37_BPSO_mvf2Pu
GeneratedClass=Lang37GeneratedTestBPSO

============================================================
GENERATION SUCCESS
============================================================
Status : GENERATED
File   : /Users/fangfang/Documents/SQA_Project_2026/automation/runs/Lang/Bug-37/BPSO/generated_test.java
Class  : Lang37GeneratedTestBPSO
Method : addAll
============================================================

RETURN_CODE=0
END=Sat Oct  3 00:12:08 +07 2026
GENERATION SUCCESS
