* EvoSuite 1.2.0
* Going to generate test cases for class: org.apache.commons.cli.HelpFormatter
* Starting Client-0
* Connecting to master process on port 18828
* Analyzing classpath: 
  - /home/acer/SQA/cli-work/Cli/BPSO_db7ac586/round1/11f/target/classes
  - /home/acer/SQA/cli-work/Cli/BPSO_db7ac586/round1/11f/target/lib/junit-3.8.1.jar
  - /home/acer/SQA/cli-work/Cli/BPSO_db7ac586/round1/11f/target/test-classes
  - /home/acer/defects4j/framework/projects/Cli/lib/org/hamcrest/hamcrest-core/1.3/hamcrest-core-1.3.jar
[MASTER] 22:33:50.028 [logback-1] WARN  InheritanceTree - Class not in inheritance graph: java.util.Locale$IsoCountryCode
* Finished analyzing classpath
* Generating tests for class org.apache.commons.cli.HelpFormatter
* Test criteria:
  - Line Coverage
  - Branch Coverage
  - Exception
  - Mutation testing (weak)
  - Method-Output Coverage
  - Top-Level Method Coverage
  - Context Branch Coverage
* Setting up search algorithm for whole suite generation
* Total number of test goals: 
  - Line 198
  - Branch 138
  - Exception 0

[Progress:>                             0%] [Cov:>                                  0%]  - MutationFactory 482
  - Output 43
  - Method 38
  - CBranchFitnessFactory 138
* Using seed 20260930
* Starting evolution
[MASTER] 22:33:51.537 [logback-1] WARN  TestCluster - Failed to check cache for java.util.Comparator<T> : Type points to itself

[Progress:>                             3%] [Cov:=>                                 3%]
[Progress:>                             3%] [Cov:=>                                 5%]
[Progress:>                             3%] [Cov:======>                            19%]
[Progress:>                             3%] [Cov:=======>                           22%]
[Progress:>                             3%] [Cov:========>                          24%]
[Progress:>                             3%] [Cov:=========>                         28%]
[Progress:>                             3%] [Cov:==========>                        30%]
[Progress:>                             3%] [Cov:===========>                       33%]
[Progress:>                             3%] [Cov:============>                      35%]
[Progress:=>                            6%] [Cov:=>                                 3%]
[Progress:=>                            6%] [Cov:==>                                6%]
[Progress:=>                            6%] [Cov:=======>                           20%]
[Progress:=>                            6%] [Cov:========>                          25%]
[Progress:=>                            6%] [Cov:=========>                         26%]
[Progress:=>                            6%] [Cov:=========>                         28%]
[Progress:=>                            6%] [Cov:==========>                        29%]
[Progress:=>                            6%] [Cov:===========>                       33%]
[Progress:=>                            6%] [Cov:===========>                       34%]
[Progress:=>                            6%] [Cov:============>                      37%]
[Progress:=>                            6%] [Cov:==============>                    40%]
[Progress:===>                          10%] [Cov:==>                                6%]
[Progress:===>                          10%] [Cov:===>                               10%]
[Progress:===>                          10%] [Cov:========>                          24%]
[Progress:===>                          10%] [Cov:==========>                        31%]
[Progress:===>                          10%] [Cov:===========>                       32%]
[Progress:===>                          10%] [Cov:===========>                       33%]
[Progress:===>                          10%] [Cov:===========>                       34%]
[Progress:=======>                      26%] [Cov:==>                                6%]
[Progress:=======>                      26%] [Cov:===>                               11%]
[Progress:=======>                      26%] [Cov:========>                          25%]
[Progress:=========>                    30%] [Cov:===========>                       34%]
[Progress:=========>                    30%] [Cov:============>                      36%]
[Progress:=========>                    30%] [Cov:=============>                     39%]
[Progress:=========>                    30%] [Cov:==============>                    41%]
[Progress:=========>                    30%] [Cov:===============>                   43%]
[Progress:==========>                   36%] [Cov:=>                                 4%]
[Progress:==========>                   36%] [Cov:==>                                7%]
[Progress:==========>                   36%] [Cov:=======>                           21%]
[Progress:============>                 40%] [Cov:=========>                         28%]
[Progress:============>                 40%] [Cov:==========>                        31%]
[Progress:============>                 40%] [Cov:===========>                       34%]
[Progress:============>                 40%] [Cov:===============>                   43%]
[Progress:============>                 40%] [Cov:===============>                   44%]
[Progress:============>                 40%] [Cov:================>                  46%]
[Progress:============>                 40%] [Cov:================>                  47%]
[Progress:============>                 40%] [Cov:================>                  48%]
[Progress:============>                 40%] [Cov:=================>                 49%]
[Progress:============>                 43%] [Cov:================>                  48%]
[Progress:============>                 43%] [Cov:=================>                 49%]
[Progress:============>                 43%] [Cov:=================>                 50%]
[Progress:============>                 43%] [Cov:=================>                 51%]
[Progress:============>                 43%] [Cov:==================>                52%]
[Progress:============>                 43%] [Cov:==================>                53%]
[Progress:=============>                46%] [Cov:==================>                53%]
[Progress:=============>                46%] [Cov:==================>                54%]
[Progress:=============>                46%] [Cov:===================>               55%]
[Progress:=============>                46%] [Cov:===================>               56%]
[Progress:=============>                46%] [Cov:===================>               56%]BPSO iteration=1 bestFitness=816.1910464655921 population=30 inertia=0.72

[Progress:===============>              50%] [Cov:===================>               56%]
[Progress:===============>              53%] [Cov:=================>                 49%]
[Progress:===============>              53%] [Cov:===================>               56%]
[Progress:===============>              53%] [Cov:===================>               57%]
[Progress:================>             56%] [Cov:===================>               55%]
[Progress:================>             56%] [Cov:===================>               57%]BPSO iteration=2 bestFitness=697.8105158442527 population=30 inertia=0.72

[Progress:================>             56%] [Cov:====================>              58%]
[Progress:================>             56%] [Cov:====================>              59%]
[Progress:================>             56%] [Cov:=====================>             60%]
[Progress:==================>           60%] [Cov:=====================>             60%]
[Progress:==================>           63%] [Cov:====================>              58%]
[Progress:==================>           63%] [Cov:=====================>             60%]
[Progress:==================>           63%] [Cov:=====================>             61%]
[Progress:===================>          66%] [Cov:=====================>             60%]
[Progress:=====================>        70%] [Cov:========>                          23%]
[Progress:=====================>        70%] [Cov:================>                  48%]
[Progress:=====================>        70%] [Cov:=====================>             60%]
[Progress:=====================>        70%] [Cov:=====================>             61%]BPSO iteration=3 bestFitness=562.9612092363636 population=30 inertia=0.72

[Progress:=====================>        73%] [Cov:=====================>             60%]
[Progress:=====================>        73%] [Cov:=====================>             61%]
[Progress:======================>       76%] [Cov:===================>               56%]
[Progress:======================>       76%] [Cov:===================>               57%]
[Progress:======================>       76%] [Cov:=====================>             61%]
[Progress:========================>     80%] [Cov:=====================>             61%]
[Progress:========================>     80%] [Cov:=====================>             62%]
[Progress:========================>     83%] [Cov:=====================>             62%]
[Progress:=========================>    86%] [Cov:=====================>             62%]
[Progress:===========================>  90%] [Cov:=====================>             62%]
[Progress:===========================>  93%] [Cov:=====================>             61%]
[Progress:===========================>  93%] [Cov:=====================>             62%]BPSO iteration=4 bestFitness=545.8654154312061 population=30 inertia=0.72

[Progress:============================> 96%] [Cov:=====================>             62%]
[Progress:==============================100%] [Cov:=====================>             62%]
[Progress:==============================100%] [Cov:=====================>             60%]
[Progress:==============================100%] [Cov:=====================>             61%]
[Progress:==============================100%] [Cov:=====================>             60%]
[Progress:==============================100%] [Cov:=====================>             62%]
[Progress:==============================100%] [Cov:======================>            63%]
[Progress:==============================100%] [Cov:======================>            64%]
[Progress:==============================100%] [Cov:===========>                       34%]
[Progress:==============================100%] [Cov:==================>                52%]
[Progress:==============================100%] [Cov:======================>            64%]
[Progress:==============================100%] [Cov:=====================>             61%]
[Progress:==============================100%] [Cov:======================>            64%]
[Progress:==============================100%] [Cov:======================>            63%]
[Progress:==============================100%] [Cov:======================>            64%]
[Progress:==============================100%] [Cov:======================>            64%]
[Progress:==============================100%] [Cov:======================>            65%]
[Progress:==============================100%] [Cov:======================>            65%]BPSO iteration=5 bestFitness=492.6604712841524 population=30 inertia=0.72

[Progress:==============================100%] [Cov:============================>      80%]
* Search finished after 39s and 5 generations, 5536 statements, best individual has fitness: 300.5882194253173
[MASTER] 22:34:29.339 [logback-1] WARN  TimeController - Phase SEARCH lasted too long, 9 seconds more than allowed.
* Minimizing test suite
* Going to analyze the coverage criteria
* Coverage analysis for criterion LINE
* Coverage of criterion LINE: 89%
* Total number of goals: 198
* Number of covered goals: 176
* Coverage analysis for criterion BRANCH
* Coverage of criterion BRANCH: 75%
* Total number of goals: 138
* Number of covered goals: 103
* Coverage analysis for criterion EXCEPTION
* Coverage of criterion EXCEPTION: 100%
* Total number of goals: 37
* Number of covered goals: 37
* Coverage analysis for criterion WEAKMUTATION
* Coverage of criterion WEAKMUTATION: 86%
* Total number of goals: 482
* Number of covered goals: 415
* Coverage analysis for criterion OUTPUT
* Coverage of criterion OUTPUT: 60%
* Total number of goals: 43
* Number of covered goals: 26
* Coverage analysis for criterion METHOD
* Coverage of criterion METHOD: 97%
* Total number of goals: 38
* Number of covered goals: 37
* Coverage analysis for criterion CBRANCH
* Coverage of criterion CBRANCH: 70%
* Total number of goals: 138
* Number of covered goals: 96
* Generated 82 tests with total length 246
* Resulting test suite's coverage: 81% (average coverage for all fitness functions)
* Generating assertions
[MASTER] 22:36:18.806 [logback-1] WARN  SimpleMutationAssertionGenerator - Assertion minimization is taking too long (0.6725% of time used, but only 28/82 tests minimized), falling back to using all assertions
* Resulting test suite's mutation score: 13%
* Property NO_RUNTIME_DEPENDENCY is set to true - skipping JUnit compile check
* WARNING: Not including the runtime dependencies is likely to lead to flaky tests!
* Permissions denied during test execution: 
  - java.lang.RuntimePermission: 
         writeFileDescriptor: 2
* Writing tests to file
* Writing JUnit test case 'HelpFormatter_ESTest' to /home/acer/SQA/all-in-one-results/Cli/BPSO_db7ac586/round1/Cli-11/generation/org_apache_commons_cli_HelpFormatter/evosuite-tests
* Done!

* Computation finished
