{
  "generated_test": "/Users/fangfang/Documents/SQA_Project_2026/automation/runs/Lang/Bug-65/SA/generated_test.java",
  "destination": "automation/runs/Lang/Bug-65/SA",
  "test_class": "org.apache.commons.lang.time.Lang65GeneratedTestSA",
  "test_methods": [
    "org.apache.commons.lang.time.Lang65GeneratedTestSA__Isolated_1_test01_null_boundary::test01_null_boundary",
    "org.apache.commons.lang.time.Lang65GeneratedTestSA__Isolated_2_test02_empty_boundary::test02_empty_boundary",
    "org.apache.commons.lang.time.Lang65GeneratedTestSA__Isolated_3_test03_positive_boundary::test03_positive_boundary",
    "org.apache.commons.lang.time.Lang65GeneratedTestSA__Isolated_4_test04_max_boundary::test04_max_boundary",
    "org.apache.commons.lang.time.Lang65GeneratedTestSA__Isolated_5_test05_fraction_negative::test05_fraction_negative",
    "org.apache.commons.lang.time.Lang65GeneratedTestSA__Isolated_6_test06_fraction_positive::test06_fraction_positive",
    "org.apache.commons.lang.time.Lang65GeneratedTestSA__Isolated_7_test07_boolean_true::test07_boolean_true",
    "org.apache.commons.lang.time.Lang65GeneratedTestSA__Isolated_8_test08_long_zero::test08_long_zero",
    "org.apache.commons.lang.time.Lang65GeneratedTestSA__Isolated_9_test09_empty_array::test09_empty_array",
    "org.apache.commons.lang.time.Lang65GeneratedTestSA__Isolated_10_test10_object_null::test10_object_null",
    "org.apache.commons.lang.time.Lang65GeneratedTestSA__Isolated_11_test11_object_boundary::test11_object_boundary",
    "org.apache.commons.lang.time.Lang65GeneratedTestSA__Isolated_12_test12_mixed_boundary::test12_mixed_boundary"
  ],
  "test_count": 12,
  "buggy_compile": {
    "status": "PASS",
    "return_code": 0,
    "time_seconds": 3.773125416
  },
  "fixed_compile": {
    "status": "PASS",
    "return_code": 0,
    "time_seconds": 3.6241187089999993
  },
  "statistics": {
    "total_tests": 12,
    "evaluated_tests": 12,
    "detected_tests": 0,
    "fdr_percent": 0.0,
    "buggy_pass": 0,
    "buggy_fail": 12,
    "buggy_error": 0,
    "fixed_pass": 0,
    "fixed_fail": 12,
    "fixed_error": 0
  },
  "tests": [
    {
      "selector": "org.apache.commons.lang.time.Lang65GeneratedTestSA__Isolated_1_test01_null_boundary::test01_null_boundary",
      "target_method": "org.apache.commons.lang.time.Lang65GeneratedTestSA::test01_null_boundary",
      "isolated_class": "org.apache.commons.lang.time.Lang65GeneratedTestSA__Isolated_1_test01_null_boundary",
      "buggy": {
        "status": "FAIL",
        "return_code": 0,
        "time_seconds": 1.868158459,
        "output": "Running ant (compile.tests)................................................ OK\nRunning ant (run.dev.tests)................................................ OK\nFailing tests: 1\n  - org.apache.commons.lang.time.Lang65GeneratedTestSA__Isolated_1_test01_null_boundary::test01_null_boundary\n"
      },
      "fixed": {
        "status": "FAIL",
        "return_code": 0,
        "time_seconds": 1.6535825420000005,
        "output": "Running ant (compile.tests)................................................ OK\nRunning ant (run.dev.tests)................................................ OK\nFailing tests: 1\n  - org.apache.commons.lang.time.Lang65GeneratedTestSA__Isolated_1_test01_null_boundary::test01_null_boundary\n"
      },
      "evaluated": true,
      "detected": false
    },
    {
      "selector": "org.apache.commons.lang.time.Lang65GeneratedTestSA__Isolated_2_test02_empty_boundary::test02_empty_boundary",
      "target_method": "org.apache.commons.lang.time.Lang65GeneratedTestSA::test02_empty_boundary",
      "isolated_class": "org.apache.commons.lang.time.Lang65GeneratedTestSA__Isolated_2_test02_empty_boundary",
      "buggy": {
        "status": "FAIL",
        "return_code": 0,
        "time_seconds": 1.5929822910000002,
        "output": "Running ant (compile.tests)................................................ OK\nRunning ant (run.dev.tests)................................................ OK\nFailing tests: 1\n  - org.apache.commons.lang.time.Lang65GeneratedTestSA__Isolated_2_test02_empty_boundary::test02_empty_boundary\n"
      },
      "fixed": {
        "status": "FAIL",
        "return_code": 0,
        "time_seconds": 1.6283476659999998,
        "output": "Running ant (compile.tests)................................................ OK\nRunning ant (run.dev.tests)................................................ OK\nFailing tests: 1\n  - org.apache.commons.lang.time.Lang65GeneratedTestSA__Isolated_2_test02_empty_boundary::test02_empty_boundary\n"
      },
      "evaluated": true,
      "detected": false
    },
    {
      "selector": "org.apache.commons.lang.time.Lang65GeneratedTestSA__Isolated_3_test03_positive_boundary::test03_positive_boundary",
      "target_method": "org.apache.commons.lang.time.Lang65GeneratedTestSA::test03_positive_boundary",
      "isolated_class": "org.apache.commons.lang.time.Lang65GeneratedTestSA__Isolated_3_test03_positive_boundary",
      "buggy": {
        "status": "FAIL",
        "return_code": 0,
        "time_seconds": 1.6545327079999996,
        "output": "Running ant (compile.tests)................................................ OK\nRunning ant (run.dev.tests)................................................ OK\nFailing tests: 1\n  - org.apache.commons.lang.time.Lang65GeneratedTestSA__Isolated_3_test03_positive_boundary::test03_positive_boundary\n"
      },
      "fixed": {
        "status": "FAIL",
        "return_code": 0,
        "time_seconds": 1.6946027920000013,
        "output": "Running ant (compile.tests)................................................ OK\nRunning ant (run.dev.tests)................................................ OK\nFailing tests: 1\n  - org.apache.commons.lang.time.Lang65GeneratedTestSA__Isolated_3_test03_positive_boundary::test03_positive_boundary\n"
      },
      "evaluated": true,
      "detected": false
    },
    {
      "selector": "org.apache.commons.lang.time.Lang65GeneratedTestSA__Isolated_4_test04_max_boundary::test04_max_boundary",
      "target_method": "org.apache.commons.lang.time.Lang65GeneratedTestSA::test04_max_boundary",
      "isolated_class": "org.apache.commons.lang.time.Lang65GeneratedTestSA__Isolated_4_test04_max_boundary",
      "buggy": {
        "status": "FAIL",
        "return_code": 0,
        "time_seconds": 1.6000879589999997,
        "output": "Running ant (compile.tests)................................................ OK\nRunning ant (run.dev.tests)................................................ OK\nFailing tests: 1\n  - org.apache.commons.lang.time.Lang65GeneratedTestSA__Isolated_4_test04_max_boundary::test04_max_boundary\n"
      },
      "fixed": {
        "status": "FAIL",
        "return_code": 0,
        "time_seconds": 1.665660667000001,
        "output": "Running ant (compile.tests)................................................ OK\nRunning ant (run.dev.tests)................................................ OK\nFailing tests: 1\n  - org.apache.commons.lang.time.Lang65GeneratedTestSA__Isolated_4_test04_max_boundary::test04_max_boundary\n"
      },
      "evaluated": true,
      "detected": false
    },
    {
      "selector": "org.apache.commons.lang.time.Lang65GeneratedTestSA__Isolated_5_test05_fraction_negative::test05_fraction_negative",
      "target_method": "org.apache.commons.lang.time.Lang65GeneratedTestSA::test05_fraction_negative",
      "isolated_class": "org.apache.commons.lang.time.Lang65GeneratedTestSA__Isolated_5_test05_fraction_negative",
      "buggy": {
        "status": "FAIL",
        "return_code": 0,
        "time_seconds": 1.6102906249999975,
        "output": "Running ant (compile.tests)................................................ OK\nRunning ant (run.dev.tests)................................................ OK\nFailing tests: 1\n  - org.apache.commons.lang.time.Lang65GeneratedTestSA__Isolated_5_test05_fraction_negative::test05_fraction_negative\n"
      },
      "fixed": {
        "status": "FAIL",
        "return_code": 0,
        "time_seconds": 1.6688529999999986,
        "output": "Running ant (compile.tests)................................................ OK\nRunning ant (run.dev.tests)................................................ OK\nFailing tests: 1\n  - org.apache.commons.lang.time.Lang65GeneratedTestSA__Isolated_5_test05_fraction_negative::test05_fraction_negative\n"
      },
      "evaluated": true,
      "detected": false
    },
    {
      "selector": "org.apache.commons.lang.time.Lang65GeneratedTestSA__Isolated_6_test06_fraction_positive::test06_fraction_positive",
      "target_method": "org.apache.commons.lang.time.Lang65GeneratedTestSA::test06_fraction_positive",
      "isolated_class": "org.apache.commons.lang.time.Lang65GeneratedTestSA__Isolated_6_test06_fraction_positive",
      "buggy": {
        "status": "FAIL",
        "return_code": 0,
        "time_seconds": 1.713284667,
        "output": "Running ant (compile.tests)................................................ OK\nRunning ant (run.dev.tests)................................................ OK\nFailing tests: 1\n  - org.apache.commons.lang.time.Lang65GeneratedTestSA__Isolated_6_test06_fraction_positive::test06_fraction_positive\n"
      },
      "fixed": {
        "status": "FAIL",
        "return_code": 0,
        "time_seconds": 1.5941976249999996,
        "output": "Running ant (compile.tests)................................................ OK\nRunning ant (run.dev.tests)................................................ OK\nFailing tests: 1\n  - org.apache.commons.lang.time.Lang65GeneratedTestSA__Isolated_6_test06_fraction_positive::test06_fraction_positive\n"
      },
      "evaluated": true,
      "detected": false
    },
    {
      "selector": "org.apache.commons.lang.time.Lang65GeneratedTestSA__Isolated_7_test07_boolean_true::test07_boolean_true",
      "target_method": "org.apache.commons.lang.time.Lang65GeneratedTestSA::test07_boolean_true",
      "isolated_class": "org.apache.commons.lang.time.Lang65GeneratedTestSA__Isolated_7_test07_boolean_true",
      "buggy": {
        "status": "FAIL",
        "return_code": 0,
        "time_seconds": 1.5228481669999994,
        "output": "Running ant (compile.tests)................................................ OK\nRunning ant (run.dev.tests)................................................ OK\nFailing tests: 1\n  - org.apache.commons.lang.time.Lang65GeneratedTestSA__Isolated_7_test07_boolean_true::test07_boolean_true\n"
      },
      "fixed": {
        "status": "FAIL",
        "return_code": 0,
        "time_seconds": 1.563360792000001,
        "output": "Running ant (compile.tests)................................................ OK\nRunning ant (run.dev.tests)................................................ OK\nFailing tests: 1\n  - org.apache.commons.lang.time.Lang65GeneratedTestSA__Isolated_7_test07_boolean_true::test07_boolean_true\n"
      },
      "evaluated": true,
      "detected": false
    },
    {
      "selector": "org.apache.commons.lang.time.Lang65GeneratedTestSA__Isolated_8_test08_long_zero::test08_long_zero",
      "target_method": "org.apache.commons.lang.time.Lang65GeneratedTestSA::test08_long_zero",
      "isolated_class": "org.apache.commons.lang.time.Lang65GeneratedTestSA__Isolated_8_test08_long_zero",
      "buggy": {
        "status": "FAIL",
        "return_code": 0,
        "time_seconds": 1.5818212500000008,
        "output": "Running ant (compile.tests)................................................ OK\nRunning ant (run.dev.tests)................................................ OK\nFailing tests: 1\n  - org.apache.commons.lang.time.Lang65GeneratedTestSA__Isolated_8_test08_long_zero::test08_long_zero\n"
      },
      "fixed": {
        "status": "FAIL",
        "return_code": 0,
        "time_seconds": 1.5783021669999968,
        "output": "Running ant (compile.tests)................................................ OK\nRunning ant (run.dev.tests)................................................ OK\nFailing tests: 1\n  - org.apache.commons.lang.time.Lang65GeneratedTestSA__Isolated_8_test08_long_zero::test08_long_zero\n"
      },
      "evaluated": true,
      "detected": false
    },
    {
      "selector": "org.apache.commons.lang.time.Lang65GeneratedTestSA__Isolated_9_test09_empty_array::test09_empty_array",
      "target_method": "org.apache.commons.lang.time.Lang65GeneratedTestSA::test09_empty_array",
      "isolated_class": "org.apache.commons.lang.time.Lang65GeneratedTestSA__Isolated_9_test09_empty_array",
      "buggy": {
        "status": "FAIL",
        "return_code": 0,
        "time_seconds": 1.5980968329999996,
        "output": "Running ant (compile.tests)................................................ OK\nRunning ant (run.dev.tests)................................................ OK\nFailing tests: 1\n  - org.apache.commons.lang.time.Lang65GeneratedTestSA__Isolated_9_test09_empty_array::test09_empty_array\n"
      },
      "fixed": {
        "status": "FAIL",
        "return_code": 0,
        "time_seconds": 1.5976640420000052,
        "output": "Running ant (compile.tests)................................................ OK\nRunning ant (run.dev.tests)................................................ OK\nFailing tests: 1\n  - org.apache.commons.lang.time.Lang65GeneratedTestSA__Isolated_9_test09_empty_array::test09_empty_array\n"
      },
      "evaluated": true,
      "detected": false
    },
    {
      "selector": "org.apache.commons.lang.time.Lang65GeneratedTestSA__Isolated_10_test10_object_null::test10_object_null",
      "target_method": "org.apache.commons.lang.time.Lang65GeneratedTestSA::test10_object_null",
      "isolated_class": "org.apache.commons.lang.time.Lang65GeneratedTestSA__Isolated_10_test10_object_null",
      "buggy": {
        "status": "FAIL",
        "return_code": 0,
        "time_seconds": 1.6190714580000005,
        "output": "Running ant (compile.tests)................................................ OK\nRunning ant (run.dev.tests)................................................ OK\nFailing tests: 1\n  - org.apache.commons.lang.time.Lang65GeneratedTestSA__Isolated_10_test10_object_null::test10_object_null\n"
      },
      "fixed": {
        "status": "FAIL",
        "return_code": 0,
        "time_seconds": 1.583040333999996,
        "output": "Running ant (compile.tests)................................................ OK\nRunning ant (run.dev.tests)................................................ OK\nFailing tests: 1\n  - org.apache.commons.lang.time.Lang65GeneratedTestSA__Isolated_10_test10_object_null::test10_object_null\n"
      },
      "evaluated": true,
      "detected": false
    },
    {
      "selector": "org.apache.commons.lang.time.Lang65GeneratedTestSA__Isolated_11_test11_object_boundary::test11_object_boundary",
      "target_method": "org.apache.commons.lang.time.Lang65GeneratedTestSA::test11_object_boundary",
      "isolated_class": "org.apache.commons.lang.time.Lang65GeneratedTestSA__Isolated_11_test11_object_boundary",
      "buggy": {
        "status": "FAIL",
        "return_code": 0,
        "time_seconds": 1.594569374999999,
        "output": "Running ant (compile.tests)................................................ OK\nRunning ant (run.dev.tests)................................................ OK\nFailing tests: 1\n  - org.apache.commons.lang.time.Lang65GeneratedTestSA__Isolated_11_test11_object_boundary::test11_object_boundary\n"
      },
      "fixed": {
        "status": "FAIL",
        "return_code": 0,
        "time_seconds": 1.5852671250000014,
        "output": "Running ant (compile.tests)................................................ OK\nRunning ant (run.dev.tests)................................................ OK\nFailing tests: 1\n  - org.apache.commons.lang.time.Lang65GeneratedTestSA__Isolated_11_test11_object_boundary::test11_object_boundary\n"
      },
      "evaluated": true,
      "detected": false
    },
    {
      "selector": "org.apache.commons.lang.time.Lang65GeneratedTestSA__Isolated_12_test12_mixed_boundary::test12_mixed_boundary",
      "target_method": "org.apache.commons.lang.time.Lang65GeneratedTestSA::test12_mixed_boundary",
      "isolated_class": "org.apache.commons.lang.time.Lang65GeneratedTestSA__Isolated_12_test12_mixed_boundary",
      "buggy": {
        "status": "FAIL",
        "return_code": 0,
        "time_seconds": 1.5512917080000008,
        "output": "Running ant (compile.tests)................................................ OK\nRunning ant (run.dev.tests)................................................ OK\nFailing tests: 1\n  - org.apache.commons.lang.time.Lang65GeneratedTestSA__Isolated_12_test12_mixed_boundary::test12_mixed_boundary\n"
      },
      "fixed": {
        "status": "FAIL",
        "return_code": 0,
        "time_seconds": 1.556541958000004,
        "output": "Running ant (compile.tests)................................................ OK\nRunning ant (run.dev.tests)................................................ OK\nFailing tests: 1\n  - org.apache.commons.lang.time.Lang65GeneratedTestSA__Isolated_12_test12_mixed_boundary::test12_mixed_boundary\n"
      },
      "evaluated": true,
      "detected": false
    }
  ],
  "evaluation_workspaces": {
    "buggy": "/Users/fangfang/Documents/SQA_Project_2026/workspaces/d4j_suite_eval_jcz2q_mx/buggy",
    "fixed": "/Users/fangfang/Documents/SQA_Project_2026/workspaces/d4j_suite_eval_jcz2q_mx/fixed"
  },
  "timing": {
    "buggy_compile_seconds": 3.773125416,
    "fixed_compile_seconds": 3.6241187089999993,
    "buggy_execution_seconds": 19.507035499999997,
    "fixed_execution_seconds": 19.369420710000007,
    "total_seconds": 46.273700335
  },
  "status": "PASS"
}
