* EvoSuite 1.2.0
* Going to generate test cases for class: com.fasterxml.jackson.core.json.UTF8JsonGenerator
* Starting Client-0
* Connecting to master process on port 18826
* Analyzing classpath: 
  - /home/acer/SQA/jacksoncore-work/JacksonCore/BPSO_db7ac586/round1/17f/target/classes
  - /home/acer/defects4j/framework/projects/JacksonCore/lib/junit/junit/4.12/junit-4.12.jar
  - /home/acer/defects4j/framework/projects/JacksonCore/lib/org/hamcrest/hamcrest-core/1.3/hamcrest-core-1.3.jar
  - /home/acer/SQA/jacksoncore-work/JacksonCore/BPSO_db7ac586/round1/17f/target/test-classes
  - /home/acer/defects4j/framework/projects/lib/junit-4.12-hamcrest-1.3.jar
  - /home/acer/defects4j/framework/projects/JacksonCore/lib/junit/junit/4.11/junit-4.11.jar
  - /home/acer/defects4j/framework/projects/JacksonCore/lib/junit/junit/4.8.2/junit-4.8.2.jar
[MASTER] 01:13:14.270 [logback-1] WARN  InheritanceTree - Class not in inheritance graph: java.io.ObjectInputFilter
[MASTER] 01:13:14.481 [logback-1] WARN  InheritanceTree - Class not in inheritance graph: java.util.Locale$IsoCountryCode
* Finished analyzing classpath
* Generating tests for class com.fasterxml.jackson.core.json.UTF8JsonGenerator
* Test criteria:
  - Line Coverage
  - Branch Coverage
  - Exception
  - Mutation testing (weak)
  - Method-Output Coverage
  - Top-Level Method Coverage
  - Context Branch Coverage
* Setting up search algorithm for whole suite generation
* Total number of test goals: 
  - Line 1015
  - Branch 557
  - Exception 0
  - MutationFactory 755
  - Output 14
  - Method 45
  - CBranchFitnessFactory 557

[Progress:>                             0%] [Cov:>                                  0%]* Using seed 20260930
* Starting evolution

[Progress:>                             0%] [Cov:====>                              14%]
[Progress:>                             3%] [Cov:>                                  0%]
[Progress:>                             3%] [Cov:====>                              14%]
[Progress:=>                            6%] [Cov:>                                  0%]
[Progress:=>                            6%] [Cov:====>                              14%]
[Progress:=>                            6%] [Cov:=====>                             15%]
[Progress:======>                       23%] [Cov:>                                  0%]
[Progress:======>                       23%] [Cov:>                                  1%]
[Progress:======>                       23%] [Cov:=====>                             15%]
[Progress:=======>                      26%] [Cov:>                                  0%]
[Progress:=======>                      26%] [Cov:=====>                             15%]
[Progress:=========>                    30%] [Cov:>                                  0%]
[Progress:=========>                    30%] [Cov:=====>                             15%]
[Progress:=========>                    33%] [Cov:>                                  0%]
[Progress:=========>                    33%] [Cov:====>                              14%]
[Progress:=========>                    33%] [Cov:=====>                             15%]
[Progress:=========>                    33%] [Cov:=====>                             15%]
[Progress:==========>                   36%] [Cov:==>                                6%]
[Progress:==========>                   36%] [Cov:============>                      37%]
[Progress:============>                 40%] [Cov:====>                              14%]
[Progress:============>                 40%] [Cov:=====>                             15%]
[Progress:============>                 43%] [Cov:=====>                             15%]
[Progress:============>                 43%] [Cov:=====>                             16%]
[Progress:============>                 43%] [Cov:=====>                             17%]
[Progress:============>                 43%] [Cov:===========>                       34%]
[Progress:=============>                46%] [Cov:=====>                             17%]
[Progress:===============>              50%] [Cov:=====>                             17%]
[Progress:===============>              50%] [Cov:======>                            18%]
[Progress:===============>              50%] [Cov:======>                            19%]
[Progress:===============>              53%] [Cov:======>                            19%]
[Progress:===============>              53%] [Cov:======>                            19%]BPSO iteration=1 bestFitness=13847.8676807798 population=30 inertia=0.72

[Progress:===============>              53%] [Cov:===========>                       34%]
[Progress:================>             56%] [Cov:======>                            19%]
[Progress:==================>           60%] [Cov:======>                            19%]
[Progress:==================>           60%] [Cov:===========>                       33%]
[Progress:==================>           63%] [Cov:======>                            19%]
[Progress:==================>           63%] [Cov:============>                      35%]
[Progress:===================>          66%] [Cov:======>                            19%]
[Progress:=====================>        70%] [Cov:======>                            19%]
[Progress:=====================>        70%] [Cov:=======>                           20%]
[Progress:=====================>        73%] [Cov:=======>                           20%]
[Progress:=====================>        73%] [Cov:=======>                           20%]BPSO iteration=2 bestFitness=13209.32306951744 population=30 inertia=0.72

[Progress:======================>       76%] [Cov:=======>                           20%]
[Progress:========================>     80%] [Cov:=======>                           20%]
[Progress:========================>     83%] [Cov:=======>                           20%]
[Progress:=========================>    86%] [Cov:=======>                           20%]
[Progress:=========================>    86%] [Cov:=======>                           21%]
[Progress:===========================>  90%] [Cov:=======>                           21%]
[Progress:===========================>  93%] [Cov:======>                            19%]
[Progress:===========================>  93%] [Cov:=======>                           21%]
[Progress:============================> 96%] [Cov:=======>                           21%]
[Progress:============================> 96%] [Cov:===========>                       33%]
[Progress:============================> 96%] [Cov:=======>                           21%]BPSO iteration=3 bestFitness=13075.70330260292 population=30 inertia=0.72

[Progress:==============================100%] [Cov:=======>                           21%]
[Progress:==============================100%] [Cov:=======>                           22%]
[Progress:==============================100%] [Cov:===========>                       33%]
[Progress:==============================100%] [Cov:=======>                           20%]
[Progress:==============================100%] [Cov:=======>                           22%]
[Progress:==============================100%] [Cov:========>                          23%]
[Progress:==============================100%] [Cov:========>                          23%]
[Progress:==============================100%] [Cov:========>                          23%]
[Progress:==============================100%] [Cov:===========>                       33%]
[Progress:==============================100%] [Cov:========>                          23%]
[Progress:==============================100%] [Cov:========>                          23%]
[Progress:==============================100%] [Cov:===========>                       33%]
[Progress:==============================100%] [Cov:============>                      36%]
[Progress:==============================100%] [Cov:========>                          24%]
[Progress:==============================100%] [Cov:========>                          24%]BPSO iteration=4 bestFitness=12910.11479140786 population=30 inertia=0.72

[Progress:==============================100%] [Cov:============>                      36%]
* Search finished after 37s and 4 generations, 6980 statements, best individual has fitness: 10902.144050567862
[MASTER] 01:13:51.921 [logback-1] WARN  TimeController - Phase SEARCH lasted too long, 7 seconds more than allowed.
* Minimizing test suite
* Going to analyze the coverage criteria
* Coverage analysis for criterion LINE
* Coverage of criterion LINE: 31%
* Total number of goals: 1015
* Number of covered goals: 317
* Coverage analysis for criterion BRANCH
* Coverage of criterion BRANCH: 24%
* Total number of goals: 557
* Number of covered goals: 136
* Coverage analysis for criterion EXCEPTION
* Coverage of criterion EXCEPTION: 100%
* Total number of goals: 23
* Number of covered goals: 23
* Coverage analysis for criterion WEAKMUTATION
* Coverage of criterion WEAKMUTATION: 16%
* Total number of goals: 755
* Number of covered goals: 121
* Coverage analysis for criterion OUTPUT
* Coverage of criterion OUTPUT: 14%
* Total number of goals: 14
* Number of covered goals: 2
* Coverage analysis for criterion METHOD
* Coverage of criterion METHOD: 62%
* Total number of goals: 45
* Number of covered goals: 28
* Coverage analysis for criterion CBRANCH
* Coverage of criterion CBRANCH: 24%
* Total number of goals: 557
* Number of covered goals: 134
* Generated 45 tests with total length 287
* Resulting test suite's coverage: 36% (average coverage for all fitness functions)
* Generating assertions
[MASTER] 01:15:12.598 [logback-1] WARN  SimpleMutationAssertionGenerator - Assertion minimization is taking too long (0.88515% of time used, but only 10/45 tests minimized), falling back to using all assertions
* Resulting test suite's mutation score: 2%
* Property NO_RUNTIME_DEPENDENCY is set to true - skipping JUnit compile check
* WARNING: Not including the runtime dependencies is likely to lead to flaky tests!
* Permissions denied during test execution: 
  - java.lang.RuntimePermission: 
         writeFileDescriptor: 1
* Writing tests to file
* Writing JUnit test case 'UTF8JsonGenerator_ESTest' to /home/acer/SQA/all-in-one-results/JacksonCore/BPSO_db7ac586/round1/JacksonCore-17/generation/com_fasterxml_jackson_core_json_UTF8JsonGenerator/evosuite-tests
* Done!

* Computation finished
