* EvoSuite 1.2.0
* Going to generate test cases for class: org.apache.commons.csv.CSVParser
* Starting Client-0
* Connecting to master process on port 18826
* Analyzing classpath: 
  - /home/acer/SQA/cli-work/Csv/BPSO_db7ac586/round1/4f/target/classes
  - /home/acer/defects4j/framework/projects/Csv/lib/junit/junit/4.11/junit-4.11.jar
  - /home/acer/defects4j/framework/projects/Csv/lib/org/hamcrest/hamcrest-core/1.3/hamcrest-core-1.3.jar
  - /home/acer/defects4j/framework/projects/Csv/lib/commons-io/commons-io/2.2/commons-io-2.2.jar
  - /home/acer/defects4j/framework/projects/Csv/lib/com/h2database/h2/1.3.168/h2-1.3.168.jar
  - /home/acer/SQA/cli-work/Csv/BPSO_db7ac586/round1/4f/target/test-classes
  - /home/acer/defects4j/framework/projects/lib/junit-4.12-hamcrest-1.3.jar
  - /home/acer/defects4j/framework/projects/Csv/lib/com/csvreader/1.0/javacsv.jar
  - /home/acer/defects4j/framework/projects/Csv/lib/com/generationjava/io/1.0/gj-csv-1.0.jar
  - /home/acer/defects4j/framework/projects/Csv/lib/com/h2database/h2/1.4.180/h2-1.4.180.jar
  - /home/acer/defects4j/framework/projects/Csv/lib/com/h2database/h2/1.4.181/h2-1.4.181.jar
  - /home/acer/defects4j/framework/projects/Csv/lib/com/h2database/h2/1.4.182/h2-1.4.182.jar
  - /home/acer/defects4j/framework/projects/Csv/lib/com/h2database/h2/1.4.196/h2-1.4.196.jar
  - /home/acer/defects4j/framework/projects/Csv/lib/com/h2database/h2/1.4.198/h2-1.4.198.jar
  - /home/acer/defects4j/framework/projects/Csv/lib/com/opencsv/4.0/opencsv-4.0.jar
  - /home/acer/defects4j/framework/projects/Csv/lib/commons-io/commons-io/2.4/commons-io-2.4.jar
  - /home/acer/defects4j/framework/projects/Csv/lib/commons-io/commons-io/2.5/commons-io-2.5.jar
  - /home/acer/defects4j/framework/projects/Csv/lib/commons-io/commons-io/2.6/commons-io-2.6.jar
  - /home/acer/defects4j/framework/projects/Csv/lib/junit/junit/3.8.1/junit-3.8.1.jar
  - /home/acer/defects4j/framework/projects/Csv/lib/junit/junit/4.10/junit-4.10.jar
  - /home/acer/defects4j/framework/projects/Csv/lib/junit/junit/4.12/junit-4.12.jar
  - /home/acer/defects4j/framework/projects/Csv/lib/org/apache/commons/commons-lang3/3.4/commons-lang3-3.4.jar
  - /home/acer/defects4j/framework/projects/Csv/lib/org/apache/commons/commons-lang3/3.6/commons-lang3-3.6.jar
  - /home/acer/defects4j/framework/projects/Csv/lib/org/apache/commons/commons-lang3/3.7/commons-lang3-3.7.jar
  - /home/acer/defects4j/framework/projects/Csv/lib/org/apache/commons/commons-lang3/3.8.1/commons-lang3-3.8.1.jar
  - /home/acer/defects4j/framework/projects/Csv/lib/org/hamcrest/hamcrest-core/1.1/hamcrest-core-1.1.jar
  - /home/acer/defects4j/framework/projects/Csv/lib/org/mockito/mockito-all/1.10.19/mockito-all-1.10.19.jar
  - /home/acer/defects4j/framework/projects/Csv/lib/org/mockito/mockito-all/1.9.5/mockito-all-1.9.5.jar
  - /home/acer/defects4j/framework/projects/Csv/lib/org/openjdk/jmh/1.21/jmh-core-1.21.jar
  - /home/acer/defects4j/framework/projects/Csv/lib/org/skife/csv/1.0/csv-1.0.jar
  - /home/acer/defects4j/framework/projects/Csv/lib/org/supercsv/2.4.0/super-csv-2.4.0.jar
[MASTER] 05:35:03.597 [logback-1] WARN  InheritanceTree - Class not in inheritance graph: java.util.Locale$IsoCountryCode
* Finished analyzing classpath
* Generating tests for class org.apache.commons.csv.CSVParser
* Test criteria:
  - Line Coverage
  - Branch Coverage
  - Exception
  - Mutation testing (weak)
  - Method-Output Coverage
  - Top-Level Method Coverage
  - Context Branch Coverage
* Setting up search algorithm for whole suite generation
* Total number of test goals: 
  - Line 98
  - Branch 70
  - Exception 0

[Progress:>                             0%] [Cov:>                                  0%]  - MutationFactory 70
  - Output 43
  - Method 12
  - CBranchFitnessFactory 70
* Using seed 20260930
* Starting evolution

[Progress:====>                         16%] [Cov:=>                                 3%]
[Progress:====>                         16%] [Cov:=>                                 4%]
[Progress:====>                         16%] [Cov:======>                            19%]
[Progress:======>                       20%] [Cov:======>                            18%]
[Progress:======>                       20%] [Cov:========>                          25%]
[Progress:======>                       20%] [Cov:=========>                         26%]
[Progress:======>                       20%] [Cov:=========>                         28%]
[Progress:======>                       20%] [Cov:============>                      36%]
[Progress:======>                       20%] [Cov:==============>                    40%]
[Progress:======>                       23%] [Cov:=>                                 3%]
[Progress:======>                       23%] [Cov:=====>                             17%]
[Progress:======>                       23%] [Cov:=======>                           20%]
[Progress:======>                       23%] [Cov:=======>                           21%]
[Progress:======>                       23%] [Cov:=======>                           22%]
[Progress:======>                       23%] [Cov:========>                          23%]
[Progress:======>                       23%] [Cov:========>                          24%]
[Progress:======>                       23%] [Cov:=========>                         27%]
[Progress:======>                       23%] [Cov:=========>                         28%]
[Progress:======>                       23%] [Cov:===========>                       33%]
[Progress:======>                       23%] [Cov:===========>                       34%]
[Progress:======>                       23%] [Cov:===============>                   45%]
[Progress:======>                       23%] [Cov:================>                  47%]
[Progress:======>                       23%] [Cov:================>                  47%]
[Progress:======>                       23%] [Cov:=================>                 49%]
[Progress:=======>                      26%] [Cov:================>                  47%]
[Progress:=======>                      26%] [Cov:=====================>             60%]
[Progress:=======>                      26%] [Cov:========================>          69%]
[Progress:=======>                      26%] [Cov:===================>               57%]BPSO iteration=1 bestFitness=219.6380952375389 population=30 inertia=0.72

[Progress:=======>                      26%] [Cov:====================>              58%]
[Progress:=======>                      26%] [Cov:====================>              59%]
[Progress:=======>                      26%] [Cov:======================>            64%]
[Progress:=======>                      26%] [Cov:======================>            65%]
[Progress:=======>                      26%] [Cov:=======================>           66%]
[Progress:=========>                    30%] [Cov:=================>                 51%]
[Progress:=========>                    30%] [Cov:======================>            65%]
[Progress:=========>                    30%] [Cov:=======================>           66%]
[Progress:=========>                    30%] [Cov:=======================>           67%]
[Progress:=========>                    30%] [Cov:=======================>           68%]
[Progress:=========>                    30%] [Cov:========================>          69%]
[Progress:=========>                    30%] [Cov:========================>          69%]BPSO iteration=2 bestFitness=151.12318840524074 population=30 inertia=0.72

[Progress:=============>                46%] [Cov:====================>              58%]
[Progress:=============>                46%] [Cov:=======================>           68%]
[Progress:=============>                46%] [Cov:========================>          69%]
[Progress:=============>                46%] [Cov:========================>          69%]BPSO iteration=3 bestFitness=151.12318840524074 population=30 inertia=0.72

[Progress:===============>              50%] [Cov:=>                                 4%]
[Progress:===============>              50%] [Cov:===========>                       34%]
[Progress:===============>              50%] [Cov:==============>                    41%]
[Progress:===============>              50%] [Cov:===================>               55%]
[Progress:===============>              50%] [Cov:======================>            63%]
[Progress:===============>              50%] [Cov:======================>            65%]
[Progress:===============>              50%] [Cov:========================>          69%]
[Progress:===============>              50%] [Cov:========================>          69%]BPSO iteration=4 bestFitness=150.62318840524074 population=30 inertia=0.72

[Progress:===============>              53%] [Cov:========================>          69%]
[Progress:================>             56%] [Cov:========================>          69%]
[Progress:================>             56%] [Cov:========================>          69%]BPSO iteration=5 bestFitness=146.62318840524074 population=30 inertia=0.72

[Progress:==================>           60%] [Cov:========================>          69%]
[Progress:==================>           60%] [Cov:========================>          69%]
[Progress:==================>           63%] [Cov:========================>          69%]
[Progress:==================>           63%] [Cov:========================>          69%]
[Progress:===================>          66%] [Cov:========================>          69%]
[Progress:===================>          66%] [Cov:========================>          70%]
[Progress:===================>          66%] [Cov:========================>          71%]
[Progress:===================>          66%] [Cov:=========================>         72%]
[Progress:===================>          66%] [Cov:=========================>         72%]
[Progress:===================>          66%] [Cov:=========================>         72%]
[Progress:=====================>        70%] [Cov:=============>                     39%]
[Progress:=====================>        70%] [Cov:===================>               55%]
[Progress:=====================>        70%] [Cov:=========================>         72%]
[Progress:=====================>        70%] [Cov:=========================>         73%]
[Progress:=========================>    86%] [Cov:=========================>         72%]
[Progress:=========================>    86%] [Cov:=========================>         72%]
[Progress:===========================>  90%] [Cov:=========================>         72%]
[Progress:===========================>  90%] [Cov:=========================>         73%]
[Progress:===========================>  93%] [Cov:=========================>         72%]
[Progress:===========================>  93%] [Cov:=========================>         73%]
[Progress:===========================>  93%] [Cov:=========================>         73%]
[Progress:============================> 96%] [Cov:=========================>         73%]
[Progress:============================> 96%] [Cov:=========================>         73%]
[Progress:============================> 96%] [Cov:=========================>         73%]
[Progress:==============================100%] [Cov:=========================>         73%]
[Progress:==============================100%] [Cov:=========================>         73%]
[Progress:==============================100%] [Cov:=========================>         73%]
[Progress:==============================100%] [Cov:=========================>         73%]
[Progress:==============================100%] [Cov:==========================>        76%]
* Search finished after 31s and 15 generations, 14808 statements, best individual has fitness: 113.68803418747783
* Minimizing test suite
* Going to analyze the coverage criteria
* Coverage analysis for criterion LINE
* Coverage of criterion LINE: 83%
* Total number of goals: 98
* Number of covered goals: 81
* Coverage analysis for criterion BRANCH
* Coverage of criterion BRANCH: 69%
* Total number of goals: 70
* Number of covered goals: 48
* Coverage analysis for criterion EXCEPTION
* Coverage of criterion EXCEPTION: 100%
* Total number of goals: 12
* Number of covered goals: 12
* Coverage analysis for criterion WEAKMUTATION
* Coverage of criterion WEAKMUTATION: 77%
* Total number of goals: 70
* Number of covered goals: 54
* Coverage analysis for criterion OUTPUT
* Coverage of criterion OUTPUT: 47%
* Total number of goals: 43
* Number of covered goals: 20
* Coverage analysis for criterion METHOD
* Coverage of criterion METHOD: 100%
* Total number of goals: 12
* Number of covered goals: 12
* Coverage analysis for criterion CBRANCH
* Coverage of criterion CBRANCH: 69%
* Total number of goals: 70
* Number of covered goals: 48
* Generated 26 tests with total length 112
* Resulting test suite's coverage: 76% (average coverage for all fitness functions)
* Generating assertions
* Resulting test suite's mutation score: 41%
* Property NO_RUNTIME_DEPENDENCY is set to true - skipping JUnit compile check
* WARNING: Not including the runtime dependencies is likely to lead to flaky tests!
* Permissions denied during test execution: 
  - java.lang.RuntimePermission: 
         writeFileDescriptor: 1
* Writing tests to file
* Writing JUnit test case 'CSVParser_ESTest' to /home/acer/SQA/all-in-one-results/Csv/BPSO_db7ac586/round1/Csv-4/generation/org_apache_commons_csv_CSVParser/evosuite-tests
* Done!

* Computation finished
