Project=Lang
Bug=41
Algorithm=BPSO
TargetClass=org.apache.commons.lang.ClassUtils
TargetMethod=getShortClassName
TriggerTest=Running ant (export.tests.trigger)......................................... OK
org.apache.commons.lang.ClassUtilsTest::test_getShortClassName_Class
org.apache.commons.lang.ClassUtilsTest::test_getPackageName_Class
ModifiedSource=org.apache.commons.lang.ClassUtils
FixedRevision=2dc56182579703153e5c9886b3ecd22bbc348b49
CandidatePool=24
SuiteSize=12
Iterations=5000
Seed=20260923
Generator=GenericCandidateProvider
TriggerInputsCopied=false
TemporaryGeneratorWorkspace=/tmp/sqa_lang_generator_41_BPSO_VQPpdo
GeneratedClass=Lang41GeneratedTestBPSO

============================================================
GENERATION SUCCESS
============================================================
Status : GENERATED
File   : /Users/fangfang/Documents/SQA_Project_2026/automation/runs/Lang/Bug-41/BPSO/generated_test.java
Class  : Lang41GeneratedTestBPSO
Method : getShortClassName
============================================================

RETURN_CODE=0
END=Sat Oct  3 00:14:55 +07 2026
GENERATION SUCCESS
