* EvoSuite 1.2.0
* Going to generate test cases for class: com.fasterxml.jackson.core.json.ReaderBasedJsonParser
* Starting Client-0
* Connecting to master process on port 18826
* Analyzing classpath: 
  - /home/acer/SQA/jacksoncore-work/JacksonCore/BPSO_db7ac586/round1/2f/target/classes
  - /home/acer/defects4j/framework/projects/JacksonCore/lib/junit/junit/4.8.2/junit-4.8.2.jar
  - /home/acer/SQA/jacksoncore-work/JacksonCore/BPSO_db7ac586/round1/2f/target/test-classes
  - /home/acer/defects4j/framework/projects/lib/junit-4.12-hamcrest-1.3.jar
  - /home/acer/defects4j/framework/projects/JacksonCore/lib/junit/junit/4.11/junit-4.11.jar
  - /home/acer/defects4j/framework/projects/JacksonCore/lib/junit/junit/4.12/junit-4.12.jar
  - /home/acer/defects4j/framework/projects/JacksonCore/lib/org/hamcrest/hamcrest-core/1.3/hamcrest-core-1.3.jar
[MASTER] 00:39:48.777 [logback-1] WARN  InheritanceTree - Class not in inheritance graph: java.util.Locale$IsoCountryCode
* Finished analyzing classpath
* Generating tests for class com.fasterxml.jackson.core.json.ReaderBasedJsonParser
* Test criteria:
  - Line Coverage
  - Branch Coverage
  - Exception
  - Mutation testing (weak)
  - Method-Output Coverage
  - Top-Level Method Coverage
  - Context Branch Coverage
* Setting up search algorithm for whole suite generation
* Total number of test goals: 
  - Line 953
  - Branch 802
  - Exception 0
  - MutationFactory 739
  - Output 84
  - Method 41
  - CBranchFitnessFactory 802

[Progress:>                             0%] [Cov:>                                  0%]* Using seed 20260930
* Starting evolution

[Progress:>                             0%] [Cov:>                                  1%]
[Progress:>                             0%] [Cov:=====>                             15%]
[Progress:>                             0%] [Cov:=====>                             16%]
[Progress:>                             3%] [Cov:====>                              12%]
[Progress:>                             3%] [Cov:====>                              13%]
[Progress:>                             3%] [Cov:====>                              14%]
[Progress:>                             3%] [Cov:=====>                             16%]
[Progress:>                             3%] [Cov:=====>                             17%]
[Progress:>                             3%] [Cov:======>                            19%]
[Progress:>                             3%] [Cov:=======>                           20%]
[Progress:=>                            6%] [Cov:>                                  1%]
[Progress:=>                            6%] [Cov:=====>                             15%]
[Progress:=>                            6%] [Cov:=====>                             17%]
[Progress:=>                            6%] [Cov:======>                            18%]
[Progress:===>                          10%] [Cov:>                                  0%]
[Progress:===>                          10%] [Cov:=====>                             15%]
[Progress:===>                          10%] [Cov:=====>                             16%]
[Progress:===>                          10%] [Cov:======>                            18%]
[Progress:===>                          10%] [Cov:=======>                           20%]
[Progress:===>                          13%] [Cov:>                                  0%]
[Progress:===>                          13%] [Cov:====>                              14%]
[Progress:===>                          13%] [Cov:=====>                             15%]
[Progress:===>                          13%] [Cov:=====>                             16%]
[Progress:===>                          13%] [Cov:=======>                           20%]
[Progress:===>                          13%] [Cov:=======>                           21%]
[Progress:====>                         16%] [Cov:=======>                           20%]
[Progress:====>                         16%] [Cov:=======>                           21%]
[Progress:====>                         16%] [Cov:=======>                           22%]
[Progress:======>                       20%] [Cov:=======>                           22%]
[Progress:======>                       20%] [Cov:========>                          23%]
[Progress:======>                       23%] [Cov:========>                          23%]
[Progress:======>                       23%] [Cov:===========>                       33%]
[Progress:=======>                      26%] [Cov:====>                              13%]
[Progress:=======>                      26%] [Cov:========>                          23%]
[Progress:=======>                      26%] [Cov:========>                          23%]BPSO iteration=1 bestFitness=6596.7699925810775 population=30 inertia=0.72

[Progress:=========>                    30%] [Cov:========>                          23%]
[Progress:=========>                    30%] [Cov:============>                      36%]
[Progress:=========>                    33%] [Cov:========>                          23%]
[Progress:=========>                    33%] [Cov:========>                          24%]
[Progress:=========>                    33%] [Cov:========>                          25%]
[Progress:=========>                    33%] [Cov:============>                      35%]
[Progress:==========>                   36%] [Cov:===>                               10%]
[Progress:==========>                   36%] [Cov:=============>                     39%]
[Progress:==========>                   36%] [Cov:========>                          25%]BPSO iteration=2 bestFitness=6407.503290900406 population=30 inertia=0.72

[Progress:==========>                   36%] [Cov:=========>                         26%]
[Progress:============>                 40%] [Cov:=========>                         26%]
[Progress:============>                 40%] [Cov:============>                      37%]
[Progress:============>                 43%] [Cov:=========>                         26%]
[Progress:============>                 43%] [Cov:=========>                         27%]
[Progress:============>                 43%] [Cov:===========>                       34%]
[Progress:=============>                46%] [Cov:=========>                         27%]
[Progress:===============>              50%] [Cov:=>                                 5%]
[Progress:===============>              50%] [Cov:============>                      36%]
[Progress:===============>              50%] [Cov:=========>                         27%]BPSO iteration=3 bestFitness=6248.664758721687 population=30 inertia=0.72

[Progress:===============>              53%] [Cov:=========>                         27%]
[Progress:================>             56%] [Cov:=========>                         27%]
[Progress:================>             56%] [Cov:=========>                         28%]
[Progress:==================>           60%] [Cov:=========>                         28%]
[Progress:==================>           63%] [Cov:=========>                         28%]
[Progress:==================>           63%] [Cov:==========>                        29%]
[Progress:===================>          66%] [Cov:==========>                        29%]
[Progress:===================>          66%] [Cov:==========>                        29%]BPSO iteration=4 bestFitness=6127.307614881701 population=30 inertia=0.72

[Progress:=====================>        70%] [Cov:==========>                        29%]
[Progress:=====================>        70%] [Cov:==========>                        30%]
[Progress:=====================>        70%] [Cov:============>                      36%]
[Progress:=====================>        73%] [Cov:==========>                        31%]
[Progress:=====================>        73%] [Cov:============>                      37%]
[Progress:======================>       76%] [Cov:==========>                        31%]
[Progress:======================>       76%] [Cov:==========>                        31%]BPSO iteration=5 bestFitness=5850.658690984082 population=30 inertia=0.72

[Progress:========================>     80%] [Cov:==========>                        29%]
[Progress:========================>     80%] [Cov:==========>                        31%]
[Progress:========================>     80%] [Cov:===========>                       32%]
[Progress:========================>     83%] [Cov:===========>                       32%]
[Progress:=========================>    86%] [Cov:===========>                       32%]
[Progress:=========================>    86%] [Cov:===========>                       33%]
[Progress:=========================>    86%] [Cov:===========>                       34%]
[Progress:=========================>    86%] [Cov:=============>                     38%]
[Progress:=========================>    86%] [Cov:===========>                       34%]
[Progress:===========================>  90%] [Cov:===========>                       34%]
[Progress:===========================>  90%] [Cov:=============>                     38%]
[Progress:===========================>  93%] [Cov:===========>                       34%]
[Progress:============================> 96%] [Cov:===========>                       34%]
[Progress:==============================100%] [Cov:===========>                       34%]
[Progress:==============================100%] [Cov:============>                      35%]
[Progress:==============================100%] [Cov:===========>                       34%]
[Progress:==============================100%] [Cov:============>                      35%]
[Progress:==============================100%] [Cov:============>                      36%]
[Progress:==============================100%] [Cov:============>                      36%]
[Progress:==============================100%] [Cov:============>                      36%]
[Progress:==============================100%] [Cov:===============>                   44%]
* Search finished after 34s and 7 generations, 10666 statements, best individual has fitness: 5014.911478308142
[MASTER] 00:40:22.368 [logback-1] WARN  TimeController - Phase SEARCH lasted too long, 3 seconds more than allowed.
* Minimizing test suite
* Going to analyze the coverage criteria
* Coverage analysis for criterion LINE
* Coverage of criterion LINE: 29%
* Total number of goals: 953
* Number of covered goals: 275
* Coverage analysis for criterion BRANCH
* Coverage of criterion BRANCH: 25%
* Total number of goals: 802
* Number of covered goals: 202
* Coverage analysis for criterion EXCEPTION
* Coverage of criterion EXCEPTION: 100%
* Total number of goals: 31
* Number of covered goals: 31
* Coverage analysis for criterion WEAKMUTATION
* Coverage of criterion WEAKMUTATION: 29%
* Total number of goals: 739
* Number of covered goals: 212
* Coverage analysis for criterion OUTPUT
* Coverage of criterion OUTPUT: 31%
* Total number of goals: 84
* Number of covered goals: 26
* Coverage analysis for criterion METHOD
* Coverage of criterion METHOD: 90%
* Total number of goals: 41
* Number of covered goals: 37
* Coverage analysis for criterion CBRANCH
* Coverage of criterion CBRANCH: 25%
* Total number of goals: 802
* Number of covered goals: 202
* Generated 62 tests with total length 441
* Resulting test suite's coverage: 45% (average coverage for all fitness functions)
* Generating assertions
* Resulting test suite's mutation score: 3%
* Property NO_RUNTIME_DEPENDENCY is set to true - skipping JUnit compile check
* WARNING: Not including the runtime dependencies is likely to lead to flaky tests!
* Writing tests to file
* Writing JUnit test case 'ReaderBasedJsonParser_ESTest' to /home/acer/SQA/all-in-one-results/JacksonCore/BPSO_db7ac586/round1/JacksonCore-2/generation/com_fasterxml_jackson_core_json_ReaderBasedJsonParser/evosuite-tests
* Done!

* Computation finished
