Project=Lang
Bug=31
Algorithm=SA
TargetClass=org.apache.commons.lang3.StringUtils
TargetMethod=containsAny
TriggerTest=Running ant (export.tests.trigger)......................................... OK
org.apache.commons.lang3.StringUtilsEqualsIndexOfTest::testContainsAnyCharArrayWithSupplementaryChars
org.apache.commons.lang3.StringUtilsEqualsIndexOfTest::testContainsAnyStringWithSupplementaryChars
ModifiedSource=org.apache.commons.lang3.StringUtils
FixedRevision=1ced894df70d66f3a786c2c8cd6e23e0d4263d91
CandidatePool=24
SuiteSize=12
Iterations=5000
Seed=20260923
Generator=GenericCandidateProvider
TriggerInputsCopied=false
TemporaryGeneratorWorkspace=/tmp/sqa_lang_generator_31_SA_C9mL4I
GeneratedClass=Lang31GeneratedTestSA

============================================================
GENERATION SUCCESS
============================================================
Status : GENERATED
File   : /Users/fangfang/Documents/SQA_Project_2026/automation/runs/Lang/Bug-31/SA/generated_test.java
Class  : Lang31GeneratedTestSA
Method : containsAny
============================================================

RETURN_CODE=0
END=Fri Oct  2 08:22:26 PDT 2026
GENERATION SUCCESS
