{
  "generated_test": "/Users/fangfang/Documents/SQA_Project_2026/automation/runs/Lang/Bug-32/BPSO/generated_test.java",
  "destination": "org/apache/commons/lang3/builder/Lang32GeneratedTestBPSO.java",
  "test_class": "org.apache.commons.lang3.builder.Lang32GeneratedTestBPSO",
  "test_methods": [
    "org.apache.commons.lang3.builder.Lang32GeneratedTestBPSO__Isolated_1_test01_null_boundary::test01_null_boundary",
    "org.apache.commons.lang3.builder.Lang32GeneratedTestBPSO__Isolated_2_test02_empty_boundary::test02_empty_boundary",
    "org.apache.commons.lang3.builder.Lang32GeneratedTestBPSO__Isolated_3_test03_positive_boundary::test03_positive_boundary",
    "org.apache.commons.lang3.builder.Lang32GeneratedTestBPSO__Isolated_4_test04_max_boundary::test04_max_boundary",
    "org.apache.commons.lang3.builder.Lang32GeneratedTestBPSO__Isolated_5_test05_fraction_negative::test05_fraction_negative",
    "org.apache.commons.lang3.builder.Lang32GeneratedTestBPSO__Isolated_6_test06_fraction_positive::test06_fraction_positive",
    "org.apache.commons.lang3.builder.Lang32GeneratedTestBPSO__Isolated_7_test07_boolean_true::test07_boolean_true",
    "org.apache.commons.lang3.builder.Lang32GeneratedTestBPSO__Isolated_8_test08_long_zero::test08_long_zero",
    "org.apache.commons.lang3.builder.Lang32GeneratedTestBPSO__Isolated_9_test09_empty_array::test09_empty_array",
    "org.apache.commons.lang3.builder.Lang32GeneratedTestBPSO__Isolated_10_test10_object_null::test10_object_null",
    "org.apache.commons.lang3.builder.Lang32GeneratedTestBPSO__Isolated_11_test11_object_boundary::test11_object_boundary",
    "org.apache.commons.lang3.builder.Lang32GeneratedTestBPSO__Isolated_12_test12_mixed_boundary::test12_mixed_boundary"
  ],
  "test_count": 12,
  "buggy_compile": {
    "status": "PASS",
    "return_code": 0,
    "time_seconds": 5.425888833
  },
  "fixed_compile": {
    "status": "PASS",
    "return_code": 0,
    "time_seconds": 3.5218267080000007
  },
  "statistics": {
    "total_tests": 12,
    "evaluated_tests": 12,
    "detected_tests": 0,
    "fdr_percent": 0.0,
    "buggy_pass": 12,
    "buggy_fail": 0,
    "buggy_error": 0,
    "fixed_pass": 12,
    "fixed_fail": 0,
    "fixed_error": 0
  },
  "tests": [
    {
      "selector": "org.apache.commons.lang3.builder.Lang32GeneratedTestBPSO__Isolated_1_test01_null_boundary::test01_null_boundary",
      "target_method": "org.apache.commons.lang3.builder.Lang32GeneratedTestBPSO::test01_null_boundary",
      "isolated_class": "org.apache.commons.lang3.builder.Lang32GeneratedTestBPSO__Isolated_1_test01_null_boundary",
      "buggy": {
        "status": "PASS",
        "return_code": 0,
        "time_seconds": 0.819124167,
        "output": "Running ant (compile.tests)................................................ OK\nRunning ant (run.dev.tests)................................................ OK\nFailing tests: 0\n"
      },
      "fixed": {
        "status": "PASS",
        "return_code": 0,
        "time_seconds": 0.8140318339999997,
        "output": "Running ant (compile.tests)................................................ OK\nRunning ant (run.dev.tests)................................................ OK\nFailing tests: 0\n"
      },
      "evaluated": true,
      "detected": false
    },
    {
      "selector": "org.apache.commons.lang3.builder.Lang32GeneratedTestBPSO__Isolated_2_test02_empty_boundary::test02_empty_boundary",
      "target_method": "org.apache.commons.lang3.builder.Lang32GeneratedTestBPSO::test02_empty_boundary",
      "isolated_class": "org.apache.commons.lang3.builder.Lang32GeneratedTestBPSO__Isolated_2_test02_empty_boundary",
      "buggy": {
        "status": "PASS",
        "return_code": 0,
        "time_seconds": 0.9504898750000006,
        "output": "Running ant (compile.tests)................................................ OK\nRunning ant (run.dev.tests)................................................ OK\nFailing tests: 0\n"
      },
      "fixed": {
        "status": "PASS",
        "return_code": 0,
        "time_seconds": 0.8450020000000009,
        "output": "Running ant (compile.tests)................................................ OK\nRunning ant (run.dev.tests)................................................ OK\nFailing tests: 0\n"
      },
      "evaluated": true,
      "detected": false
    },
    {
      "selector": "org.apache.commons.lang3.builder.Lang32GeneratedTestBPSO__Isolated_3_test03_positive_boundary::test03_positive_boundary",
      "target_method": "org.apache.commons.lang3.builder.Lang32GeneratedTestBPSO::test03_positive_boundary",
      "isolated_class": "org.apache.commons.lang3.builder.Lang32GeneratedTestBPSO__Isolated_3_test03_positive_boundary",
      "buggy": {
        "status": "PASS",
        "return_code": 0,
        "time_seconds": 0.8989096249999999,
        "output": "Running ant (compile.tests)................................................ OK\nRunning ant (run.dev.tests)................................................ OK\nFailing tests: 0\n"
      },
      "fixed": {
        "status": "PASS",
        "return_code": 0,
        "time_seconds": 0.883556875,
        "output": "Running ant (compile.tests)................................................ OK\nRunning ant (run.dev.tests)................................................ OK\nFailing tests: 0\n"
      },
      "evaluated": true,
      "detected": false
    },
    {
      "selector": "org.apache.commons.lang3.builder.Lang32GeneratedTestBPSO__Isolated_4_test04_max_boundary::test04_max_boundary",
      "target_method": "org.apache.commons.lang3.builder.Lang32GeneratedTestBPSO::test04_max_boundary",
      "isolated_class": "org.apache.commons.lang3.builder.Lang32GeneratedTestBPSO__Isolated_4_test04_max_boundary",
      "buggy": {
        "status": "PASS",
        "return_code": 0,
        "time_seconds": 0.8592332499999991,
        "output": "Running ant (compile.tests)................................................ OK\nRunning ant (run.dev.tests)................................................ OK\nFailing tests: 0\n"
      },
      "fixed": {
        "status": "PASS",
        "return_code": 0,
        "time_seconds": 0.8544776249999977,
        "output": "Running ant (compile.tests)................................................ OK\nRunning ant (run.dev.tests)................................................ OK\nFailing tests: 0\n"
      },
      "evaluated": true,
      "detected": false
    },
    {
      "selector": "org.apache.commons.lang3.builder.Lang32GeneratedTestBPSO__Isolated_5_test05_fraction_negative::test05_fraction_negative",
      "target_method": "org.apache.commons.lang3.builder.Lang32GeneratedTestBPSO::test05_fraction_negative",
      "isolated_class": "org.apache.commons.lang3.builder.Lang32GeneratedTestBPSO__Isolated_5_test05_fraction_negative",
      "buggy": {
        "status": "PASS",
        "return_code": 0,
        "time_seconds": 1.0189844160000021,
        "output": "Running ant (compile.tests)................................................ OK\nRunning ant (run.dev.tests)................................................ OK\nFailing tests: 0\n"
      },
      "fixed": {
        "status": "PASS",
        "return_code": 0,
        "time_seconds": 0.8566359579999983,
        "output": "Running ant (compile.tests)................................................ OK\nRunning ant (run.dev.tests)................................................ OK\nFailing tests: 0\n"
      },
      "evaluated": true,
      "detected": false
    },
    {
      "selector": "org.apache.commons.lang3.builder.Lang32GeneratedTestBPSO__Isolated_6_test06_fraction_positive::test06_fraction_positive",
      "target_method": "org.apache.commons.lang3.builder.Lang32GeneratedTestBPSO::test06_fraction_positive",
      "isolated_class": "org.apache.commons.lang3.builder.Lang32GeneratedTestBPSO__Isolated_6_test06_fraction_positive",
      "buggy": {
        "status": "PASS",
        "return_code": 0,
        "time_seconds": 0.8517699999999984,
        "output": "Running ant (compile.tests)................................................ OK\nRunning ant (run.dev.tests)................................................ OK\nFailing tests: 0\n"
      },
      "fixed": {
        "status": "PASS",
        "return_code": 0,
        "time_seconds": 0.7773818749999997,
        "output": "Running ant (compile.tests)................................................ OK\nRunning ant (run.dev.tests)................................................ OK\nFailing tests: 0\n"
      },
      "evaluated": true,
      "detected": false
    },
    {
      "selector": "org.apache.commons.lang3.builder.Lang32GeneratedTestBPSO__Isolated_7_test07_boolean_true::test07_boolean_true",
      "target_method": "org.apache.commons.lang3.builder.Lang32GeneratedTestBPSO::test07_boolean_true",
      "isolated_class": "org.apache.commons.lang3.builder.Lang32GeneratedTestBPSO__Isolated_7_test07_boolean_true",
      "buggy": {
        "status": "PASS",
        "return_code": 0,
        "time_seconds": 0.7604140000000008,
        "output": "Running ant (compile.tests)................................................ OK\nRunning ant (run.dev.tests)................................................ OK\nFailing tests: 0\n"
      },
      "fixed": {
        "status": "PASS",
        "return_code": 0,
        "time_seconds": 0.7512398329999996,
        "output": "Running ant (compile.tests)................................................ OK\nRunning ant (run.dev.tests)................................................ OK\nFailing tests: 0\n"
      },
      "evaluated": true,
      "detected": false
    },
    {
      "selector": "org.apache.commons.lang3.builder.Lang32GeneratedTestBPSO__Isolated_8_test08_long_zero::test08_long_zero",
      "target_method": "org.apache.commons.lang3.builder.Lang32GeneratedTestBPSO::test08_long_zero",
      "isolated_class": "org.apache.commons.lang3.builder.Lang32GeneratedTestBPSO__Isolated_8_test08_long_zero",
      "buggy": {
        "status": "PASS",
        "return_code": 0,
        "time_seconds": 0.7891123749999984,
        "output": "Running ant (compile.tests)................................................ OK\nRunning ant (run.dev.tests)................................................ OK\nFailing tests: 0\n"
      },
      "fixed": {
        "status": "PASS",
        "return_code": 0,
        "time_seconds": 0.8056326670000011,
        "output": "Running ant (compile.tests)................................................ OK\nRunning ant (run.dev.tests)................................................ OK\nFailing tests: 0\n"
      },
      "evaluated": true,
      "detected": false
    },
    {
      "selector": "org.apache.commons.lang3.builder.Lang32GeneratedTestBPSO__Isolated_9_test09_empty_array::test09_empty_array",
      "target_method": "org.apache.commons.lang3.builder.Lang32GeneratedTestBPSO::test09_empty_array",
      "isolated_class": "org.apache.commons.lang3.builder.Lang32GeneratedTestBPSO__Isolated_9_test09_empty_array",
      "buggy": {
        "status": "PASS",
        "return_code": 0,
        "time_seconds": 0.7862430840000023,
        "output": "Running ant (compile.tests)................................................ OK\nRunning ant (run.dev.tests)................................................ OK\nFailing tests: 0\n"
      },
      "fixed": {
        "status": "PASS",
        "return_code": 0,
        "time_seconds": 0.7833707089999997,
        "output": "Running ant (compile.tests)................................................ OK\nRunning ant (run.dev.tests)................................................ OK\nFailing tests: 0\n"
      },
      "evaluated": true,
      "detected": false
    },
    {
      "selector": "org.apache.commons.lang3.builder.Lang32GeneratedTestBPSO__Isolated_10_test10_object_null::test10_object_null",
      "target_method": "org.apache.commons.lang3.builder.Lang32GeneratedTestBPSO::test10_object_null",
      "isolated_class": "org.apache.commons.lang3.builder.Lang32GeneratedTestBPSO__Isolated_10_test10_object_null",
      "buggy": {
        "status": "PASS",
        "return_code": 0,
        "time_seconds": 0.7795304999999999,
        "output": "Running ant (compile.tests)................................................ OK\nRunning ant (run.dev.tests)................................................ OK\nFailing tests: 0\n"
      },
      "fixed": {
        "status": "PASS",
        "return_code": 0,
        "time_seconds": 0.7590868340000014,
        "output": "Running ant (compile.tests)................................................ OK\nRunning ant (run.dev.tests)................................................ OK\nFailing tests: 0\n"
      },
      "evaluated": true,
      "detected": false
    },
    {
      "selector": "org.apache.commons.lang3.builder.Lang32GeneratedTestBPSO__Isolated_11_test11_object_boundary::test11_object_boundary",
      "target_method": "org.apache.commons.lang3.builder.Lang32GeneratedTestBPSO::test11_object_boundary",
      "isolated_class": "org.apache.commons.lang3.builder.Lang32GeneratedTestBPSO__Isolated_11_test11_object_boundary",
      "buggy": {
        "status": "PASS",
        "return_code": 0,
        "time_seconds": 0.7896452919999994,
        "output": "Running ant (compile.tests)................................................ OK\nRunning ant (run.dev.tests)................................................ OK\nFailing tests: 0\n"
      },
      "fixed": {
        "status": "PASS",
        "return_code": 0,
        "time_seconds": 0.7963573749999995,
        "output": "Running ant (compile.tests)................................................ OK\nRunning ant (run.dev.tests)................................................ OK\nFailing tests: 0\n"
      },
      "evaluated": true,
      "detected": false
    },
    {
      "selector": "org.apache.commons.lang3.builder.Lang32GeneratedTestBPSO__Isolated_12_test12_mixed_boundary::test12_mixed_boundary",
      "target_method": "org.apache.commons.lang3.builder.Lang32GeneratedTestBPSO::test12_mixed_boundary",
      "isolated_class": "org.apache.commons.lang3.builder.Lang32GeneratedTestBPSO__Isolated_12_test12_mixed_boundary",
      "buggy": {
        "status": "PASS",
        "return_code": 0,
        "time_seconds": 0.7893391250000015,
        "output": "Running ant (compile.tests)................................................ OK\nRunning ant (run.dev.tests)................................................ OK\nFailing tests: 0\n"
      },
      "fixed": {
        "status": "PASS",
        "return_code": 0,
        "time_seconds": 0.792779792000001,
        "output": "Running ant (compile.tests)................................................ OK\nRunning ant (run.dev.tests)................................................ OK\nFailing tests: 0\n"
      },
      "evaluated": true,
      "detected": false
    }
  ],
  "evaluation_workspaces": {
    "buggy": "/Users/fangfang/Documents/SQA_Project_2026/workspaces/d4j_suite_eval_arc53peo/buggy",
    "fixed": "/Users/fangfang/Documents/SQA_Project_2026/workspaces/d4j_suite_eval_arc53peo/fixed"
  },
  "timing": {
    "buggy_compile_seconds": 5.425888833,
    "fixed_compile_seconds": 3.5218267080000007,
    "buggy_execution_seconds": 10.092795709000002,
    "fixed_execution_seconds": 9.719553376999999,
    "total_seconds": 28.760064627
  },
  "status": "PASS"
}
