* EvoSuite 1.2.0
* Going to generate test cases for class: org.apache.commons.cli.TypeHandler
* Starting Client-0
* Connecting to master process on port 18828
* Analyzing classpath: 
  - /home/acer/SQA/cli-work/Cli/BPSO_db7ac586/round1/3f/target/classes
  - /home/acer/SQA/cli-work/Cli/BPSO_db7ac586/round1/3f/target/lib/commons-lang/jars/commons-lang-2.1.jar
  - /home/acer/SQA/cli-work/Cli/BPSO_db7ac586/round1/3f/target/test-classes
  - /home/acer/defects4j/framework/projects/Cli/lib/org/hamcrest/hamcrest-core/1.3/hamcrest-core-1.3.jar
* Finished analyzing classpath
* Generating tests for class org.apache.commons.cli.TypeHandler
* Test criteria:
  - Line Coverage
  - Branch Coverage
  - Exception
  - Mutation testing (weak)
  - Method-Output Coverage
  - Top-Level Method Coverage
  - Context Branch Coverage
* Setting up search algorithm for whole suite generation
* Total number of test goals: 
  - Line 59
  - Branch 31
  - Exception 0
  - MutationFactory 28
  - Output 85
  - Method 10
  - CBranchFitnessFactory 31

[Progress:>                             0%] [Cov:>                                  0%]* Using seed 20260930
* Starting evolution

[Progress:>                             0%] [Cov:===>                               10%]
[Progress:>                             0%] [Cov:=======>                           20%]
[Progress:>                             0%] [Cov:===========>                       34%]
[Progress:>                             0%] [Cov:=================>                 49%]
[Progress:>                             0%] [Cov:===================>               55%]
[Progress:>                             0%] [Cov:=======================>           67%]
[Progress:>                             0%] [Cov:=========================>         73%]
[Progress:>                             3%] [Cov:===>                               9%]
[Progress:>                             3%] [Cov:======>                            18%]
[Progress:>                             3%] [Cov:===========>                       32%]
[Progress:>                             3%] [Cov:================>                  47%]
[Progress:>                             3%] [Cov:=================>                 51%]
[Progress:>                             3%] [Cov:======================>            64%]
[Progress:>                             3%] [Cov:=======================>           68%]
[Progress:>                             3%] [Cov:=========================>         73%]
[Progress:>                             3%] [Cov:==========================>        76%]
[Progress:=>                            6%] [Cov:===>                               9%]
[Progress:=>                            6%] [Cov:======>                            19%]
[Progress:=>                            6%] [Cov:===========>                       33%]
[Progress:=>                            6%] [Cov:================>                  48%]
[Progress:=>                            6%] [Cov:=================>                 51%]
[Progress:=>                            6%] [Cov:======================>            64%]
[Progress:=>                            6%] [Cov:=======================>           68%]
[Progress:=>                            6%] [Cov:========================>          70%]
[Progress:=>                            6%] [Cov:=========================>         72%]
[Progress:=>                            6%] [Cov:=========================>         73%]
[Progress:===>                          10%] [Cov:===>                               10%]
[Progress:===>                          10%] [Cov:=======>                           20%]
[Progress:===>                          10%] [Cov:===========>                       34%]
[Progress:===>                          10%] [Cov:=================>                 49%]
[Progress:===>                          10%] [Cov:===================>               55%]
[Progress:===>                          10%] [Cov:=======================>           67%]
[Progress:===>                          10%] [Cov:==========================>        76%]
[Progress:===>                          10%] [Cov:==========================>        76%]
[Progress:===>                          10%] [Cov:==========================>        77%]
[Progress:===>                          13%] [Cov:=========================>         72%]
[Progress:===>                          13%] [Cov:==========================>        77%]
[Progress:===>                          13%] [Cov:==========================>        77%]BPSO iteration=1 bestFitness=74.43333333333334 population=30 inertia=0.72

[Progress:====>                         16%] [Cov:==========================>        77%]
[Progress:====>                         16%] [Cov:==========================>        77%]BPSO iteration=2 bestFitness=74.43333333333334 population=30 inertia=0.72

[Progress:======>                       20%] [Cov:==========================>        77%]
[Progress:======>                       20%] [Cov:==========================>        77%]BPSO iteration=3 bestFitness=73.43333333333334 population=30 inertia=0.72

[Progress:======>                       20%] [Cov:============================>      80%]
[Progress:======>                       20%] [Cov:==========================>        77%]BPSO iteration=4 bestFitness=73.43333333333334 population=30 inertia=0.72

[Progress:======>                       20%] [Cov:===========================>       78%]
[Progress:======>                       20%] [Cov:===========================>       79%]
[Progress:======>                       23%] [Cov:===========================>       79%]
[Progress:======>                       23%] [Cov:===========================>       79%]BPSO iteration=5 bestFitness=70.92857142857143 population=30 inertia=0.72

[Progress:=======>                      26%] [Cov:======================>            64%]
[Progress:=======>                      26%] [Cov:==========================>        76%]
[Progress:=======>                      26%] [Cov:===========================>       79%]
[Progress:=======>                      26%] [Cov:===========================>       79%]
[Progress:=======>                      26%] [Cov:============================>      80%]
[Progress:=======>                      26%] [Cov:============================>      80%]
[Progress:=========>                    30%] [Cov:============================>      80%]
[Progress:=========>                    30%] [Cov:============================>      80%]
[Progress:=========>                    33%] [Cov:============================>      80%]
[Progress:=========>                    33%] [Cov:============================>      82%]
[Progress:=========>                    33%] [Cov:============================>      80%]
[Progress:=========>                    33%] [Cov:============================>      81%]
[Progress:=========>                    33%] [Cov:============================>      82%]
[Progress:=========>                    33%] [Cov:============================>      81%]
[Progress:==========>                   36%] [Cov:============================>      81%]
[Progress:==========>                   36%] [Cov:============================>      81%]
[Progress:==========>                   36%] [Cov:============================>      82%]
[Progress:==========>                   36%] [Cov:=============================>     83%]
[Progress:==========>                   36%] [Cov:=============================>     83%]
[Progress:==========>                   36%] [Cov:=============================>     84%]
[Progress:============>                 40%] [Cov:===========================>       79%]
[Progress:============>                 40%] [Cov:=============================>     85%]
[Progress:============>                 40%] [Cov:=============================>     84%]
[Progress:============>                 40%] [Cov:=============================>     84%]
[Progress:============>                 40%] [Cov:=============================>     84%]
[Progress:============>                 43%] [Cov:=============================>     84%]
[Progress:============>                 43%] [Cov:=============================>     84%]
[Progress:============>                 43%] [Cov:=============================>     84%]
[Progress:=============>                46%] [Cov:=============================>     84%]
[Progress:=============>                46%] [Cov:=============================>     84%]
[Progress:=============>                46%] [Cov:=============================>     84%]
[Progress:===============>              50%] [Cov:=============================>     84%]
[Progress:===============>              50%] [Cov:=============================>     84%]BPSO iteration=20 bestFitness=60.375 population=30 inertia=0.72

[Progress:===============>              50%] [Cov:=============================>     85%]
[Progress:===============>              50%] [Cov:=============================>     84%]
[Progress:===============>              53%] [Cov:=============================>     84%]
[Progress:===============>              53%] [Cov:=============================>     84%]
[Progress:================>             56%] [Cov:=============================>     84%]
[Progress:================>             56%] [Cov:=============================>     84%]
[Progress:================>             56%] [Cov:=============================>     85%]
[Progress:================>             56%] [Cov:==============================>    86%]
[Progress:================>             56%] [Cov:==============================>    86%]
[Progress:==================>           60%] [Cov:==============================>    86%]
[Progress:==================>           60%] [Cov:==============================>    86%]
[Progress:==================>           60%] [Cov:==============================>    86%]
[Progress:==================>           60%] [Cov:==============================>    86%]
[Progress:==================>           63%] [Cov:==============================>    86%]
[Progress:==================>           63%] [Cov:==============================>    86%]
[Progress:==================>           63%] [Cov:==============================>    87%]
[Progress:==================>           63%] [Cov:==============================>    86%]
[Progress:===================>          66%] [Cov:==============================>    86%]
[Progress:===================>          66%] [Cov:==============================>    86%]
[Progress:===================>          66%] [Cov:==============================>    86%]
[Progress:===================>          66%] [Cov:==============================>    86%]
[Progress:=====================>        70%] [Cov:==============================>    86%]
[Progress:=====================>        70%] [Cov:==============================>    86%]
[Progress:=====================>        70%] [Cov:==============================>    86%]
[Progress:=====================>        70%] [Cov:==============================>    86%]
[Progress:=====================>        73%] [Cov:==============================>    86%]
[Progress:=====================>        73%] [Cov:==============================>    86%]
[Progress:=====================>        73%] [Cov:==============================>    86%]
[Progress:======================>       76%] [Cov:==============================>    86%]
[Progress:======================>       76%] [Cov:==============================>    86%]
[Progress:======================>       76%] [Cov:==============================>    86%]
[Progress:======================>       76%] [Cov:==============================>    86%]BPSO iteration=40 bestFitness=56.85714285714286 population=30 inertia=0.72

[Progress:======================>       76%] [Cov:==============================>    87%]
[Progress:======================>       76%] [Cov:==============================>    86%]
[Progress:========================>     80%] [Cov:==============================>    86%]
[Progress:========================>     80%] [Cov:==============================>    86%]
[Progress:========================>     80%] [Cov:==============================>    86%]
[Progress:========================>     80%] [Cov:==============================>    86%]
[Progress:========================>     80%] [Cov:==============================>    86%]
[Progress:========================>     80%] [Cov:==============================>    87%]
[Progress:========================>     80%] [Cov:==============================>    86%]
[Progress:========================>     80%] [Cov:==============================>    87%]
[Progress:========================>     80%] [Cov:==============================>    87%]
[Progress:========================>     83%] [Cov:==============================>    87%]
[Progress:========================>     83%] [Cov:==============================>    87%]
[Progress:========================>     83%] [Cov:==============================>    87%]
[Progress:=========================>    86%] [Cov:==============================>    87%]
[Progress:=========================>    86%] [Cov:==============================>    87%]
[Progress:=========================>    86%] [Cov:==============================>    87%]
[Progress:=========================>    86%] [Cov:==============================>    87%]
[Progress:===========================>  90%] [Cov:==============================>    87%]
[Progress:===========================>  90%] [Cov:==============================>    87%]
[Progress:===========================>  90%] [Cov:==============================>    88%]
[Progress:===========================>  90%] [Cov:===============================>   89%]
[Progress:===========================>  90%] [Cov:===============================>   89%]
[Progress:===========================>  90%] [Cov:===============================>   89%]
[Progress:===========================>  90%] [Cov:===============================>   89%]
[Progress:===========================>  93%] [Cov:===============================>   89%]
[Progress:===========================>  93%] [Cov:===============================>   89%]
[Progress:===========================>  93%] [Cov:===============================>   89%]
[Progress:============================> 96%] [Cov:==============================>    88%]
[Progress:============================> 96%] [Cov:===============================>   89%]
[Progress:============================> 96%] [Cov:===============================>   89%]
[Progress:============================> 96%] [Cov:===============================>   89%]BPSO iteration=60 bestFitness=50.8 population=30 inertia=0.72

[Progress:============================> 96%] [Cov:===============================>   89%]
[Progress:============================> 96%] [Cov:===============================>   89%]
[Progress:==============================100%] [Cov:===============================>   89%]
[Progress:==============================100%] [Cov:===============================>   89%]
[Progress:==============================100%] [Cov:===============================>   89%]
[Progress:==============================100%] [Cov:===============================>   89%]
[Progress:==============================100%] [Cov:===============================>   89%]
* Search finished after 31s and 65 generations, 70800 statements, best individual has fitness: 50.94285714285714
* Minimizing test suite
* Going to analyze the coverage criteria
* Coverage analysis for criterion LINE
* Coverage of criterion LINE: 93%
* Total number of goals: 59
* Number of covered goals: 55
* Coverage analysis for criterion BRANCH
* Coverage of criterion BRANCH: 94%
* Total number of goals: 31
* Number of covered goals: 29
* Coverage analysis for criterion EXCEPTION
* Coverage of criterion EXCEPTION: 100%
* Total number of goals: 6
* Number of covered goals: 6
* Coverage analysis for criterion WEAKMUTATION
* Coverage of criterion WEAKMUTATION: 93%
* Total number of goals: 28
* Number of covered goals: 26
* Coverage analysis for criterion OUTPUT
* Coverage of criterion OUTPUT: 48%
* Total number of goals: 85
* Number of covered goals: 41
* Coverage analysis for criterion METHOD
* Coverage of criterion METHOD: 100%
* Total number of goals: 10
* Number of covered goals: 10
* Coverage analysis for criterion CBRANCH
* Coverage of criterion CBRANCH: 94%
* Total number of goals: 31
* Number of covered goals: 29
* Generated 31 tests with total length 46
* Resulting test suite's coverage: 89% (average coverage for all fitness functions)
* Generating assertions
* Resulting test suite's mutation score: 29%
* Property NO_RUNTIME_DEPENDENCY is set to true - skipping JUnit compile check
* WARNING: Not including the runtime dependencies is likely to lead to flaky tests!
* Writing tests to file
* Writing JUnit test case 'TypeHandler_ESTest' to /home/acer/SQA/all-in-one-results/Cli/BPSO_db7ac586/round1/Cli-3/generation/org_apache_commons_cli_TypeHandler/evosuite-tests
* Done!

* Computation finished
