Project=Lang
Bug=64
Algorithm=BPSO
TargetClass=org.apache.commons.lang.enums.ValuedEnum
TargetMethod=compareTo
TriggerTest=org.apache.commons.lang.enums.ValuedEnumTest::testCompareTo_otherEnumType
ModifiedSource=org.apache.commons.lang.enums.ValuedEnum
FixedRevision=07b7795b336b301def8a7dc6059c8e616ce5582e
CandidatePool=24
SuiteSize=12
Iterations=5000
Seed=20260923
Generator=GenericCandidateProvider
TriggerInputsCopied=false
TemporaryGeneratorWorkspace=/tmp/sqa_lang_generator_64_BPSO_a3wU3A
GeneratedClass=Lang64GeneratedTestBPSO

============================================================
GENERATION SUCCESS
============================================================
Status : GENERATED
File   : /Users/fangfang/Documents/SQA_Project_2026/automation/runs/Lang/Bug-64/BPSO/generated_test.java
Class  : Lang64GeneratedTestBPSO
Method : compareTo
============================================================

RETURN_CODE=0
END=Sat Oct  3 00:25:30 +07 2026
GENERATION SUCCESS
