* EvoSuite 1.2.0
* Going to generate test cases for class: com.fasterxml.jackson.core.json.JsonGeneratorImpl
* Starting Client-0
* Connecting to master process on port 18826
* Analyzing classpath: 
  - /home/acer/SQA/jacksoncore-work/JacksonCore/BPSO_db7ac586/round1/13f/target/classes
  - /home/acer/defects4j/framework/projects/JacksonCore/lib/junit/junit/4.12/junit-4.12.jar
  - /home/acer/defects4j/framework/projects/JacksonCore/lib/org/hamcrest/hamcrest-core/1.3/hamcrest-core-1.3.jar
  - /home/acer/SQA/jacksoncore-work/JacksonCore/BPSO_db7ac586/round1/13f/target/test-classes
  - /home/acer/defects4j/framework/projects/lib/junit-4.12-hamcrest-1.3.jar
  - /home/acer/defects4j/framework/projects/JacksonCore/lib/junit/junit/4.11/junit-4.11.jar
  - /home/acer/defects4j/framework/projects/JacksonCore/lib/junit/junit/4.8.2/junit-4.8.2.jar
[MASTER] 01:07:18.238 [logback-1] WARN  InheritanceTree - Class not in inheritance graph: java.io.ObjectInputFilter
[MASTER] 01:07:18.390 [logback-1] WARN  InheritanceTree - Class not in inheritance graph: java.util.Locale$IsoCountryCode
* Finished analyzing classpath
* Generating tests for class com.fasterxml.jackson.core.json.JsonGeneratorImpl
* Test criteria:
  - Line Coverage
  - Branch Coverage
  - Exception
  - Mutation testing (weak)
  - Method-Output Coverage
  - Top-Level Method Coverage
  - Context Branch Coverage
* Setting up search algorithm for whole suite generation
* Total number of test goals: 
  - Line 34
  - Branch 19
  - Exception 0
  - MutationFactory 96
  - Output 111
  - Method 10
  - CBranchFitnessFactory 19
* Using seed 20260930
* Starting evolution

[Progress:>                             0%] [Cov:>                                  0%]
[Progress:>                             0%] [Cov:=>                                 3%]
[Progress:>                             0%] [Cov:==>                                6%]
[Progress:>                             0%] [Cov:=======>                           20%]
[Progress:>                             0%] [Cov:========>                          24%]
[Progress:>                             0%] [Cov:=========>                         26%]
[Progress:>                             3%] [Cov:========>                          24%]
[Progress:=>                            6%] [Cov:=>                                 3%]
[Progress:=>                            6%] [Cov:=>                                 5%]
[Progress:=>                            6%] [Cov:======>                            19%]
[Progress:=>                            6%] [Cov:=======>                           22%]
[Progress:=>                            6%] [Cov:========>                          24%]
[Progress:=>                            6%] [Cov:==========>                        30%]
[Progress:=>                            6%] [Cov:==========>                        31%]
[Progress:=>                            6%] [Cov:===========>                       32%]
[Progress:=>                            6%] [Cov:===========>                       33%]
[Progress:=>                            6%] [Cov:===========>                       33%]
[Progress:===>                          10%] [Cov:===========>                       34%]
[Progress:===>                          10%] [Cov:=============>                     39%]
[Progress:===>                          10%] [Cov:==============>                    40%]
[Progress:===>                          10%] [Cov:===============>                   43%]
[Progress:===>                          10%] [Cov:=================>                 51%]
[Progress:===>                          10%] [Cov:==================>                52%]
[Progress:===>                          10%] [Cov:===============>                   43%]BPSO iteration=1 bestFitness=196.4421875 population=30 inertia=0.72

[Progress:===>                          10%] [Cov:==================>                52%]
[Progress:===>                          13%] [Cov:================>                  47%]
[Progress:===>                          13%] [Cov:================>                  47%]BPSO iteration=2 bestFitness=192.43336397058823 population=30 inertia=0.72

[Progress:===>                          13%] [Cov:================>                  48%]
[Progress:===>                          13%] [Cov:==================>                52%]
[Progress:===>                          13%] [Cov:================>                  47%]BPSO iteration=3 bestFitness=192.43336397058823 population=30 inertia=0.72

[Progress:====>                         16%] [Cov:================>                  47%]
[Progress:====>                         16%] [Cov:================>                  47%]BPSO iteration=4 bestFitness=189.43336397058823 population=30 inertia=0.72

[Progress:====>                         16%] [Cov:===================>               55%]
[Progress:====>                         16%] [Cov:================>                  47%]BPSO iteration=5 bestFitness=189.43336397058823 population=30 inertia=0.72

[Progress:====>                         16%] [Cov:================>                  47%]
[Progress:====>                         16%] [Cov:================>                  48%]
[Progress:====>                         16%] [Cov:=================>                 49%]
[Progress:======>                       20%] [Cov:=================>                 49%]
[Progress:======>                       20%] [Cov:=================>                 49%]
[Progress:======>                       20%] [Cov:==================>                54%]
[Progress:======>                       20%] [Cov:=================>                 51%]
[Progress:======>                       23%] [Cov:=================>                 51%]
[Progress:======>                       23%] [Cov:===================>               55%]
[Progress:======>                       23%] [Cov:=================>                 51%]
[Progress:======>                       23%] [Cov:=================>                 51%]
[Progress:======>                       23%] [Cov:==================>                52%]
[Progress:=======>                      26%] [Cov:=================>                 51%]
[Progress:=======>                      26%] [Cov:==================>                52%]
[Progress:=======>                      26%] [Cov:=================>                 51%]
[Progress:=======>                      26%] [Cov:==================>                53%]
[Progress:=======>                      26%] [Cov:===================>               55%]
[Progress:=======>                      26%] [Cov:===================>               56%]
[Progress:=======>                      26%] [Cov:===================>               57%]
[Progress:=======>                      26%] [Cov:====================>              58%]
[Progress:=======>                      26%] [Cov:====================>              59%]
[Progress:=======>                      26%] [Cov:=====================>             60%]
[Progress:=======>                      26%] [Cov:=====================>             61%]
[Progress:=======>                      26%] [Cov:=====================>             62%]
[Progress:=======>                      26%] [Cov:======================>            64%]
[Progress:=======>                      26%] [Cov:======================>            65%]
[Progress:=======>                      26%] [Cov:=======================>           66%]
[Progress:=======>                      26%] [Cov:=======================>           66%]
[Progress:=======>                      26%] [Cov:=======================>           66%]
[Progress:=========>                    30%] [Cov:=======================>           66%]
[Progress:=========>                    30%] [Cov:=======================>           66%]
[Progress:=========>                    30%] [Cov:=======================>           67%]
[Progress:=============>                46%] [Cov:=======================>           67%]
[Progress:=============>                46%] [Cov:=======================>           68%]
[Progress:=============>                46%] [Cov:=======================>           68%]
[Progress:=============>                46%] [Cov:========================>          70%]
[Progress:==================>           63%] [Cov:========================>          70%]
[Progress:==================>           63%] [Cov:========================>          70%]
[Progress:===================>          66%] [Cov:========================>          70%]
[Progress:===================>          66%] [Cov:========================>          70%]
[Progress:===================>          66%] [Cov:========================>          70%]
[Progress:===================>          66%] [Cov:========================>          70%]
[Progress:=====================>        70%] [Cov:========================>          70%]
[Progress:=====================>        70%] [Cov:========================>          70%]BPSO iteration=20 bestFitness=117.35714285714286 population=30 inertia=0.72

[Progress:=====================>        70%] [Cov:========================>          71%]
[Progress:=====================>        70%] [Cov:========================>          70%]
[Progress:=========================>    86%] [Cov:========================>          70%]
[Progress:=========================>    86%] [Cov:========================>          70%]
[Progress:===========================>  90%] [Cov:========================>          70%]
[Progress:===========================>  90%] [Cov:========================>          70%]
[Progress:===========================>  90%] [Cov:========================>          71%]
[Progress:===========================>  90%] [Cov:========================>          71%]
[Progress:===========================>  90%] [Cov:==========================>        76%]
[Progress:===========================>  90%] [Cov:=========================>         73%]
[Progress:===========================>  93%] [Cov:========>                          23%]
[Progress:===========================>  93%] [Cov:================>                  48%]
[Progress:===========================>  93%] [Cov:=========================>         73%]
[Progress:===========================>  93%] [Cov:=========================>         73%]
[Progress:===========================>  93%] [Cov:=========================>         73%]
[Progress:===========================>  93%] [Cov:=========================>         74%]
[Progress:===========================>  93%] [Cov:==========================>        75%]
[Progress:===========================>  93%] [Cov:==========================>        76%]
[Progress:===========================>  93%] [Cov:==========================>        77%]
[Progress:===========================>  93%] [Cov:===========================>       78%]
[Progress:===========================>  93%] [Cov:===========================>       79%]
[Progress:===========================>  93%] [Cov:============================>      80%]
[Progress:===========================>  93%] [Cov:============================>      80%]
[Progress:============================> 96%] [Cov:============================>      80%]
[Progress:============================> 96%] [Cov:============================>      80%]
[Progress:============================> 96%] [Cov:============================>      81%]
[Progress:============================> 96%] [Cov:============================>      82%]
[Progress:============================> 96%] [Cov:============================>      82%]
[Progress:============================> 96%] [Cov:============================>      82%]
[Progress:==============================100%] [Cov:============================>      82%]
[Progress:==============================100%] [Cov:============================>      82%]
[Progress:==============================100%] [Cov:============================>      82%]
[Progress:==============================100%] [Cov:============================>      82%]
[Progress:==============================100%] [Cov:============================>      82%]
[Progress:==============================100%] [Cov:============================>      82%]
* Search finished after 31s and 35 generations, 42683 statements, best individual has fitness: 73.16666666666666
* Minimizing test suite
* Going to analyze the coverage criteria
* Coverage analysis for criterion LINE
* Coverage of criterion LINE: 94%
* Total number of goals: 34
* Number of covered goals: 32
* Coverage analysis for criterion BRANCH
* Coverage of criterion BRANCH: 89%
* Total number of goals: 19
* Number of covered goals: 17
* Coverage analysis for criterion EXCEPTION
* Coverage of criterion EXCEPTION: 100% (no goals)
* Coverage analysis for criterion WEAKMUTATION
* Coverage of criterion WEAKMUTATION: 95%
* Total number of goals: 96
* Number of covered goals: 91
* Coverage analysis for criterion OUTPUT
* Coverage of criterion OUTPUT: 47%
* Total number of goals: 111
* Number of covered goals: 52
* Coverage analysis for criterion METHOD
* Coverage of criterion METHOD: 100%
* Total number of goals: 10
* Number of covered goals: 10
* Coverage analysis for criterion CBRANCH
* Coverage of criterion CBRANCH: 89%
* Total number of goals: 19
* Number of covered goals: 17
* Generated 17 tests with total length 100
* Resulting test suite's coverage: 82% (average coverage for all fitness functions)
* Generating assertions
* Resulting test suite's mutation score: 50%
* Property NO_RUNTIME_DEPENDENCY is set to true - skipping JUnit compile check
* WARNING: Not including the runtime dependencies is likely to lead to flaky tests!
* Permissions denied during test execution: 
  - java.lang.RuntimePermission: 
         writeFileDescriptor: 4
* Writing tests to file
* Writing JUnit test case 'JsonGeneratorImpl_ESTest' to /home/acer/SQA/all-in-one-results/JacksonCore/BPSO_db7ac586/round1/JacksonCore-13/generation/com_fasterxml_jackson_core_json_JsonGeneratorImpl/evosuite-tests
* Done!

* Computation finished
