* EvoSuite 1.2.0
* Going to generate test cases for class: com.fasterxml.jackson.core.base.ParserBase
* Starting Client-0
* Connecting to master process on port 18826
* Analyzing classpath: 
  - /home/acer/SQA/jacksoncore-work/JacksonCore/BPSO_db7ac586/round1/24f/target/classes
  - /home/acer/defects4j/framework/projects/JacksonCore/lib/junit/junit/4.12/junit-4.12.jar
  - /home/acer/defects4j/framework/projects/JacksonCore/lib/org/hamcrest/hamcrest-core/1.3/hamcrest-core-1.3.jar
  - /home/acer/SQA/jacksoncore-work/JacksonCore/BPSO_db7ac586/round1/24f/target/test-classes
  - /home/acer/defects4j/framework/projects/lib/junit-4.12-hamcrest-1.3.jar
  - /home/acer/defects4j/framework/projects/JacksonCore/lib/junit/junit/4.11/junit-4.11.jar
  - /home/acer/defects4j/framework/projects/JacksonCore/lib/junit/junit/4.8.2/junit-4.8.2.jar
[MASTER] 01:31:44.066 [logback-1] WARN  InheritanceTree - Class not in inheritance graph: java.io.ObjectInputFilter
[MASTER] 01:31:44.103 [logback-1] WARN  InheritanceTree - Class not in inheritance graph: java.util.Locale$IsoCountryCode
* Finished analyzing classpath
* Generating tests for class com.fasterxml.jackson.core.base.ParserBase
* Test criteria:
  - Line Coverage
  - Branch Coverage
  - Exception
  - Mutation testing (weak)
  - Method-Output Coverage
  - Top-Level Method Coverage
  - Context Branch Coverage
* Setting up search algorithm for whole suite generation
* Total number of test goals: 
  - Line 391
  - Branch 286
  - Exception 0
  - MutationFactory 880
  - Output 289
  - Method 59
  - CBranchFitnessFactory 286

[Progress:>                             0%] [Cov:>                                  0%]* Using seed 20260930
* Starting evolution

[Progress:>                             0%] [Cov:====>                              14%]
[Progress:>                             3%] [Cov:>                                  0%]
[Progress:>                             3%] [Cov:=====>                             15%]
[Progress:=>                            6%] [Cov:====>                              13%]
[Progress:=>                            6%] [Cov:====>                              14%]
[Progress:=>                            6%] [Cov:=====>                             15%]
[Progress:===>                          10%] [Cov:>                                  0%]
[Progress:===>                          10%] [Cov:====>                              14%]
[Progress:===>                          10%] [Cov:=====>                             15%]
[Progress:===>                          10%] [Cov:====>                              14%]
[Progress:===>                          10%] [Cov:===========>                       33%]
[Progress:===>                          10%] [Cov:============>                      36%]
[Progress:===>                          13%] [Cov:====>                              13%]
[Progress:=========>                    30%] [Cov:>                                  2%]
[Progress:=========>                    30%] [Cov:===========>                       34%]
[Progress:=========>                    30%] [Cov:============>                      35%]
[Progress:=========>                    30%] [Cov:============>                      36%]
[Progress:=========>                    30%] [Cov:====>                              14%]BPSO iteration=1 bestFitness=10015.99730458221 population=30 inertia=0.72

[Progress:=========>                    30%] [Cov:===========>                       33%]
[Progress:=========>                    33%] [Cov:====>                              14%]
[Progress:=========>                    33%] [Cov:====>                              14%]BPSO iteration=2 bestFitness=9981.497282608696 population=30 inertia=0.72

[Progress:=========>                    33%] [Cov:=====>                             15%]
[Progress:=========>                    33%] [Cov:=====>                             16%]
[Progress:=========>                    33%] [Cov:===========>                       34%]
[Progress:=========>                    33%] [Cov:============>                      37%]
[Progress:===============>              50%] [Cov:====>                              14%]
[Progress:===============>              50%] [Cov:=====>                             16%][MASTER] 01:32:00.537 [logback-1] WARN  TestChromosome - Functional mock problem: org.evosuite.ga.ConstructionFailedException: Failed to add constructor for com.fasterxml.jackson.core.json.UTF8DataInputJsonParser due to org.evosuite.ga.ConstructionFailedException: Failed to add constructor for com.fasterxml.jackson.core.util.JsonParserDelegate due to org.evosuite.ga.ConstructionFailedException: Failed to add constructor for com.fasterxml.jackson.core.json.ReaderBasedJsonParser due to org.evosuite.ga.ConstructionFailedException: Max recursion depth reached

[Progress:===============>              50%] [Cov:============>                      37%]
[Progress:===============>              53%] [Cov:========>                          24%]
[Progress:===============>              53%] [Cov:=====>                             16%]BPSO iteration=3 bestFitness=9825.99711815562 population=30 inertia=0.72

[Progress:===============>              53%] [Cov:===========>                       34%]
[Progress:===============>              53%] [Cov:============>                      36%]
[Progress:================>             56%] [Cov:=====>                             17%]
[Progress:================>             56%] [Cov:=====>                             17%]BPSO iteration=4 bestFitness=9773.997093023256 population=30 inertia=0.72

[Progress:================>             56%] [Cov:======>                            18%]
[Progress:================>             56%] [Cov:===========>                       34%]
[Progress:==================>           60%] [Cov:======>                            18%]
[Progress:==================>           60%] [Cov:======>                            18%]BPSO iteration=5 bestFitness=9717.997076023392 population=30 inertia=0.72

[Progress:==================>           60%] [Cov:============>                      36%][MASTER] 01:32:02.912 [logback-1] WARN  TestChromosome - Functional mock problem: org.evosuite.ga.ConstructionFailedException: Failed to add constructor for com.fasterxml.jackson.core.json.ReaderBasedJsonParser due to org.evosuite.ga.ConstructionFailedException: Failed to add constructor for com.fasterxml.jackson.core.json.UTF8DataInputJsonParser due to org.evosuite.ga.ConstructionFailedException: Failed to add constructor for java.io.DataInputStream due to org.evosuite.ga.ConstructionFailedException: Max recursion depth reached
[MASTER] 01:32:03.026 [logback-1] WARN  TestChromosome - Functional mock problem: org.evosuite.ga.ConstructionFailedException: Failed to add constructor for com.fasterxml.jackson.core.json.ReaderBasedJsonParser due to org.evosuite.ga.ConstructionFailedException: Failed to add constructor for com.fasterxml.jackson.core.filter.FilteringGeneratorDelegate due to org.evosuite.ga.ConstructionFailedException: Failed to add constructor for com.fasterxml.jackson.core.util.JsonGeneratorDelegate due to org.evosuite.ga.ConstructionFailedException: Failed to add constructor for com.fasterxml.jackson.core.json.UTF8JsonGenerator due to org.evosuite.ga.ConstructionFailedException: Max recursion depth reached

[Progress:==================>           63%] [Cov:======>                            18%]
[Progress:==================>           63%] [Cov:======>                            18%]
[Progress:==================>           63%] [Cov:============>                      36%]
[Progress:===================>          66%] [Cov:======>                            18%]
[Progress:===================>          66%] [Cov:======>                            18%]
[Progress:===================>          66%] [Cov:======>                            19%]
[Progress:===================>          66%] [Cov:=======>                           20%]
[Progress:=====================>        70%] [Cov:=======>                           20%]
[Progress:=====================>        70%] [Cov:===========>                       34%][MASTER] 01:32:05.799 [logback-1] WARN  TestChromosome - Functional mock problem: org.evosuite.ga.ConstructionFailedException: Cannot apply field to this callee

[Progress:=====================>        70%] [Cov:=======>                           20%]
[Progress:=====================>        70%] [Cov:===========>                       33%]
[Progress:=====================>        73%] [Cov:======>                            18%]
[Progress:=====================>        73%] [Cov:===========>                       34%]
[Progress:=====================>        73%] [Cov:=======>                           20%]
[Progress:=====================>        73%] [Cov:============>                      35%]
[Progress:======================>       76%] [Cov:=======>                           21%]
[Progress:======================>       76%] [Cov:=======>                           22%]
[Progress:======================>       76%] [Cov:=======>                           22%]
[Progress:======================>       76%] [Cov:===========>                       34%]
[Progress:========================>     80%] [Cov:=======>                           22%]
[Progress:========================>     80%] [Cov:===========>                       34%]
[Progress:========================>     80%] [Cov:=======>                           22%]
[Progress:========================>     83%] [Cov:==>                                6%]
[Progress:========================>     83%] [Cov:============>                      35%]
[Progress:=========================>    86%] [Cov:=======>                           22%]
[Progress:=========================>    86%] [Cov:=======>                           22%]
[Progress:=========================>    86%] [Cov:========>                          23%]
[Progress:===========================>  90%] [Cov:========>                          23%]
[Progress:===========================>  90%] [Cov:===========>                       34%]
[Progress:===========================>  93%] [Cov:=======>                           22%]
[Progress:===========================>  93%] [Cov:========>                          23%][MASTER] 01:32:12.714 [logback-1] WARN  TestChromosome - Functional mock problem: org.evosuite.ga.ConstructionFailedException: Failed to add constructor for com.fasterxml.jackson.core.json.UTF8DataInputJsonParser due to org.evosuite.ga.ConstructionFailedException: Failed to add constructor for com.fasterxml.jackson.core.filter.FilteringParserDelegate due to org.evosuite.ga.ConstructionFailedException: Failed to add constructor for com.fasterxml.jackson.core.json.ReaderBasedJsonParser due to org.evosuite.ga.ConstructionFailedException: Max recursion depth reached

[Progress:===========================>  93%] [Cov:=============>                     39%]
[Progress:============================> 96%] [Cov:========>                          23%]
[Progress:============================> 96%] [Cov:========>                          23%]
[Progress:============================> 96%] [Cov:============>                      36%]
[Progress:==============================100%] [Cov:========>                          24%]
[Progress:==============================100%] [Cov:=============>                     38%]
[Progress:==============================100%] [Cov:=======>                           22%]
[Progress:==============================100%] [Cov:========>                          23%]
[Progress:==============================100%] [Cov:========>                          24%]
[Progress:==============================100%] [Cov:========>                          23%]
[Progress:==============================100%] [Cov:========>                          24%]
[Progress:==============================100%] [Cov:========>                          24%]
[Progress:==============================100%] [Cov:==========>                        29%]
* Search finished after 33s and 14 generations, 22305 statements, best individual has fitness: 8353.596699669968
* Minimizing test suite
* Going to analyze the coverage criteria
* Coverage analysis for criterion LINE
* Coverage of criterion LINE: 23%
* Total number of goals: 391
* Number of covered goals: 89
* Coverage analysis for criterion BRANCH
* Coverage of criterion BRANCH: 15%
* Total number of goals: 286
* Number of covered goals: 42
* Coverage analysis for criterion EXCEPTION
* Coverage of criterion EXCEPTION: 100%
* Total number of goals: 9
* Number of covered goals: 9
* Coverage analysis for criterion WEAKMUTATION
* Coverage of criterion WEAKMUTATION: 13%
* Total number of goals: 880
* Number of covered goals: 118
* Coverage analysis for criterion OUTPUT
* Coverage of criterion OUTPUT: 14%
* Total number of goals: 289
* Number of covered goals: 40
* Coverage analysis for criterion METHOD
* Coverage of criterion METHOD: 37%
* Total number of goals: 59
* Number of covered goals: 22
* Coverage analysis for criterion CBRANCH
* Coverage of criterion CBRANCH: 15%
* Total number of goals: 286
* Number of covered goals: 42
* Generated 28 tests with total length 177
* Resulting test suite's coverage: 29% (average coverage for all fitness functions)
* Generating assertions
* Resulting test suite's mutation score: 2%
* Property NO_RUNTIME_DEPENDENCY is set to true - skipping JUnit compile check
* WARNING: Not including the runtime dependencies is likely to lead to flaky tests!
* Permissions denied during test execution: 
  - java.lang.RuntimePermission: 
         writeFileDescriptor: 2
* Writing tests to file
* Writing JUnit test case 'ParserBase_ESTest' to /home/acer/SQA/all-in-one-results/JacksonCore/BPSO_db7ac586/round1/JacksonCore-24/generation/com_fasterxml_jackson_core_base_ParserBase/evosuite-tests
* Done!

* Computation finished
