Project=Lang
Bug=42
Algorithm=BPSO
TargetClass=org.apache.commons.lang.Entities
TargetMethod=escape
TriggerTest=org.apache.commons.lang.StringEscapeUtilsTest::testEscapeHtmlHighUnicode
ModifiedSource=org.apache.commons.lang.Entities
FixedRevision=c0683957931ffa3df218ff68ca31e257174a6466
CandidatePool=24
SuiteSize=12
Iterations=5000
Seed=20260923
Generator=GenericCandidateProvider
TriggerInputsCopied=false
TemporaryGeneratorWorkspace=/tmp/sqa_lang_generator_42_BPSO_ejswq5
GeneratedClass=Lang42GeneratedTestBPSO

============================================================
GENERATION SUCCESS
============================================================
Status : GENERATED
File   : /Users/fangfang/Documents/SQA_Project_2026/automation/runs/Lang/Bug-42/BPSO/generated_test.java
Class  : Lang42GeneratedTestBPSO
Method : escape
============================================================

RETURN_CODE=0
END=Sat Oct  3 00:15:22 +07 2026
GENERATION SUCCESS
