* EvoSuite 1.2.0
* Going to generate test cases for class: com.fasterxml.jackson.core.base.GeneratorBase
* Starting Client-0
* Connecting to master process on port 18826
* Analyzing classpath: 
  - /home/acer/SQA/jacksoncore-work/JacksonCore/BPSO_db7ac586/round1/18f/target/classes
  - /home/acer/defects4j/framework/projects/JacksonCore/lib/junit/junit/4.12/junit-4.12.jar
  - /home/acer/defects4j/framework/projects/JacksonCore/lib/org/hamcrest/hamcrest-core/1.3/hamcrest-core-1.3.jar
  - /home/acer/SQA/jacksoncore-work/JacksonCore/BPSO_db7ac586/round1/18f/target/test-classes
  - /home/acer/defects4j/framework/projects/lib/junit-4.12-hamcrest-1.3.jar
  - /home/acer/defects4j/framework/projects/JacksonCore/lib/junit/junit/4.11/junit-4.11.jar
  - /home/acer/defects4j/framework/projects/JacksonCore/lib/junit/junit/4.8.2/junit-4.8.2.jar
[MASTER] 01:16:24.651 [logback-1] WARN  InheritanceTree - Class not in inheritance graph: java.io.ObjectInputFilter
[MASTER] 01:16:24.850 [logback-1] WARN  InheritanceTree - Class not in inheritance graph: java.util.Locale$IsoCountryCode
* Finished analyzing classpath
* Generating tests for class com.fasterxml.jackson.core.base.GeneratorBase
* Test criteria:
  - Line Coverage
  - Branch Coverage
  - Exception
  - Mutation testing (weak)
  - Method-Output Coverage
  - Top-Level Method Coverage
  - Context Branch Coverage
* Setting up search algorithm for whole suite generation
* Total number of test goals: 
  - Line 119
  - Branch 76
  - Exception 0
  - MutationFactory 790
  - Output 171
  - Method 29
  - CBranchFitnessFactory 76

[Progress:>                             0%] [Cov:>                                  0%]* Using seed 20260930
* Starting evolution

[Progress:>                             0%] [Cov:>                                  1%]
[Progress:>                             0%] [Cov:=====>                             16%]
[Progress:>                             3%] [Cov:====>                              14%]
[Progress:>                             3%] [Cov:=====>                             15%]
[Progress:=>                            6%] [Cov:>                                  0%]
[Progress:=>                            6%] [Cov:>                                  1%]
[Progress:=>                            6%] [Cov:=====>                             15%]
[Progress:=>                            6%] [Cov:=====>                             17%]
[Progress:=>                            6%] [Cov:======>                            18%]
[Progress:=>                            6%] [Cov:======>                            19%]
[Progress:===>                          10%] [Cov:======>                            19%]
[Progress:===>                          10%] [Cov:==============>                    41%]
[Progress:===>                          10%] [Cov:========>                          23%]BPSO iteration=1 bestFitness=1158.9603841536614 population=30 inertia=0.72

[Progress:===>                          13%] [Cov:====>                              14%]
[Progress:===>                          13%] [Cov:==============>                    42%]
[Progress:===>                          13%] [Cov:========>                          23%]BPSO iteration=2 bestFitness=1158.9603841536614 population=30 inertia=0.72

[Progress:=========>                    30%] [Cov:====>                              12%]
[Progress:=========>                    30%] [Cov:==============>                    40%]
[Progress:=========>                    30%] [Cov:========>                          23%]BPSO iteration=3 bestFitness=1158.9603841536614 population=30 inertia=0.72

[Progress:=========>                    30%] [Cov:========>                          24%]
[Progress:=========>                    30%] [Cov:========>                          25%]
[Progress:=========>                    30%] [Cov:=========>                         28%]
[Progress:=========>                    30%] [Cov:==========>                        29%]
[Progress:=========>                    30%] [Cov:============>                      35%]
[Progress:=========>                    33%] [Cov:=========>                         28%]
[Progress:=========>                    33%] [Cov:============>                      37%]
[Progress:=========>                    33%] [Cov:==============>                    40%]
[Progress:=========>                    33%] [Cov:==========>                        29%]BPSO iteration=4 bestFitness=959.9588666075813 population=30 inertia=0.72

[Progress:==========>                   36%] [Cov:==========>                        29%]
[Progress:==========>                   36%] [Cov:==========>                        29%]BPSO iteration=5 bestFitness=957.4588644753599 population=30 inertia=0.72

[Progress:==========>                   36%] [Cov:============>                      36%]
[Progress:==========>                   36%] [Cov:=============>                     38%]
[Progress:==========>                   36%] [Cov:==========>                        30%]
[Progress:==========>                   36%] [Cov:============>                      37%]
[Progress:==========>                   36%] [Cov:==============>                    40%]
[Progress:============>                 40%] [Cov:==========>                        30%]
[Progress:============>                 40%] [Cov:==============>                    40%]
[Progress:============>                 40%] [Cov:==========>                        30%]
[Progress:============>                 40%] [Cov:=============>                     39%]
[Progress:============>                 40%] [Cov:===========>                       33%]
[Progress:============>                 40%] [Cov:===========>                       34%]
[Progress:============>                 43%] [Cov:===========>                       34%]
[Progress:============>                 43%] [Cov:============>                      36%]
[Progress:============>                 43%] [Cov:==============>                    40%]
[Progress:============>                 43%] [Cov:===============>                   43%]
[Progress:============>                 43%] [Cov:===========>                       34%]
[Progress:============>                 43%] [Cov:=============>                     38%]
[Progress:=============>                46%] [Cov:============>                      36%]
[Progress:=============>                46%] [Cov:============>                      36%]
[Progress:=============>                46%] [Cov:============>                      36%]
[Progress:===============>              50%] [Cov:============>                      36%]
[Progress:===============>              50%] [Cov:===============>                   43%]
[Progress:===============>              50%] [Cov:==============>                    40%]
[Progress:===============>              50%] [Cov:===============>                   44%]
[Progress:===============>              53%] [Cov:==============>                    40%]
[Progress:===============>              53%] [Cov:==============>                    40%]
[Progress:===============>              53%] [Cov:==============>                    41%]
[Progress:=====================>        70%] [Cov:==>                                8%]
[Progress:=====================>        70%] [Cov:============>                      37%]
[Progress:=====================>        70%] [Cov:==============>                    40%]
[Progress:=====================>        70%] [Cov:==============>                    41%]
[Progress:=====================>        70%] [Cov:==============>                    41%]
[Progress:=====================>        70%] [Cov:==============>                    42%]
[Progress:=====================>        70%] [Cov:==============>                    42%]
[Progress:=====================>        73%] [Cov:==============>                    42%]
[Progress:=====================>        73%] [Cov:===============>                   43%]
[Progress:=====================>        73%] [Cov:===============>                   43%]
[Progress:=====================>        73%] [Cov:================>                  46%]
[Progress:======================>       76%] [Cov:===============>                   45%]
[Progress:======================>       76%] [Cov:===============>                   45%]
[Progress:======================>       76%] [Cov:================>                  46%]
[Progress:===========================>  93%] [Cov:================>                  46%]
[Progress:===========================>  93%] [Cov:================>                  46%]
[Progress:============================> 96%] [Cov:================>                  46%]
[Progress:============================> 96%] [Cov:================>                  47%]
[Progress:============================> 96%] [Cov:================>                  47%]
[Progress:============================> 96%] [Cov:================>                  48%]
[Progress:==============================100%] [Cov:================>                  47%]
[Progress:==============================100%] [Cov:================>                  48%]
[Progress:==============================100%] [Cov:================>                  48%]BPSO iteration=20 bestFitness=656.4183891660728 population=30 inertia=0.72

[Progress:==============================100%] [Cov:================>                  47%]
[Progress:==============================100%] [Cov:================>                  48%]
[Progress:==============================100%] [Cov:================>                  48%]
[Progress:==============================100%] [Cov:=====================>             60%]
* Search finished after 35s and 21 generations, 25251 statements, best individual has fitness: 559.0370553359684
[MASTER] 01:17:00.966 [logback-1] WARN  TimeController - Phase SEARCH lasted too long, 5 seconds more than allowed.
* Minimizing test suite
* Going to analyze the coverage criteria
* Coverage analysis for criterion LINE
* Coverage of criterion LINE: 64%
* Total number of goals: 119
* Number of covered goals: 76
* Coverage analysis for criterion BRANCH
* Coverage of criterion BRANCH: 55%
* Total number of goals: 76
* Number of covered goals: 42
* Coverage analysis for criterion EXCEPTION
* Coverage of criterion EXCEPTION: 100%
* Total number of goals: 7
* Number of covered goals: 7
* Coverage analysis for criterion WEAKMUTATION
* Coverage of criterion WEAKMUTATION: 63%
* Total number of goals: 790
* Number of covered goals: 499
* Coverage analysis for criterion OUTPUT
* Coverage of criterion OUTPUT: 42%
* Total number of goals: 171
* Number of covered goals: 71
* Coverage analysis for criterion METHOD
* Coverage of criterion METHOD: 76%
* Total number of goals: 29
* Number of covered goals: 22
* Coverage analysis for criterion CBRANCH
* Coverage of criterion CBRANCH: 55%
* Total number of goals: 76
* Number of covered goals: 42
* Generated 35 tests with total length 218
* Resulting test suite's coverage: 60% (average coverage for all fitness functions)
* Generating assertions
* Resulting test suite's mutation score: 31%
* Property NO_RUNTIME_DEPENDENCY is set to true - skipping JUnit compile check
* WARNING: Not including the runtime dependencies is likely to lead to flaky tests!
* Permissions denied during test execution: 
  - java.lang.RuntimePermission: 
         writeFileDescriptor: 41
* Writing tests to file
* Writing JUnit test case 'GeneratorBase_ESTest' to /home/acer/SQA/all-in-one-results/JacksonCore/BPSO_db7ac586/round1/JacksonCore-18/generation/com_fasterxml_jackson_core_base_GeneratorBase/evosuite-tests
* Done!

* Computation finished
