{
  "project": "Lang",
  "bug_id": "31",
  "method": "SA",
  "generated_test": "/Users/fangfang/Documents/SQA_Project_2026/automation/runs/Lang/Bug-31/SA/generated_test.java",
  "destination": "org/apache/commons/lang3/Lang31GeneratedTestSA.java",
  "status": "DONE",
  "statistics": {
    "total_tests": 12,
    "evaluated_tests": 12,
    "detected_tests": 0,
    "fdr_percent": 0.0,
    "buggy_pass": 12,
    "buggy_fail": 0,
    "buggy_error": 0,
    "fixed_pass": 12,
    "fixed_fail": 0,
    "fixed_error": 0
  },
  "coverage": {
    "buggy": {
      "workspace": "/Users/fangfang/Documents/SQA_Project_2026/workspaces/d4j_suite_eval_as58cl3c/buggy",
      "generated_test": "/Users/fangfang/Documents/SQA_Project_2026/automation/runs/Lang/Bug-31/SA/generated_test.java",
      "destination": "org/apache/commons/lang3/Lang31GeneratedTestSA.java",
      "archive": "/Users/fangfang/Documents/SQA_Project_2026/automation/runs/d4j_cov_suite_vrq2ruyz/Lang-31b-generated.1.tar.bz2",
      "command_return_code": 0,
      "coverage_time_seconds": 7.157409875,
      "status": "PASS",
      "metrics": {
        "LinesTotal": 1178,
        "LinesCovered": 3,
        "ConditionsTotal": 1045,
        "ConditionsCovered": 2,
        "line_coverage": 0.2546689303904924,
        "branch_coverage": 0.19138755980861244
      },
      "total_time_seconds": 7.157409875
    },
    "fixed": {
      "workspace": "/Users/fangfang/Documents/SQA_Project_2026/workspaces/d4j_suite_eval_as58cl3c/fixed",
      "generated_test": "/Users/fangfang/Documents/SQA_Project_2026/automation/runs/Lang/Bug-31/SA/generated_test.java",
      "destination": "org/apache/commons/lang3/Lang31GeneratedTestSA.java",
      "archive": "/Users/fangfang/Documents/SQA_Project_2026/automation/runs/d4j_cov_suite_di4lcnyv/Lang-31f-generated.1.tar.bz2",
      "command_return_code": 0,
      "coverage_time_seconds": 6.15840575,
      "status": "PASS",
      "metrics": {
        "LinesTotal": 1183,
        "LinesCovered": 6,
        "ConditionsTotal": 1055,
        "ConditionsCovered": 4,
        "line_coverage": 0.5071851225697379,
        "branch_coverage": 0.37914691943127965
      },
      "total_time_seconds": 6.15840575
    }
  },
  "timing": {
    "generation_seconds": 12.92382,
    "suite_runner_seconds": 51.768160709,
    "compile_buggy_seconds": 12.311333709,
    "compile_fixed_seconds": 9.986058958,
    "execution_buggy_seconds": 13.940083123000004,
    "execution_fixed_seconds": 13.818336541,
    "coverage_buggy_seconds": 7.157409875,
    "coverage_fixed_seconds": 6.15840575,
    "total_time_seconds": 65.24946354100001
  },
  "evaluation_workspaces": {
    "buggy": "/Users/fangfang/Documents/SQA_Project_2026/workspaces/d4j_suite_eval_as58cl3c/buggy",
    "fixed": "/Users/fangfang/Documents/SQA_Project_2026/workspaces/d4j_suite_eval_as58cl3c/fixed"
  }
}
