{
  "project": "Lang",
  "bug_id": "29",
  "method": "BPSO",
  "generated_test": "/Users/fangfang/Documents/SQA_Project_2026/automation/runs/Lang/Bug-29/BPSO/generated_test.java",
  "destination": "org/apache/commons/lang3/Lang29GeneratedTestBPSO.java",
  "status": "DONE",
  "statistics": {
    "total_tests": 12,
    "evaluated_tests": 12,
    "detected_tests": 0,
    "fdr_percent": 0.0,
    "buggy_pass": 12,
    "buggy_fail": 0,
    "buggy_error": 0,
    "fixed_pass": 12,
    "fixed_fail": 0,
    "fixed_error": 0
  },
  "coverage": {
    "buggy": {
      "workspace": "/Users/fangfang/Documents/SQA_Project_2026/workspaces/d4j_suite_eval_58n8qj7f/buggy",
      "generated_test": "/Users/fangfang/Documents/SQA_Project_2026/automation/runs/Lang/Bug-29/BPSO/generated_test.java",
      "destination": "org/apache/commons/lang3/Lang29GeneratedTestBPSO.java",
      "archive": "/Users/fangfang/Documents/SQA_Project_2026/automation/runs/d4j_cov_suite_nwwjb484/Lang-29b-generated.1.tar.bz2",
      "command_return_code": 0,
      "coverage_time_seconds": 5.893076625,
      "status": "PASS",
      "metrics": {
        "LinesTotal": 141,
        "LinesCovered": 118,
        "ConditionsTotal": 50,
        "ConditionsCovered": 29,
        "line_coverage": 83.68794326241135,
        "branch_coverage": 57.99999999999999
      },
      "total_time_seconds": 5.893076625
    },
    "fixed": {
      "workspace": "/Users/fangfang/Documents/SQA_Project_2026/workspaces/d4j_suite_eval_58n8qj7f/fixed",
      "generated_test": "/Users/fangfang/Documents/SQA_Project_2026/automation/runs/Lang/Bug-29/BPSO/generated_test.java",
      "destination": "org/apache/commons/lang3/Lang29GeneratedTestBPSO.java",
      "archive": "/Users/fangfang/Documents/SQA_Project_2026/automation/runs/d4j_cov_suite_i3oququ0/Lang-29f-generated.1.tar.bz2",
      "command_return_code": 0,
      "coverage_time_seconds": 5.7112184159999995,
      "status": "PASS",
      "metrics": {
        "LinesTotal": 141,
        "LinesCovered": 118,
        "ConditionsTotal": 50,
        "ConditionsCovered": 29,
        "line_coverage": 83.68794326241135,
        "branch_coverage": 57.99999999999999
      },
      "total_time_seconds": 5.7112184159999995
    }
  },
  "timing": {
    "generation_seconds": 12.852211,
    "suite_runner_seconds": 30.999993125,
    "compile_buggy_seconds": 6.060305333,
    "compile_fixed_seconds": 4.207754667000001,
    "execution_buggy_seconds": 10.065417124,
    "execution_fixed_seconds": 10.140015539999998,
    "coverage_buggy_seconds": 5.893076625,
    "coverage_fixed_seconds": 5.7112184159999995,
    "total_time_seconds": 42.751051041
  },
  "evaluation_workspaces": {
    "buggy": "/Users/fangfang/Documents/SQA_Project_2026/workspaces/d4j_suite_eval_58n8qj7f/buggy",
    "fixed": "/Users/fangfang/Documents/SQA_Project_2026/workspaces/d4j_suite_eval_58n8qj7f/fixed"
  }
}
