* EvoSuite 1.2.0
* Going to generate test cases for class: org.apache.commons.cli2.builder.PatternBuilder
* Starting Client-0
* Connecting to master process on port 18826
* Analyzing classpath: 
  - /home/acer/SQA/cli-work/Cli/BPSO_db7ac586/round1/7f/target/classes
  - /home/acer/SQA/cli-work/Cli/BPSO_db7ac586/round1/7f/target/lib/commons-lang/jars/commons-lang-2.1.jar
  - /home/acer/SQA/cli-work/Cli/BPSO_db7ac586/round1/7f/target/lib/jdepend/jars/jdepend-2.5.jar
  - /home/acer/SQA/cli-work/Cli/BPSO_db7ac586/round1/7f/target/test-classes
  - /home/acer/defects4j/framework/projects/Cli/lib/org/hamcrest/hamcrest-core/1.3/hamcrest-core-1.3.jar
[MASTER] 22:23:34.608 [logback-1] WARN  InheritanceTree - Class not in inheritance graph: java.util.Locale$IsoCountryCode
* Finished analyzing classpath
* Generating tests for class org.apache.commons.cli2.builder.PatternBuilder
* Test criteria:
  - Line Coverage
  - Branch Coverage
  - Exception
  - Mutation testing (weak)
  - Method-Output Coverage
  - Top-Level Method Coverage
  - Context Branch Coverage
* Setting up search algorithm for whole suite generation
* Total number of test goals: 
  - Line 68
  - Branch 147
  - Exception 0
  - MutationFactory 153
  - Output 8
  - Method 5

[Progress:>                             0%] [Cov:>                                  0%]  - CBranchFitnessFactory 147
* Using seed 20260930
* Starting evolution

[Progress:>                             3%] [Cov:====>                              13%]
[Progress:>                             3%] [Cov:========>                          23%]
[Progress:>                             3%] [Cov:============>                      37%]
[Progress:>                             3%] [Cov:==================>                54%]
[Progress:>                             3%] [Cov:====================>              59%]
[Progress:>                             3%] [Cov:========================>          71%]
[Progress:>                             3%] [Cov:============================>      80%]
[Progress:=>                            6%] [Cov:============>                      36%]
[Progress:=>                            6%] [Cov:==============>                    41%]
[Progress:=>                            6%] [Cov:==================>                54%]
[Progress:=>                            6%] [Cov:====================>              58%]
[Progress:=>                            6%] [Cov:=======================>           67%]
[Progress:=>                            6%] [Cov:=========================>         74%]
[Progress:=>                            6%] [Cov:==========================>        75%]
[Progress:=>                            6%] [Cov:===========================>       78%]
[Progress:=>                            6%] [Cov:============================>      80%]
[Progress:===>                          10%] [Cov:====>                              12%]
[Progress:===>                          10%] [Cov:=======>                           21%]
[Progress:===>                          10%] [Cov:============>                      36%]
[Progress:===>                          10%] [Cov:=================>                 51%]
[Progress:===>                          10%] [Cov:===================>               56%]
[Progress:===>                          10%] [Cov:=======================>           68%]
[Progress:===>                          10%] [Cov:==========================>        77%]
[Progress:===>                          10%] [Cov:============================>      80%]
[Progress:===>                          10%] [Cov:============================>      81%]
[Progress:===>                          13%] [Cov:============================>      81%]
[Progress:===>                          13%] [Cov:============================>      82%]
[Progress:===>                          13%] [Cov:=============================>     83%]
[Progress:===>                          13%] [Cov:=============================>     84%]
[Progress:====>                         16%] [Cov:=============================>     84%]
[Progress:====>                         16%] [Cov:=============================>     84%]BPSO iteration=1 bestFitness=75.9 population=30 inertia=0.72

[Progress:======>                       20%] [Cov:============================>      81%]
[Progress:======>                       20%] [Cov:=============================>     84%]
[Progress:======>                       20%] [Cov:=============================>     85%]
[Progress:======>                       23%] [Cov:=============================>     85%]
[Progress:======>                       23%] [Cov:=============================>     85%]BPSO iteration=2 bestFitness=69.9 population=30 inertia=0.72

[Progress:=======>                      26%] [Cov:=============================>     85%]
[Progress:=======>                      26%] [Cov:=============================>     85%]BPSO iteration=3 bestFitness=69.9 population=30 inertia=0.72

[Progress:=========>                    30%] [Cov:=============================>     84%]
[Progress:=========>                    30%] [Cov:=============================>     85%]
[Progress:=========>                    30%] [Cov:==============================>    86%]
[Progress:=========>                    30%] [Cov:==============================>    86%]BPSO iteration=4 bestFitness=61.900000000000006 population=30 inertia=0.72

[Progress:=========>                    33%] [Cov:==============================>    86%]
[Progress:==========>                   36%] [Cov:==============================>    86%]
[Progress:==========>                   36%] [Cov:==============================>    86%]BPSO iteration=5 bestFitness=61.900000000000006 population=30 inertia=0.72

[Progress:============>                 40%] [Cov:==============================>    86%]
[Progress:============>                 40%] [Cov:==============================>    86%]
[Progress:============>                 43%] [Cov:==============================>    86%]
[Progress:=============>                46%] [Cov:=============================>     85%]
[Progress:=============>                46%] [Cov:==============================>    86%]
[Progress:=============>                46%] [Cov:==============================>    88%]
[Progress:===============>              50%] [Cov:==============================>    86%]
[Progress:===============>              50%] [Cov:==============================>    86%]
[Progress:===============>              53%] [Cov:==============================>    86%][MASTER] 22:23:51.670 [logback-1] WARN  TestCluster - Failed to check cache for java.util.Comparator<T> : Type points to itself

[Progress:===============>              53%] [Cov:==============================>    86%]
[Progress:================>             56%] [Cov:==============================>    86%]
[Progress:================>             56%] [Cov:===============================>   89%]
[Progress:==================>           60%] [Cov:==============================>    86%]
[Progress:==================>           60%] [Cov:==============================>    86%]
[Progress:==================>           63%] [Cov:==============================>    86%]
[Progress:===================>          66%] [Cov:==============================>    86%]
[Progress:===================>          66%] [Cov:==============================>    86%]
[Progress:=====================>        70%] [Cov:==============================>    86%]
[Progress:=====================>        70%] [Cov:==============================>    86%]
[Progress:=====================>        73%] [Cov:==============================>    86%]
[Progress:======================>       76%] [Cov:==============================>    86%]
[Progress:======================>       76%] [Cov:================================>  92%]
[Progress:======================>       76%] [Cov:==============================>    86%]
[Progress:========================>     80%] [Cov:==============================>    86%]
[Progress:========================>     80%] [Cov:===============================>   89%]
[Progress:========================>     83%] [Cov:==============================>    86%]
[Progress:========================>     83%] [Cov:==============================>    86%]
[Progress:=========================>    86%] [Cov:=============================>     85%]
[Progress:=========================>    86%] [Cov:==============================>    86%]
[Progress:===========================>  90%] [Cov:==============================>    86%]
[Progress:===========================>  90%] [Cov:==============================>    86%]
[Progress:===========================>  90%] [Cov:=================================> 97%]
[Progress:===========================>  93%] [Cov:==============================>    86%]
[Progress:===========================>  93%] [Cov:==============================>    86%]
[Progress:============================> 96%] [Cov:==============================>    86%]
[Progress:============================> 96%] [Cov:==============================>    86%]
[Progress:==============================100%] [Cov:==============================>    86%]
[Progress:==============================100%] [Cov:==============================>    86%]
[Progress:==============================100%] [Cov:==============================>    86%]
* Search finished after 31s and 18 generations, 23292 statements, best individual has fitness: 62.150000000000006
* Minimizing test suite
* Going to analyze the coverage criteria
* Coverage analysis for criterion LINE
* Coverage of criterion LINE: 99%
* Total number of goals: 68
* Number of covered goals: 67
* Coverage analysis for criterion BRANCH
* Coverage of criterion BRANCH: 85%
* Total number of goals: 147
* Number of covered goals: 125
* Coverage analysis for criterion EXCEPTION
* Coverage of criterion EXCEPTION: 100%
* Total number of goals: 3
* Number of covered goals: 3
* Coverage analysis for criterion WEAKMUTATION
* Coverage of criterion WEAKMUTATION: 98%
* Total number of goals: 153
* Number of covered goals: 150
* Coverage analysis for criterion OUTPUT
* Coverage of criterion OUTPUT: 38%
* Total number of goals: 8
* Number of covered goals: 3
* Coverage analysis for criterion METHOD
* Coverage of criterion METHOD: 100%
* Total number of goals: 5
* Number of covered goals: 5
* Coverage analysis for criterion CBRANCH
* Coverage of criterion CBRANCH: 85%
* Total number of goals: 147
* Number of covered goals: 125
* Generated 16 tests with total length 39
* Resulting test suite's coverage: 86% (average coverage for all fitness functions)
* Generating assertions
* Resulting test suite's mutation score: 45%
* Property NO_RUNTIME_DEPENDENCY is set to true - skipping JUnit compile check
* WARNING: Not including the runtime dependencies is likely to lead to flaky tests!
* Writing tests to file
* Writing JUnit test case 'PatternBuilder_ESTest' to /home/acer/SQA/all-in-one-results/Cli/BPSO_db7ac586/round1/Cli-7/generation/org_apache_commons_cli2_builder_PatternBuilder/evosuite-tests
* Done!

* Computation finished
