Project=Lang
Bug=11
Algorithm=SA
TargetClass=org.apache.commons.lang3.RandomStringUtils
TargetMethod=random
TriggerTest=org.apache.commons.lang3.RandomStringUtilsTest::testLANG807
ModifiedSource=org.apache.commons.lang3.RandomStringUtils
FixedRevision=4a65cb8da23d6667ac6f91775309b4da9b315d95
CandidatePool=24
SuiteSize=12
Iterations=5000
Seed=20260923
Generator=GenericCandidateProvider
TriggerInputsCopied=false
TemporaryGeneratorWorkspace=/tmp/sqa_lang_generator_11_SA_jK5Tev
GeneratedClass=Lang11GeneratedTestSA

============================================================
GENERATION SUCCESS
============================================================
Status : GENERATED
File   : /Users/fangfang/Documents/SQA_Project_2026/automation/runs/Lang/Bug-11/SA/generated_test.java
Class  : Lang11GeneratedTestSA
Method : random
============================================================

RETURN_CODE=0
END=Fri Oct  2 07:50:48 PDT 2026
GENERATION SUCCESS
