* EvoSuite 1.2.0
* Going to generate test cases for class: org.apache.commons.cli.HelpFormatter
* Starting Client-0
* Connecting to master process on port 18826
* Analyzing classpath: 
  - /home/acer/SQA/cli-work/Cli/BPSO_db7ac586/round1/31f/target/classes
  - /home/acer/defects4j/framework/projects/Cli/lib/junit/junit/3.8.2/junit-3.8.2.jar
  - /home/acer/defects4j/framework/projects/Cli/lib/junit-addons/junit-addons/1.4/junit-addons-1.4.jar
  - /home/acer/SQA/cli-work/Cli/BPSO_db7ac586/round1/31f/target/test-classes
  - /home/acer/defects4j/framework/projects/Cli/lib/org/hamcrest/hamcrest-core/1.3/hamcrest-core-1.3.jar
[MASTER] 23:16:45.658 [logback-1] WARN  InheritanceTree - Class not in inheritance graph: java.util.Locale$IsoCountryCode
* Finished analyzing classpath
* Generating tests for class org.apache.commons.cli.HelpFormatter
* Test criteria:
  - Line Coverage
  - Branch Coverage
  - Exception
  - Mutation testing (weak)
  - Method-Output Coverage
  - Top-Level Method Coverage
  - Context Branch Coverage
* Setting up search algorithm for whole suite generation
* Total number of test goals: 
  - Line 205
  - Branch 158
  - Exception 0
  - MutationFactory 518
  - Output 46
  - Method 40
  - CBranchFitnessFactory 158

[Progress:>                             0%] [Cov:>                                  0%]* Using seed 20260930
* Starting evolution

[Progress:>                             0%] [Cov:==>                                7%]
[Progress:>                             0%] [Cov:===>                               11%]
[Progress:>                             0%] [Cov:========>                          25%]
[Progress:>                             0%] [Cov:===========>                       32%]
[Progress:>                             0%] [Cov:============>                      36%]
[Progress:>                             0%] [Cov:=============>                     38%][MASTER] 23:16:46.876 [logback-1] WARN  TestCluster - Failed to check cache for java.util.Comparator<T> : Type points to itself

[Progress:>                             3%] [Cov:==>                                6%]
[Progress:>                             3%] [Cov:===>                               9%]
[Progress:>                             3%] [Cov:========>                          23%]
[Progress:>                             3%] [Cov:==========>                        29%]
[Progress:>                             3%] [Cov:==========>                        30%]
[Progress:>                             3%] [Cov:===========>                       33%]
[Progress:>                             3%] [Cov:===========>                       34%]
[Progress:=>                            6%] [Cov:=>                                 4%]
[Progress:=>                            6%] [Cov:==>                                7%]
[Progress:=>                            6%] [Cov:=======>                           21%]
[Progress:=>                            6%] [Cov:=========>                         27%]
[Progress:=>                            6%] [Cov:=========>                         28%]
[Progress:=>                            6%] [Cov:===========>                       32%]
[Progress:=>                            6%] [Cov:===========>                       34%]
[Progress:=>                            6%] [Cov:============>                      37%]
[Progress:=>                            6%] [Cov:=============>                     38%]
[Progress:=>                            6%] [Cov:==============>                    40%]
[Progress:=>                            6%] [Cov:==============>                    42%]
[Progress:===>                          13%] [Cov:==>                                7%]
[Progress:===>                          13%] [Cov:====>                              12%]
[Progress:===>                          13%] [Cov:=========>                         27%]
[Progress:====>                         16%] [Cov:============>                      37%]
[Progress:====>                         16%] [Cov:=============>                     38%]
[Progress:====>                         16%] [Cov:===============>                   43%]
[Progress:====>                         16%] [Cov:================>                  47%]
[Progress:======>                       20%] [Cov:=>                                 4%]
[Progress:======>                       20%] [Cov:==>                                6%]
[Progress:======>                       20%] [Cov:=======>                           21%]
[Progress:======>                       20%] [Cov:========>                          25%]
[Progress:======>                       20%] [Cov:=========>                         27%]
[Progress:======>                       20%] [Cov:=========>                         28%]
[Progress:======>                       20%] [Cov:============>                      36%]
[Progress:======>                       20%] [Cov:============>                      37%]
[Progress:======>                       20%] [Cov:==============>                    42%]
[Progress:======>                       20%] [Cov:===============>                   45%]
[Progress:======>                       20%] [Cov:================>                  47%]
[Progress:======>                       23%] [Cov:================>                  46%]
[Progress:======>                       23%] [Cov:================>                  47%]
[Progress:=======>                      26%] [Cov:================>                  48%]
[Progress:=======>                      26%] [Cov:=================>                 49%]
[Progress:=======>                      26%] [Cov:=================>                 50%]
[Progress:=======>                      26%] [Cov:==================>                52%]
[Progress:=========>                    30%] [Cov:==================>                52%]
[Progress:=========>                    30%] [Cov:==================>                53%]
[Progress:=========>                    33%] [Cov:==================>                53%]
[Progress:=========>                    33%] [Cov:==================>                54%]
[Progress:==========>                   36%] [Cov:==================>                54%]
[Progress:==========>                   36%] [Cov:===================>               55%]
[Progress:============>                 40%] [Cov:===================>               55%]
[Progress:============>                 40%] [Cov:===================>               56%]
[Progress:============>                 40%] [Cov:===================>               57%]
[Progress:============>                 43%] [Cov:===================>               57%]
[Progress:============>                 43%] [Cov:====================>              58%]
[Progress:=============>                46%] [Cov:====================>              58%]
[Progress:===============>              50%] [Cov:====================>              58%]
[Progress:===============>              50%] [Cov:====================>              59%]
[Progress:===============>              53%] [Cov:=============>                     39%]
[Progress:===============>              53%] [Cov:===================>               57%]
[Progress:===============>              53%] [Cov:====================>              59%]
[Progress:===============>              53%] [Cov:=====================>             60%]
[Progress:===============>              53%] [Cov:=====================>             61%]
[Progress:================>             56%] [Cov:=====================>             61%]
[Progress:================>             56%] [Cov:=====================>             62%]
[Progress:================>             56%] [Cov:=====================>             62%]BPSO iteration=1 bestFitness=693.1899272204228 population=30 inertia=0.72

[Progress:==================>           60%] [Cov:=====================>             62%]
[Progress:==================>           63%] [Cov:==================>                53%]
[Progress:==================>           63%] [Cov:=====================>             61%]
[Progress:==================>           63%] [Cov:=====================>             62%]
[Progress:===================>          66%] [Cov:=====================>             62%]
[Progress:=====================>        70%] [Cov:=====================>             62%]
[Progress:=====================>        73%] [Cov:=====================>             62%]
[Progress:=====================>        73%] [Cov:======================>            63%]
[Progress:=====================>        73%] [Cov:======================>            64%]
[Progress:======================>       76%] [Cov:======================>            64%]
[Progress:========================>     80%] [Cov:====================>              59%]
[Progress:=========================>    86%] [Cov:======================>            64%]
[Progress:===========================>  90%] [Cov:=====================>             60%]
[Progress:===========================>  90%] [Cov:=====================>             61%]
[Progress:===========================>  90%] [Cov:=====================>             62%]
[Progress:===========================>  90%] [Cov:======================>            64%]
[Progress:===========================>  93%] [Cov:======================>            64%]
[Progress:===========================>  93%] [Cov:======================>            65%]
[Progress:============================> 96%] [Cov:======================>            65%]
[Progress:============================> 96%] [Cov:======================>            65%]BPSO iteration=2 bestFitness=656.1815402603329 population=30 inertia=0.72

[Progress:==============================100%] [Cov:======================>            64%]
[Progress:==============================100%] [Cov:======================>            65%]
[Progress:==============================100%] [Cov:======================>            65%]
[Progress:==============================100%] [Cov:=======================>           66%]
[Progress:==============================100%] [Cov:=======================>           66%]
[Progress:==============================100%] [Cov:=======================>           66%]
[Progress:==============================100%] [Cov:=======================>           66%]
[Progress:==============================100%] [Cov:=======================>           66%]
[Progress:==============================100%] [Cov:=======================>           66%]
[Progress:==============================100%] [Cov:=======================>           66%]
[Progress:==============================100%] [Cov:=====================>             62%]
[Progress:==============================100%] [Cov:=======================>           66%]
[Progress:==============================100%] [Cov:======================>            65%]
[Progress:==============================100%] [Cov:=======================>           66%]
[Progress:==============================100%] [Cov:=======================>           66%]
[Progress:==============================100%] [Cov:=======================>           66%]
[Progress:==============================100%] [Cov:=======================>           66%]
[Progress:==============================100%] [Cov:=======================>           66%]
[Progress:==============================100%] [Cov:=======================>           66%]
[Progress:==============================100%] [Cov:======================>            65%]
[Progress:==============================100%] [Cov:=======================>           66%]
[Progress:==============================100%] [Cov:=======================>           66%]
[Progress:==============================100%] [Cov:=======================>           66%]
[Progress:==============================100%] [Cov:=======================>           66%]
[Progress:==============================100%] [Cov:=======================>           66%]
[Progress:==============================100%] [Cov:=======================>           66%]
[Progress:==============================100%] [Cov:=======================>           66%]
[Progress:==============================100%] [Cov:=======================>           66%]
[Progress:==============================100%] [Cov:=======================>           66%]
[Progress:==============================100%] [Cov:=======================>           66%]
[Progress:==============================100%] [Cov:=======================>           66%]
[Progress:==============================100%] [Cov:=======================>           66%]
[Progress:==============================100%] [Cov:=======================>           66%]
[Progress:==============================100%] [Cov:=======================>           66%]
[Progress:==============================100%] [Cov:=======================>           66%]
[Progress:==============================100%] [Cov:=======================>           66%]
[Progress:==============================100%] [Cov:=======================>           66%]BPSO iteration=3 bestFitness=600.4519957905406 population=30 inertia=0.72

[Progress:==============================100%] [Cov:==========================>        75%]
* Search finished after 67s and 3 generations, 4315 statements, best individual has fitness: 365.03293007293007
[MASTER] 23:17:52.161 [logback-1] WARN  TimeController - Phase SEARCH lasted too long, 36 seconds more than allowed.
* Minimizing test suite
* Going to analyze the coverage criteria
* Coverage analysis for criterion LINE
* Coverage of criterion LINE: 82%
* Total number of goals: 205
* Number of covered goals: 169
* Coverage analysis for criterion BRANCH
* Coverage of criterion BRANCH: 66%
* Total number of goals: 158
* Number of covered goals: 105
* Coverage analysis for criterion EXCEPTION
* Coverage of criterion EXCEPTION: 100%
* Total number of goals: 33
* Number of covered goals: 33
* Coverage analysis for criterion WEAKMUTATION
* Coverage of criterion WEAKMUTATION: 85%
* Total number of goals: 518
* Number of covered goals: 442
* Coverage analysis for criterion OUTPUT
* Coverage of criterion OUTPUT: 52%
* Total number of goals: 46
* Number of covered goals: 24
* Coverage analysis for criterion METHOD
* Coverage of criterion METHOD: 98%
* Total number of goals: 40
* Number of covered goals: 39
* Coverage analysis for criterion CBRANCH
* Coverage of criterion CBRANCH: 63%
* Total number of goals: 158
* Number of covered goals: 100
* Generated 73 tests with total length 210
* Resulting test suite's coverage: 76% (average coverage for all fitness functions)
* Generating assertions
* Resulting test suite's mutation score: 15%
[MASTER] 23:19:12.980 [logback-1] WARN  SimpleMutationAssertionGenerator - Reached maximum time to generate assertions, aborting assertion generation
* Property NO_RUNTIME_DEPENDENCY is set to true - skipping JUnit compile check
* WARNING: Not including the runtime dependencies is likely to lead to flaky tests!
* Permissions denied during test execution: 
  - java.lang.RuntimePermission: 
         writeFileDescriptor: 1
* Writing tests to file
* Writing JUnit test case 'HelpFormatter_ESTest' to /home/acer/SQA/all-in-one-results/Cli/BPSO_db7ac586/round1/Cli-31/generation/org_apache_commons_cli_HelpFormatter/evosuite-tests
* Done!

* Computation finished
