Project=Lang
Bug=62
Algorithm=SA
TargetClass=org.apache.commons.lang.Entities
TargetMethod=unescape
TriggerTest=org.apache.commons.lang.EntitiesTest::testNumberOverflow
ModifiedSource=org.apache.commons.lang.Entities
FixedRevision=d8b6f5b5c6b92adff8965ab634b672e7b333f583
CandidatePool=24
SuiteSize=12
Iterations=5000
Seed=20260923
Generator=GenericCandidateProvider
TriggerInputsCopied=false
TemporaryGeneratorWorkspace=/tmp/sqa_lang_generator_62_SA_P8QnJB
GeneratedClass=Lang62GeneratedTestSA

============================================================
GENERATION SUCCESS
============================================================
Status : GENERATED
File   : /Users/fangfang/Documents/SQA_Project_2026/automation/runs/Lang/Bug-62/SA/generated_test.java
Class  : Lang62GeneratedTestSA
Method : unescape
============================================================

RETURN_CODE=0
END=Sat Oct  3 00:24:15 +07 2026
GENERATION SUCCESS
