* EvoSuite 1.2.0
* Going to generate test cases for class: com.fasterxml.jackson.core.base.ParserBase
* Starting Client-0
* Connecting to master process on port 18826
* Analyzing classpath: 
  - /home/acer/SQA/jacksoncore-work/JacksonCore/SA_360bf3a8/round1/24f/target/classes
  - /home/acer/defects4j/framework/projects/JacksonCore/lib/junit/junit/4.12/junit-4.12.jar
  - /home/acer/defects4j/framework/projects/JacksonCore/lib/org/hamcrest/hamcrest-core/1.3/hamcrest-core-1.3.jar
  - /home/acer/SQA/jacksoncore-work/JacksonCore/SA_360bf3a8/round1/24f/target/test-classes
  - /home/acer/defects4j/framework/projects/lib/junit-4.12-hamcrest-1.3.jar
  - /home/acer/defects4j/framework/projects/JacksonCore/lib/junit/junit/4.11/junit-4.11.jar
  - /home/acer/defects4j/framework/projects/JacksonCore/lib/junit/junit/4.8.2/junit-4.8.2.jar
[MASTER] 00:30:13.638 [logback-1] WARN  InheritanceTree - Class not in inheritance graph: java.io.ObjectInputFilter
[MASTER] 00:30:13.709 [logback-1] WARN  InheritanceTree - Class not in inheritance graph: java.util.Locale$IsoCountryCode
* Finished analyzing classpath
* Generating tests for class com.fasterxml.jackson.core.base.ParserBase
* Test criteria:
  - Line Coverage
  - Branch Coverage
  - Exception
  - Mutation testing (weak)
  - Method-Output Coverage
  - Top-Level Method Coverage
  - Context Branch Coverage
* Setting up search algorithm for whole suite generation
* Total number of test goals: 
  - Line 391
  - Branch 286
  - Exception 0
  - MutationFactory 880
  - Output 289
  - Method 59

[Progress:>                             0%] [Cov:>                                  0%]  - CBranchFitnessFactory 286
* Using seed 20260930
* Starting evolution

[Progress:>                             3%] [Cov:>                                  0%]
[Progress:>                             3%] [Cov:====>                              14%]
[Progress:=>                            6%] [Cov:>                                  0%]
[Progress:=>                            6%] [Cov:=====>                             15%]
[Progress:===>                          10%] [Cov:====>                              13%]
[Progress:===>                          10%] [Cov:====>                              14%]
[Progress:=======>                      26%] [Cov:>                                  0%]
[Progress:=======>                      26%] [Cov:====>                              14%]
[Progress:============>                 43%] [Cov:>                                  0%]
[Progress:============>                 43%] [Cov:====>                              14%]
[Progress:============>                 43%] [Cov:=====>                             15%]
[Progress:==================>           60%] [Cov:>                                  0%]
[Progress:==================>           60%] [Cov:====>                              14%]
[Progress:==================>           63%] [Cov:====>                              13%]
[Progress:==================>           63%] [Cov:====>                              14%]
[Progress:==================>           63%] [Cov:=====>                             15%]
[Progress:==================>           63%] [Cov:====>                              14%]
[Progress:==================>           63%] [Cov:====>                              14%]SA iteration=1 bestFitness=10051.997319034852 population=30 temperature=9.666666666666666

[Progress:===================>          66%] [Cov:====>                              14%]
[Progress:========================>     83%] [Cov:====>                              13%]
[Progress:========================>     83%] [Cov:====>                              14%]SA iteration=2 bestFitness=10051.997319034852 population=30 temperature=9.333333333333334

[Progress:=========================>    86%] [Cov:====>                              12%]
[Progress:=========================>    86%] [Cov:====>                              13%]
[Progress:=========================>    86%] [Cov:====>                              14%]SA iteration=3 bestFitness=10051.997319034852 population=30 temperature=9.0

[Progress:=========================>    86%] [Cov:====>                              14%]SA iteration=4 bestFitness=10051.997319034852 population=30 temperature=8.666666666666668

[Progress:===========================>  90%] [Cov:====>                              12%]
[Progress:===========================>  90%] [Cov:====>                              13%]
[Progress:===========================>  90%] [Cov:====>                              14%]SA iteration=5 bestFitness=10051.997319034852 population=30 temperature=8.333333333333334

[Progress:===========================>  90%] [Cov:====>                              14%]
[Progress:===========================>  93%] [Cov:====>                              12%]
[Progress:===========================>  93%] [Cov:====>                              13%]
[Progress:===========================>  93%] [Cov:====>                              14%]
[Progress:===========================>  93%] [Cov:====>                              14%][MASTER] 00:30:43.063 [logback-1] WARN  TestChromosome - Functional mock problem: org.evosuite.ga.ConstructionFailedException: Cannot apply field to this callee

[Progress:============================> 96%] [Cov:====>                              13%]
[Progress:============================> 96%] [Cov:====>                              14%]
[Progress:============================> 96%] [Cov:====>                              14%]
[Progress:============================> 96%] [Cov:====>                              14%]
[Progress:==============================100%] [Cov:====>                              14%]
[Progress:==============================100%] [Cov:====>                              14%]
[Progress:==============================100%] [Cov:====>                              14%]
[Progress:==============================100%] [Cov:====>                              14%]
[Progress:==============================100%] [Cov:=====>                             15%]
[Progress:==============================100%] [Cov:=====>                             15%]
[Progress:==============================100%] [Cov:=======>                           22%]
* Search finished after 31s and 14 generations, 5529 statements, best individual has fitness: 9400.66369047619
* Minimizing test suite
* Going to analyze the coverage criteria
* Coverage analysis for criterion LINE
* Coverage of criterion LINE: 14%
* Total number of goals: 391
* Number of covered goals: 56
* Coverage analysis for criterion BRANCH
* Coverage of criterion BRANCH: 8%
* Total number of goals: 286
* Number of covered goals: 24
* Coverage analysis for criterion EXCEPTION
* Coverage of criterion EXCEPTION: 100%
* Total number of goals: 5
* Number of covered goals: 5
* Coverage analysis for criterion WEAKMUTATION
* Coverage of criterion WEAKMUTATION: 8%
* Total number of goals: 880
* Number of covered goals: 69
* Coverage analysis for criterion OUTPUT
* Coverage of criterion OUTPUT: 9%
* Total number of goals: 289
* Number of covered goals: 26
* Coverage analysis for criterion METHOD
* Coverage of criterion METHOD: 17%
* Total number of goals: 59
* Number of covered goals: 10
* Coverage analysis for criterion CBRANCH
* Coverage of criterion CBRANCH: 8%
* Total number of goals: 286
* Number of covered goals: 24
* Generated 15 tests with total length 88
* Resulting test suite's coverage: 23% (average coverage for all fitness functions)
* Generating assertions
* Resulting test suite's mutation score: 2%
* Property NO_RUNTIME_DEPENDENCY is set to true - skipping JUnit compile check
* WARNING: Not including the runtime dependencies is likely to lead to flaky tests!
* Permissions denied during test execution: 
  - java.lang.RuntimePermission: 
         writeFileDescriptor: 1
* Writing tests to file
* Writing JUnit test case 'ParserBase_ESTest' to /home/acer/SQA/all-in-one-results/JacksonCore/SA_360bf3a8/round1/JacksonCore-24/generation/com_fasterxml_jackson_core_base_ParserBase/evosuite-tests
* Done!

* Computation finished
