Project=Lang
Bug=24
Algorithm=SA
TargetClass=org.apache.commons.lang3.math.NumberUtils
TargetMethod=isNumber
TriggerTest=org.apache.commons.lang3.math.NumberUtilsTest::testIsNumber
ModifiedSource=org.apache.commons.lang3.math.NumberUtils
FixedRevision=8e2f4ddb9a1ecd7a1bf7d752c2c891d630287036
CandidatePool=24
SuiteSize=12
Iterations=5000
Seed=20260923
Generator=GenericCandidateProvider
TriggerInputsCopied=false
TemporaryGeneratorWorkspace=/tmp/sqa_lang_generator_24_SA_7jPwHm
GeneratedClass=Lang24GeneratedTestSA

============================================================
GENERATION SUCCESS
============================================================
Status : GENERATED
File   : /Users/fangfang/Documents/SQA_Project_2026/automation/runs/Lang/Bug-24/SA/generated_test.java
Class  : Lang24GeneratedTestSA
Method : isNumber
============================================================

RETURN_CODE=0
END=Fri Oct  2 08:10:51 PDT 2026
GENERATION SUCCESS
