* EvoSuite 1.2.0
* Going to generate test cases for class: org.apache.commons.cli.HelpFormatter
* Starting Client-0
* Connecting to master process on port 18826
* Analyzing classpath: 
  - /home/acer/SQA/cli-work/Cli/BPSO_db7ac586/round1/23f/target/classes
  - /home/acer/defects4j/framework/projects/Cli/lib/junit/junit/3.8.1/junit-3.8.1.jar
  - /home/acer/SQA/cli-work/Cli/BPSO_db7ac586/round1/23f/target/test-classes
  - /home/acer/defects4j/framework/projects/Cli/lib/org/hamcrest/hamcrest-core/1.3/hamcrest-core-1.3.jar
[MASTER] 22:59:18.586 [logback-1] WARN  InheritanceTree - Class not in inheritance graph: java.util.Locale$IsoCountryCode
* Finished analyzing classpath
* Generating tests for class org.apache.commons.cli.HelpFormatter
* Test criteria:
  - Line Coverage
  - Branch Coverage
  - Exception
  - Mutation testing (weak)
  - Method-Output Coverage
  - Top-Level Method Coverage
  - Context Branch Coverage
* Setting up search algorithm for whole suite generation
* Total number of test goals: 
  - Line 197
  - Branch 142
  - Exception 0
  - MutationFactory 503
  - Output 43
  - Method 38
  - CBranchFitnessFactory 142
* Using seed 20260930
* Starting evolution

[Progress:>                             0%] [Cov:>                                  0%][MASTER] 22:59:21.079 [logback-1] WARN  TestCluster - Failed to check cache for java.util.Comparator<T> : Type points to itself

[Progress:=>                            6%] [Cov:=>                                 3%]
[Progress:=>                            6%] [Cov:=>                                 5%]
[Progress:=>                            6%] [Cov:=======>                           20%]
[Progress:=>                            6%] [Cov:========>                          23%]
[Progress:=>                            6%] [Cov:========>                          24%]
[Progress:=>                            6%] [Cov:==========>                        29%]
[Progress:=>                            6%] [Cov:==========>                        30%]
[Progress:=>                            6%] [Cov:===========>                       33%]
[Progress:=>                            6%] [Cov:===========>                       34%]
[Progress:===>                          10%] [Cov:======>                            19%]
[Progress:===>                          10%] [Cov:=======>                           20%]
[Progress:===>                          10%] [Cov:========>                          24%]
[Progress:===>                          10%] [Cov:========>                          25%]
[Progress:======>                       20%] [Cov:>                                  1%]
[Progress:======>                       20%] [Cov:>                                  2%]
[Progress:======>                       20%] [Cov:=====>                             16%]
[Progress:======>                       20%] [Cov:=====>                             17%]
[Progress:======>                       20%] [Cov:======>                            18%]
[Progress:======>                       20%] [Cov:========>                          23%]
[Progress:======>                       20%] [Cov:==========>                        31%]
[Progress:======>                       20%] [Cov:===========>                       32%]
[Progress:======>                       20%] [Cov:===========>                       34%]
[Progress:======>                       20%] [Cov:============>                      36%]
[Progress:=======>                      26%] [Cov:=>                                 4%]
[Progress:=======>                      26%] [Cov:==>                                8%]
[Progress:=======>                      26%] [Cov:========>                          23%]
[Progress:=========>                    30%] [Cov:==========>                        30%]
[Progress:=========>                    30%] [Cov:===========>                       32%]
[Progress:=========>                    30%] [Cov:============>                      35%]
[Progress:=========>                    30%] [Cov:=============>                     38%]
[Progress:=========>                    33%] [Cov:==>                                8%]
[Progress:=========>                    33%] [Cov:====>                              14%]
[Progress:=========>                    33%] [Cov:=========>                         28%]
[Progress:=========>                    33%] [Cov:=============>                     38%]
[Progress:=========>                    33%] [Cov:==============>                    41%]
[Progress:=========>                    33%] [Cov:===============>                   44%]
[Progress:============>                 40%] [Cov:=>                                 4%]
[Progress:============>                 40%] [Cov:==>                                8%]
[Progress:============>                 40%] [Cov:=======>                           22%]
[Progress:============>                 40%] [Cov:==========>                        30%]
[Progress:============>                 40%] [Cov:===========>                       32%]
[Progress:============>                 40%] [Cov:============>                      35%]
[Progress:============>                 43%] [Cov:==>                                6%]
[Progress:============>                 43%] [Cov:====>                              12%]
[Progress:============>                 43%] [Cov:=========>                         26%]
[Progress:=============>                46%] [Cov:============>                      36%]
[Progress:=============>                46%] [Cov:============>                      37%]
[Progress:=============>                46%] [Cov:==============>                    40%]
[Progress:=============>                46%] [Cov:===============>                   43%]
[Progress:===============>              50%] [Cov:==>                                8%]
[Progress:===============>              50%] [Cov:====>                              14%]
[Progress:===============>              50%] [Cov:==========>                        29%]
[Progress:===============>              50%] [Cov:==============>                    40%]
[Progress:===============>              50%] [Cov:==============>                    41%]
[Progress:===============>              50%] [Cov:===============>                   45%]
[Progress:===============>              50%] [Cov:=================>                 49%]
[Progress:===============>              53%] [Cov:=================>                 49%]
[Progress:================>             56%] [Cov:============>                      36%]
[Progress:================>             56%] [Cov:=============>                     38%]
[Progress:==================>           60%] [Cov:=================>                 49%]
[Progress:==================>           60%] [Cov:==================>                53%]
[Progress:==================>           63%] [Cov:========>                          24%]
[Progress:==================>           63%] [Cov:========>                          25%]
[Progress:==================>           63%] [Cov:==================>                52%]
[Progress:=====================>        73%] [Cov:==================>                53%]
[Progress:=====================>        73%] [Cov:==================>                54%]
[Progress:=====================>        73%] [Cov:===================>               55%]
[Progress:=====================>        73%] [Cov:===================>               56%]
[Progress:=====================>        73%] [Cov:===================>               57%]
[Progress:======================>       76%] [Cov:===================>               57%]
[Progress:======================>       76%] [Cov:====================>              58%]
[Progress:===========================>  90%] [Cov:====================>              58%]
[Progress:===========================>  90%] [Cov:====================>              59%]
[Progress:===========================>  93%] [Cov:====================>              59%]
[Progress:===========================>  93%] [Cov:=====================>             60%]
[Progress:==============================100%] [Cov:=====================>             60%]
[Progress:==============================100%] [Cov:=====================>             60%]
[Progress:==============================100%] [Cov:=====================>             60%]
[Progress:==============================100%] [Cov:=====================>             60%]
[Progress:==============================100%] [Cov:=====================>             60%]
[Progress:==============================100%] [Cov:=====================>             61%]
[Progress:==============================100%] [Cov:=====================>             62%]
[Progress:==============================100%] [Cov:======================>            63%]
[Progress:==============================100%] [Cov:======================>            63%]
[Progress:==============================100%] [Cov:======================>            64%]
[Progress:==============================100%] [Cov:======================>            64%]
[Progress:==============================100%] [Cov:=======>                           20%]
[Progress:==============================100%] [Cov:========>                          23%]
[Progress:==============================100%] [Cov:===========>                       33%]
[Progress:==============================100%] [Cov:===========>                       34%]
[Progress:==============================100%] [Cov:============>                      36%]
[Progress:==============================100%] [Cov:======================>            64%]BPSO iteration=1 bestFitness=517.0360886709522 population=30 inertia=0.72

[Progress:==============================100%] [Cov:=========================>         74%]
* Search finished after 43s and 1 generations, 2084 statements, best individual has fitness: 383.77680524207403
[MASTER] 23:00:01.324 [logback-1] WARN  TimeController - Phase SEARCH lasted too long, 12 seconds more than allowed.
* Minimizing test suite
[MASTER] 23:01:13.031 [logback-1] WARN  TestSuiteMinimizer - Minimization timeout. Roll back to original test suite
* Going to analyze the coverage criteria
* Coverage analysis for criterion LINE
* Coverage of criterion LINE: 79%
* Total number of goals: 197
* Number of covered goals: 156
* Coverage analysis for criterion BRANCH
* Coverage of criterion BRANCH: 67%
* Total number of goals: 142
* Number of covered goals: 95
* Coverage analysis for criterion EXCEPTION
* Coverage of criterion EXCEPTION: 100%
* Total number of goals: 28
* Number of covered goals: 28
* Coverage analysis for criterion WEAKMUTATION
* Coverage of criterion WEAKMUTATION: 83%
* Total number of goals: 503
* Number of covered goals: 419
* Coverage analysis for criterion OUTPUT
* Coverage of criterion OUTPUT: 44%
* Total number of goals: 43
* Number of covered goals: 19
* Coverage analysis for criterion METHOD
* Coverage of criterion METHOD: 95%
* Total number of goals: 38
* Number of covered goals: 36
* Coverage analysis for criterion CBRANCH
* Coverage of criterion CBRANCH: 58%
* Total number of goals: 142
* Number of covered goals: 82
* Generated 51 tests with total length 934
* Resulting test suite's coverage: 74% (average coverage for all fitness functions)
* Generating assertions
[MASTER] 23:02:01.220 [logback-1] WARN  SimpleMutationAssertionGenerator - Assertion minimization is taking too long (0.6690666666666667% of time used, but only 7/51 tests minimized), falling back to using all assertions
* Resulting test suite's mutation score: 4%
* Property NO_RUNTIME_DEPENDENCY is set to true - skipping JUnit compile check
* WARNING: Not including the runtime dependencies is likely to lead to flaky tests!
* Permissions denied during test execution: 
  - java.lang.RuntimePermission: 
         writeFileDescriptor: 43
* Writing tests to file
* Writing JUnit test case 'HelpFormatter_ESTest' to /home/acer/SQA/all-in-one-results/Cli/BPSO_db7ac586/round1/Cli-23/generation/org_apache_commons_cli_HelpFormatter/evosuite-tests
* Done!

* Computation finished
