{
  "generated_test": "/Users/fangfang/Documents/SQA_Project_2026/automation/runs/Lang/Bug-63/BPSO/generated_test.java",
  "destination": "automation/runs/Lang/Bug-63/BPSO",
  "test_class": "org.apache.commons.lang.time.Lang63GeneratedTestBPSO",
  "test_methods": [
    "org.apache.commons.lang.time.Lang63GeneratedTestBPSO__Isolated_1_test01_null_boundary::test01_null_boundary",
    "org.apache.commons.lang.time.Lang63GeneratedTestBPSO__Isolated_2_test02_empty_boundary::test02_empty_boundary",
    "org.apache.commons.lang.time.Lang63GeneratedTestBPSO__Isolated_3_test03_positive_boundary::test03_positive_boundary",
    "org.apache.commons.lang.time.Lang63GeneratedTestBPSO__Isolated_4_test04_max_boundary::test04_max_boundary",
    "org.apache.commons.lang.time.Lang63GeneratedTestBPSO__Isolated_5_test05_fraction_negative::test05_fraction_negative",
    "org.apache.commons.lang.time.Lang63GeneratedTestBPSO__Isolated_6_test06_fraction_positive::test06_fraction_positive",
    "org.apache.commons.lang.time.Lang63GeneratedTestBPSO__Isolated_7_test07_boolean_true::test07_boolean_true",
    "org.apache.commons.lang.time.Lang63GeneratedTestBPSO__Isolated_8_test08_long_zero::test08_long_zero",
    "org.apache.commons.lang.time.Lang63GeneratedTestBPSO__Isolated_9_test09_empty_array::test09_empty_array",
    "org.apache.commons.lang.time.Lang63GeneratedTestBPSO__Isolated_10_test10_object_null::test10_object_null",
    "org.apache.commons.lang.time.Lang63GeneratedTestBPSO__Isolated_11_test11_object_boundary::test11_object_boundary",
    "org.apache.commons.lang.time.Lang63GeneratedTestBPSO__Isolated_12_test12_mixed_boundary::test12_mixed_boundary"
  ],
  "test_count": 12,
  "buggy_compile": {
    "status": "PASS",
    "return_code": 0,
    "time_seconds": 4.57168325
  },
  "fixed_compile": {
    "status": "PASS",
    "return_code": 0,
    "time_seconds": 4.039257834
  },
  "statistics": {
    "total_tests": 12,
    "evaluated_tests": 12,
    "detected_tests": 0,
    "fdr_percent": 0.0,
    "buggy_pass": 11,
    "buggy_fail": 1,
    "buggy_error": 0,
    "fixed_pass": 11,
    "fixed_fail": 1,
    "fixed_error": 0
  },
  "tests": [
    {
      "selector": "org.apache.commons.lang.time.Lang63GeneratedTestBPSO__Isolated_1_test01_null_boundary::test01_null_boundary",
      "target_method": "org.apache.commons.lang.time.Lang63GeneratedTestBPSO::test01_null_boundary",
      "isolated_class": "org.apache.commons.lang.time.Lang63GeneratedTestBPSO__Isolated_1_test01_null_boundary",
      "buggy": {
        "status": "FAIL",
        "return_code": 0,
        "time_seconds": 1.7153036660000005,
        "output": "Running ant (compile.tests)................................................ OK\nRunning ant (run.dev.tests)................................................ OK\nFailing tests: 1\n  - org.apache.commons.lang.time.Lang63GeneratedTestBPSO__Isolated_1_test01_null_boundary::test01_null_boundary\n"
      },
      "fixed": {
        "status": "FAIL",
        "return_code": 0,
        "time_seconds": 1.5769301670000004,
        "output": "Running ant (compile.tests)................................................ OK\nRunning ant (run.dev.tests)................................................ OK\nFailing tests: 1\n  - org.apache.commons.lang.time.Lang63GeneratedTestBPSO__Isolated_1_test01_null_boundary::test01_null_boundary\n"
      },
      "evaluated": true,
      "detected": false
    },
    {
      "selector": "org.apache.commons.lang.time.Lang63GeneratedTestBPSO__Isolated_2_test02_empty_boundary::test02_empty_boundary",
      "target_method": "org.apache.commons.lang.time.Lang63GeneratedTestBPSO::test02_empty_boundary",
      "isolated_class": "org.apache.commons.lang.time.Lang63GeneratedTestBPSO__Isolated_2_test02_empty_boundary",
      "buggy": {
        "status": "PASS",
        "return_code": 0,
        "time_seconds": 1.547253541,
        "output": "Running ant (compile.tests)................................................ OK\nRunning ant (run.dev.tests)................................................ OK\nFailing tests: 0\n"
      },
      "fixed": {
        "status": "PASS",
        "return_code": 0,
        "time_seconds": 1.676355375,
        "output": "Running ant (compile.tests)................................................ OK\nRunning ant (run.dev.tests)................................................ OK\nFailing tests: 0\n"
      },
      "evaluated": true,
      "detected": false
    },
    {
      "selector": "org.apache.commons.lang.time.Lang63GeneratedTestBPSO__Isolated_3_test03_positive_boundary::test03_positive_boundary",
      "target_method": "org.apache.commons.lang.time.Lang63GeneratedTestBPSO::test03_positive_boundary",
      "isolated_class": "org.apache.commons.lang.time.Lang63GeneratedTestBPSO__Isolated_3_test03_positive_boundary",
      "buggy": {
        "status": "PASS",
        "return_code": 0,
        "time_seconds": 2.618644332999999,
        "output": "Running ant (compile.tests)................................................ OK\nRunning ant (run.dev.tests)................................................ OK\nFailing tests: 0\n"
      },
      "fixed": {
        "status": "PASS",
        "return_code": 0,
        "time_seconds": 4.234634374999999,
        "output": "Running ant (compile.tests)................................................ OK\nRunning ant (run.dev.tests)................................................ OK\nFailing tests: 0\n"
      },
      "evaluated": true,
      "detected": false
    },
    {
      "selector": "org.apache.commons.lang.time.Lang63GeneratedTestBPSO__Isolated_4_test04_max_boundary::test04_max_boundary",
      "target_method": "org.apache.commons.lang.time.Lang63GeneratedTestBPSO::test04_max_boundary",
      "isolated_class": "org.apache.commons.lang.time.Lang63GeneratedTestBPSO__Isolated_4_test04_max_boundary",
      "buggy": {
        "status": "PASS",
        "return_code": 0,
        "time_seconds": 2.438740625000001,
        "output": "Running ant (compile.tests)................................................ OK\nRunning ant (run.dev.tests)................................................ OK\nFailing tests: 0\n"
      },
      "fixed": {
        "status": "PASS",
        "return_code": 0,
        "time_seconds": 1.8573580420000013,
        "output": "Running ant (compile.tests)................................................ OK\nRunning ant (run.dev.tests)................................................ OK\nFailing tests: 0\n"
      },
      "evaluated": true,
      "detected": false
    },
    {
      "selector": "org.apache.commons.lang.time.Lang63GeneratedTestBPSO__Isolated_5_test05_fraction_negative::test05_fraction_negative",
      "target_method": "org.apache.commons.lang.time.Lang63GeneratedTestBPSO::test05_fraction_negative",
      "isolated_class": "org.apache.commons.lang.time.Lang63GeneratedTestBPSO__Isolated_5_test05_fraction_negative",
      "buggy": {
        "status": "PASS",
        "return_code": 0,
        "time_seconds": 1.541992208,
        "output": "Running ant (compile.tests)................................................ OK\nRunning ant (run.dev.tests)................................................ OK\nFailing tests: 0\n"
      },
      "fixed": {
        "status": "PASS",
        "return_code": 0,
        "time_seconds": 1.5296090420000006,
        "output": "Running ant (compile.tests)................................................ OK\nRunning ant (run.dev.tests)................................................ OK\nFailing tests: 0\n"
      },
      "evaluated": true,
      "detected": false
    },
    {
      "selector": "org.apache.commons.lang.time.Lang63GeneratedTestBPSO__Isolated_6_test06_fraction_positive::test06_fraction_positive",
      "target_method": "org.apache.commons.lang.time.Lang63GeneratedTestBPSO::test06_fraction_positive",
      "isolated_class": "org.apache.commons.lang.time.Lang63GeneratedTestBPSO__Isolated_6_test06_fraction_positive",
      "buggy": {
        "status": "PASS",
        "return_code": 0,
        "time_seconds": 1.5250397920000012,
        "output": "Running ant (compile.tests)................................................ OK\nRunning ant (run.dev.tests)................................................ OK\nFailing tests: 0\n"
      },
      "fixed": {
        "status": "PASS",
        "return_code": 0,
        "time_seconds": 1.5301798749999982,
        "output": "Running ant (compile.tests)................................................ OK\nRunning ant (run.dev.tests)................................................ OK\nFailing tests: 0\n"
      },
      "evaluated": true,
      "detected": false
    },
    {
      "selector": "org.apache.commons.lang.time.Lang63GeneratedTestBPSO__Isolated_7_test07_boolean_true::test07_boolean_true",
      "target_method": "org.apache.commons.lang.time.Lang63GeneratedTestBPSO::test07_boolean_true",
      "isolated_class": "org.apache.commons.lang.time.Lang63GeneratedTestBPSO__Isolated_7_test07_boolean_true",
      "buggy": {
        "status": "PASS",
        "return_code": 0,
        "time_seconds": 1.6248623750000064,
        "output": "Running ant (compile.tests)................................................ OK\nRunning ant (run.dev.tests)................................................ OK\nFailing tests: 0\n"
      },
      "fixed": {
        "status": "PASS",
        "return_code": 0,
        "time_seconds": 1.5396655000000052,
        "output": "Running ant (compile.tests)................................................ OK\nRunning ant (run.dev.tests)................................................ OK\nFailing tests: 0\n"
      },
      "evaluated": true,
      "detected": false
    },
    {
      "selector": "org.apache.commons.lang.time.Lang63GeneratedTestBPSO__Isolated_8_test08_long_zero::test08_long_zero",
      "target_method": "org.apache.commons.lang.time.Lang63GeneratedTestBPSO::test08_long_zero",
      "isolated_class": "org.apache.commons.lang.time.Lang63GeneratedTestBPSO__Isolated_8_test08_long_zero",
      "buggy": {
        "status": "PASS",
        "return_code": 0,
        "time_seconds": 1.548479333000003,
        "output": "Running ant (compile.tests)................................................ OK\nRunning ant (run.dev.tests)................................................ OK\nFailing tests: 0\n"
      },
      "fixed": {
        "status": "PASS",
        "return_code": 0,
        "time_seconds": 1.526983874999999,
        "output": "Running ant (compile.tests)................................................ OK\nRunning ant (run.dev.tests)................................................ OK\nFailing tests: 0\n"
      },
      "evaluated": true,
      "detected": false
    },
    {
      "selector": "org.apache.commons.lang.time.Lang63GeneratedTestBPSO__Isolated_9_test09_empty_array::test09_empty_array",
      "target_method": "org.apache.commons.lang.time.Lang63GeneratedTestBPSO::test09_empty_array",
      "isolated_class": "org.apache.commons.lang.time.Lang63GeneratedTestBPSO__Isolated_9_test09_empty_array",
      "buggy": {
        "status": "PASS",
        "return_code": 0,
        "time_seconds": 1.6266905000000023,
        "output": "Running ant (compile.tests)................................................ OK\nRunning ant (run.dev.tests)................................................ OK\nFailing tests: 0\n"
      },
      "fixed": {
        "status": "PASS",
        "return_code": 0,
        "time_seconds": 1.5453348750000018,
        "output": "Running ant (compile.tests)................................................ OK\nRunning ant (run.dev.tests)................................................ OK\nFailing tests: 0\n"
      },
      "evaluated": true,
      "detected": false
    },
    {
      "selector": "org.apache.commons.lang.time.Lang63GeneratedTestBPSO__Isolated_10_test10_object_null::test10_object_null",
      "target_method": "org.apache.commons.lang.time.Lang63GeneratedTestBPSO::test10_object_null",
      "isolated_class": "org.apache.commons.lang.time.Lang63GeneratedTestBPSO__Isolated_10_test10_object_null",
      "buggy": {
        "status": "PASS",
        "return_code": 0,
        "time_seconds": 1.5831587090000028,
        "output": "Running ant (compile.tests)................................................ OK\nRunning ant (run.dev.tests)................................................ OK\nFailing tests: 0\n"
      },
      "fixed": {
        "status": "PASS",
        "return_code": 0,
        "time_seconds": 1.6115302499999942,
        "output": "Running ant (compile.tests)................................................ OK\nRunning ant (run.dev.tests)................................................ OK\nFailing tests: 0\n"
      },
      "evaluated": true,
      "detected": false
    },
    {
      "selector": "org.apache.commons.lang.time.Lang63GeneratedTestBPSO__Isolated_11_test11_object_boundary::test11_object_boundary",
      "target_method": "org.apache.commons.lang.time.Lang63GeneratedTestBPSO::test11_object_boundary",
      "isolated_class": "org.apache.commons.lang.time.Lang63GeneratedTestBPSO__Isolated_11_test11_object_boundary",
      "buggy": {
        "status": "PASS",
        "return_code": 0,
        "time_seconds": 1.5719880829999937,
        "output": "Running ant (compile.tests)................................................ OK\nRunning ant (run.dev.tests)................................................ OK\nFailing tests: 0\n"
      },
      "fixed": {
        "status": "PASS",
        "return_code": 0,
        "time_seconds": 1.5472582499999987,
        "output": "Running ant (compile.tests)................................................ OK\nRunning ant (run.dev.tests)................................................ OK\nFailing tests: 0\n"
      },
      "evaluated": true,
      "detected": false
    },
    {
      "selector": "org.apache.commons.lang.time.Lang63GeneratedTestBPSO__Isolated_12_test12_mixed_boundary::test12_mixed_boundary",
      "target_method": "org.apache.commons.lang.time.Lang63GeneratedTestBPSO::test12_mixed_boundary",
      "isolated_class": "org.apache.commons.lang.time.Lang63GeneratedTestBPSO__Isolated_12_test12_mixed_boundary",
      "buggy": {
        "status": "PASS",
        "return_code": 0,
        "time_seconds": 1.535689542,
        "output": "Running ant (compile.tests)................................................ OK\nRunning ant (run.dev.tests)................................................ OK\nFailing tests: 0\n"
      },
      "fixed": {
        "status": "PASS",
        "return_code": 0,
        "time_seconds": 1.628331750000001,
        "output": "Running ant (compile.tests)................................................ OK\nRunning ant (run.dev.tests)................................................ OK\nFailing tests: 0\n"
      },
      "evaluated": true,
      "detected": false
    }
  ],
  "evaluation_workspaces": {
    "buggy": "/Users/fangfang/Documents/SQA_Project_2026/workspaces/d4j_suite_eval_u9m4tt67/buggy",
    "fixed": "/Users/fangfang/Documents/SQA_Project_2026/workspaces/d4j_suite_eval_u9m4tt67/fixed"
  },
  "timing": {
    "buggy_compile_seconds": 4.57168325,
    "fixed_compile_seconds": 4.039257834,
    "buggy_execution_seconds": 20.87784270700001,
    "fixed_execution_seconds": 21.804171376,
    "total_seconds": 51.29295516700001
  },
  "status": "PASS"
}
