* EvoSuite 1.2.0
* Going to generate test cases for class: org.apache.commons.cli.HelpFormatter
* Starting Client-0
* Connecting to master process on port 18826
* Analyzing classpath: 
  - /home/acer/SQA/cli-work/Cli/BPSO_db7ac586/round1/24f/target/classes
  - /home/acer/defects4j/framework/projects/Cli/lib/junit/junit/3.8.1/junit-3.8.1.jar
  - /home/acer/SQA/cli-work/Cli/BPSO_db7ac586/round1/24f/target/test-classes
  - /home/acer/defects4j/framework/projects/Cli/lib/org/hamcrest/hamcrest-core/1.3/hamcrest-core-1.3.jar
[MASTER] 23:02:42.009 [logback-1] WARN  InheritanceTree - Class not in inheritance graph: java.util.Locale$IsoCountryCode
* Finished analyzing classpath
* Generating tests for class org.apache.commons.cli.HelpFormatter
* Test criteria:
  - Line Coverage
  - Branch Coverage
  - Exception
  - Mutation testing (weak)
  - Method-Output Coverage
  - Top-Level Method Coverage
  - Context Branch Coverage
* Setting up search algorithm for whole suite generation
* Total number of test goals: 
  - Line 198
  - Branch 144
  - Exception 0
  - MutationFactory 523
  - Output 43
  - Method 38
  - CBranchFitnessFactory 144

[Progress:>                             0%] [Cov:>                                  0%]* Using seed 20260930
* Starting evolution
[MASTER] 23:02:43.338 [logback-1] WARN  TestCluster - Failed to check cache for java.util.Comparator<T> : Type points to itself

[Progress:>                             3%] [Cov:=>                                 3%]
[Progress:>                             3%] [Cov:=>                                 5%]
[Progress:>                             3%] [Cov:=======>                           20%]
[Progress:>                             3%] [Cov:========>                          23%]
[Progress:>                             3%] [Cov:========>                          24%]
[Progress:>                             3%] [Cov:==========>                        29%]
[Progress:>                             3%] [Cov:==========>                        30%]
[Progress:>                             3%] [Cov:===========>                       32%]
[Progress:>                             3%] [Cov:===========>                       34%]
[Progress:=>                            6%] [Cov:=>                                 5%]
[Progress:=>                            6%] [Cov:==>                                8%]
[Progress:=>                            6%] [Cov:========>                          23%]
[Progress:=>                            6%] [Cov:=========>                         28%]
[Progress:=>                            6%] [Cov:==========>                        30%]
[Progress:=>                            6%] [Cov:===========>                       32%]
[Progress:=>                            6%] [Cov:============>                      36%]
[Progress:=>                            6%] [Cov:=============>                     39%]
[Progress:=>                            6%] [Cov:==============>                    40%]
[Progress:=>                            6%] [Cov:==============>                    41%]
[Progress:=>                            6%] [Cov:===============>                   43%]
[Progress:===>                          10%] [Cov:>                                  1%]
[Progress:===>                          10%] [Cov:>                                  2%]
[Progress:===>                          10%] [Cov:=====>                             16%]
[Progress:===>                          10%] [Cov:=====>                             17%]
[Progress:===>                          10%] [Cov:======>                            19%]
[Progress:===>                          10%] [Cov:=======>                           20%]
[Progress:===>                          10%] [Cov:=======>                           22%]
[Progress:===>                          10%] [Cov:========>                          23%]
[Progress:===>                          10%] [Cov:==========>                        29%]
[Progress:===>                          10%] [Cov:==============>                    40%]
[Progress:===>                          10%] [Cov:==============>                    41%]
[Progress:===>                          10%] [Cov:===============>                   45%]
[Progress:===>                          10%] [Cov:=================>                 49%]
[Progress:===>                          10%] [Cov:=================>                 49%]
[Progress:===>                          13%] [Cov:=================>                 49%]
[Progress:===>                          13%] [Cov:==================>                53%]
[Progress:====>                         16%] [Cov:=================>                 49%]
[Progress:====>                         16%] [Cov:=================>                 50%]
[Progress:====>                         16%] [Cov:=================>                 51%]
[Progress:====>                         16%] [Cov:==================>                52%]
[Progress:====>                         16%] [Cov:==================>                53%]
[Progress:====>                         16%] [Cov:==================>                54%]
[Progress:======>                       20%] [Cov:==================>                54%]
[Progress:======>                       20%] [Cov:===================>               55%]
[Progress:======>                       20%] [Cov:===================>               55%]BPSO iteration=1 bestFitness=735.4583830432465 population=30 inertia=0.72

[Progress:======>                       20%] [Cov:===================>               56%]
[Progress:======>                       20%] [Cov:===================>               57%]
[Progress:======>                       20%] [Cov:====================>              58%]
[Progress:======>                       20%] [Cov:====================>              59%]
[Progress:======>                       23%] [Cov:==================>                52%]
[Progress:======>                       23%] [Cov:====================>              59%]
[Progress:======>                       23%] [Cov:=====================>             60%]
[Progress:======>                       23%] [Cov:=====================>             61%]
[Progress:======>                       23%] [Cov:=====================>             61%]BPSO iteration=2 bestFitness=633.9563989162623 population=30 inertia=0.72

[Progress:======>                       23%] [Cov:=====================>             62%]
[Progress:=======>                      26%] [Cov:=================>                 49%]
[Progress:=======>                      26%] [Cov:=================>                 50%]
[Progress:=======>                      26%] [Cov:=================>                 51%]
[Progress:=======>                      26%] [Cov:=====================>             62%]
[Progress:=======>                      26%] [Cov:======================>            63%]
[Progress:=======>                      26%] [Cov:======================>            64%]
[Progress:=========>                    30%] [Cov:======================>            64%]
[Progress:=========>                    30%] [Cov:======================>            64%]BPSO iteration=3 bestFitness=589.6553881345911 population=30 inertia=0.72

[Progress:=========>                    30%] [Cov:======================>            65%]
[Progress:=========>                    30%] [Cov:=======================>           66%]
[Progress:=========>                    33%] [Cov:=======================>           66%]
[Progress:==========>                   36%] [Cov:=======================>           66%]
[Progress:==========>                   36%] [Cov:=======================>           67%]
[Progress:==========>                   36%] [Cov:=======================>           68%]
[Progress:==========>                   36%] [Cov:=======================>           68%]BPSO iteration=4 bestFitness=502.878065582929 population=30 inertia=0.72

[Progress:============>                 40%] [Cov:======================>            64%]
[Progress:============>                 40%] [Cov:=======================>           68%]
[Progress:============>                 40%] [Cov:========================>          69%]
[Progress:============>                 43%] [Cov:========================>          69%]
[Progress:=============>                46%] [Cov:=======================>           68%]
[Progress:=============>                46%] [Cov:========================>          69%]
[Progress:===============>              50%] [Cov:========================>          69%]
[Progress:===============>              50%] [Cov:========================>          70%]
[Progress:===============>              50%] [Cov:========================>          70%]BPSO iteration=5 bestFitness=411.8621007570465 population=30 inertia=0.72

[Progress:===============>              53%] [Cov:============>                      36%]
[Progress:===============>              53%] [Cov:===================>               55%]
[Progress:===============>              53%] [Cov:========================>          70%]
[Progress:================>             56%] [Cov:========================>          70%]
[Progress:==================>           60%] [Cov:========================>          70%]
[Progress:==================>           63%] [Cov:========================>          70%]
[Progress:==================>           63%] [Cov:========================>          70%]
[Progress:==================>           63%] [Cov:========================>          71%]
[Progress:==================>           63%] [Cov:=========================>         72%]
[Progress:===================>          66%] [Cov:=========================>         72%]
[Progress:=====================>        70%] [Cov:=========================>         72%]
[Progress:=====================>        70%] [Cov:=========================>         73%]
[Progress:=====================>        70%] [Cov:=========================>         74%]
[Progress:=====================>        73%] [Cov:=======================>           68%]
[Progress:=====================>        73%] [Cov:=========================>         74%]
[Progress:======================>       76%] [Cov:=========================>         74%]
[Progress:======================>       76%] [Cov:=========================>         74%]
[Progress:========================>     80%] [Cov:=========================>         74%]
[Progress:========================>     83%] [Cov:=========================>         74%]
[Progress:=========================>    86%] [Cov:=========================>         73%]
[Progress:=========================>    86%] [Cov:=========================>         74%]
[Progress:===========================>  90%] [Cov:=========================>         74%]
[Progress:===========================>  90%] [Cov:=========================>         74%]
[Progress:===========================>  93%] [Cov:=========================>         74%]
[Progress:============================> 96%] [Cov:=========================>         74%]
[Progress:==============================100%] [Cov:=========================>         74%]
[Progress:==============================100%] [Cov:==========================>        75%]
[Progress:==============================100%] [Cov:==========================>        75%]
[Progress:==============================100%] [Cov:==========================>        75%]
[Progress:==============================100%] [Cov:============================>      81%]
* Search finished after 32s and 9 generations, 9415 statements, best individual has fitness: 249.90038695222907
* Minimizing test suite
* Going to analyze the coverage criteria
* Coverage analysis for criterion LINE
* Coverage of criterion LINE: 91%
* Total number of goals: 198
* Number of covered goals: 180
* Coverage analysis for criterion BRANCH
* Coverage of criterion BRANCH: 78%
* Total number of goals: 144
* Number of covered goals: 113
* Coverage analysis for criterion EXCEPTION
* Coverage of criterion EXCEPTION: 100%
* Total number of goals: 37
* Number of covered goals: 37
* Coverage analysis for criterion WEAKMUTATION
* Coverage of criterion WEAKMUTATION: 87%
* Total number of goals: 523
* Number of covered goals: 456
* Coverage analysis for criterion OUTPUT
* Coverage of criterion OUTPUT: 51%
* Total number of goals: 43
* Number of covered goals: 22
* Coverage analysis for criterion METHOD
* Coverage of criterion METHOD: 97%
* Total number of goals: 38
* Number of covered goals: 37
* Coverage analysis for criterion CBRANCH
* Coverage of criterion CBRANCH: 74%
* Total number of goals: 144
* Number of covered goals: 107
* Generated 75 tests with total length 216
* Resulting test suite's coverage: 81% (average coverage for all fitness functions)
* Generating assertions
[MASTER] 23:04:07.662 [logback-1] WARN  SimpleMutationAssertionGenerator - Assertion minimization is taking too long (0.6718666666666666% of time used, but only 28/75 tests minimized), falling back to using all assertions
* Resulting test suite's mutation score: 13%
* Property NO_RUNTIME_DEPENDENCY is set to true - skipping JUnit compile check
* WARNING: Not including the runtime dependencies is likely to lead to flaky tests!
* Writing tests to file
* Writing JUnit test case 'HelpFormatter_ESTest' to /home/acer/SQA/all-in-one-results/Cli/BPSO_db7ac586/round1/Cli-24/generation/org_apache_commons_cli_HelpFormatter/evosuite-tests
* Done!

* Computation finished
