============================================================
AUTO GENERATION
PROJECT=Lang BUG=43 METHOD=SA
START=Fri Oct  2 08:34:04 PDT 2026
============================================================
============================================================
CORRECTED SA/BPSO GENERATOR
============================================================
Project : Lang
Bug     : 43
Method  : SA
Artifact: /Users/fangfang/Documents/SQA_Project_2026/automation/runs/Lang/Bug-43/SA
============================================================
Modified source : org.apache.commons.lang.text.ExtendedMessageFormat
Trigger test    : org.apache.commons.lang.text.ExtendedMessageFormatTest::testEscapedQuote_LANG_477
Fixed revision  : a38e2e942d622c1a84ed35bedb9aba045db7ab79
Target class    : org.apache.commons.lang.text.ExtendedMessageFormat
Package         : org.apache.commons.lang.text

Temporary generator workspace:
/tmp/sqa_lang_generator_43_SA_i2EfGR

============================================================
CHECKOUT BUGGY
============================================================
Checking out a38e2e94 to /tmp/sqa_lang_generator_43_SA_i2EfGR/buggy........ OK
Init local repository...................................................... OK
Tag post-fix revision...................................................... OK
Apply patch................................................................ OK
Apply patch................................................................ OK
Apply patch................................................................ OK
Apply patch................................................................ OK
Rename enum package in src................................................. OK
Move enum package in src................................................... OK
Rename enum package in test................................................ OK
Move enum package in test.................................................. OK
Run post-checkout hook..................................................... OK
Excluding broken/flaky tests............................................... OK
Excluding broken/flaky tests............................................... OK
Excluding broken/flaky tests............................................... OK
Backing up build file: /tmp/sqa_lang_generator_43_SA_i2EfGR/buggy/default.p OK
Initialize fixed program version........................................... OK
Apply patch................................................................ OK
Initialize buggy program version........................................... OK
Diff a38e2e94:eb8b39b1..................................................... OK
Apply patch................................................................ OK
Tag pre-fix revision....................................................... OK
Check out program version: Lang-43b........................................ OK

============================================================
CHECKOUT FIXED
============================================================
Checking out a38e2e94 to /tmp/sqa_lang_generator_43_SA_i2EfGR/fixed........ OK
Init local repository...................................................... OK
Tag post-fix revision...................................................... OK
Apply patch................................................................ OK
Apply patch................................................................ OK
Apply patch................................................................ OK
Apply patch................................................................ OK
Rename enum package in src................................................. OK
Move enum package in src................................................... OK
Rename enum package in test................................................ OK
Move enum package in test.................................................. OK
Run post-checkout hook..................................................... OK
Excluding broken/flaky tests............................................... OK
Excluding broken/flaky tests............................................... OK
Excluding broken/flaky tests............................................... OK
Backing up build file: /tmp/sqa_lang_generator_43_SA_i2EfGR/fixed/default.p OK
Initialize fixed program version........................................... OK
Apply patch................................................................ OK
Initialize buggy program version........................................... OK
Diff a38e2e94:eb8b39b1..................................................... OK
Apply patch................................................................ OK
Tag pre-fix revision....................................................... OK
Check out program version: Lang-43f........................................ OK
find: /tmp/sqa_lang_generator_43_SA_i2EfGR/buggy/src/main/java: No such file or directory
find: /tmp/sqa_lang_generator_43_SA_i2EfGR/fixed/src/main/java: No such file or directory

BUGGY source:

FIXED source:

ERROR: modified production source not found.

RETURN_CODE=3
END=Fri Oct  2 08:34:14 PDT 2026
GENERATION FAILED
