{
  "generated_test": "/Users/fangfang/Documents/SQA_Project_2026/automation/runs/Lang/Bug-9/SA/generated_test.java",
  "destination": "org/apache/commons/lang3/time/Lang9GeneratedTestSA.java",
  "test_class": "org.apache.commons.lang3.time.Lang9GeneratedTestSA",
  "test_methods": [
    "org.apache.commons.lang3.time.Lang9GeneratedTestSA__Isolated_1_test01_null_boundary::test01_null_boundary",
    "org.apache.commons.lang3.time.Lang9GeneratedTestSA__Isolated_2_test02_empty_boundary::test02_empty_boundary",
    "org.apache.commons.lang3.time.Lang9GeneratedTestSA__Isolated_3_test03_positive_boundary::test03_positive_boundary",
    "org.apache.commons.lang3.time.Lang9GeneratedTestSA__Isolated_4_test04_max_boundary::test04_max_boundary",
    "org.apache.commons.lang3.time.Lang9GeneratedTestSA__Isolated_5_test05_fraction_negative::test05_fraction_negative",
    "org.apache.commons.lang3.time.Lang9GeneratedTestSA__Isolated_6_test06_fraction_positive::test06_fraction_positive",
    "org.apache.commons.lang3.time.Lang9GeneratedTestSA__Isolated_7_test07_boolean_true::test07_boolean_true",
    "org.apache.commons.lang3.time.Lang9GeneratedTestSA__Isolated_8_test08_long_zero::test08_long_zero",
    "org.apache.commons.lang3.time.Lang9GeneratedTestSA__Isolated_9_test09_empty_array::test09_empty_array",
    "org.apache.commons.lang3.time.Lang9GeneratedTestSA__Isolated_10_test10_object_null::test10_object_null",
    "org.apache.commons.lang3.time.Lang9GeneratedTestSA__Isolated_11_test11_object_boundary::test11_object_boundary",
    "org.apache.commons.lang3.time.Lang9GeneratedTestSA__Isolated_12_test12_mixed_boundary::test12_mixed_boundary"
  ],
  "test_count": 12,
  "buggy_compile": {
    "status": "PASS",
    "return_code": 0,
    "time_seconds": 5.283314083
  },
  "fixed_compile": {
    "status": "PASS",
    "return_code": 0,
    "time_seconds": 4.263570833000001
  },
  "statistics": {
    "total_tests": 12,
    "evaluated_tests": 12,
    "detected_tests": 0,
    "fdr_percent": 0.0,
    "buggy_pass": 0,
    "buggy_fail": 12,
    "buggy_error": 0,
    "fixed_pass": 0,
    "fixed_fail": 12,
    "fixed_error": 0
  },
  "tests": [
    {
      "selector": "org.apache.commons.lang3.time.Lang9GeneratedTestSA__Isolated_1_test01_null_boundary::test01_null_boundary",
      "target_method": "org.apache.commons.lang3.time.Lang9GeneratedTestSA::test01_null_boundary",
      "isolated_class": "org.apache.commons.lang3.time.Lang9GeneratedTestSA__Isolated_1_test01_null_boundary",
      "buggy": {
        "status": "FAIL",
        "return_code": 0,
        "time_seconds": 0.8922100000000004,
        "output": "Running ant (compile.tests)................................................ OK\nRunning ant (run.dev.tests)................................................ OK\nFailing tests: 1\n  - org.apache.commons.lang3.time.Lang9GeneratedTestSA__Isolated_1_test01_null_boundary::test01_null_boundary\n"
      },
      "fixed": {
        "status": "FAIL",
        "return_code": 0,
        "time_seconds": 0.8547185840000004,
        "output": "Running ant (compile.tests)................................................ OK\nRunning ant (run.dev.tests)................................................ OK\nFailing tests: 1\n  - org.apache.commons.lang3.time.Lang9GeneratedTestSA__Isolated_1_test01_null_boundary::test01_null_boundary\n"
      },
      "evaluated": true,
      "detected": false
    },
    {
      "selector": "org.apache.commons.lang3.time.Lang9GeneratedTestSA__Isolated_2_test02_empty_boundary::test02_empty_boundary",
      "target_method": "org.apache.commons.lang3.time.Lang9GeneratedTestSA::test02_empty_boundary",
      "isolated_class": "org.apache.commons.lang3.time.Lang9GeneratedTestSA__Isolated_2_test02_empty_boundary",
      "buggy": {
        "status": "FAIL",
        "return_code": 0,
        "time_seconds": 0.8782505,
        "output": "Running ant (compile.tests)................................................ OK\nRunning ant (run.dev.tests)................................................ OK\nFailing tests: 1\n  - org.apache.commons.lang3.time.Lang9GeneratedTestSA__Isolated_2_test02_empty_boundary::test02_empty_boundary\n"
      },
      "fixed": {
        "status": "FAIL",
        "return_code": 0,
        "time_seconds": 0.8525525829999996,
        "output": "Running ant (compile.tests)................................................ OK\nRunning ant (run.dev.tests)................................................ OK\nFailing tests: 1\n  - org.apache.commons.lang3.time.Lang9GeneratedTestSA__Isolated_2_test02_empty_boundary::test02_empty_boundary\n"
      },
      "evaluated": true,
      "detected": false
    },
    {
      "selector": "org.apache.commons.lang3.time.Lang9GeneratedTestSA__Isolated_3_test03_positive_boundary::test03_positive_boundary",
      "target_method": "org.apache.commons.lang3.time.Lang9GeneratedTestSA::test03_positive_boundary",
      "isolated_class": "org.apache.commons.lang3.time.Lang9GeneratedTestSA__Isolated_3_test03_positive_boundary",
      "buggy": {
        "status": "FAIL",
        "return_code": 0,
        "time_seconds": 0.8786327089999997,
        "output": "Running ant (compile.tests)................................................ OK\nRunning ant (run.dev.tests)................................................ OK\nFailing tests: 1\n  - org.apache.commons.lang3.time.Lang9GeneratedTestSA__Isolated_3_test03_positive_boundary::test03_positive_boundary\n"
      },
      "fixed": {
        "status": "FAIL",
        "return_code": 0,
        "time_seconds": 0.8255695000000003,
        "output": "Running ant (compile.tests)................................................ OK\nRunning ant (run.dev.tests)................................................ OK\nFailing tests: 1\n  - org.apache.commons.lang3.time.Lang9GeneratedTestSA__Isolated_3_test03_positive_boundary::test03_positive_boundary\n"
      },
      "evaluated": true,
      "detected": false
    },
    {
      "selector": "org.apache.commons.lang3.time.Lang9GeneratedTestSA__Isolated_4_test04_max_boundary::test04_max_boundary",
      "target_method": "org.apache.commons.lang3.time.Lang9GeneratedTestSA::test04_max_boundary",
      "isolated_class": "org.apache.commons.lang3.time.Lang9GeneratedTestSA__Isolated_4_test04_max_boundary",
      "buggy": {
        "status": "FAIL",
        "return_code": 0,
        "time_seconds": 0.7778043340000007,
        "output": "Running ant (compile.tests)................................................ OK\nRunning ant (run.dev.tests)................................................ OK\nFailing tests: 1\n  - org.apache.commons.lang3.time.Lang9GeneratedTestSA__Isolated_4_test04_max_boundary::test04_max_boundary\n"
      },
      "fixed": {
        "status": "FAIL",
        "return_code": 0,
        "time_seconds": 0.8124941250000006,
        "output": "Running ant (compile.tests)................................................ OK\nRunning ant (run.dev.tests)................................................ OK\nFailing tests: 1\n  - org.apache.commons.lang3.time.Lang9GeneratedTestSA__Isolated_4_test04_max_boundary::test04_max_boundary\n"
      },
      "evaluated": true,
      "detected": false
    },
    {
      "selector": "org.apache.commons.lang3.time.Lang9GeneratedTestSA__Isolated_5_test05_fraction_negative::test05_fraction_negative",
      "target_method": "org.apache.commons.lang3.time.Lang9GeneratedTestSA::test05_fraction_negative",
      "isolated_class": "org.apache.commons.lang3.time.Lang9GeneratedTestSA__Isolated_5_test05_fraction_negative",
      "buggy": {
        "status": "FAIL",
        "return_code": 0,
        "time_seconds": 0.7843920420000003,
        "output": "Running ant (compile.tests)................................................ OK\nRunning ant (run.dev.tests)................................................ OK\nFailing tests: 1\n  - org.apache.commons.lang3.time.Lang9GeneratedTestSA__Isolated_5_test05_fraction_negative::test05_fraction_negative\n"
      },
      "fixed": {
        "status": "FAIL",
        "return_code": 0,
        "time_seconds": 0.7970506660000005,
        "output": "Running ant (compile.tests)................................................ OK\nRunning ant (run.dev.tests)................................................ OK\nFailing tests: 1\n  - org.apache.commons.lang3.time.Lang9GeneratedTestSA__Isolated_5_test05_fraction_negative::test05_fraction_negative\n"
      },
      "evaluated": true,
      "detected": false
    },
    {
      "selector": "org.apache.commons.lang3.time.Lang9GeneratedTestSA__Isolated_6_test06_fraction_positive::test06_fraction_positive",
      "target_method": "org.apache.commons.lang3.time.Lang9GeneratedTestSA::test06_fraction_positive",
      "isolated_class": "org.apache.commons.lang3.time.Lang9GeneratedTestSA__Isolated_6_test06_fraction_positive",
      "buggy": {
        "status": "FAIL",
        "return_code": 0,
        "time_seconds": 0.790681499999998,
        "output": "Running ant (compile.tests)................................................ OK\nRunning ant (run.dev.tests)................................................ OK\nFailing tests: 1\n  - org.apache.commons.lang3.time.Lang9GeneratedTestSA__Isolated_6_test06_fraction_positive::test06_fraction_positive\n"
      },
      "fixed": {
        "status": "FAIL",
        "return_code": 0,
        "time_seconds": 0.7905176249999997,
        "output": "Running ant (compile.tests)................................................ OK\nRunning ant (run.dev.tests)................................................ OK\nFailing tests: 1\n  - org.apache.commons.lang3.time.Lang9GeneratedTestSA__Isolated_6_test06_fraction_positive::test06_fraction_positive\n"
      },
      "evaluated": true,
      "detected": false
    },
    {
      "selector": "org.apache.commons.lang3.time.Lang9GeneratedTestSA__Isolated_7_test07_boolean_true::test07_boolean_true",
      "target_method": "org.apache.commons.lang3.time.Lang9GeneratedTestSA::test07_boolean_true",
      "isolated_class": "org.apache.commons.lang3.time.Lang9GeneratedTestSA__Isolated_7_test07_boolean_true",
      "buggy": {
        "status": "FAIL",
        "return_code": 0,
        "time_seconds": 0.810531790999999,
        "output": "Running ant (compile.tests)................................................ OK\nRunning ant (run.dev.tests)................................................ OK\nFailing tests: 1\n  - org.apache.commons.lang3.time.Lang9GeneratedTestSA__Isolated_7_test07_boolean_true::test07_boolean_true\n"
      },
      "fixed": {
        "status": "FAIL",
        "return_code": 0,
        "time_seconds": 0.9317190000000011,
        "output": "Running ant (compile.tests)................................................ OK\nRunning ant (run.dev.tests)................................................ OK\nFailing tests: 1\n  - org.apache.commons.lang3.time.Lang9GeneratedTestSA__Isolated_7_test07_boolean_true::test07_boolean_true\n"
      },
      "evaluated": true,
      "detected": false
    },
    {
      "selector": "org.apache.commons.lang3.time.Lang9GeneratedTestSA__Isolated_8_test08_long_zero::test08_long_zero",
      "target_method": "org.apache.commons.lang3.time.Lang9GeneratedTestSA::test08_long_zero",
      "isolated_class": "org.apache.commons.lang3.time.Lang9GeneratedTestSA__Isolated_8_test08_long_zero",
      "buggy": {
        "status": "FAIL",
        "return_code": 0,
        "time_seconds": 0.7886182920000024,
        "output": "Running ant (compile.tests)................................................ OK\nRunning ant (run.dev.tests)................................................ OK\nFailing tests: 1\n  - org.apache.commons.lang3.time.Lang9GeneratedTestSA__Isolated_8_test08_long_zero::test08_long_zero\n"
      },
      "fixed": {
        "status": "FAIL",
        "return_code": 0,
        "time_seconds": 0.8058428749999997,
        "output": "Running ant (compile.tests)................................................ OK\nRunning ant (run.dev.tests)................................................ OK\nFailing tests: 1\n  - org.apache.commons.lang3.time.Lang9GeneratedTestSA__Isolated_8_test08_long_zero::test08_long_zero\n"
      },
      "evaluated": true,
      "detected": false
    },
    {
      "selector": "org.apache.commons.lang3.time.Lang9GeneratedTestSA__Isolated_9_test09_empty_array::test09_empty_array",
      "target_method": "org.apache.commons.lang3.time.Lang9GeneratedTestSA::test09_empty_array",
      "isolated_class": "org.apache.commons.lang3.time.Lang9GeneratedTestSA__Isolated_9_test09_empty_array",
      "buggy": {
        "status": "FAIL",
        "return_code": 0,
        "time_seconds": 0.7860630409999985,
        "output": "Running ant (compile.tests)................................................ OK\nRunning ant (run.dev.tests)................................................ OK\nFailing tests: 1\n  - org.apache.commons.lang3.time.Lang9GeneratedTestSA__Isolated_9_test09_empty_array::test09_empty_array\n"
      },
      "fixed": {
        "status": "FAIL",
        "return_code": 0,
        "time_seconds": 0.801110958999999,
        "output": "Running ant (compile.tests)................................................ OK\nRunning ant (run.dev.tests)................................................ OK\nFailing tests: 1\n  - org.apache.commons.lang3.time.Lang9GeneratedTestSA__Isolated_9_test09_empty_array::test09_empty_array\n"
      },
      "evaluated": true,
      "detected": false
    },
    {
      "selector": "org.apache.commons.lang3.time.Lang9GeneratedTestSA__Isolated_10_test10_object_null::test10_object_null",
      "target_method": "org.apache.commons.lang3.time.Lang9GeneratedTestSA::test10_object_null",
      "isolated_class": "org.apache.commons.lang3.time.Lang9GeneratedTestSA__Isolated_10_test10_object_null",
      "buggy": {
        "status": "FAIL",
        "return_code": 0,
        "time_seconds": 0.7802675000000008,
        "output": "Running ant (compile.tests)................................................ OK\nRunning ant (run.dev.tests)................................................ OK\nFailing tests: 1\n  - org.apache.commons.lang3.time.Lang9GeneratedTestSA__Isolated_10_test10_object_null::test10_object_null\n"
      },
      "fixed": {
        "status": "FAIL",
        "return_code": 0,
        "time_seconds": 0.7877411250000002,
        "output": "Running ant (compile.tests)................................................ OK\nRunning ant (run.dev.tests)................................................ OK\nFailing tests: 1\n  - org.apache.commons.lang3.time.Lang9GeneratedTestSA__Isolated_10_test10_object_null::test10_object_null\n"
      },
      "evaluated": true,
      "detected": false
    },
    {
      "selector": "org.apache.commons.lang3.time.Lang9GeneratedTestSA__Isolated_11_test11_object_boundary::test11_object_boundary",
      "target_method": "org.apache.commons.lang3.time.Lang9GeneratedTestSA::test11_object_boundary",
      "isolated_class": "org.apache.commons.lang3.time.Lang9GeneratedTestSA__Isolated_11_test11_object_boundary",
      "buggy": {
        "status": "FAIL",
        "return_code": 0,
        "time_seconds": 0.7965709170000004,
        "output": "Running ant (compile.tests)................................................ OK\nRunning ant (run.dev.tests)................................................ OK\nFailing tests: 1\n  - org.apache.commons.lang3.time.Lang9GeneratedTestSA__Isolated_11_test11_object_boundary::test11_object_boundary\n"
      },
      "fixed": {
        "status": "FAIL",
        "return_code": 0,
        "time_seconds": 0.8008305,
        "output": "Running ant (compile.tests)................................................ OK\nRunning ant (run.dev.tests)................................................ OK\nFailing tests: 1\n  - org.apache.commons.lang3.time.Lang9GeneratedTestSA__Isolated_11_test11_object_boundary::test11_object_boundary\n"
      },
      "evaluated": true,
      "detected": false
    },
    {
      "selector": "org.apache.commons.lang3.time.Lang9GeneratedTestSA__Isolated_12_test12_mixed_boundary::test12_mixed_boundary",
      "target_method": "org.apache.commons.lang3.time.Lang9GeneratedTestSA::test12_mixed_boundary",
      "isolated_class": "org.apache.commons.lang3.time.Lang9GeneratedTestSA__Isolated_12_test12_mixed_boundary",
      "buggy": {
        "status": "FAIL",
        "return_code": 0,
        "time_seconds": 0.8328446659999997,
        "output": "Running ant (compile.tests)................................................ OK\nRunning ant (run.dev.tests)................................................ OK\nFailing tests: 1\n  - org.apache.commons.lang3.time.Lang9GeneratedTestSA__Isolated_12_test12_mixed_boundary::test12_mixed_boundary\n"
      },
      "fixed": {
        "status": "FAIL",
        "return_code": 0,
        "time_seconds": 0.8511249999999997,
        "output": "Running ant (compile.tests)................................................ OK\nRunning ant (run.dev.tests)................................................ OK\nFailing tests: 1\n  - org.apache.commons.lang3.time.Lang9GeneratedTestSA__Isolated_12_test12_mixed_boundary::test12_mixed_boundary\n"
      },
      "evaluated": true,
      "detected": false
    }
  ],
  "evaluation_workspaces": {
    "buggy": "/Users/fangfang/Documents/SQA_Project_2026/workspaces/d4j_suite_eval_vwhw3b6t/buggy",
    "fixed": "/Users/fangfang/Documents/SQA_Project_2026/workspaces/d4j_suite_eval_vwhw3b6t/fixed"
  },
  "timing": {
    "buggy_compile_seconds": 5.283314083,
    "fixed_compile_seconds": 4.263570833000001,
    "buggy_execution_seconds": 9.796867292,
    "fixed_execution_seconds": 9.911272542,
    "total_seconds": 29.255024749999997
  },
  "status": "PASS"
}
