* EvoSuite 1.2.0
* Going to generate test cases for class: org.apache.commons.csv.CSVParser
* Starting Client-0
* Connecting to master process on port 18826
* Analyzing classpath: 
  - /home/acer/SQA/cli-work/Csv/BPSO_db7ac586/round1/11f/target/classes
  - /home/acer/defects4j/framework/projects/Csv/lib/junit/junit/4.11/junit-4.11.jar
  - /home/acer/defects4j/framework/projects/Csv/lib/org/hamcrest/hamcrest-core/1.3/hamcrest-core-1.3.jar
  - /home/acer/defects4j/framework/projects/Csv/lib/commons-io/commons-io/2.2/commons-io-2.2.jar
  - /home/acer/defects4j/framework/projects/Csv/lib/com/h2database/h2/1.3.168/h2-1.3.168.jar
  - /home/acer/SQA/cli-work/Csv/BPSO_db7ac586/round1/11f/target/test-classes
  - /home/acer/defects4j/framework/projects/lib/junit-4.12-hamcrest-1.3.jar
  - /home/acer/defects4j/framework/projects/Csv/lib/com/csvreader/1.0/javacsv.jar
  - /home/acer/defects4j/framework/projects/Csv/lib/com/generationjava/io/1.0/gj-csv-1.0.jar
  - /home/acer/defects4j/framework/projects/Csv/lib/com/h2database/h2/1.4.180/h2-1.4.180.jar
  - /home/acer/defects4j/framework/projects/Csv/lib/com/h2database/h2/1.4.181/h2-1.4.181.jar
  - /home/acer/defects4j/framework/projects/Csv/lib/com/h2database/h2/1.4.182/h2-1.4.182.jar
  - /home/acer/defects4j/framework/projects/Csv/lib/com/h2database/h2/1.4.196/h2-1.4.196.jar
  - /home/acer/defects4j/framework/projects/Csv/lib/com/h2database/h2/1.4.198/h2-1.4.198.jar
  - /home/acer/defects4j/framework/projects/Csv/lib/com/opencsv/4.0/opencsv-4.0.jar
  - /home/acer/defects4j/framework/projects/Csv/lib/commons-io/commons-io/2.4/commons-io-2.4.jar
  - /home/acer/defects4j/framework/projects/Csv/lib/commons-io/commons-io/2.5/commons-io-2.5.jar
  - /home/acer/defects4j/framework/projects/Csv/lib/commons-io/commons-io/2.6/commons-io-2.6.jar
  - /home/acer/defects4j/framework/projects/Csv/lib/junit/junit/3.8.1/junit-3.8.1.jar
  - /home/acer/defects4j/framework/projects/Csv/lib/junit/junit/4.10/junit-4.10.jar
  - /home/acer/defects4j/framework/projects/Csv/lib/junit/junit/4.12/junit-4.12.jar
  - /home/acer/defects4j/framework/projects/Csv/lib/org/apache/commons/commons-lang3/3.4/commons-lang3-3.4.jar
  - /home/acer/defects4j/framework/projects/Csv/lib/org/apache/commons/commons-lang3/3.6/commons-lang3-3.6.jar
  - /home/acer/defects4j/framework/projects/Csv/lib/org/apache/commons/commons-lang3/3.7/commons-lang3-3.7.jar
  - /home/acer/defects4j/framework/projects/Csv/lib/org/apache/commons/commons-lang3/3.8.1/commons-lang3-3.8.1.jar
  - /home/acer/defects4j/framework/projects/Csv/lib/org/hamcrest/hamcrest-core/1.1/hamcrest-core-1.1.jar
  - /home/acer/defects4j/framework/projects/Csv/lib/org/mockito/mockito-all/1.10.19/mockito-all-1.10.19.jar
  - /home/acer/defects4j/framework/projects/Csv/lib/org/mockito/mockito-all/1.9.5/mockito-all-1.9.5.jar
  - /home/acer/defects4j/framework/projects/Csv/lib/org/openjdk/jmh/1.21/jmh-core-1.21.jar
  - /home/acer/defects4j/framework/projects/Csv/lib/org/skife/csv/1.0/csv-1.0.jar
  - /home/acer/defects4j/framework/projects/Csv/lib/org/supercsv/2.4.0/super-csv-2.4.0.jar
[MASTER] 05:48:09.178 [logback-1] WARN  InheritanceTree - Class not in inheritance graph: java.util.Locale$IsoCountryCode
* Finished analyzing classpath
* Generating tests for class org.apache.commons.csv.CSVParser
* Test criteria:
  - Line Coverage
  - Branch Coverage
  - Exception
  - Mutation testing (weak)
  - Method-Output Coverage
  - Top-Level Method Coverage
  - Context Branch Coverage
* Setting up search algorithm for whole suite generation
* Total number of test goals: 
  - Line 104
  - Branch 84
  - Exception 0
  - MutationFactory 91
  - Output 45
  - Method 13
  - CBranchFitnessFactory 84
* Using seed 20260930
* Starting evolution

[Progress:>                             0%] [Cov:>                                  0%][MASTER] 05:48:10.363 [logback-1] WARN  TestCluster - Failed to check cache for java.util.LinkedList<E> : Type points to itself
[MASTER] 05:48:10.363 [logback-1] WARN  TestCluster - Failed to check cache for java.util.HashMap<K, V> : Type points to itself

[Progress:====>                         16%] [Cov:=>                                 3%]
[Progress:====>                         16%] [Cov:=>                                 4%]
[Progress:====>                         16%] [Cov:======>                            18%]
[Progress:====>                         16%] [Cov:=======>                           22%]
[Progress:====>                         16%] [Cov:========>                          23%]
[Progress:======>                       20%] [Cov:==>                                6%]
[Progress:======>                       20%] [Cov:===>                               11%]
[Progress:======>                       20%] [Cov:========>                          25%]
[Progress:======>                       20%] [Cov:=========>                         28%]
[Progress:======>                       20%] [Cov:===========>                       32%]
[Progress:======>                       20%] [Cov:==============>                    40%]
[Progress:======>                       20%] [Cov:===============>                   43%]
[Progress:======>                       23%] [Cov:=====>                             16%]
[Progress:======>                       23%] [Cov:======>                            18%]
[Progress:======>                       23%] [Cov:========>                          23%]
[Progress:======>                       23%] [Cov:========>                          24%]
[Progress:======>                       23%] [Cov:========>                          25%]
[Progress:======>                       23%] [Cov:=========>                         27%]
[Progress:======>                       23%] [Cov:==========>                        30%]
[Progress:======>                       23%] [Cov:===========>                       32%]
[Progress:======>                       23%] [Cov:============>                      35%]
[Progress:======>                       23%] [Cov:===============>                   44%]
[Progress:======>                       23%] [Cov:================>                  48%]
[Progress:============>                 40%] [Cov:=>                                 4%]
[Progress:============>                 40%] [Cov:==>                                7%]
[Progress:============>                 40%] [Cov:=======>                           22%]
[Progress:============>                 40%] [Cov:========>                          23%]
[Progress:============>                 40%] [Cov:==========>                        30%]
[Progress:============>                 40%] [Cov:==========>                        31%]
[Progress:============>                 40%] [Cov:============>                      36%]
[Progress:============>                 40%] [Cov:=============>                     39%]
[Progress:============>                 40%] [Cov:================>                  48%]
[Progress:============>                 40%] [Cov:=================>                 49%]
[Progress:============>                 40%] [Cov:=================>                 50%]
[Progress:============>                 40%] [Cov:==================>                52%]
[Progress:============>                 40%] [Cov:====================>              59%]
[Progress:============>                 43%] [Cov:=>                                 5%]
[Progress:============>                 43%] [Cov:============>                      36%]
[Progress:==================>           60%] [Cov:===========>                       33%]
[Progress:==================>           60%] [Cov:==================>                53%]
[Progress:==================>           60%] [Cov:==================>                54%]
[Progress:==================>           60%] [Cov:===================>               55%]
[Progress:======================>       76%] [Cov:========>                          23%]
[Progress:======================>       76%] [Cov:==================>                54%]BPSO iteration=1 bestFitness=295.64341085271315 population=30 inertia=0.72

[Progress:======================>       76%] [Cov:===================>               56%]
[Progress:======================>       76%] [Cov:=======================>           66%]
[Progress:===========================>  93%] [Cov:===================>               55%]
[Progress:============================> 96%] [Cov:==================>                54%]
[Progress:============================> 96%] [Cov:===================>               55%]
[Progress:============================> 96%] [Cov:===================>               55%]BPSO iteration=2 bestFitness=291.64341085271315 population=30 inertia=0.72

[Progress:==============================100%] [Cov:===================>               55%]
[Progress:==============================100%] [Cov:===================>               56%]
[Progress:==============================100%] [Cov:===================>               56%]BPSO iteration=3 bestFitness=290.6422764227642 population=30 inertia=0.72

[Progress:==============================100%] [Cov:===================>               57%]
[Progress:==============================100%] [Cov:====================>              59%]
[Progress:==============================100%] [Cov:======================>            63%]
[Progress:==============================100%] [Cov:===================>               55%]
[Progress:==============================100%] [Cov:======================>            63%]
[Progress:==============================100%] [Cov:======================>            64%]
[Progress:==============================100%] [Cov:======================>            65%]
[Progress:==============================100%] [Cov:======================>            65%]
[Progress:==============================100%] [Cov:=======================>           66%]
[Progress:==============================100%] [Cov:=======================>           66%]BPSO iteration=4 bestFitness=194.20242424242426 population=30 inertia=0.72

[Progress:==============================100%] [Cov:========================>          70%]
* Search finished after 33s and 4 generations, 5054 statements, best individual has fitness: 175.79166666616572
* Minimizing test suite
* Going to analyze the coverage criteria
* Coverage analysis for criterion LINE
* Coverage of criterion LINE: 78%
* Total number of goals: 104
* Number of covered goals: 81
* Coverage analysis for criterion BRANCH
* Coverage of criterion BRANCH: 62%
* Total number of goals: 84
* Number of covered goals: 52
* Coverage analysis for criterion EXCEPTION
* Coverage of criterion EXCEPTION: 100%
* Total number of goals: 10
* Number of covered goals: 10
* Coverage analysis for criterion WEAKMUTATION
* Coverage of criterion WEAKMUTATION: 66%
* Total number of goals: 91
* Number of covered goals: 60
* Coverage analysis for criterion OUTPUT
* Coverage of criterion OUTPUT: 44%
* Total number of goals: 45
* Number of covered goals: 20
* Coverage analysis for criterion METHOD
* Coverage of criterion METHOD: 100%
* Total number of goals: 13
* Number of covered goals: 13
* Coverage analysis for criterion CBRANCH
* Coverage of criterion CBRANCH: 62%
* Total number of goals: 84
* Number of covered goals: 52
* Generated 23 tests with total length 90
* Resulting test suite's coverage: 70% (average coverage for all fitness functions)
* Generating assertions
* Resulting test suite's mutation score: 32%
* Property NO_RUNTIME_DEPENDENCY is set to true - skipping JUnit compile check
* WARNING: Not including the runtime dependencies is likely to lead to flaky tests!
* Writing tests to file
* Writing JUnit test case 'CSVParser_ESTest' to /home/acer/SQA/all-in-one-results/Csv/BPSO_db7ac586/round1/Csv-11/generation/org_apache_commons_csv_CSVParser/evosuite-tests
* Done!

* Computation finished
