{
  "project": "Lang",
  "bug_id": "23",
  "method": "SA",
  "generated_test": "/Users/fangfang/Documents/SQA_Project_2026/automation/runs/Lang/Bug-23/SA/generated_test.java",
  "destination": "org/apache/commons/lang3/text/Lang23GeneratedTestSA.java",
  "status": "DONE",
  "statistics": {
    "total_tests": 12,
    "evaluated_tests": 12,
    "detected_tests": 0,
    "fdr_percent": 0.0,
    "buggy_pass": 0,
    "buggy_fail": 12,
    "buggy_error": 0,
    "fixed_pass": 0,
    "fixed_fail": 12,
    "fixed_error": 0
  },
  "coverage": {
    "buggy": {
      "workspace": "/Users/fangfang/Documents/SQA_Project_2026/workspaces/d4j_suite_eval_mfebm_6g/buggy",
      "generated_test": "/Users/fangfang/Documents/SQA_Project_2026/automation/runs/Lang/Bug-23/SA/generated_test.java",
      "destination": "org/apache/commons/lang3/text/Lang23GeneratedTestSA.java",
      "archive": "/Users/fangfang/Documents/SQA_Project_2026/automation/runs/d4j_cov_suite_k11hge_0/Lang-23b-generated.1.tar.bz2",
      "command_return_code": 0,
      "coverage_time_seconds": 5.376055584,
      "status": "PASS",
      "metrics": {
        "LinesTotal": 167,
        "LinesCovered": 0,
        "ConditionsTotal": 99,
        "ConditionsCovered": 0,
        "line_coverage": 0.0,
        "branch_coverage": 0.0
      },
      "total_time_seconds": 5.376055584
    },
    "fixed": {
      "workspace": "/Users/fangfang/Documents/SQA_Project_2026/workspaces/d4j_suite_eval_mfebm_6g/fixed",
      "generated_test": "/Users/fangfang/Documents/SQA_Project_2026/automation/runs/Lang/Bug-23/SA/generated_test.java",
      "destination": "org/apache/commons/lang3/text/Lang23GeneratedTestSA.java",
      "archive": "/Users/fangfang/Documents/SQA_Project_2026/automation/runs/d4j_cov_suite_z239r4co/Lang-23f-generated.1.tar.bz2",
      "command_return_code": 0,
      "coverage_time_seconds": 5.287407958,
      "status": "PASS",
      "metrics": {
        "LinesTotal": 185,
        "LinesCovered": 0,
        "ConditionsTotal": 111,
        "ConditionsCovered": 0,
        "line_coverage": 0.0,
        "branch_coverage": 0.0
      },
      "total_time_seconds": 5.287407958
    }
  },
  "timing": {
    "generation_seconds": 11.391078,
    "suite_runner_seconds": 29.453295375,
    "compile_buggy_seconds": 5.465789125,
    "compile_fixed_seconds": 3.776764,
    "execution_buggy_seconds": 9.837080957000005,
    "execution_fixed_seconds": 9.666040500999996,
    "coverage_buggy_seconds": 5.376055584,
    "coverage_fixed_seconds": 5.287407958,
    "total_time_seconds": 40.254390916000006
  },
  "evaluation_workspaces": {
    "buggy": "/Users/fangfang/Documents/SQA_Project_2026/workspaces/d4j_suite_eval_mfebm_6g/buggy",
    "fixed": "/Users/fangfang/Documents/SQA_Project_2026/workspaces/d4j_suite_eval_mfebm_6g/fixed"
  }
}
