Project=Lang
Bug=23
Algorithm=SA
TargetClass=org.apache.commons.lang3.text.ExtendedMessageFormat
TargetMethod=setFormatsByArgumentIndex
TriggerTest=org.apache.commons.lang3.text.ExtendedMessageFormatTest::testEqualsHashcode
ModifiedSource=org.apache.commons.lang3.text.ExtendedMessageFormat
FixedRevision=249788d799ca1c3964062bdc5c19a51ecc05c2f7
CandidatePool=24
SuiteSize=12
Iterations=5000
Seed=20260923
Generator=GenericCandidateProvider
TriggerInputsCopied=false
TemporaryGeneratorWorkspace=/tmp/sqa_lang_generator_23_SA_PV0QlJ
GeneratedClass=Lang23GeneratedTestSA

============================================================
GENERATION SUCCESS
============================================================
Status : GENERATED
File   : /Users/fangfang/Documents/SQA_Project_2026/automation/runs/Lang/Bug-23/SA/generated_test.java
Class  : Lang23GeneratedTestSA
Method : setFormatsByArgumentIndex
============================================================

RETURN_CODE=0
END=Fri Oct  2 08:09:05 PDT 2026
GENERATION SUCCESS
