{
  "project": "Lang",
  "bug_id": "7",
  "method": "SA",
  "generated_test": "/Users/fangfang/Documents/SQA_Project_2026/automation/runs/Lang/Bug-7/SA/generated_test.java",
  "destination": "org/apache/commons/lang3/math/Lang7GeneratedTestSA.java",
  "status": "DONE",
  "statistics": {
    "total_tests": 12,
    "evaluated_tests": 12,
    "detected_tests": 7,
    "fdr_percent": 58.333333333333336,
    "buggy_pass": 5,
    "buggy_fail": 7,
    "buggy_error": 0,
    "fixed_pass": 12,
    "fixed_fail": 0,
    "fixed_error": 0
  },
  "coverage": {
    "buggy": {
      "workspace": "/Users/fangfang/Documents/SQA_Project_2026/workspaces/d4j_suite_eval_z7xq93j6/buggy",
      "generated_test": "/Users/fangfang/Documents/SQA_Project_2026/automation/runs/Lang/Bug-7/SA/generated_test.java",
      "destination": "org/apache/commons/lang3/math/Lang7GeneratedTestSA.java",
      "archive": "/Users/fangfang/Documents/SQA_Project_2026/automation/runs/d4j_cov_suite_9d6yqldy/Lang-7b-generated.1.tar.bz2",
      "command_return_code": 0,
      "coverage_time_seconds": 6.207332084000001,
      "status": "PASS",
      "metrics": {
        "LinesTotal": 380,
        "LinesCovered": 60,
        "ConditionsTotal": 366,
        "ConditionsCovered": 33,
        "line_coverage": 15.789473684210526,
        "branch_coverage": 9.01639344262295
      },
      "total_time_seconds": 6.207332084000001
    },
    "fixed": {
      "workspace": "/Users/fangfang/Documents/SQA_Project_2026/workspaces/d4j_suite_eval_z7xq93j6/fixed",
      "generated_test": "/Users/fangfang/Documents/SQA_Project_2026/automation/runs/Lang/Bug-7/SA/generated_test.java",
      "destination": "org/apache/commons/lang3/math/Lang7GeneratedTestSA.java",
      "archive": "/Users/fangfang/Documents/SQA_Project_2026/automation/runs/d4j_cov_suite_ojp8s_z_/Lang-7f-generated.1.tar.bz2",
      "command_return_code": 0,
      "coverage_time_seconds": 6.6172274589999995,
      "status": "PASS",
      "metrics": {
        "LinesTotal": 380,
        "LinesCovered": 79,
        "ConditionsTotal": 366,
        "ConditionsCovered": 43,
        "line_coverage": 20.789473684210527,
        "branch_coverage": 11.748633879781421
      },
      "total_time_seconds": 6.6172274589999995
    }
  },
  "timing": {
    "generation_seconds": null,
    "suite_runner_seconds": 32.237057792,
    "compile_buggy_seconds": 6.283172792,
    "compile_fixed_seconds": 4.50553975,
    "execution_buggy_seconds": 10.157708749999992,
    "execution_fixed_seconds": 10.820199917,
    "coverage_buggy_seconds": 6.207332084000001,
    "coverage_fixed_seconds": 6.6172274589999995,
    "total_time_seconds": 45.404469625
  },
  "evaluation_workspaces": {
    "buggy": "/Users/fangfang/Documents/SQA_Project_2026/workspaces/d4j_suite_eval_z7xq93j6/buggy",
    "fixed": "/Users/fangfang/Documents/SQA_Project_2026/workspaces/d4j_suite_eval_z7xq93j6/fixed"
  }
}
