{
  "generated_test": "/Users/fangfang/Documents/SQA_Project_2026/automation/runs/Lang/Bug-43/BPSO/generated_test.java",
  "destination": "automation/runs/Lang/Bug-43/BPSO",
  "test_class": "org.apache.commons.lang.text.Lang43GeneratedTestBPSO",
  "test_methods": [
    "org.apache.commons.lang.text.Lang43GeneratedTestBPSO__Isolated_1_test01_null_boundary::test01_null_boundary",
    "org.apache.commons.lang.text.Lang43GeneratedTestBPSO__Isolated_2_test02_empty_boundary::test02_empty_boundary",
    "org.apache.commons.lang.text.Lang43GeneratedTestBPSO__Isolated_3_test03_positive_boundary::test03_positive_boundary",
    "org.apache.commons.lang.text.Lang43GeneratedTestBPSO__Isolated_4_test04_max_boundary::test04_max_boundary",
    "org.apache.commons.lang.text.Lang43GeneratedTestBPSO__Isolated_5_test05_fraction_negative::test05_fraction_negative",
    "org.apache.commons.lang.text.Lang43GeneratedTestBPSO__Isolated_6_test06_fraction_positive::test06_fraction_positive",
    "org.apache.commons.lang.text.Lang43GeneratedTestBPSO__Isolated_7_test07_boolean_true::test07_boolean_true",
    "org.apache.commons.lang.text.Lang43GeneratedTestBPSO__Isolated_8_test08_long_zero::test08_long_zero",
    "org.apache.commons.lang.text.Lang43GeneratedTestBPSO__Isolated_9_test09_empty_array::test09_empty_array",
    "org.apache.commons.lang.text.Lang43GeneratedTestBPSO__Isolated_10_test10_object_null::test10_object_null",
    "org.apache.commons.lang.text.Lang43GeneratedTestBPSO__Isolated_11_test11_object_boundary::test11_object_boundary",
    "org.apache.commons.lang.text.Lang43GeneratedTestBPSO__Isolated_12_test12_mixed_boundary::test12_mixed_boundary"
  ],
  "test_count": 12,
  "buggy_compile": {
    "status": "PASS",
    "return_code": 0,
    "time_seconds": 6.270850166
  },
  "fixed_compile": {
    "status": "PASS",
    "return_code": 0,
    "time_seconds": 5.195665083
  },
  "statistics": {
    "total_tests": 12,
    "evaluated_tests": 12,
    "detected_tests": 0,
    "fdr_percent": 0.0,
    "buggy_pass": 0,
    "buggy_fail": 12,
    "buggy_error": 0,
    "fixed_pass": 0,
    "fixed_fail": 12,
    "fixed_error": 0
  },
  "tests": [
    {
      "selector": "org.apache.commons.lang.text.Lang43GeneratedTestBPSO__Isolated_1_test01_null_boundary::test01_null_boundary",
      "target_method": "org.apache.commons.lang.text.Lang43GeneratedTestBPSO::test01_null_boundary",
      "isolated_class": "org.apache.commons.lang.text.Lang43GeneratedTestBPSO__Isolated_1_test01_null_boundary",
      "buggy": {
        "status": "FAIL",
        "return_code": 0,
        "time_seconds": 2.184160125,
        "output": "Running ant (compile.tests)................................................ OK\nRunning ant (run.dev.tests)................................................ OK\nFailing tests: 1\n  - org.apache.commons.lang.text.Lang43GeneratedTestBPSO__Isolated_1_test01_null_boundary::test01_null_boundary\n"
      },
      "fixed": {
        "status": "FAIL",
        "return_code": 0,
        "time_seconds": 2.0077061250000003,
        "output": "Running ant (compile.tests)................................................ OK\nRunning ant (run.dev.tests)................................................ OK\nFailing tests: 1\n  - org.apache.commons.lang.text.Lang43GeneratedTestBPSO__Isolated_1_test01_null_boundary::test01_null_boundary\n"
      },
      "evaluated": true,
      "detected": false
    },
    {
      "selector": "org.apache.commons.lang.text.Lang43GeneratedTestBPSO__Isolated_2_test02_empty_boundary::test02_empty_boundary",
      "target_method": "org.apache.commons.lang.text.Lang43GeneratedTestBPSO::test02_empty_boundary",
      "isolated_class": "org.apache.commons.lang.text.Lang43GeneratedTestBPSO__Isolated_2_test02_empty_boundary",
      "buggy": {
        "status": "FAIL",
        "return_code": 0,
        "time_seconds": 1.8983250419999997,
        "output": "Running ant (compile.tests)................................................ OK\nRunning ant (run.dev.tests)................................................ OK\nFailing tests: 1\n  - org.apache.commons.lang.text.Lang43GeneratedTestBPSO__Isolated_2_test02_empty_boundary::test02_empty_boundary\n"
      },
      "fixed": {
        "status": "FAIL",
        "return_code": 0,
        "time_seconds": 1.8684589580000015,
        "output": "Running ant (compile.tests)................................................ OK\nRunning ant (run.dev.tests)................................................ OK\nFailing tests: 1\n  - org.apache.commons.lang.text.Lang43GeneratedTestBPSO__Isolated_2_test02_empty_boundary::test02_empty_boundary\n"
      },
      "evaluated": true,
      "detected": false
    },
    {
      "selector": "org.apache.commons.lang.text.Lang43GeneratedTestBPSO__Isolated_3_test03_positive_boundary::test03_positive_boundary",
      "target_method": "org.apache.commons.lang.text.Lang43GeneratedTestBPSO::test03_positive_boundary",
      "isolated_class": "org.apache.commons.lang.text.Lang43GeneratedTestBPSO__Isolated_3_test03_positive_boundary",
      "buggy": {
        "status": "FAIL",
        "return_code": 0,
        "time_seconds": 1.9005086669999969,
        "output": "Running ant (compile.tests)................................................ OK\nRunning ant (run.dev.tests)................................................ OK\nFailing tests: 1\n  - org.apache.commons.lang.text.Lang43GeneratedTestBPSO__Isolated_3_test03_positive_boundary::test03_positive_boundary\n"
      },
      "fixed": {
        "status": "FAIL",
        "return_code": 0,
        "time_seconds": 2.120745833000001,
        "output": "Running ant (compile.tests)................................................ OK\nRunning ant (run.dev.tests)................................................ OK\nFailing tests: 1\n  - org.apache.commons.lang.text.Lang43GeneratedTestBPSO__Isolated_3_test03_positive_boundary::test03_positive_boundary\n"
      },
      "evaluated": true,
      "detected": false
    },
    {
      "selector": "org.apache.commons.lang.text.Lang43GeneratedTestBPSO__Isolated_4_test04_max_boundary::test04_max_boundary",
      "target_method": "org.apache.commons.lang.text.Lang43GeneratedTestBPSO::test04_max_boundary",
      "isolated_class": "org.apache.commons.lang.text.Lang43GeneratedTestBPSO__Isolated_4_test04_max_boundary",
      "buggy": {
        "status": "FAIL",
        "return_code": 0,
        "time_seconds": 1.8524916660000024,
        "output": "Running ant (compile.tests)................................................ OK\nRunning ant (run.dev.tests)................................................ OK\nFailing tests: 1\n  - org.apache.commons.lang.text.Lang43GeneratedTestBPSO__Isolated_4_test04_max_boundary::test04_max_boundary\n"
      },
      "fixed": {
        "status": "FAIL",
        "return_code": 0,
        "time_seconds": 1.7284216249999993,
        "output": "Running ant (compile.tests)................................................ OK\nRunning ant (run.dev.tests)................................................ OK\nFailing tests: 1\n  - org.apache.commons.lang.text.Lang43GeneratedTestBPSO__Isolated_4_test04_max_boundary::test04_max_boundary\n"
      },
      "evaluated": true,
      "detected": false
    },
    {
      "selector": "org.apache.commons.lang.text.Lang43GeneratedTestBPSO__Isolated_5_test05_fraction_negative::test05_fraction_negative",
      "target_method": "org.apache.commons.lang.text.Lang43GeneratedTestBPSO::test05_fraction_negative",
      "isolated_class": "org.apache.commons.lang.text.Lang43GeneratedTestBPSO__Isolated_5_test05_fraction_negative",
      "buggy": {
        "status": "FAIL",
        "return_code": 0,
        "time_seconds": 1.7372130840000004,
        "output": "Running ant (compile.tests)................................................ OK\nRunning ant (run.dev.tests)................................................ OK\nFailing tests: 1\n  - org.apache.commons.lang.text.Lang43GeneratedTestBPSO__Isolated_5_test05_fraction_negative::test05_fraction_negative\n"
      },
      "fixed": {
        "status": "FAIL",
        "return_code": 0,
        "time_seconds": 1.949743667,
        "output": "Running ant (compile.tests)................................................ OK\nRunning ant (run.dev.tests)................................................ OK\nFailing tests: 1\n  - org.apache.commons.lang.text.Lang43GeneratedTestBPSO__Isolated_5_test05_fraction_negative::test05_fraction_negative\n"
      },
      "evaluated": true,
      "detected": false
    },
    {
      "selector": "org.apache.commons.lang.text.Lang43GeneratedTestBPSO__Isolated_6_test06_fraction_positive::test06_fraction_positive",
      "target_method": "org.apache.commons.lang.text.Lang43GeneratedTestBPSO::test06_fraction_positive",
      "isolated_class": "org.apache.commons.lang.text.Lang43GeneratedTestBPSO__Isolated_6_test06_fraction_positive",
      "buggy": {
        "status": "FAIL",
        "return_code": 0,
        "time_seconds": 1.7838000410000028,
        "output": "Running ant (compile.tests)................................................ OK\nRunning ant (run.dev.tests)................................................ OK\nFailing tests: 1\n  - org.apache.commons.lang.text.Lang43GeneratedTestBPSO__Isolated_6_test06_fraction_positive::test06_fraction_positive\n"
      },
      "fixed": {
        "status": "FAIL",
        "return_code": 0,
        "time_seconds": 1.8229059579999998,
        "output": "Running ant (compile.tests)................................................ OK\nRunning ant (run.dev.tests)................................................ OK\nFailing tests: 1\n  - org.apache.commons.lang.text.Lang43GeneratedTestBPSO__Isolated_6_test06_fraction_positive::test06_fraction_positive\n"
      },
      "evaluated": true,
      "detected": false
    },
    {
      "selector": "org.apache.commons.lang.text.Lang43GeneratedTestBPSO__Isolated_7_test07_boolean_true::test07_boolean_true",
      "target_method": "org.apache.commons.lang.text.Lang43GeneratedTestBPSO::test07_boolean_true",
      "isolated_class": "org.apache.commons.lang.text.Lang43GeneratedTestBPSO__Isolated_7_test07_boolean_true",
      "buggy": {
        "status": "FAIL",
        "return_code": 0,
        "time_seconds": 2.0079171670000022,
        "output": "Running ant (compile.tests)................................................ OK\nRunning ant (run.dev.tests)................................................ OK\nFailing tests: 1\n  - org.apache.commons.lang.text.Lang43GeneratedTestBPSO__Isolated_7_test07_boolean_true::test07_boolean_true\n"
      },
      "fixed": {
        "status": "FAIL",
        "return_code": 0,
        "time_seconds": 1.7085323330000008,
        "output": "Running ant (compile.tests)................................................ OK\nRunning ant (run.dev.tests)................................................ OK\nFailing tests: 1\n  - org.apache.commons.lang.text.Lang43GeneratedTestBPSO__Isolated_7_test07_boolean_true::test07_boolean_true\n"
      },
      "evaluated": true,
      "detected": false
    },
    {
      "selector": "org.apache.commons.lang.text.Lang43GeneratedTestBPSO__Isolated_8_test08_long_zero::test08_long_zero",
      "target_method": "org.apache.commons.lang.text.Lang43GeneratedTestBPSO::test08_long_zero",
      "isolated_class": "org.apache.commons.lang.text.Lang43GeneratedTestBPSO__Isolated_8_test08_long_zero",
      "buggy": {
        "status": "FAIL",
        "return_code": 0,
        "time_seconds": 1.7056320419999977,
        "output": "Running ant (compile.tests)................................................ OK\nRunning ant (run.dev.tests)................................................ OK\nFailing tests: 1\n  - org.apache.commons.lang.text.Lang43GeneratedTestBPSO__Isolated_8_test08_long_zero::test08_long_zero\n"
      },
      "fixed": {
        "status": "FAIL",
        "return_code": 0,
        "time_seconds": 1.7021600000000063,
        "output": "Running ant (compile.tests)................................................ OK\nRunning ant (run.dev.tests)................................................ OK\nFailing tests: 1\n  - org.apache.commons.lang.text.Lang43GeneratedTestBPSO__Isolated_8_test08_long_zero::test08_long_zero\n"
      },
      "evaluated": true,
      "detected": false
    },
    {
      "selector": "org.apache.commons.lang.text.Lang43GeneratedTestBPSO__Isolated_9_test09_empty_array::test09_empty_array",
      "target_method": "org.apache.commons.lang.text.Lang43GeneratedTestBPSO::test09_empty_array",
      "isolated_class": "org.apache.commons.lang.text.Lang43GeneratedTestBPSO__Isolated_9_test09_empty_array",
      "buggy": {
        "status": "FAIL",
        "return_code": 0,
        "time_seconds": 1.9928942080000027,
        "output": "Running ant (compile.tests)................................................ OK\nRunning ant (run.dev.tests)................................................ OK\nFailing tests: 1\n  - org.apache.commons.lang.text.Lang43GeneratedTestBPSO__Isolated_9_test09_empty_array::test09_empty_array\n"
      },
      "fixed": {
        "status": "FAIL",
        "return_code": 0,
        "time_seconds": 1.761547499999999,
        "output": "Running ant (compile.tests)................................................ OK\nRunning ant (run.dev.tests)................................................ OK\nFailing tests: 1\n  - org.apache.commons.lang.text.Lang43GeneratedTestBPSO__Isolated_9_test09_empty_array::test09_empty_array\n"
      },
      "evaluated": true,
      "detected": false
    },
    {
      "selector": "org.apache.commons.lang.text.Lang43GeneratedTestBPSO__Isolated_10_test10_object_null::test10_object_null",
      "target_method": "org.apache.commons.lang.text.Lang43GeneratedTestBPSO::test10_object_null",
      "isolated_class": "org.apache.commons.lang.text.Lang43GeneratedTestBPSO__Isolated_10_test10_object_null",
      "buggy": {
        "status": "FAIL",
        "return_code": 0,
        "time_seconds": 1.8951368749999986,
        "output": "Running ant (compile.tests)................................................ OK\nRunning ant (run.dev.tests)................................................ OK\nFailing tests: 1\n  - org.apache.commons.lang.text.Lang43GeneratedTestBPSO__Isolated_10_test10_object_null::test10_object_null\n"
      },
      "fixed": {
        "status": "FAIL",
        "return_code": 0,
        "time_seconds": 1.949538290999996,
        "output": "Running ant (compile.tests)................................................ OK\nRunning ant (run.dev.tests)................................................ OK\nFailing tests: 1\n  - org.apache.commons.lang.text.Lang43GeneratedTestBPSO__Isolated_10_test10_object_null::test10_object_null\n"
      },
      "evaluated": true,
      "detected": false
    },
    {
      "selector": "org.apache.commons.lang.text.Lang43GeneratedTestBPSO__Isolated_11_test11_object_boundary::test11_object_boundary",
      "target_method": "org.apache.commons.lang.text.Lang43GeneratedTestBPSO::test11_object_boundary",
      "isolated_class": "org.apache.commons.lang.text.Lang43GeneratedTestBPSO__Isolated_11_test11_object_boundary",
      "buggy": {
        "status": "FAIL",
        "return_code": 0,
        "time_seconds": 1.7781449590000022,
        "output": "Running ant (compile.tests)................................................ OK\nRunning ant (run.dev.tests)................................................ OK\nFailing tests: 1\n  - org.apache.commons.lang.text.Lang43GeneratedTestBPSO__Isolated_11_test11_object_boundary::test11_object_boundary\n"
      },
      "fixed": {
        "status": "FAIL",
        "return_code": 0,
        "time_seconds": 1.858776374999998,
        "output": "Running ant (compile.tests)................................................ OK\nRunning ant (run.dev.tests)................................................ OK\nFailing tests: 1\n  - org.apache.commons.lang.text.Lang43GeneratedTestBPSO__Isolated_11_test11_object_boundary::test11_object_boundary\n"
      },
      "evaluated": true,
      "detected": false
    },
    {
      "selector": "org.apache.commons.lang.text.Lang43GeneratedTestBPSO__Isolated_12_test12_mixed_boundary::test12_mixed_boundary",
      "target_method": "org.apache.commons.lang.text.Lang43GeneratedTestBPSO::test12_mixed_boundary",
      "isolated_class": "org.apache.commons.lang.text.Lang43GeneratedTestBPSO__Isolated_12_test12_mixed_boundary",
      "buggy": {
        "status": "FAIL",
        "return_code": 0,
        "time_seconds": 1.799415666999998,
        "output": "Running ant (compile.tests)................................................ OK\nRunning ant (run.dev.tests)................................................ OK\nFailing tests: 1\n  - org.apache.commons.lang.text.Lang43GeneratedTestBPSO__Isolated_12_test12_mixed_boundary::test12_mixed_boundary\n"
      },
      "fixed": {
        "status": "FAIL",
        "return_code": 0,
        "time_seconds": 2.0051832079999983,
        "output": "Running ant (compile.tests)................................................ OK\nRunning ant (run.dev.tests)................................................ OK\nFailing tests: 1\n  - org.apache.commons.lang.text.Lang43GeneratedTestBPSO__Isolated_12_test12_mixed_boundary::test12_mixed_boundary\n"
      },
      "evaluated": true,
      "detected": false
    }
  ],
  "evaluation_workspaces": {
    "buggy": "/Users/fangfang/Documents/SQA_Project_2026/workspaces/d4j_suite_eval__89ggqx5/buggy",
    "fixed": "/Users/fangfang/Documents/SQA_Project_2026/workspaces/d4j_suite_eval__89ggqx5/fixed"
  },
  "timing": {
    "buggy_compile_seconds": 6.270850166,
    "fixed_compile_seconds": 5.195665083,
    "buggy_execution_seconds": 22.535639543000002,
    "fixed_execution_seconds": 22.483719873,
    "total_seconds": 56.485874665
  },
  "status": "PASS"
}
