Preparing Lang-26
Buggy: /Users/fangfang/Documents/SQA_Project_2026/workspaces/Lang-26-buggy
Fixed: /Users/fangfang/Documents/SQA_Project_2026/workspaces/Lang-26-fixed

=== Checkout BUGGY ===
Checking out 14a0cc2a to /Users/fangfang/Documents/SQA_Project_2026/workspa OK
Init local repository...................................................... OK
Tag post-fix revision...................................................... OK
Apply patch................................................................ OK
Apply patch................................................................ OK
Copy generated Ant build file.............................................. OK
Run post-checkout hook..................................................... OK
Excluding broken/flaky tests............................................... OK
Excluding broken/flaky tests............................................... OK
Excluding broken/flaky tests............................................... OK
Backing up build file: /Users/fangfang/Documents/SQA_Project_2026/workspace OK
Initialize fixed program version........................................... OK
Apply patch................................................................ OK
Initialize buggy program version........................................... OK
Diff 14a0cc2a:f7f19a3d..................................................... OK
Apply patch................................................................ OK
Tag pre-fix revision....................................................... OK
Check out program version: Lang-26b........................................ OK

=== Checkout FIXED ===
Checking out 14a0cc2a to /Users/fangfang/Documents/SQA_Project_2026/workspa OK
Init local repository...................................................... OK
Tag post-fix revision...................................................... OK
Apply patch................................................................ OK
Apply patch................................................................ OK
Copy generated Ant build file.............................................. OK
Run post-checkout hook..................................................... OK
Excluding broken/flaky tests............................................... OK
Excluding broken/flaky tests............................................... OK
Excluding broken/flaky tests............................................... OK
Backing up build file: /Users/fangfang/Documents/SQA_Project_2026/workspace OK
Initialize fixed program version........................................... OK
Apply patch................................................................ OK
Initialize buggy program version........................................... OK
Diff 14a0cc2a:f7f19a3d..................................................... OK
Apply patch................................................................ OK
Tag pre-fix revision....................................................... OK
Check out program version: Lang-26f........................................ OK

=== Workspace status ===
BUGGY: READY
FIXED: READY
