* EvoSuite 1.2.0
* Going to generate test cases for class: com.fasterxml.jackson.core.json.ReaderBasedJsonParser
* Starting Client-0
* Connecting to master process on port 18828
* Analyzing classpath: 
  - /home/acer/SQA/jacksoncore-work/JacksonCore/SA_360bf3a8/round1/2f/target/classes
  - /home/acer/defects4j/framework/projects/JacksonCore/lib/junit/junit/4.8.2/junit-4.8.2.jar
  - /home/acer/SQA/jacksoncore-work/JacksonCore/SA_360bf3a8/round1/2f/target/test-classes
  - /home/acer/defects4j/framework/projects/lib/junit-4.12-hamcrest-1.3.jar
  - /home/acer/defects4j/framework/projects/JacksonCore/lib/junit/junit/4.11/junit-4.11.jar
  - /home/acer/defects4j/framework/projects/JacksonCore/lib/junit/junit/4.12/junit-4.12.jar
  - /home/acer/defects4j/framework/projects/JacksonCore/lib/org/hamcrest/hamcrest-core/1.3/hamcrest-core-1.3.jar
[MASTER] 23:35:56.912 [logback-1] WARN  InheritanceTree - Class not in inheritance graph: java.util.Locale$IsoCountryCode
* Finished analyzing classpath
* Generating tests for class com.fasterxml.jackson.core.json.ReaderBasedJsonParser
* Test criteria:
  - Line Coverage
  - Branch Coverage
  - Exception
  - Mutation testing (weak)
  - Method-Output Coverage
  - Top-Level Method Coverage
  - Context Branch Coverage
* Setting up search algorithm for whole suite generation
* Total number of test goals: 
  - Line 953
  - Branch 802
  - Exception 0
  - MutationFactory 739
  - Output 84
  - Method 41
  - CBranchFitnessFactory 802

[Progress:>                             0%] [Cov:>                                  0%]* Using seed 20260930
* Starting evolution

[Progress:>                             3%] [Cov:>                                  0%]
[Progress:>                             3%] [Cov:>                                  1%]
[Progress:>                             3%] [Cov:=====>                             15%]
[Progress:>                             3%] [Cov:=====>                             16%]
[Progress:>                             3%] [Cov:=====>                             17%]
[Progress:>                             3%] [Cov:======>                            19%]
[Progress:>                             3%] [Cov:=======>                           20%]
[Progress:=>                            6%] [Cov:>                                  0%]
[Progress:=>                            6%] [Cov:====>                              14%]
[Progress:=>                            6%] [Cov:=====>                             15%]
[Progress:=>                            6%] [Cov:=====>                             17%]
[Progress:=>                            6%] [Cov:======>                            18%]
[Progress:===>                          10%] [Cov:====>                              13%]
[Progress:===>                          10%] [Cov:====>                              14%]
[Progress:===>                          10%] [Cov:=====>                             15%]
[Progress:===>                          10%] [Cov:=====>                             16%]
[Progress:===>                          10%] [Cov:======>                            18%]
[Progress:===>                          10%] [Cov:=======>                           20%]
[Progress:===>                          13%] [Cov:>                                  0%]
[Progress:===>                          13%] [Cov:>                                  1%]
[Progress:===>                          13%] [Cov:=====>                             15%]
[Progress:===>                          13%] [Cov:=====>                             16%]
[Progress:===>                          13%] [Cov:=======>                           20%]
[Progress:====>                         16%] [Cov:=====>                             15%]
[Progress:====>                         16%] [Cov:=====>                             16%]
[Progress:====>                         16%] [Cov:=====>                             17%]
[Progress:====>                         16%] [Cov:=======>                           20%]SA iteration=1 bestFitness=6823.227412893646 population=30 temperature=9.666666666666666

[Progress:======>                       20%] [Cov:=======>                           20%]
[Progress:======>                       23%] [Cov:====>                              13%]
[Progress:======>                       23%] [Cov:=======>                           20%]SA iteration=2 bestFitness=6831.22741561678 population=30 temperature=9.333333333333334

[Progress:=======>                      26%] [Cov:=====>                             15%]
[Progress:=======>                      26%] [Cov:=====>                             16%]
[Progress:=======>                      26%] [Cov:=======>                           20%]SA iteration=3 bestFitness=6831.22741561678 population=30 temperature=9.0

[Progress:=========>                    30%] [Cov:=====>                             15%]
[Progress:=========>                    30%] [Cov:======>                            18%]
[Progress:=========>                    30%] [Cov:======>                            18%]SA iteration=4 bestFitness=6822.804434357022 population=30 temperature=8.666666666666668

[Progress:=========>                    30%] [Cov:=======>                           20%]
[Progress:=========>                    33%] [Cov:=======>                           20%]
[Progress:==========>                   36%] [Cov:=====>                             15%]
[Progress:==========>                   36%] [Cov:=====>                             16%]
[Progress:==========>                   36%] [Cov:======>                            18%]SA iteration=5 bestFitness=6822.804434357022 population=30 temperature=8.333333333333334

[Progress:==========>                   36%] [Cov:=======>                           20%]
[Progress:============>                 40%] [Cov:====>                              14%]
[Progress:============>                 40%] [Cov:======>                            18%]
[Progress:============>                 40%] [Cov:=======>                           20%]
[Progress:============>                 40%] [Cov:======>                            18%]
[Progress:============>                 40%] [Cov:=======>                           20%]
[Progress:============>                 43%] [Cov:=======>                           20%]
[Progress:============>                 43%] [Cov:======>                            18%]
[Progress:============>                 43%] [Cov:=======>                           20%]
[Progress:=============>                46%] [Cov:======>                            19%]
[Progress:=============>                46%] [Cov:======>                            18%]
[Progress:=============>                46%] [Cov:=======>                           20%]
[Progress:===============>              50%] [Cov:=====>                             16%]
[Progress:===============>              50%] [Cov:=====>                             17%]
[Progress:===============>              50%] [Cov:======>                            18%]
[Progress:===============>              50%] [Cov:======>                            18%]
[Progress:===============>              50%] [Cov:=======>                           20%]
[Progress:===============>              53%] [Cov:=====>                             17%]
[Progress:===============>              53%] [Cov:======>                            18%]
[Progress:===============>              53%] [Cov:======>                            18%]
[Progress:===============>              53%] [Cov:=======>                           20%]
[Progress:================>             56%] [Cov:====>                              14%]
[Progress:================>             56%] [Cov:=====>                             15%]
[Progress:================>             56%] [Cov:=====>                             16%]
[Progress:================>             56%] [Cov:======>                            18%]
[Progress:================>             56%] [Cov:=======>                           20%]
[Progress:================>             56%] [Cov:======>                            18%]
[Progress:==================>           60%] [Cov:======>                            18%]
[Progress:==================>           60%] [Cov:======>                            19%]
[Progress:==================>           60%] [Cov:=======>                           20%]
[Progress:==================>           60%] [Cov:=======>                           21%]
[Progress:==================>           63%] [Cov:====>                              14%]
[Progress:==================>           63%] [Cov:=======>                           21%]
[Progress:==================>           63%] [Cov:=======>                           21%]
[Progress:===================>          66%] [Cov:======>                            18%]
[Progress:===================>          66%] [Cov:======>                            19%]
[Progress:===================>          66%] [Cov:=======>                           20%]
[Progress:===================>          66%] [Cov:=======>                           21%]
[Progress:=====================>        70%] [Cov:=======>                           20%]
[Progress:=====================>        70%] [Cov:=======>                           21%]
[Progress:=====================>        70%] [Cov:=======>                           21%]
[Progress:=====================>        73%] [Cov:=======>                           21%]
[Progress:=====================>        73%] [Cov:=======>                           21%]
[Progress:=====================>        73%] [Cov:=======>                           22%]
[Progress:======================>       76%] [Cov:=====>                             17%]
[Progress:======================>       76%] [Cov:======>                            18%]
[Progress:======================>       76%] [Cov:======>                            19%]
[Progress:======================>       76%] [Cov:=======>                           22%]SA iteration=20 bestFitness=6674.964232261661 population=30 temperature=3.333333333333334

[Progress:======================>       76%] [Cov:========>                          23%]
[Progress:========================>     80%] [Cov:=======>                           20%]
[Progress:========================>     80%] [Cov:========>                          23%]
[Progress:========================>     83%] [Cov:=====>                             16%]
[Progress:========================>     83%] [Cov:=====>                             17%]
[Progress:========================>     83%] [Cov:======>                            18%]
[Progress:========================>     83%] [Cov:======>                            19%]
[Progress:========================>     83%] [Cov:========>                          23%]
[Progress:=========================>    86%] [Cov:=====>                             17%]
[Progress:=========================>    86%] [Cov:======>                            18%]
[Progress:=========================>    86%] [Cov:======>                            19%]
[Progress:=========================>    86%] [Cov:========>                          23%]
[Progress:=========================>    86%] [Cov:========>                          23%]
[Progress:===========================>  90%] [Cov:======>                            18%]
[Progress:===========================>  90%] [Cov:======>                            19%]
[Progress:===========================>  90%] [Cov:=======>                           20%]
[Progress:===========================>  90%] [Cov:========>                          23%]
[Progress:===========================>  93%] [Cov:=====>                             17%]
[Progress:===========================>  93%] [Cov:========>                          23%]
[Progress:============================> 96%] [Cov:====>                              13%]
[Progress:============================> 96%] [Cov:========>                          23%]
[Progress:==============================100%] [Cov:=====>                             16%]
[Progress:==============================100%] [Cov:========>                          23%]
[Progress:==============================100%] [Cov:=====>                             16%]
[Progress:==============================100%] [Cov:========>                          23%]
[Progress:==============================100%] [Cov:===============>                   44%]
* Search finished after 32s and 29 generations, 11663 statements, best individual has fitness: 5054.655828062623
* Minimizing test suite
* Going to analyze the coverage criteria
* Coverage analysis for criterion LINE
* Coverage of criterion LINE: 29%
* Total number of goals: 953
* Number of covered goals: 272
* Coverage analysis for criterion BRANCH
* Coverage of criterion BRANCH: 24%
* Total number of goals: 802
* Number of covered goals: 195
* Coverage analysis for criterion EXCEPTION
* Coverage of criterion EXCEPTION: 100%
* Total number of goals: 30
* Number of covered goals: 30
* Coverage analysis for criterion WEAKMUTATION
* Coverage of criterion WEAKMUTATION: 27%
* Total number of goals: 739
* Number of covered goals: 199
* Coverage analysis for criterion OUTPUT
* Coverage of criterion OUTPUT: 30%
* Total number of goals: 84
* Number of covered goals: 25
* Coverage analysis for criterion METHOD
* Coverage of criterion METHOD: 90%
* Total number of goals: 41
* Number of covered goals: 37
* Coverage analysis for criterion CBRANCH
* Coverage of criterion CBRANCH: 24%
* Total number of goals: 802
* Number of covered goals: 195
* Generated 66 tests with total length 473
* Resulting test suite's coverage: 44% (average coverage for all fitness functions)
* Generating assertions
* Resulting test suite's mutation score: 3%
* Property NO_RUNTIME_DEPENDENCY is set to true - skipping JUnit compile check
* WARNING: Not including the runtime dependencies is likely to lead to flaky tests!
* Writing tests to file
* Writing JUnit test case 'ReaderBasedJsonParser_ESTest' to /home/acer/SQA/all-in-one-results/JacksonCore/SA_360bf3a8/round1/JacksonCore-2/generation/com_fasterxml_jackson_core_json_ReaderBasedJsonParser/evosuite-tests
* Done!

* Computation finished
