===== org.apache.commons.lang.time.FastDateFormat_Lang50Test__Isolated_1_testDateInstanceLocaleDefaultCaching::testDateInstanceLocaleDefaultCaching =====
Running ant (compile.tests)................................................ FAIL
Executed command:  cd /Users/fangfang/Documents/SQA_Project_2026/workspaces/d4j_suite_eval_8b7r0_3u/buggy && /Users/fangfang/Documents/SQA_Project/defects4j/major/bin/ant -f /Users/fangfang/Documents/SQA_Project/defects4j/framework/projects/defects4j.build.xml -Dd4j.home=/Users/fangfang/Documents/SQA_Project/defects4j -Dd4j.dir.projects=/Users/fangfang/Documents/SQA_Project/defects4j/framework/projects -Dbasedir=/Users/fangfang/Documents/SQA_Project_2026/workspaces/d4j_suite_eval_8b7r0_3u/buggy  compile.tests 2>&1
Buildfile: /Users/fangfang/Documents/SQA_Project/defects4j/framework/projects/defects4j.build.xml

init:
     [echo] -------- commons-lang 2.4-SNAPSHOT --------

prepare:

static:

compile:
    [javac] /Users/fangfang/Documents/SQA_Project_2026/workspaces/d4j_suite_eval_8b7r0_3u/buggy/build.xml:65: warning: 'includeantruntime' was not set, defaulting to build.sysclasspath=last; set to false for repeatable builds

compile.tests:
    [javac] /Users/fangfang/Documents/SQA_Project_2026/workspaces/d4j_suite_eval_8b7r0_3u/buggy/build.xml:73: warning: 'includeantruntime' was not set, defaulting to build.sysclasspath=last; set to false for repeatable builds
    [javac] Compiling 148 source files to /Users/fangfang/Documents/SQA_Project_2026/workspaces/d4j_suite_eval_8b7r0_3u/buggy/target/tests
    [javac] warning: [options] bootstrap class path not set in conjunction with -source 6
    [javac] warning: [options] source value 6 is obsolete and will be removed in a future release
    [javac] warning: [options] target value 1.6 is obsolete and will be removed in a future release
    [javac] warning: [options] To suppress warnings about obsolete options, use -Xlint:-options.
    [javac] /Users/fangfang/Documents/SQA_Project_2026/workspaces/d4j_suite_eval_8b7r0_3u/buggy/src/test/java/org/apache/commons/lang/time/FastDateFormat_Lang50Test__Isolated_1_testDateInstanceLocaleDefaultCaching.java:38: error: cannot find symbol
    [javac]         FastdateFormat usInstance = FastDateFormat.getDateInstance(FastDateFormat.SHORT, (Locale) null);
    [javac]         ^
    [javac]   symbol:   class FastdateFormat
    [javac]   location: class FastDateFormat_Lang50Test__Isolated_1_testDateInstanceLocaleDefaultCaching
    [javac] /Users/fangfang/Documents/SQA_Project_2026/workspaces/d4j_suite_eval_8b7r0_3u/buggy/src/test/java/org/apache/commons/lang/time/FastDateFormat_Lang50Test__Isolated_2_testDateInstanceWithNullLocaleAndDifferentDefaults.java:37: error: cannot find symbol
    [javac]         FastdateFormat usInstance = FastDateFormat.getDateInstance(FastDateFormat.SHORT, (Locale) null);
    [javac]         ^
    [javac]   symbol:   class FastdateFormat
    [javac]   location: class FastDateFormat_Lang50Test__Isolated_2_testDateInstanceWithNullLocaleAndDifferentDefaults
    [javac] Note: Some input files use or override a deprecated API.
    [javac] Note: Recompile with -Xlint:deprecation for details.
    [javac] Note: Some input files use unchecked or unsafe operations.
    [javac] Note: Recompile with -Xlint:unchecked for details.
    [javac] 2 errors
    [javac] 4 warnings

BUILD FAILED
/Users/fangfang/Documents/SQA_Project_2026/workspaces/d4j_suite_eval_8b7r0_3u/buggy/build.xml:73: Compile failed; see the compiler error output for details.

Total time: 1 second
Cannot compile test suite! at /Users/fangfang/Documents/SQA_Project/defects4j/framework/bin/d4j/d4j-test line 134.
Compilation failed in require at /Users/fangfang/Documents/SQA_Project/defects4j/framework/bin/defects4j line 195.

===== org.apache.commons.lang.time.FastDateFormat_Lang50Test__Isolated_2_testDateInstanceWithNullLocaleAndDifferentDefaults::testDateInstanceWithNullLocaleAndDifferentDefaults =====
Running ant (compile.tests)................................................ FAIL
Executed command:  cd /Users/fangfang/Documents/SQA_Project_2026/workspaces/d4j_suite_eval_8b7r0_3u/buggy && /Users/fangfang/Documents/SQA_Project/defects4j/major/bin/ant -f /Users/fangfang/Documents/SQA_Project/defects4j/framework/projects/defects4j.build.xml -Dd4j.home=/Users/fangfang/Documents/SQA_Project/defects4j -Dd4j.dir.projects=/Users/fangfang/Documents/SQA_Project/defects4j/framework/projects -Dbasedir=/Users/fangfang/Documents/SQA_Project_2026/workspaces/d4j_suite_eval_8b7r0_3u/buggy  compile.tests 2>&1
Buildfile: /Users/fangfang/Documents/SQA_Project/defects4j/framework/projects/defects4j.build.xml

init:
     [echo] -------- commons-lang 2.4-SNAPSHOT --------

prepare:

static:

compile:
    [javac] /Users/fangfang/Documents/SQA_Project_2026/workspaces/d4j_suite_eval_8b7r0_3u/buggy/build.xml:65: warning: 'includeantruntime' was not set, defaulting to build.sysclasspath=last; set to false for repeatable builds

compile.tests:
    [javac] /Users/fangfang/Documents/SQA_Project_2026/workspaces/d4j_suite_eval_8b7r0_3u/buggy/build.xml:73: warning: 'includeantruntime' was not set, defaulting to build.sysclasspath=last; set to false for repeatable builds
    [javac] Compiling 148 source files to /Users/fangfang/Documents/SQA_Project_2026/workspaces/d4j_suite_eval_8b7r0_3u/buggy/target/tests
    [javac] warning: [options] bootstrap class path not set in conjunction with -source 6
    [javac] warning: [options] source value 6 is obsolete and will be removed in a future release
    [javac] warning: [options] target value 1.6 is obsolete and will be removed in a future release
    [javac] warning: [options] To suppress warnings about obsolete options, use -Xlint:-options.
    [javac] /Users/fangfang/Documents/SQA_Project_2026/workspaces/d4j_suite_eval_8b7r0_3u/buggy/src/test/java/org/apache/commons/lang/time/FastDateFormat_Lang50Test__Isolated_1_testDateInstanceLocaleDefaultCaching.java:38: error: cannot find symbol
    [javac]         FastdateFormat usInstance = FastDateFormat.getDateInstance(FastDateFormat.SHORT, (Locale) null);
    [javac]         ^
    [javac]   symbol:   class FastdateFormat
    [javac]   location: class FastDateFormat_Lang50Test__Isolated_1_testDateInstanceLocaleDefaultCaching
    [javac] /Users/fangfang/Documents/SQA_Project_2026/workspaces/d4j_suite_eval_8b7r0_3u/buggy/src/test/java/org/apache/commons/lang/time/FastDateFormat_Lang50Test__Isolated_2_testDateInstanceWithNullLocaleAndDifferentDefaults.java:37: error: cannot find symbol
    [javac]         FastdateFormat usInstance = FastDateFormat.getDateInstance(FastDateFormat.SHORT, (Locale) null);
    [javac]         ^
    [javac]   symbol:   class FastdateFormat
    [javac]   location: class FastDateFormat_Lang50Test__Isolated_2_testDateInstanceWithNullLocaleAndDifferentDefaults
    [javac] Note: Some input files use or override a deprecated API.
    [javac] Note: Recompile with -Xlint:deprecation for details.
    [javac] Note: Some input files use unchecked or unsafe operations.
    [javac] Note: Recompile with -Xlint:unchecked for details.
    [javac] 2 errors
    [javac] 4 warnings

BUILD FAILED
/Users/fangfang/Documents/SQA_Project_2026/workspaces/d4j_suite_eval_8b7r0_3u/buggy/build.xml:73: Compile failed; see the compiler error output for details.

Total time: 1 second
Cannot compile test suite! at /Users/fangfang/Documents/SQA_Project/defects4j/framework/bin/d4j/d4j-test line 134.
Compilation failed in require at /Users/fangfang/Documents/SQA_Project/defects4j/framework/bin/defects4j line 195.

