============================================================
AUTO GENERATION
PROJECT=Lang BUG=36 METHOD=BPSO
START=Fri Oct  2 08:32:02 PDT 2026
============================================================
============================================================
CORRECTED SA/BPSO GENERATOR
============================================================
Project : Lang
Bug     : 36
Method  : BPSO
Artifact: /Users/fangfang/Documents/SQA_Project_2026/automation/runs/Lang/Bug-36/BPSO
============================================================
Modified source : org.apache.commons.lang3.math.NumberUtils
Trigger test    : Running ant (export.tests.trigger)......................................... OK
org.apache.commons.lang3.math.NumberUtilsTest::testCreateNumber
org.apache.commons.lang3.math.NumberUtilsTest::testIsNumber
Fixed revision  : 26bc3fe010d5154d3ccac526ec22c429fc3af499
Target class    : org.apache.commons.lang3.math.NumberUtils
Package         : org.apache.commons.lang3.math

Temporary generator workspace:
/tmp/sqa_lang_generator_36_BPSO_nEoODP

============================================================
CHECKOUT BUGGY
============================================================
Checking out 26bc3fe0 to /tmp/sqa_lang_generator_36_BPSO_nEoODP/buggy...... OK
Init local repository...................................................... OK
Tag post-fix revision...................................................... OK
Apply patch................................................................ OK
Copy generated Ant build file.............................................. OK
Run post-checkout hook..................................................... OK
Excluding broken/flaky tests............................................... OK
Excluding broken/flaky tests............................................... OK
Excluding broken/flaky tests............................................... OK
Backing up build file: /tmp/sqa_lang_generator_36_BPSO_nEoODP/buggy/maven-b OK
Initialize fixed program version........................................... OK
Apply patch................................................................ OK
Initialize buggy program version........................................... OK
Diff 26bc3fe0:506bd018..................................................... OK
Apply patch................................................................ OK
Tag pre-fix revision....................................................... OK
Check out program version: Lang-36b........................................ OK

============================================================
CHECKOUT FIXED
============================================================
Checking out 26bc3fe0 to /tmp/sqa_lang_generator_36_BPSO_nEoODP/fixed...... OK
Init local repository...................................................... OK
Tag post-fix revision...................................................... OK
Apply patch................................................................ OK
Copy generated Ant build file.............................................. OK
Run post-checkout hook..................................................... OK
Excluding broken/flaky tests............................................... OK
Excluding broken/flaky tests............................................... OK
Excluding broken/flaky tests............................................... OK
Backing up build file: /tmp/sqa_lang_generator_36_BPSO_nEoODP/fixed/maven-b OK
Initialize fixed program version........................................... OK
Apply patch................................................................ OK
Initialize buggy program version........................................... OK
Diff 26bc3fe0:506bd018..................................................... OK
Apply patch................................................................ OK
Tag pre-fix revision....................................................... OK
Check out program version: Lang-36f........................................ OK
find: /tmp/sqa_lang_generator_36_BPSO_nEoODP/buggy/src/main/java: No such file or directory
find: /tmp/sqa_lang_generator_36_BPSO_nEoODP/fixed/src/main/java: No such file or directory

BUGGY source:

FIXED source:

ERROR: modified production source not found.

RETURN_CODE=3
END=Fri Oct  2 08:32:12 PDT 2026
GENERATION FAILED
