===== org.apache.commons.lang.ClassUtilsDefectTest__Isolated_1_testGetShortClassName_jvmObjectArray::testGetShortClassName_jvmObjectArray =====
Running ant (compile.tests)................................................ OK
Running ant (run.dev.tests)................................................ OK
Failing tests: 1
  - org.apache.commons.lang.ClassUtilsDefectTest__Isolated_1_testGetShortClassName_jvmObjectArray::testGetShortClassName_jvmObjectArray

===== org.apache.commons.lang.ClassUtilsDefectTest__Isolated_2_testGetShortClassName_jvmPrimitiveArray::testGetShortClassName_jvmPrimitiveArray =====
Running ant (compile.tests)................................................ OK
Running ant (run.dev.tests)................................................ OK
Failing tests: 1
  - org.apache.commons.lang.ClassUtilsDefectTest__Isolated_2_testGetShortClassName_jvmPrimitiveArray::testGetShortClassName_jvmPrimitiveArray

===== org.apache.commons.lang.ClassUtilsDefectTest__Isolated_3_testGetShortClassName_multiDimensionalPrimitiveArray::testGetShortClassName_multiDimensionalPrimitiveArray =====
Running ant (compile.tests)................................................ OK
Running ant (run.dev.tests)................................................ OK
Failing tests: 1
  - org.apache.commons.lang.ClassUtilsDefectTest__Isolated_3_testGetShortClassName_multiDimensionalPrimitiveArray::testGetShortClassName_multiDimensionalPrimitiveArray

===== org.apache.commons.lang.ClassUtilsDefectTest__Isolated_4_testGetPackageName_jvmObjectArray::testGetPackageName_jvmObjectArray =====
Running ant (compile.tests)................................................ OK
Running ant (run.dev.tests)................................................ OK
Failing tests: 1
  - org.apache.commons.lang.ClassUtilsDefectTest__Isolated_4_testGetPackageName_jvmObjectArray::testGetPackageName_jvmObjectArray

