* EvoSuite 1.2.0
* Going to generate test cases for class: com.fasterxml.jackson.dataformat.xml.deser.FromXmlParser
* Starting Client-0
* Connecting to master process on port 18826
* Analyzing classpath: 
  - /home/acer/SQA/all-in-one-work/JacksonXml/SA_360bf3a8/round1/1f/target/classes
  - /home/acer/defects4j/framework/projects/JacksonXml/lib/com/fasterxml/jackson/core/jackson-core/2.7.0-rc3/jackson-core-2.7.0-rc3.jar
  - /home/acer/defects4j/framework/projects/JacksonXml/lib/com/fasterxml/jackson/core/jackson-annotations/2.7.0-rc3/jackson-annotations-2.7.0-rc3.jar
  - /home/acer/defects4j/framework/projects/JacksonXml/lib/com/fasterxml/jackson/core/jackson-databind/2.7.0-rc3/jackson-databind-2.7.0-rc3.jar
  - /home/acer/defects4j/framework/projects/JacksonXml/lib/com/fasterxml/jackson/module/jackson-module-jaxb-annotations/2.7.0-rc3/jackson-module-jaxb-annotations-2.7.0-rc3.jar
  - /home/acer/defects4j/framework/projects/JacksonXml/lib/javax/xml/stream/stax-api/1.0-2/stax-api-1.0-2.jar
  - /home/acer/defects4j/framework/projects/JacksonXml/lib/org/codehaus/woodstox/stax2-api/3.1.4/stax2-api-3.1.4.jar
  - /home/acer/defects4j/framework/projects/JacksonXml/lib/com/fasterxml/woodstox/woodstox-core/5.0.1/woodstox-core-5.0.1.jar
  - /home/acer/defects4j/framework/projects/JacksonXml/lib/javax/xml/bind/jaxb-api/2.3.0/jaxb-api-2.3.0.jar
  - /home/acer/defects4j/framework/projects/JacksonXml/lib/junit/junit/4.12/junit-4.12.jar
  - /home/acer/defects4j/framework/projects/JacksonXml/lib/org/hamcrest/hamcrest-core/1.3/hamcrest-core-1.3.jar
  - /home/acer/SQA/all-in-one-work/JacksonXml/SA_360bf3a8/round1/1f/target/test-classes
  - /home/acer/defects4j/framework/projects/lib/junit-4.12-hamcrest-1.3.jar
  - /home/acer/defects4j/framework/projects/JacksonXml/lib/com/fasterxml/jackson/core/jackson-annotations/2.10.0-SNAPSHOT/jackson-annotations-2.10.0-20180816.040648-1.jar
  - /home/acer/defects4j/framework/projects/JacksonXml/lib/com/fasterxml/jackson/core/jackson-annotations/2.3.0/jackson-annotations-2.3.0.jar
  - /home/acer/defects4j/framework/projects/JacksonXml/lib/com/fasterxml/jackson/core/jackson-annotations/2.5.0/jackson-annotations-2.5.0.jar
  - /home/acer/defects4j/framework/projects/JacksonXml/lib/com/fasterxml/jackson/core/jackson-annotations/2.6.0-rc3/jackson-annotations-2.6.0-rc3.jar
  - /home/acer/defects4j/framework/projects/JacksonXml/lib/com/fasterxml/jackson/core/jackson-annotations/2.6.0/jackson-annotations-2.6.0.jar
  - /home/acer/defects4j/framework/projects/JacksonXml/lib/com/fasterxml/jackson/core/jackson-annotations/2.7.0-rc2/jackson-annotations-2.7.0-rc2.jar
  - /home/acer/defects4j/framework/projects/JacksonXml/lib/com/fasterxml/jackson/core/jackson-annotations/2.7.0/jackson-annotations-2.7.0.jar
  - /home/acer/defects4j/framework/projects/JacksonXml/lib/com/fasterxml/jackson/core/jackson-annotations/2.8.0.rc1/jackson-annotations-2.8.0.rc1.jar
  - /home/acer/defects4j/framework/projects/JacksonXml/lib/com/fasterxml/jackson/core/jackson-annotations/2.8.0/jackson-annotations-2.8.0.jar
  - /home/acer/defects4j/framework/projects/JacksonXml/lib/com/fasterxml/jackson/core/jackson-annotations/2.9.0/jackson-annotations-2.9.0.jar
  - /home/acer/defects4j/framework/projects/JacksonXml/lib/com/fasterxml/jackson/core/jackson-annotations/3.0-SNAPSHOT/jackson-annotations-3.0-20190323.173155-41.jar
  - /home/acer/defects4j/framework/projects/JacksonXml/lib/com/fasterxml/jackson/core/jackson-core/2.10.0-SNAPSHOT/jackson-core-2.10.0-20190119.070823-59.jar
  - /home/acer/defects4j/framework/projects/JacksonXml/lib/com/fasterxml/jackson/core/jackson-core/2.3.1/jackson-core-2.3.1.jar
  - /home/acer/defects4j/framework/projects/JacksonXml/lib/com/fasterxml/jackson/core/jackson-core/2.5.0/jackson-core-2.5.0.jar
  - /home/acer/defects4j/framework/projects/JacksonXml/lib/com/fasterxml/jackson/core/jackson-core/2.6.0-rc3/jackson-core-2.6.0-rc3.jar
  - /home/acer/defects4j/framework/projects/JacksonXml/lib/com/fasterxml/jackson/core/jackson-core/2.6.3/jackson-core-2.6.3.jar
  - /home/acer/defects4j/framework/projects/JacksonXml/lib/com/fasterxml/jackson/core/jackson-core/2.6.4/jackson-core-2.6.4.jar
  - /home/acer/defects4j/framework/projects/JacksonXml/lib/com/fasterxml/jackson/core/jackson-core/2.7.0-rc2/jackson-core-2.7.0-rc2.jar
  - /home/acer/defects4j/framework/projects/JacksonXml/lib/com/fasterxml/jackson/core/jackson-core/2.7.0-rc4-SNAPSHOT/jackson-core-2.7.0-rc4-20160106.062135-1.jar
  - /home/acer/defects4j/framework/projects/JacksonXml/lib/com/fasterxml/jackson/core/jackson-core/2.7.3/jackson-core-2.7.3.jar
  - /home/acer/defects4j/framework/projects/JacksonXml/lib/com/fasterxml/jackson/core/jackson-core/2.7.6/jackson-core-2.7.6.jar
  - /home/acer/defects4j/framework/projects/JacksonXml/lib/com/fasterxml/jackson/core/jackson-core/2.7.7/jackson-core-2.7.7.jar
  - /home/acer/defects4j/framework/projects/JacksonXml/lib/com/fasterxml/jackson/core/jackson-core/2.8.0.rc1/jackson-core-2.8.0.rc1.jar
  - /home/acer/defects4j/framework/projects/JacksonXml/lib/com/fasterxml/jackson/core/jackson-core/2.8.5/jackson-core-2.8.5.jar
  - /home/acer/defects4j/framework/projects/JacksonXml/lib/com/fasterxml/jackson/core/jackson-core/2.9.6/jackson-core-2.9.6.jar
  - /home/acer/defects4j/framework/projects/JacksonXml/lib/com/fasterxml/jackson/core/jackson-core/2.9.8/jackson-core-2.9.8.jar
  - /home/acer/defects4j/framework/projects/JacksonXml/lib/com/fasterxml/jackson/core/jackson-core/3.0.0-SNAPSHOT/jackson-core-3.0.0-20190424.231835-446.jar
  - /home/acer/defects4j/framework/projects/JacksonXml/lib/com/fasterxml/jackson/core/jackson-databind/2.10.0-SNAPSHOT/jackson-databind-2.10.0-20190508.041220-162.jar
  - /home/acer/defects4j/framework/projects/JacksonXml/lib/com/fasterxml/jackson/core/jackson-databind/2.3.1/jackson-databind-2.3.1.jar
  - /home/acer/defects4j/framework/projects/JacksonXml/lib/com/fasterxml/jackson/core/jackson-databind/2.5.0/jackson-databind-2.5.0.jar
  - /home/acer/defects4j/framework/projects/JacksonXml/lib/com/fasterxml/jackson/core/jackson-databind/2.6.0-rc3/jackson-databind-2.6.0-rc3.jar
  - /home/acer/defects4j/framework/projects/JacksonXml/lib/com/fasterxml/jackson/core/jackson-databind/2.6.3/jackson-databind-2.6.3.jar
  - /home/acer/defects4j/framework/projects/JacksonXml/lib/com/fasterxml/jackson/core/jackson-databind/2.6.4/jackson-databind-2.6.4.jar
  - /home/acer/defects4j/framework/projects/JacksonXml/lib/com/fasterxml/jackson/core/jackson-databind/2.7.0-rc2/jackson-databind-2.7.0-rc2.jar
  - /home/acer/defects4j/framework/projects/JacksonXml/lib/com/fasterxml/jackson/core/jackson-databind/2.7.0-rc4-SNAPSHOT/jackson-databind-2.7.0-rc4-20160109.222726-11.jar
  - /home/acer/defects4j/framework/projects/JacksonXml/lib/com/fasterxml/jackson/core/jackson-databind/2.7.3/jackson-databind-2.7.3.jar
  - /home/acer/defects4j/framework/projects/JacksonXml/lib/com/fasterxml/jackson/core/jackson-databind/2.7.6/jackson-databind-2.7.6.jar
  - /home/acer/defects4j/framework/projects/JacksonXml/lib/com/fasterxml/jackson/core/jackson-databind/2.7.7/jackson-databind-2.7.7.jar
  - /home/acer/defects4j/framework/projects/JacksonXml/lib/com/fasterxml/jackson/core/jackson-databind/2.8.0.rc1/jackson-databind-2.8.0.rc1.jar
  - /home/acer/defects4j/framework/projects/JacksonXml/lib/com/fasterxml/jackson/core/jackson-databind/2.8.5/jackson-databind-2.8.5.jar
  - /home/acer/defects4j/framework/projects/JacksonXml/lib/com/fasterxml/jackson/core/jackson-databind/2.9.6/jackson-databind-2.9.6.jar
  - /home/acer/defects4j/framework/projects/JacksonXml/lib/com/fasterxml/jackson/core/jackson-databind/2.9.8/jackson-databind-2.9.8.jar
  - /home/acer/defects4j/framework/projects/JacksonXml/lib/com/fasterxml/jackson/core/jackson-databind/3.0.0-SNAPSHOT/jackson-databind-3.0.0-20190508.041656-759.jar
  - /home/acer/defects4j/framework/projects/JacksonXml/lib/com/fasterxml/jackson/module/jackson-module-jaxb-annotations/2.10.0-SNAPSHOT/jackson-module-jaxb-annotations-2.10.0-20190507.041821-2.jar
  - /home/acer/defects4j/framework/projects/JacksonXml/lib/com/fasterxml/jackson/module/jackson-module-jaxb-annotations/2.3.1/jackson-module-jaxb-annotations-2.3.1.jar
  - /home/acer/defects4j/framework/projects/JacksonXml/lib/com/fasterxml/jackson/module/jackson-module-jaxb-annotations/2.5.0/jackson-module-jaxb-annotations-2.5.0.jar
  - /home/acer/defects4j/framework/projects/JacksonXml/lib/com/fasterxml/jackson/module/jackson-module-jaxb-annotations/2.6.0-rc3/jackson-module-jaxb-annotations-2.6.0-rc3.jar
  - /home/acer/defects4j/framework/projects/JacksonXml/lib/com/fasterxml/jackson/module/jackson-module-jaxb-annotations/2.6.3/jackson-module-jaxb-annotations-2.6.3.jar
  - /home/acer/defects4j/framework/projects/JacksonXml/lib/com/fasterxml/jackson/module/jackson-module-jaxb-annotations/2.6.4/jackson-module-jaxb-annotations-2.6.4.jar
  - /home/acer/defects4j/framework/projects/JacksonXml/lib/com/fasterxml/jackson/module/jackson-module-jaxb-annotations/2.7.0-rc2/jackson-module-jaxb-annotations-2.7.0-rc2.jar
  - /home/acer/defects4j/framework/projects/JacksonXml/lib/com/fasterxml/jackson/module/jackson-module-jaxb-annotations/2.7.3/jackson-module-jaxb-annotations-2.7.3.jar
  - /home/acer/defects4j/framework/projects/JacksonXml/lib/com/fasterxml/jackson/module/jackson-module-jaxb-annotations/2.7.6/jackson-module-jaxb-annotations-2.7.6.jar
  - /home/acer/defects4j/framework/projects/JacksonXml/lib/com/fasterxml/jackson/module/jackson-module-jaxb-annotations/2.7.7/jackson-module-jaxb-annotations-2.7.7.jar
  - /home/acer/defects4j/framework/projects/JacksonXml/lib/com/fasterxml/jackson/module/jackson-module-jaxb-annotations/2.8.0.rc1/jackson-module-jaxb-annotations-2.8.0.rc1.jar
  - /home/acer/defects4j/framework/projects/JacksonXml/lib/com/fasterxml/jackson/module/jackson-module-jaxb-annotations/2.8.5/jackson-module-jaxb-annotations-2.8.5.jar
  - /home/acer/defects4j/framework/projects/JacksonXml/lib/com/fasterxml/jackson/module/jackson-module-jaxb-annotations/2.9.6/jackson-module-jaxb-annotations-2.9.6.jar
  - /home/acer/defects4j/framework/projects/JacksonXml/lib/com/fasterxml/jackson/module/jackson-module-jaxb-annotations/2.9.8/jackson-module-jaxb-annotations-2.9.8.jar
  - /home/acer/defects4j/framework/projects/JacksonXml/lib/com/fasterxml/jackson/module/jackson-module-jaxb-annotations/3.0.0-SNAPSHOT/jackson-module-jaxb-annotations-3.0.0-20180220.170517-3.jar
  - /home/acer/defects4j/framework/projects/JacksonXml/lib/com/fasterxml/woodstox/woodstox-core/5.0.2/woodstox-core-5.0.2.jar
  - /home/acer/defects4j/framework/projects/JacksonXml/lib/com/fasterxml/woodstox/woodstox-core/5.0.3/woodstox-core-5.0.3.jar
  - /home/acer/defects4j/framework/projects/JacksonXml/lib/com/fasterxml/woodstox/woodstox-core/5.2.0/woodstox-core-5.2.0.jar
  - /home/acer/defects4j/framework/projects/JacksonXml/lib/junit/junit/4.10/junit-4.10.jar
  - /home/acer/defects4j/framework/projects/JacksonXml/lib/junit/junit/4.11/junit-4.11.jar
  - /home/acer/defects4j/framework/projects/JacksonXml/lib/org/codehaus/woodstox/stax2-api/3.1.1/stax2-api-3.1.1.jar
  - /home/acer/defects4j/framework/projects/JacksonXml/lib/org/codehaus/woodstox/stax2-api/4.1/stax2-api-4.1.jar
  - /home/acer/defects4j/framework/projects/JacksonXml/lib/org/codehaus/woodstox/woodstox-core-asl/4.1.5/woodstox-core-asl-4.1.5.jar
  - /home/acer/defects4j/framework/projects/JacksonXml/lib/org/codehaus/woodstox/woodstox-core-asl/4.3.0/woodstox-core-asl-4.3.0.jar
  - /home/acer/defects4j/framework/projects/JacksonXml/lib/org/hamcrest/hamcrest-core/1.1/hamcrest-core-1.1.jar
[MASTER] 06:31:11.781 [logback-1] WARN  InheritanceTree - Class not in inheritance graph: java.io.ObjectInputFilter
[MASTER] 06:31:12.137 [logback-1] WARN  InheritanceTree - Class not in inheritance graph: java.util.Locale$IsoCountryCode
[MASTER] 06:31:12.763 [logback-2] ERROR ConcreteClassAnalyzer - Problem for com.fasterxml.jackson.dataformat.xml.deser.FromXmlParser. Class not found: jdk.Exported
[MASTER] 06:31:12.763 [logback-2] ERROR ConcreteClassAnalyzer - Removing class from inheritance tree
[MASTER] 06:31:12.764 [logback-2] ERROR ConcreteClassAnalyzer - Problem for com.fasterxml.jackson.dataformat.xml.deser.FromXmlParser. Class not found: javax.jws.WebService
[MASTER] 06:31:12.764 [logback-2] ERROR ConcreteClassAnalyzer - Removing class from inheritance tree
[MASTER] 06:31:12.764 [logback-2] ERROR ConcreteClassAnalyzer - Problem for com.fasterxml.jackson.dataformat.xml.deser.FromXmlParser. Class not found: javax.jws.WebParam
[MASTER] 06:31:12.764 [logback-2] ERROR ConcreteClassAnalyzer - Removing class from inheritance tree
[MASTER] 06:31:12.767 [logback-2] ERROR ConcreteClassAnalyzer - Problem for com.fasterxml.jackson.dataformat.xml.deser.FromXmlParser. Class not found: javax.jws.HandlerChain
[MASTER] 06:31:12.767 [logback-2] ERROR ConcreteClassAnalyzer - Removing class from inheritance tree
[MASTER] 06:31:12.769 [logback-2] ERROR ConcreteClassAnalyzer - Problem for com.fasterxml.jackson.dataformat.xml.deser.FromXmlParser. Class not found: javax.jws.WebMethod
[MASTER] 06:31:12.770 [logback-2] ERROR ConcreteClassAnalyzer - Removing class from inheritance tree
[MASTER] 06:31:12.772 [logback-2] ERROR ConcreteClassAnalyzer - Problem for com.fasterxml.jackson.dataformat.xml.deser.FromXmlParser. Class not found: javax.jws.WebResult
[MASTER] 06:31:12.773 [logback-2] ERROR ConcreteClassAnalyzer - Removing class from inheritance tree
[MASTER] 06:31:12.775 [logback-2] ERROR ConcreteClassAnalyzer - Problem for com.fasterxml.jackson.dataformat.xml.deser.FromXmlParser. Class not found: javax.jws.Oneway
[MASTER] 06:31:12.775 [logback-2] ERROR ConcreteClassAnalyzer - Removing class from inheritance tree
[MASTER] 06:31:12.790 [logback-2] ERROR ConcreteClassAnalyzer - Problem for com.fasterxml.jackson.dataformat.xml.deser.FromXmlParser. Class not found: javax.jws.soap.InitParam
[MASTER] 06:31:12.791 [logback-2] ERROR ConcreteClassAnalyzer - Removing class from inheritance tree
[MASTER] 06:31:12.794 [logback-2] ERROR ConcreteClassAnalyzer - Problem for com.fasterxml.jackson.dataformat.xml.deser.FromXmlParser. Class not found: javax.jws.soap.SOAPBinding
[MASTER] 06:31:12.796 [logback-2] ERROR ConcreteClassAnalyzer - Removing class from inheritance tree
[MASTER] 06:31:12.812 [logback-2] ERROR ConcreteClassAnalyzer - Problem for com.fasterxml.jackson.dataformat.xml.deser.FromXmlParser. Class not found: javax.jws.soap.SOAPMessageHandler
[MASTER] 06:31:12.812 [logback-2] ERROR ConcreteClassAnalyzer - Removing class from inheritance tree
[MASTER] 06:31:12.813 [logback-2] ERROR ConcreteClassAnalyzer - Problem for com.fasterxml.jackson.dataformat.xml.deser.FromXmlParser. Class not found: javax.jws.soap.SOAPMessageHandlers
[MASTER] 06:31:12.813 [logback-2] ERROR ConcreteClassAnalyzer - Removing class from inheritance tree
[MASTER] 06:31:14.021 [logback-2] ERROR TestClusterGenerator - Problem for com.fasterxml.jackson.dataformat.xml.deser.FromXmlParser. Failed to add dependencies for class com.fasterxml.jackson.databind.cfg.ModuleContextBase: java.lang.IncompatibleClassChangeError: com.fasterxml.jackson.core.TokenStreamFactory and com.fasterxml.jackson.core.TokenStreamFactory$Feature disagree on InnerClasses attribute
[java.base/java.lang.Class.getDeclaringClass0(Native Method), java.base/java.lang.Class.getEnclosingClass(Class.java:1517), org.evosuite.setup.TestUsageChecker.canUse(TestUsageChecker.java:168), org.evosuite.setup.TestUsageChecker.canUse(TestUsageChecker.java:115), org.evosuite.setup.TestUsageChecker.canUse(TestUsageChecker.java:362), org.evosuite.setup.TestClusterGenerator.addDependencyClass(TestClusterGenerator.java:926), org.evosuite.setup.TestClusterGenerator.resolveDependencies(TestClusterGenerator.java:312), org.evosuite.setup.TestClusterGenerator.generateCluster(TestClusterGenerator.java:122), org.evosuite.setup.DependencyAnalysis.analyze(DependencyAnalysis.java:120), org.evosuite.setup.DependencyAnalysis.analyzeClass(DependencyAnalysis.java:136), org.evosuite.TestSuiteGenerator.initializeTargetClass(TestSuiteGenerator.java:114), org.evosuite.TestSuiteGenerator.generateTestSuite(TestSuiteGenerator.java:135), org.evosuite.rmi.service.ClientNodeImpl.lambda$startNewSearch$0(ClientNodeImpl.java:140), java.base/java.util.concurrent.Executors$RunnableAdapter.call(Executors.java:515), java.base/java.util.concurrent.FutureTask.run(FutureTask.java:264), java.base/java.util.concurrent.ThreadPoolExecutor.runWorker(ThreadPoolExecutor.java:1128), java.base/java.util.concurrent.ThreadPoolExecutor$Worker.run(ThreadPoolExecutor.java:628), java.base/java.lang.Thread.run(Thread.java:829)]
[MASTER] 06:31:14.408 [logback-1] WARN  InheritanceTree - Class not in inheritance graph: java.lang.module.ModuleFinder
* Finished analyzing classpath
* Generating tests for class com.fasterxml.jackson.dataformat.xml.deser.FromXmlParser
* Test criteria:
  - Line Coverage
  - Branch Coverage
  - Exception
  - Mutation testing (weak)
  - Method-Output Coverage
  - Top-Level Method Coverage
  - Context Branch Coverage
* Setting up search algorithm for whole suite generation
* Total number of test goals: 
  - Line 294
  - Branch 219
  - Exception 0
  - MutationFactory 362
  - Output 301
  - Method 50

[Progress:>                             0%] [Cov:>                                  0%]  - CBranchFitnessFactory 219
* Using seed 20260930
* Starting evolution
[MASTER] 06:31:16.087 [logback-1] WARN  TestCluster - Failed to check cache for java.util.HashMap<K, V> : Type points to itself

[Progress:=>                            6%] [Cov:>                                  0%]
[Progress:=>                            6%] [Cov:====>                              14%]
[Progress:===>                          10%] [Cov:====>                              13%]
[Progress:===>                          10%] [Cov:====>                              14%]
[Progress:====>                         16%] [Cov:>                                  0%]
[Progress:====>                         16%] [Cov:====>                              14%]
[Progress:======>                       20%] [Cov:====>                              13%]
[Progress:======>                       20%] [Cov:====>                              14%]
[Progress:======>                       23%] [Cov:====>                              14%]
[Progress:=======>                      26%] [Cov:====>                              13%]
[Progress:=======>                      26%] [Cov:====>                              14%]
[Progress:=======>                      26%] [Cov:====>                              14%]
[Progress:=========>                    30%] [Cov:====>                              13%]
[Progress:=========>                    30%] [Cov:====>                              14%]SA iteration=1 bestFitness=1754.9964664310955 population=30 temperature=9.666666666666666

[Progress:=========>                    33%] [Cov:====>                              14%]
[Progress:=========>                    33%] [Cov:====>                              14%]SA iteration=2 bestFitness=1754.9964664310955 population=30 temperature=9.333333333333334

[Progress:==========>                   36%] [Cov:====>                              14%]
[Progress:==========>                   36%] [Cov:====>                              14%]SA iteration=3 bestFitness=1754.9964664310955 population=30 temperature=9.0
[MASTER] 06:31:27.273 [logback-1] WARN  TestCluster - Failed to check cache for java.util.Stack<E> : Type points to itself

[Progress:============>                 40%] [Cov:====>                              13%]
[Progress:============>                 40%] [Cov:====>                              14%]SA iteration=4 bestFitness=1754.9964664310955 population=30 temperature=8.666666666666668

[Progress:============>                 40%] [Cov:====>                              14%]SA iteration=5 bestFitness=1754.9964664310955 population=30 temperature=8.333333333333334

[Progress:============>                 43%] [Cov:====>                              13%][MASTER] 06:31:28.730 [logback-1] WARN  TestChromosome - Functional mock problem: org.evosuite.ga.ConstructionFailedException: Max recursion depth reached

[Progress:============>                 43%] [Cov:====>                              14%]
[Progress:=============>                46%] [Cov:====>                              13%]
[Progress:=============>                46%] [Cov:====>                              14%]
[Progress:=============>                46%] [Cov:====>                              14%]
[Progress:===============>              50%] [Cov:====>                              14%]
[Progress:===============>              53%] [Cov:====>                              13%]
[Progress:===============>              53%] [Cov:====>                              14%]
[Progress:===============>              53%] [Cov:====>                              14%]
[Progress:================>             56%] [Cov:====>                              13%]
[Progress:================>             56%] [Cov:====>                              14%]
[Progress:==================>           60%] [Cov:====>                              13%]
[Progress:==================>           60%] [Cov:====>                              14%]
[Progress:==================>           60%] [Cov:====>                              14%]
[Progress:==================>           60%] [Cov:====>                              14%]
[Progress:==================>           63%] [Cov:====>                              14%]
[Progress:==================>           63%] [Cov:====>                              14%]
[Progress:===================>          66%] [Cov:====>                              14%]
[Progress:===================>          66%] [Cov:====>                              14%]
[Progress:===================>          66%] [Cov:====>                              14%]
[Progress:=====================>        70%] [Cov:====>                              14%]
[Progress:=====================>        70%] [Cov:====>                              14%]
[Progress:=====================>        73%] [Cov:====>                              13%]
[Progress:=====================>        73%] [Cov:====>                              14%]
[Progress:=====================>        73%] [Cov:====>                              14%]
[Progress:======================>       76%] [Cov:====>                              13%]
[Progress:======================>       76%] [Cov:====>                              14%]SA iteration=20 bestFitness=1754.9964664310955 population=30 temperature=3.333333333333334

[Progress:======================>       76%] [Cov:====>                              14%]
[Progress:========================>     80%] [Cov:====>                              13%]
[Progress:========================>     80%] [Cov:====>                              14%]
[Progress:========================>     80%] [Cov:====>                              14%]
[Progress:========================>     80%] [Cov:====>                              14%]
[Progress:========================>     83%] [Cov:====>                              14%]
[Progress:========================>     83%] [Cov:====>                              14%]
[Progress:========================>     83%] [Cov:====>                              14%]
[Progress:=========================>    86%] [Cov:====>                              14%]
[Progress:=========================>    86%] [Cov:====>                              14%]
[Progress:=========================>    86%] [Cov:====>                              14%]
[Progress:===========================>  90%] [Cov:====>                              14%]
[Progress:===========================>  90%] [Cov:====>                              14%]
[Progress:===========================>  90%] [Cov:====>                              14%]
[Progress:===========================>  93%] [Cov:====>                              14%]
[Progress:===========================>  93%] [Cov:====>                              14%]
[Progress:===========================>  93%] [Cov:====>                              14%]
[Progress:============================> 96%] [Cov:====>                              13%]
[Progress:============================> 96%] [Cov:====>                              14%][MASTER] 06:31:45.091 [logback-1] WARN  TestChromosome - Functional mock problem: org.evosuite.ga.ConstructionFailedException: Failed to add constructor for com.fasterxml.jackson.databind.deser.BeanDeserializerBuilder due to org.evosuite.ga.ConstructionFailedException: Failed to add constructor for com.fasterxml.jackson.databind.DeserializationConfig due to org.evosuite.ga.ConstructionFailedException: Failed to add constructor for com.fasterxml.jackson.databind.cfg.BaseSettings due to org.evosuite.ga.ConstructionFailedException: Max recursion depth reached

[Progress:============================> 96%] [Cov:====>                              14%]
[Progress:============================> 96%] [Cov:====>                              14%]
[Progress:==============================100%] [Cov:====>                              14%]
[Progress:==============================100%] [Cov:====>                              14%]
[Progress:==============================100%] [Cov:====>                              14%]
[Progress:==============================100%] [Cov:====>                              14%]
[Progress:==============================100%] [Cov:====>                              14%]
[Progress:==============================100%] [Cov:=====>                             16%]
* Search finished after 31s and 37 generations, 11042 statements, best individual has fitness: 1755.9964664310955
* Minimizing test suite
* Going to analyze the coverage criteria
* Coverage analysis for criterion LINE
* Coverage of criterion LINE: 4%
* Total number of goals: 294
* Number of covered goals: 12
* Coverage analysis for criterion BRANCH
* Coverage of criterion BRANCH: 1%
* Total number of goals: 219
* Number of covered goals: 2
* Coverage analysis for criterion EXCEPTION
* Coverage of criterion EXCEPTION: 100%
* Total number of goals: 1
* Number of covered goals: 1
* Coverage analysis for criterion WEAKMUTATION
* Coverage of criterion WEAKMUTATION: 5%
* Total number of goals: 362
* Number of covered goals: 19
* Coverage analysis for criterion OUTPUT
* Coverage of criterion OUTPUT: 0%
* Total number of goals: 301
* Number of covered goals: 0
* Coverage analysis for criterion METHOD
* Coverage of criterion METHOD: 4%
* Total number of goals: 50
* Number of covered goals: 2
* Coverage analysis for criterion CBRANCH
* Coverage of criterion CBRANCH: 1%
* Total number of goals: 219
* Number of covered goals: 2
* Generated 3 tests with total length 10
* Resulting test suite's coverage: 16% (average coverage for all fitness functions)
* Generating assertions
* Resulting test suite's mutation score: 1%
* Property NO_RUNTIME_DEPENDENCY is set to true - skipping JUnit compile check
* WARNING: Not including the runtime dependencies is likely to lead to flaky tests!
* Writing tests to file
* Writing JUnit test case 'FromXmlParser_ESTest' to /home/acer/SQA/all-in-one-results/JacksonXml/SA_360bf3a8/round1/JacksonXml-1/generation/com_fasterxml_jackson_dataformat_xml_deser_FromXmlParser/evosuite-tests
* Done!

* Computation finished
